2018-08-04 17:25:36  [main] INFO  c.m.m.proposal.ProposalApplication - Starting ProposalApplication on MONO-HYD-LAP-25 with PID 18564 (D:\workspace-sts\proposal-ms\target\classes started by arpita in D:\workspace-sts\proposal-ms) logStarting
2018-08-04 17:25:36  [main] INFO  c.m.m.proposal.ProposalApplication - The following profiles are active: dev logStartupProfileInfo
2018-08-04 17:25:36  [main] INFO  o.s.b.w.s.c.AnnotationConfigServletWebServerApplicationContext - Refreshing org.springframework.boot.web.servlet.context.AnnotationConfigServletWebServerApplicationContext@34b7ac2f: startup date [Sat Aug 04 17:25:36 IST 2018]; root of context hierarchy prepareRefresh
2018-08-04 17:25:37  [main] INFO  o.s.b.w.e.tomcat.TomcatWebServer - Tomcat initialized with port(s): 8080 (http) initialize
2018-08-04 17:25:37  [main] INFO  o.a.coyote.http11.Http11NioProtocol - Initializing ProtocolHandler ["http-nio-8080"] log
2018-08-04 17:25:37  [main] INFO  o.a.catalina.core.StandardService - Starting service [Tomcat] log
2018-08-04 17:25:37  [main] INFO  o.a.catalina.core.StandardEngine - Starting Servlet Engine: Apache Tomcat/8.5.31 log
2018-08-04 17:25:37  [localhost-startStop-1] INFO  o.a.c.core.AprLifecycleListener - The APR based Apache Tomcat Native library which allows optimal performance in production environments was not found on the java.library.path: [C:\Program Files\Java\jre1.8.0_172\bin;C:\WINDOWS\Sun\Java\bin;C:\WINDOWS\system32;C:\WINDOWS;C:/Program Files/Java/jre1.8.0_172/bin/server;C:/Program Files/Java/jre1.8.0_172/bin;C:/Program Files/Java/jre1.8.0_172/lib/amd64;C:\Program Files\Docker\Docker\Resources\bin;C:\Program Files (x86)\Common Files\Oracle\Java\javapath;C:\Program Files (x86)\Intel\Intel(R) Management Engine Components\iCLS\;C:\Program Files\Intel\Intel(R) Management Engine Components\iCLS\;C:\WINDOWS\system32;C:\WINDOWS;C:\WINDOWS\System32\Wbem;C:\WINDOWS\System32\WindowsPowerShell\v1.0\;C:\Program Files (x86)\Intel\Intel(R) Management Engine Components\DAL;C:\Program Files\Intel\Intel(R) Management Engine Components\DAL;C:\Program Files (x86)\Intel\Intel(R) Management Engine Components\IPT;C:\Program Files\Intel\Intel(R) Management Engine Components\IPT;C:\Program Files\Amazon\AWSCLI\;C:\Program Files\nodejs\;C:\Program Files\PuTTY\;C:\Program Files\apache-maven-3.5.3-bin\apache-maven-3.5.3\bin;C:\Program Files\Java\jdk1.8.0_172\bin;C:\Program Files\MongoDB\Server\4.0\bin;C:\Program Files\Git\cmd;C:\WINDOWS\System32\OpenSSH\;C:\Users\arpita\AppData\Local\Microsoft\WindowsApps;C:\Users\arpita\AppData\Roaming\npm;;C:\WINDOWS\system32;;.] log
2018-08-04 17:25:37  [localhost-startStop-1] INFO  o.a.c.c.C.[Tomcat].[localhost].[/] - Initializing Spring embedded WebApplicationContext log
2018-08-04 17:25:37  [localhost-startStop-1] INFO  o.s.web.context.ContextLoader - Root WebApplicationContext: initialization completed in 920 ms prepareWebApplicationContext
2018-08-04 17:25:38  [localhost-startStop-1] INFO  o.s.b.w.s.ServletRegistrationBean - Servlet dispatcherServlet mapped to [/] addRegistration
2018-08-04 17:25:38  [localhost-startStop-1] INFO  o.s.b.w.s.FilterRegistrationBean - Mapping filter: 'characterEncodingFilter' to: [/*] configure
2018-08-04 17:25:38  [localhost-startStop-1] INFO  o.s.b.w.s.FilterRegistrationBean - Mapping filter: 'hiddenHttpMethodFilter' to: [/*] configure
2018-08-04 17:25:38  [localhost-startStop-1] INFO  o.s.b.w.s.FilterRegistrationBean - Mapping filter: 'httpPutFormContentFilter' to: [/*] configure
2018-08-04 17:25:38  [localhost-startStop-1] INFO  o.s.b.w.s.FilterRegistrationBean - Mapping filter: 'requestContextFilter' to: [/*] configure
2018-08-04 17:25:38  [localhost-startStop-1] INFO  o.s.b.w.s.FilterRegistrationBean - Mapping filter: 'MDCFilter' to: [/*] configure
2018-08-04 17:25:38  [main] INFO  org.mongodb.driver.cluster - Cluster created with settings {hosts=[127.0.0.1:27017], mode=MULTIPLE, requiredClusterType=UNKNOWN, serverSelectionTimeout='30000 ms', maxWaitQueueSize=500} info
2018-08-04 17:25:38  [main] INFO  org.mongodb.driver.cluster - Adding discovered server 127.0.0.1:27017 to client view of cluster info
2018-08-04 17:25:38  [cluster-ClusterId{value='5b65943af5d9984884727581', description='null'}-127.0.0.1:27017] INFO  org.mongodb.driver.connection - Opened connection [connectionId{localValue:1, serverValue:196}] to 127.0.0.1:27017 info
2018-08-04 17:25:38  [cluster-ClusterId{value='5b65943af5d9984884727581', description='null'}-127.0.0.1:27017] INFO  org.mongodb.driver.cluster - Monitor thread successfully connected to server with description ServerDescription{address=127.0.0.1:27017, type=STANDALONE, state=CONNECTED, ok=true, version=ServerVersion{versionList=[4, 0, 0]}, minWireVersion=0, maxWireVersion=7, maxDocumentSize=16777216, logicalSessionTimeoutMinutes=30, roundTripTimeNanos=1828200} info
2018-08-04 17:25:38  [cluster-ClusterId{value='5b65943af5d9984884727581', description='null'}-127.0.0.1:27017] INFO  org.mongodb.driver.cluster - Discovered cluster type of STANDALONE info
2018-08-04 17:25:38  [main] INFO  o.s.w.s.h.SimpleUrlHandlerMapping - Mapped URL path [/**/favicon.ico] onto handler of type [class org.springframework.web.servlet.resource.ResourceHttpRequestHandler] registerHandler
2018-08-04 17:25:39  [main] INFO  o.s.w.s.m.m.a.RequestMappingHandlerAdapter - Looking for @ControllerAdvice: org.springframework.boot.web.servlet.context.AnnotationConfigServletWebServerApplicationContext@34b7ac2f: startup date [Sat Aug 04 17:25:36 IST 2018]; root of context hierarchy initControllerAdviceCache
2018-08-04 17:25:39  [main] INFO  o.s.w.s.m.m.a.RequestMappingHandlerMapping - Mapped "{[/fulfillment/api/proposalservices/saveproposaldata],methods=[POST]}" onto public com.mli.matrix.proposal.models.OutputResponse com.mli.matrix.proposal.controller.ProposalController.saveProposalForm(com.mli.matrix.proposal.models.InputRequest) register
2018-08-04 17:25:39  [main] INFO  o.s.w.s.m.m.a.RequestMappingHandlerMapping - Mapped "{[/error]}" onto public org.springframework.http.ResponseEntity<java.util.Map<java.lang.String, java.lang.Object>> org.springframework.boot.autoconfigure.web.servlet.error.BasicErrorController.error(javax.servlet.http.HttpServletRequest) register
2018-08-04 17:25:39  [main] INFO  o.s.w.s.m.m.a.RequestMappingHandlerMapping - Mapped "{[/error],produces=[text/html]}" onto public org.springframework.web.servlet.ModelAndView org.springframework.boot.autoconfigure.web.servlet.error.BasicErrorController.errorHtml(javax.servlet.http.HttpServletRequest,javax.servlet.http.HttpServletResponse) register
2018-08-04 17:25:39  [main] INFO  o.s.w.s.h.SimpleUrlHandlerMapping - Mapped URL path [/webjars/**] onto handler of type [class org.springframework.web.servlet.resource.ResourceHttpRequestHandler] registerHandler
2018-08-04 17:25:39  [main] INFO  o.s.w.s.h.SimpleUrlHandlerMapping - Mapped URL path [/**] onto handler of type [class org.springframework.web.servlet.resource.ResourceHttpRequestHandler] registerHandler
2018-08-04 17:25:39  [main] INFO  o.s.w.s.m.m.a.ExceptionHandlerExceptionResolver - Detected @ExceptionHandler methods in centralizedExceptionHandler initExceptionHandlerAdviceCache
2018-08-04 17:25:39  [main] INFO  o.s.j.e.a.AnnotationMBeanExporter - Registering beans for JMX exposure on startup afterSingletonsInstantiated
2018-08-04 17:25:39  [main] INFO  o.a.coyote.http11.Http11NioProtocol - Starting ProtocolHandler ["http-nio-8080"] log
2018-08-04 17:25:39  [main] INFO  o.a.tomcat.util.net.NioSelectorPool - Using a shared selector for servlet write/read log
2018-08-04 17:25:39  [main] INFO  o.s.b.w.e.tomcat.TomcatWebServer - Tomcat started on port(s): 8080 (http) with context path '' start
2018-08-04 17:25:39  [main] INFO  c.m.m.proposal.ProposalApplication - Started ProposalApplication in 2.57 seconds (JVM running for 3.229) logStarted
2018-08-04 17:27:43  [http-nio-8080-exec-2] INFO  o.a.c.c.C.[Tomcat].[localhost].[/] - Initializing Spring FrameworkServlet 'dispatcherServlet' log
2018-08-04 17:27:43  [http-nio-8080-exec-2] INFO  o.s.web.servlet.DispatcherServlet - FrameworkServlet 'dispatcherServlet': initialization started initServletBean
2018-08-04 17:27:43  [http-nio-8080-exec-2] INFO  o.s.web.servlet.DispatcherServlet - FrameworkServlet 'dispatcherServlet': initialization completed in 19 ms initServletBean
2018-08-04 17:27:43 12345678 [http-nio-8080-exec-2] INFO  c.m.matrix.proposal.filter.MDCFilter - Response status 200 doFilter
2018-08-04 17:27:43 12345678 [http-nio-8080-exec-3] INFO  c.m.matrix.proposal.filter.MDCFilter - Response status 200 doFilter
2018-08-04 17:30:42 123-123-123 [http-nio-8080-exec-1] INFO  c.m.matrix.proposal.filter.MDCFilter - Response status 200 doFilter
2018-08-04 17:30:42 123-123-123 [http-nio-8080-exec-1] INFO  c.m.m.p.c.ProposalController - Request with requestId 123-123-123 is being processed saveProposalForm
2018-08-04 17:30:42  [http-nio-8080-exec-1] ERROR o.a.c.c.C.[.[.[.[dispatcherServlet] - Servlet.service() for servlet [dispatcherServlet] in context with path [] threw exception [Request processing failed; nested exception is java.lang.NullPointerException] with root cause log
java.lang.NullPointerException: null
	at com.mli.matrix.proposal.controller.ProposalController.saveProposalForm(ProposalController.java:39)
	at sun.reflect.NativeMethodAccessorImpl.invoke0(Native Method)
	at sun.reflect.NativeMethodAccessorImpl.invoke(Unknown Source)
	at sun.reflect.DelegatingMethodAccessorImpl.invoke(Unknown Source)
	at java.lang.reflect.Method.invoke(Unknown Source)
	at org.springframework.web.method.support.InvocableHandlerMethod.doInvoke(InvocableHandlerMethod.java:209)
	at org.springframework.web.method.support.InvocableHandlerMethod.invokeForRequest(InvocableHandlerMethod.java:136)
	at org.springframework.web.servlet.mvc.method.annotation.ServletInvocableHandlerMethod.invokeAndHandle(ServletInvocableHandlerMethod.java:102)
	at org.springframework.web.servlet.mvc.method.annotation.RequestMappingHandlerAdapter.invokeHandlerMethod(RequestMappingHandlerAdapter.java:877)
	at org.springframework.web.servlet.mvc.method.annotation.RequestMappingHandlerAdapter.handleInternal(RequestMappingHandlerAdapter.java:783)
	at org.springframework.web.servlet.mvc.method.AbstractHandlerMethodAdapter.handle(AbstractHandlerMethodAdapter.java:87)
	at org.springframework.web.servlet.DispatcherServlet.doDispatch(DispatcherServlet.java:991)
	at org.springframework.web.servlet.DispatcherServlet.doService(DispatcherServlet.java:925)
	at org.springframework.web.servlet.FrameworkServlet.processRequest(FrameworkServlet.java:974)
	at org.springframework.web.servlet.FrameworkServlet.doPost(FrameworkServlet.java:877)
	at javax.servlet.http.HttpServlet.service(HttpServlet.java:661)
	at org.springframework.web.servlet.FrameworkServlet.service(FrameworkServlet.java:851)
	at javax.servlet.http.HttpServlet.service(HttpServlet.java:742)
	at org.apache.catalina.core.ApplicationFilterChain.internalDoFilter(ApplicationFilterChain.java:231)
	at org.apache.catalina.core.ApplicationFilterChain.doFilter(ApplicationFilterChain.java:166)
	at org.apache.tomcat.websocket.server.WsFilter.doFilter(WsFilter.java:52)
	at org.apache.catalina.core.ApplicationFilterChain.internalDoFilter(ApplicationFilterChain.java:193)
	at org.apache.catalina.core.ApplicationFilterChain.doFilter(ApplicationFilterChain.java:166)
	at com.mli.matrix.proposal.filter.MDCFilter.doFilter(MDCFilter.java:46)
	at org.apache.catalina.core.ApplicationFilterChain.internalDoFilter(ApplicationFilterChain.java:193)
	at org.apache.catalina.core.ApplicationFilterChain.doFilter(ApplicationFilterChain.java:166)
	at org.springframework.web.filter.RequestContextFilter.doFilterInternal(RequestContextFilter.java:99)
	at org.springframework.web.filter.OncePerRequestFilter.doFilter(OncePerRequestFilter.java:107)
	at org.apache.catalina.core.ApplicationFilterChain.internalDoFilter(ApplicationFilterChain.java:193)
	at org.apache.catalina.core.ApplicationFilterChain.doFilter(ApplicationFilterChain.java:166)
	at org.springframework.web.filter.HttpPutFormContentFilter.doFilterInternal(HttpPutFormContentFilter.java:109)
	at org.springframework.web.filter.OncePerRequestFilter.doFilter(OncePerRequestFilter.java:107)
	at org.apache.catalina.core.ApplicationFilterChain.internalDoFilter(ApplicationFilterChain.java:193)
	at org.apache.catalina.core.ApplicationFilterChain.doFilter(ApplicationFilterChain.java:166)
	at org.springframework.web.filter.HiddenHttpMethodFilter.doFilterInternal(HiddenHttpMethodFilter.java:93)
	at org.springframework.web.filter.OncePerRequestFilter.doFilter(OncePerRequestFilter.java:107)
	at org.apache.catalina.core.ApplicationFilterChain.internalDoFilter(ApplicationFilterChain.java:193)
	at org.apache.catalina.core.ApplicationFilterChain.doFilter(ApplicationFilterChain.java:166)
	at org.springframework.web.filter.CharacterEncodingFilter.doFilterInternal(CharacterEncodingFilter.java:200)
	at org.springframework.web.filter.OncePerRequestFilter.doFilter(OncePerRequestFilter.java:107)
	at org.apache.catalina.core.ApplicationFilterChain.internalDoFilter(ApplicationFilterChain.java:193)
	at org.apache.catalina.core.ApplicationFilterChain.doFilter(ApplicationFilterChain.java:166)
	at org.apache.catalina.core.StandardWrapperValve.invoke(StandardWrapperValve.java:198)
	at org.apache.catalina.core.StandardContextValve.invoke(StandardContextValve.java:96)
	at org.apache.catalina.authenticator.AuthenticatorBase.invoke(AuthenticatorBase.java:496)
	at org.apache.catalina.core.StandardHostValve.invoke(StandardHostValve.java:140)
	at org.apache.catalina.valves.ErrorReportValve.invoke(ErrorReportValve.java:81)
	at org.apache.catalina.core.StandardEngineValve.invoke(StandardEngineValve.java:87)
	at org.apache.catalina.connector.CoyoteAdapter.service(CoyoteAdapter.java:342)
	at org.apache.coyote.http11.Http11Processor.service(Http11Processor.java:803)
	at org.apache.coyote.AbstractProcessorLight.process(AbstractProcessorLight.java:66)
	at org.apache.coyote.AbstractProtocol$ConnectionHandler.process(AbstractProtocol.java:790)
	at org.apache.tomcat.util.net.NioEndpoint$SocketProcessor.doRun(NioEndpoint.java:1468)
	at org.apache.tomcat.util.net.SocketProcessorBase.run(SocketProcessorBase.java:49)
	at java.util.concurrent.ThreadPoolExecutor.runWorker(Unknown Source)
	at java.util.concurrent.ThreadPoolExecutor$Worker.run(Unknown Source)
	at org.apache.tomcat.util.threads.TaskThread$WrappingRunnable.run(TaskThread.java:61)
	at java.lang.Thread.run(Unknown Source)
2018-08-04 17:32:51  [RMI TCP Connection(2)-127.0.0.1] INFO  o.s.b.a.SpringApplicationAdminMXBeanRegistrar$SpringApplicationAdmin - Application shutdown requested. shutdown
2018-08-04 17:32:51  [RMI TCP Connection(2)-127.0.0.1] INFO  o.s.b.w.s.c.AnnotationConfigServletWebServerApplicationContext - Closing org.springframework.boot.web.servlet.context.AnnotationConfigServletWebServerApplicationContext@34b7ac2f: startup date [Sat Aug 04 17:25:36 IST 2018]; root of context hierarchy doClose
2018-08-04 17:32:51  [RMI TCP Connection(2)-127.0.0.1] INFO  o.s.j.e.a.AnnotationMBeanExporter - Unregistering JMX-exposed beans on shutdown destroy
2018-08-04 17:32:54  [main] INFO  c.m.m.proposal.ProposalApplication - Starting ProposalApplication on MONO-HYD-LAP-25 with PID 9808 (D:\workspace-sts\proposal-ms\target\classes started by arpita in D:\workspace-sts\proposal-ms) logStarting
2018-08-04 17:32:54  [main] INFO  c.m.m.proposal.ProposalApplication - The following profiles are active: dev logStartupProfileInfo
2018-08-04 17:32:54  [main] INFO  o.s.b.w.s.c.AnnotationConfigServletWebServerApplicationContext - Refreshing org.springframework.boot.web.servlet.context.AnnotationConfigServletWebServerApplicationContext@50a638b5: startup date [Sat Aug 04 17:32:54 IST 2018]; root of context hierarchy prepareRefresh
2018-08-04 17:32:54  [main] INFO  o.s.b.w.e.tomcat.TomcatWebServer - Tomcat initialized with port(s): 8080 (http) initialize
2018-08-04 17:32:54  [main] INFO  o.a.coyote.http11.Http11NioProtocol - Initializing ProtocolHandler ["http-nio-8080"] log
2018-08-04 17:32:54  [main] INFO  o.a.catalina.core.StandardService - Starting service [Tomcat] log
2018-08-04 17:32:54  [main] INFO  o.a.catalina.core.StandardEngine - Starting Servlet Engine: Apache Tomcat/8.5.31 log
2018-08-04 17:32:54  [localhost-startStop-1] INFO  o.a.c.core.AprLifecycleListener - The APR based Apache Tomcat Native library which allows optimal performance in production environments was not found on the java.library.path: [C:\Program Files\Java\jre1.8.0_172\bin;C:\WINDOWS\Sun\Java\bin;C:\WINDOWS\system32;C:\WINDOWS;C:/Program Files/Java/jre1.8.0_172/bin/server;C:/Program Files/Java/jre1.8.0_172/bin;C:/Program Files/Java/jre1.8.0_172/lib/amd64;C:\Program Files\Docker\Docker\Resources\bin;C:\Program Files (x86)\Common Files\Oracle\Java\javapath;C:\Program Files (x86)\Intel\Intel(R) Management Engine Components\iCLS\;C:\Program Files\Intel\Intel(R) Management Engine Components\iCLS\;C:\WINDOWS\system32;C:\WINDOWS;C:\WINDOWS\System32\Wbem;C:\WINDOWS\System32\WindowsPowerShell\v1.0\;C:\Program Files (x86)\Intel\Intel(R) Management Engine Components\DAL;C:\Program Files\Intel\Intel(R) Management Engine Components\DAL;C:\Program Files (x86)\Intel\Intel(R) Management Engine Components\IPT;C:\Program Files\Intel\Intel(R) Management Engine Components\IPT;C:\Program Files\Amazon\AWSCLI\;C:\Program Files\nodejs\;C:\Program Files\PuTTY\;C:\Program Files\apache-maven-3.5.3-bin\apache-maven-3.5.3\bin;C:\Program Files\Java\jdk1.8.0_172\bin;C:\Program Files\MongoDB\Server\4.0\bin;C:\Program Files\Git\cmd;C:\WINDOWS\System32\OpenSSH\;C:\Users\arpita\AppData\Local\Microsoft\WindowsApps;C:\Users\arpita\AppData\Roaming\npm;;C:\WINDOWS\system32;;.] log
2018-08-04 17:32:54  [localhost-startStop-1] INFO  o.a.c.c.C.[Tomcat].[localhost].[/] - Initializing Spring embedded WebApplicationContext log
2018-08-04 17:32:54  [localhost-startStop-1] INFO  o.s.web.context.ContextLoader - Root WebApplicationContext: initialization completed in 877 ms prepareWebApplicationContext
2018-08-04 17:32:55  [localhost-startStop-1] INFO  o.s.b.w.s.ServletRegistrationBean - Servlet dispatcherServlet mapped to [/] addRegistration
2018-08-04 17:32:55  [localhost-startStop-1] INFO  o.s.b.w.s.FilterRegistrationBean - Mapping filter: 'characterEncodingFilter' to: [/*] configure
2018-08-04 17:32:55  [localhost-startStop-1] INFO  o.s.b.w.s.FilterRegistrationBean - Mapping filter: 'hiddenHttpMethodFilter' to: [/*] configure
2018-08-04 17:32:55  [localhost-startStop-1] INFO  o.s.b.w.s.FilterRegistrationBean - Mapping filter: 'httpPutFormContentFilter' to: [/*] configure
2018-08-04 17:32:55  [localhost-startStop-1] INFO  o.s.b.w.s.FilterRegistrationBean - Mapping filter: 'requestContextFilter' to: [/*] configure
2018-08-04 17:32:55  [localhost-startStop-1] INFO  o.s.b.w.s.FilterRegistrationBean - Mapping filter: 'MDCFilter' to: [/*] configure
2018-08-04 17:32:55  [main] INFO  org.mongodb.driver.cluster - Cluster created with settings {hosts=[127.0.0.1:27017], mode=MULTIPLE, requiredClusterType=UNKNOWN, serverSelectionTimeout='30000 ms', maxWaitQueueSize=500} info
2018-08-04 17:32:55  [main] INFO  org.mongodb.driver.cluster - Adding discovered server 127.0.0.1:27017 to client view of cluster info
2018-08-04 17:32:55  [cluster-ClusterId{value='5b6595eff5d9982650aeb18e', description='null'}-127.0.0.1:27017] INFO  org.mongodb.driver.connection - Opened connection [connectionId{localValue:1, serverValue:197}] to 127.0.0.1:27017 info
2018-08-04 17:32:55  [cluster-ClusterId{value='5b6595eff5d9982650aeb18e', description='null'}-127.0.0.1:27017] INFO  org.mongodb.driver.cluster - Monitor thread successfully connected to server with description ServerDescription{address=127.0.0.1:27017, type=STANDALONE, state=CONNECTED, ok=true, version=ServerVersion{versionList=[4, 0, 0]}, minWireVersion=0, maxWireVersion=7, maxDocumentSize=16777216, logicalSessionTimeoutMinutes=30, roundTripTimeNanos=1900700} info
2018-08-04 17:32:55  [cluster-ClusterId{value='5b6595eff5d9982650aeb18e', description='null'}-127.0.0.1:27017] INFO  org.mongodb.driver.cluster - Discovered cluster type of STANDALONE info
2018-08-04 17:32:55  [main] INFO  o.s.w.s.h.SimpleUrlHandlerMapping - Mapped URL path [/**/favicon.ico] onto handler of type [class org.springframework.web.servlet.resource.ResourceHttpRequestHandler] registerHandler
2018-08-04 17:32:56  [main] INFO  o.s.w.s.m.m.a.RequestMappingHandlerAdapter - Looking for @ControllerAdvice: org.springframework.boot.web.servlet.context.AnnotationConfigServletWebServerApplicationContext@50a638b5: startup date [Sat Aug 04 17:32:54 IST 2018]; root of context hierarchy initControllerAdviceCache
2018-08-04 17:32:56  [main] INFO  o.s.w.s.m.m.a.RequestMappingHandlerMapping - Mapped "{[/fulfillment/api/proposalservices/saveproposaldata],methods=[POST]}" onto public com.mli.matrix.proposal.models.OutputResponse com.mli.matrix.proposal.controller.ProposalController.saveProposalForm(com.mli.matrix.proposal.models.InputRequest) register
2018-08-04 17:32:56  [main] INFO  o.s.w.s.m.m.a.RequestMappingHandlerMapping - Mapped "{[/error]}" onto public org.springframework.http.ResponseEntity<java.util.Map<java.lang.String, java.lang.Object>> org.springframework.boot.autoconfigure.web.servlet.error.BasicErrorController.error(javax.servlet.http.HttpServletRequest) register
2018-08-04 17:32:56  [main] INFO  o.s.w.s.m.m.a.RequestMappingHandlerMapping - Mapped "{[/error],produces=[text/html]}" onto public org.springframework.web.servlet.ModelAndView org.springframework.boot.autoconfigure.web.servlet.error.BasicErrorController.errorHtml(javax.servlet.http.HttpServletRequest,javax.servlet.http.HttpServletResponse) register
2018-08-04 17:32:56  [main] INFO  o.s.w.s.h.SimpleUrlHandlerMapping - Mapped URL path [/webjars/**] onto handler of type [class org.springframework.web.servlet.resource.ResourceHttpRequestHandler] registerHandler
2018-08-04 17:32:56  [main] INFO  o.s.w.s.h.SimpleUrlHandlerMapping - Mapped URL path [/**] onto handler of type [class org.springframework.web.servlet.resource.ResourceHttpRequestHandler] registerHandler
2018-08-04 17:32:56  [main] INFO  o.s.w.s.m.m.a.ExceptionHandlerExceptionResolver - Detected @ExceptionHandler methods in centralizedExceptionHandler initExceptionHandlerAdviceCache
2018-08-04 17:32:56  [main] INFO  o.s.j.e.a.AnnotationMBeanExporter - Registering beans for JMX exposure on startup afterSingletonsInstantiated
2018-08-04 17:32:56  [main] INFO  o.a.coyote.http11.Http11NioProtocol - Starting ProtocolHandler ["http-nio-8080"] log
2018-08-04 17:32:56  [main] INFO  o.a.tomcat.util.net.NioSelectorPool - Using a shared selector for servlet write/read log
2018-08-04 17:32:56  [main] INFO  o.s.b.w.e.tomcat.TomcatWebServer - Tomcat started on port(s): 8080 (http) with context path '' start
2018-08-04 17:32:56  [main] INFO  c.m.m.proposal.ProposalApplication - Started ProposalApplication in 2.555 seconds (JVM running for 3.069) logStarted
2018-08-04 17:33:11  [http-nio-8080-exec-3] INFO  o.a.c.c.C.[Tomcat].[localhost].[/] - Initializing Spring FrameworkServlet 'dispatcherServlet' log
2018-08-04 17:33:11  [http-nio-8080-exec-3] INFO  o.s.web.servlet.DispatcherServlet - FrameworkServlet 'dispatcherServlet': initialization started initServletBean
2018-08-04 17:33:11  [http-nio-8080-exec-3] INFO  o.s.web.servlet.DispatcherServlet - FrameworkServlet 'dispatcherServlet': initialization completed in 12 ms initServletBean
2018-08-04 17:33:11 123-123-123 [http-nio-8080-exec-3] INFO  c.m.m.p.c.ProposalController - Request with requestId 123-123-123 is being processed saveProposalForm
2018-08-04 17:33:11 123-123-123 [http-nio-8080-exec-3] INFO  c.m.matrix.proposal.filter.MDCFilter - Response status 200 doFilter
2018-08-04 17:33:11  [http-nio-8080-exec-3] ERROR o.a.c.c.C.[.[.[.[dispatcherServlet] - Servlet.service() for servlet [dispatcherServlet] in context with path [] threw exception [Request processing failed; nested exception is java.lang.NullPointerException] with root cause log
java.lang.NullPointerException: null
	at com.mli.matrix.proposal.controller.ProposalController.saveProposalForm(ProposalController.java:39)
	at sun.reflect.NativeMethodAccessorImpl.invoke0(Native Method)
	at sun.reflect.NativeMethodAccessorImpl.invoke(Unknown Source)
	at sun.reflect.DelegatingMethodAccessorImpl.invoke(Unknown Source)
	at java.lang.reflect.Method.invoke(Unknown Source)
	at org.springframework.web.method.support.InvocableHandlerMethod.doInvoke(InvocableHandlerMethod.java:209)
	at org.springframework.web.method.support.InvocableHandlerMethod.invokeForRequest(InvocableHandlerMethod.java:136)
	at org.springframework.web.servlet.mvc.method.annotation.ServletInvocableHandlerMethod.invokeAndHandle(ServletInvocableHandlerMethod.java:102)
	at org.springframework.web.servlet.mvc.method.annotation.RequestMappingHandlerAdapter.invokeHandlerMethod(RequestMappingHandlerAdapter.java:877)
	at org.springframework.web.servlet.mvc.method.annotation.RequestMappingHandlerAdapter.handleInternal(RequestMappingHandlerAdapter.java:783)
	at org.springframework.web.servlet.mvc.method.AbstractHandlerMethodAdapter.handle(AbstractHandlerMethodAdapter.java:87)
	at org.springframework.web.servlet.DispatcherServlet.doDispatch(DispatcherServlet.java:991)
	at org.springframework.web.servlet.DispatcherServlet.doService(DispatcherServlet.java:925)
	at org.springframework.web.servlet.FrameworkServlet.processRequest(FrameworkServlet.java:974)
	at org.springframework.web.servlet.FrameworkServlet.doPost(FrameworkServlet.java:877)
	at javax.servlet.http.HttpServlet.service(HttpServlet.java:661)
	at org.springframework.web.servlet.FrameworkServlet.service(FrameworkServlet.java:851)
	at javax.servlet.http.HttpServlet.service(HttpServlet.java:742)
	at org.apache.catalina.core.ApplicationFilterChain.internalDoFilter(ApplicationFilterChain.java:231)
	at org.apache.catalina.core.ApplicationFilterChain.doFilter(ApplicationFilterChain.java:166)
	at org.apache.tomcat.websocket.server.WsFilter.doFilter(WsFilter.java:52)
	at org.apache.catalina.core.ApplicationFilterChain.internalDoFilter(ApplicationFilterChain.java:193)
	at org.apache.catalina.core.ApplicationFilterChain.doFilter(ApplicationFilterChain.java:166)
	at com.mli.matrix.proposal.filter.MDCFilter.doFilter(MDCFilter.java:44)
	at org.apache.catalina.core.ApplicationFilterChain.internalDoFilter(ApplicationFilterChain.java:193)
	at org.apache.catalina.core.ApplicationFilterChain.doFilter(ApplicationFilterChain.java:166)
	at org.springframework.web.filter.RequestContextFilter.doFilterInternal(RequestContextFilter.java:99)
	at org.springframework.web.filter.OncePerRequestFilter.doFilter(OncePerRequestFilter.java:107)
	at org.apache.catalina.core.ApplicationFilterChain.internalDoFilter(ApplicationFilterChain.java:193)
	at org.apache.catalina.core.ApplicationFilterChain.doFilter(ApplicationFilterChain.java:166)
	at org.springframework.web.filter.HttpPutFormContentFilter.doFilterInternal(HttpPutFormContentFilter.java:109)
	at org.springframework.web.filter.OncePerRequestFilter.doFilter(OncePerRequestFilter.java:107)
	at org.apache.catalina.core.ApplicationFilterChain.internalDoFilter(ApplicationFilterChain.java:193)
	at org.apache.catalina.core.ApplicationFilterChain.doFilter(ApplicationFilterChain.java:166)
	at org.springframework.web.filter.HiddenHttpMethodFilter.doFilterInternal(HiddenHttpMethodFilter.java:93)
	at org.springframework.web.filter.OncePerRequestFilter.doFilter(OncePerRequestFilter.java:107)
	at org.apache.catalina.core.ApplicationFilterChain.internalDoFilter(ApplicationFilterChain.java:193)
	at org.apache.catalina.core.ApplicationFilterChain.doFilter(ApplicationFilterChain.java:166)
	at org.springframework.web.filter.CharacterEncodingFilter.doFilterInternal(CharacterEncodingFilter.java:200)
	at org.springframework.web.filter.OncePerRequestFilter.doFilter(OncePerRequestFilter.java:107)
	at org.apache.catalina.core.ApplicationFilterChain.internalDoFilter(ApplicationFilterChain.java:193)
	at org.apache.catalina.core.ApplicationFilterChain.doFilter(ApplicationFilterChain.java:166)
	at org.apache.catalina.core.StandardWrapperValve.invoke(StandardWrapperValve.java:198)
	at org.apache.catalina.core.StandardContextValve.invoke(StandardContextValve.java:96)
	at org.apache.catalina.authenticator.AuthenticatorBase.invoke(AuthenticatorBase.java:496)
	at org.apache.catalina.core.StandardHostValve.invoke(StandardHostValve.java:140)
	at org.apache.catalina.valves.ErrorReportValve.invoke(ErrorReportValve.java:81)
	at org.apache.catalina.core.StandardEngineValve.invoke(StandardEngineValve.java:87)
	at org.apache.catalina.connector.CoyoteAdapter.service(CoyoteAdapter.java:342)
	at org.apache.coyote.http11.Http11Processor.service(Http11Processor.java:803)
	at org.apache.coyote.AbstractProcessorLight.process(AbstractProcessorLight.java:66)
	at org.apache.coyote.AbstractProtocol$ConnectionHandler.process(AbstractProtocol.java:790)
	at org.apache.tomcat.util.net.NioEndpoint$SocketProcessor.doRun(NioEndpoint.java:1468)
	at org.apache.tomcat.util.net.SocketProcessorBase.run(SocketProcessorBase.java:49)
	at java.util.concurrent.ThreadPoolExecutor.runWorker(Unknown Source)
	at java.util.concurrent.ThreadPoolExecutor$Worker.run(Unknown Source)
	at org.apache.tomcat.util.threads.TaskThread$WrappingRunnable.run(TaskThread.java:61)
	at java.lang.Thread.run(Unknown Source)
2018-08-04 17:35:57  [RMI TCP Connection(2)-127.0.0.1] INFO  o.s.b.a.SpringApplicationAdminMXBeanRegistrar$SpringApplicationAdmin - Application shutdown requested. shutdown
2018-08-04 17:35:57  [RMI TCP Connection(2)-127.0.0.1] INFO  o.s.b.w.s.c.AnnotationConfigServletWebServerApplicationContext - Closing org.springframework.boot.web.servlet.context.AnnotationConfigServletWebServerApplicationContext@50a638b5: startup date [Sat Aug 04 17:32:54 IST 2018]; root of context hierarchy doClose
2018-08-04 17:35:57  [RMI TCP Connection(2)-127.0.0.1] INFO  o.s.j.e.a.AnnotationMBeanExporter - Unregistering JMX-exposed beans on shutdown destroy
2018-08-06 13:07:25  [main] INFO  c.m.m.proposal.ProposalApplication - Starting ProposalApplication on MONO-HYD-LAP-5 with PID 8852 (C:\Users\ravishankar\workspace-sts\Proposal-MS\target\classes started by ravishankar in C:\Users\ravishankar\workspace-sts\Proposal-MS) logStarting
2018-08-06 13:07:25  [main] INFO  c.m.m.proposal.ProposalApplication - The following profiles are active: dev logStartupProfileInfo
2018-08-06 13:07:25  [main] INFO  o.s.b.w.s.c.AnnotationConfigServletWebServerApplicationContext - Refreshing org.springframework.boot.web.servlet.context.AnnotationConfigServletWebServerApplicationContext@6a28ffa4: startup date [Mon Aug 06 13:07:25 IST 2018]; root of context hierarchy prepareRefresh
2018-08-06 13:07:26  [main] INFO  o.s.b.w.e.tomcat.TomcatWebServer - Tomcat initialized with port(s): 8081 (http) initialize
2018-08-06 13:07:26  [main] INFO  o.a.coyote.http11.Http11NioProtocol - Initializing ProtocolHandler ["http-nio-8081"] log
2018-08-06 13:07:26  [main] INFO  o.a.catalina.core.StandardService - Starting service [Tomcat] log
2018-08-06 13:07:26  [main] INFO  o.a.catalina.core.StandardEngine - Starting Servlet Engine: Apache Tomcat/8.5.31 log
2018-08-06 13:07:26  [localhost-startStop-1] INFO  o.a.c.core.AprLifecycleListener - The APR based Apache Tomcat Native library which allows optimal performance in production environments was not found on the java.library.path: [C:\Program Files\Java\jre1.8.0_161\bin;C:\WINDOWS\Sun\Java\bin;C:\WINDOWS\system32;C:\WINDOWS;C:\Program Files\Docker\Docker\Resources\bin;C:\ProgramData\Oracle\Java\javapath;C:\Program Files (x86)\Intel\iCLS Client\;C:\Program Files\Intel\iCLS Client\;C:\WINDOWS\system32;C:\WINDOWS;C:\WINDOWS\System32\Wbem;C:\WINDOWS\System32\WindowsPowerShell\v1.0\;C:\Program Files (x86)\Intel\Intel(R) Management Engine Components\DAL;C:\Program Files\Intel\Intel(R) Management Engine Components\DAL;C:\Program Files (x86)\Intel\Intel(R) Management Engine Components\IPT;C:\Program Files\Intel\Intel(R) Management Engine Components\IPT;C:\Program Files\Git\cmd;C:\Program Files\Java\jdk1.8.0_161\bin;C:\Program Files\youtubedl;C:\Program Files\PuTTY\;C:\mongodb\bin;C:\Program Files\MySQL\MySQL Utilities 1.6\;C:\Program Files\dotnet\;C:\Program Files\Microsoft SQL Server\130\Tools\Binn\;C:\Go\bin;C:\WINDOWS\System32\OpenSSH\;C:\apache-maven-3.5.3\bin;C:\Program Files\Amazon\AWSCLI\;C:\Program Files\Amazon\AWSCLI\bin\;C:\Program Files\nodejs\;C:\gradle-4.8.1\bin;;C:\Program Files\Microsoft VS Code\bin;C:\Users\ravishankar\AppData\Local\Programs\Python\Python36\Scripts\;C:\Users\ravishankar\AppData\Local\Programs\Python\Python36\;C:\Users\ravishankar\AppData\Local\Microsoft\WindowsApps;;C:\Program Files\Microsoft VS Code\bin;C:\Users\ravishankar\AppData\Roaming\npm;.] log
2018-08-06 13:07:26  [localhost-startStop-1] INFO  o.a.c.c.C.[Tomcat].[localhost].[/] - Initializing Spring embedded WebApplicationContext log
2018-08-06 13:07:26  [localhost-startStop-1] INFO  o.s.web.context.ContextLoader - Root WebApplicationContext: initialization completed in 1298 ms prepareWebApplicationContext
2018-08-06 13:07:26  [localhost-startStop-1] INFO  o.s.b.w.s.ServletRegistrationBean - Servlet dispatcherServlet mapped to [/] addRegistration
2018-08-06 13:07:26  [localhost-startStop-1] INFO  o.s.b.w.s.FilterRegistrationBean - Mapping filter: 'characterEncodingFilter' to: [/*] configure
2018-08-06 13:07:26  [localhost-startStop-1] INFO  o.s.b.w.s.FilterRegistrationBean - Mapping filter: 'hiddenHttpMethodFilter' to: [/*] configure
2018-08-06 13:07:26  [localhost-startStop-1] INFO  o.s.b.w.s.FilterRegistrationBean - Mapping filter: 'httpPutFormContentFilter' to: [/*] configure
2018-08-06 13:07:26  [localhost-startStop-1] INFO  o.s.b.w.s.FilterRegistrationBean - Mapping filter: 'requestContextFilter' to: [/*] configure
2018-08-06 13:07:26  [localhost-startStop-1] INFO  o.s.b.w.s.FilterRegistrationBean - Mapping filter: 'MDCFilter' to: [/*] configure
2018-08-06 13:07:27  [main] INFO  org.mongodb.driver.cluster - Cluster created with settings {hosts=[127.0.0.1:27017], mode=MULTIPLE, requiredClusterType=UNKNOWN, serverSelectionTimeout='30000 ms', maxWaitQueueSize=500} info
2018-08-06 13:07:27  [main] INFO  org.mongodb.driver.cluster - Adding discovered server 127.0.0.1:27017 to client view of cluster info
2018-08-06 13:07:27  [cluster-ClusterId{value='5b67fab7758138229450f0c4', description='null'}-127.0.0.1:27017] INFO  org.mongodb.driver.connection - Opened connection [connectionId{localValue:1, serverValue:95}] to 127.0.0.1:27017 info
2018-08-06 13:07:27  [cluster-ClusterId{value='5b67fab7758138229450f0c4', description='null'}-127.0.0.1:27017] INFO  org.mongodb.driver.cluster - Monitor thread successfully connected to server with description ServerDescription{address=127.0.0.1:27017, type=STANDALONE, state=CONNECTED, ok=true, version=ServerVersion{versionList=[3, 6, 0]}, minWireVersion=0, maxWireVersion=6, maxDocumentSize=16777216, logicalSessionTimeoutMinutes=30, roundTripTimeNanos=2167700} info
2018-08-06 13:07:27  [cluster-ClusterId{value='5b67fab7758138229450f0c4', description='null'}-127.0.0.1:27017] INFO  org.mongodb.driver.cluster - Discovered cluster type of STANDALONE info
2018-08-06 13:07:28  [main] INFO  o.s.w.s.h.SimpleUrlHandlerMapping - Mapped URL path [/**/favicon.ico] onto handler of type [class org.springframework.web.servlet.resource.ResourceHttpRequestHandler] registerHandler
2018-08-06 13:07:28  [main] INFO  o.s.w.s.m.m.a.RequestMappingHandlerAdapter - Looking for @ControllerAdvice: org.springframework.boot.web.servlet.context.AnnotationConfigServletWebServerApplicationContext@6a28ffa4: startup date [Mon Aug 06 13:07:25 IST 2018]; root of context hierarchy initControllerAdviceCache
2018-08-06 13:07:28  [main] INFO  o.s.w.s.m.m.a.RequestMappingHandlerMapping - Mapped "{[/fulfillment/api/proposalservices/saveproposaldata],methods=[POST]}" onto public com.mli.matrix.proposal.models.OutputResponse com.mli.matrix.proposal.controller.ProposalController.saveProposalForm(com.mli.matrix.proposal.models.InputRequest) throws com.mli.matrix.proposal.exception.BaseException register
2018-08-06 13:07:28  [main] INFO  o.s.w.s.m.m.a.RequestMappingHandlerMapping - Mapped "{[/error]}" onto public org.springframework.http.ResponseEntity<java.util.Map<java.lang.String, java.lang.Object>> org.springframework.boot.autoconfigure.web.servlet.error.BasicErrorController.error(javax.servlet.http.HttpServletRequest) register
2018-08-06 13:07:28  [main] INFO  o.s.w.s.m.m.a.RequestMappingHandlerMapping - Mapped "{[/error],produces=[text/html]}" onto public org.springframework.web.servlet.ModelAndView org.springframework.boot.autoconfigure.web.servlet.error.BasicErrorController.errorHtml(javax.servlet.http.HttpServletRequest,javax.servlet.http.HttpServletResponse) register
2018-08-06 13:07:28  [main] INFO  o.s.w.s.h.SimpleUrlHandlerMapping - Mapped URL path [/webjars/**] onto handler of type [class org.springframework.web.servlet.resource.ResourceHttpRequestHandler] registerHandler
2018-08-06 13:07:28  [main] INFO  o.s.w.s.h.SimpleUrlHandlerMapping - Mapped URL path [/**] onto handler of type [class org.springframework.web.servlet.resource.ResourceHttpRequestHandler] registerHandler
2018-08-06 13:07:28  [main] INFO  o.s.w.s.m.m.a.ExceptionHandlerExceptionResolver - Detected @ExceptionHandler methods in centralizedExceptionHandler initExceptionHandlerAdviceCache
2018-08-06 13:07:28  [main] INFO  o.s.j.e.a.AnnotationMBeanExporter - Registering beans for JMX exposure on startup afterSingletonsInstantiated
2018-08-06 13:07:28  [main] INFO  o.a.coyote.http11.Http11NioProtocol - Starting ProtocolHandler ["http-nio-8081"] log
2018-08-06 13:07:28  [main] INFO  o.a.tomcat.util.net.NioSelectorPool - Using a shared selector for servlet write/read log
2018-08-06 13:07:28  [main] INFO  o.s.b.w.e.tomcat.TomcatWebServer - Tomcat started on port(s): 8081 (http) with context path '' start
2018-08-06 13:07:28  [main] INFO  c.m.m.proposal.ProposalApplication - Started ProposalApplication in 3.601 seconds (JVM running for 4.344) logStarted
2018-08-06 13:08:21  [http-nio-8081-exec-1] INFO  o.a.c.c.C.[Tomcat].[localhost].[/] - Initializing Spring FrameworkServlet 'dispatcherServlet' log
2018-08-06 13:08:21  [http-nio-8081-exec-1] INFO  o.s.web.servlet.DispatcherServlet - FrameworkServlet 'dispatcherServlet': initialization started initServletBean
2018-08-06 13:08:21  [http-nio-8081-exec-1] INFO  o.s.web.servlet.DispatcherServlet - FrameworkServlet 'dispatcherServlet': initialization completed in 21 ms initServletBean
2018-08-06 13:08:21 182f4e70-7449-4b0c-9c01-ffd2cd896813 [http-nio-8081-exec-1] INFO  c.m.m.p.c.ProposalController - Request with requestId 182f4e70-7449-4b0c-9c01-ffd2cd896813 is being processed saveProposalForm
2018-08-06 13:08:21 182f4e70-7449-4b0c-9c01-ffd2cd896813 [http-nio-8081-exec-1] INFO  c.m.m.p.c.ProposalController - Saving the proposal data of request 182f4e70-7449-4b0c-9c01-ffd2cd896813 with proposalNumber null saveProposalDetail
2018-08-06 13:08:22 182f4e70-7449-4b0c-9c01-ffd2cd896813 [http-nio-8081-exec-1] INFO  org.mongodb.driver.connection - Opened connection [connectionId{localValue:2, serverValue:96}] to 127.0.0.1:27017 info
2018-08-06 13:08:22 182f4e70-7449-4b0c-9c01-ffd2cd896813 [http-nio-8081-exec-1] INFO  c.m.m.p.c.ProposalController - Time 0 took to process the request 182f4e70-7449-4b0c-9c01-ffd2cd896813 saveProposalForm
2018-08-06 13:08:22 182f4e70-7449-4b0c-9c01-ffd2cd896813 [http-nio-8081-exec-1] INFO  c.m.matrix.proposal.filter.MDCFilter - Response status 200 doFilter
2018-08-06 13:08:58 8fb9fb9f-21dd-4af8-9c9a-e31f3ec47dba [http-nio-8081-exec-3] INFO  c.m.m.p.c.ProposalController - Request with requestId 8fb9fb9f-21dd-4af8-9c9a-e31f3ec47dba is being processed saveProposalForm
2018-08-06 13:08:58 8fb9fb9f-21dd-4af8-9c9a-e31f3ec47dba [http-nio-8081-exec-3] ERROR c.m.m.p.c.ProposalController - Error occurred for request object InputRequest [request=null] saveProposalForm
2018-08-06 13:08:58 8fb9fb9f-21dd-4af8-9c9a-e31f3ec47dba [http-nio-8081-exec-3] ERROR c.m.m.p.e.CentralizedExceptionHandler - Stack trace [com.mli.matrix.proposal.controller.ProposalController.saveProposalForm(ProposalController.java:54), sun.reflect.NativeMethodAccessorImpl.invoke0(Native Method), sun.reflect.NativeMethodAccessorImpl.invoke(Unknown Source), sun.reflect.DelegatingMethodAccessorImpl.invoke(Unknown Source), java.lang.reflect.Method.invoke(Unknown Source), org.springframework.web.method.support.InvocableHandlerMethod.doInvoke(InvocableHandlerMethod.java:209), org.springframework.web.method.support.InvocableHandlerMethod.invokeForRequest(InvocableHandlerMethod.java:136), org.springframework.web.servlet.mvc.method.annotation.ServletInvocableHandlerMethod.invokeAndHandle(ServletInvocableHandlerMethod.java:102), org.springframework.web.servlet.mvc.method.annotation.RequestMappingHandlerAdapter.invokeHandlerMethod(RequestMappingHandlerAdapter.java:877), org.springframework.web.servlet.mvc.method.annotation.RequestMappingHandlerAdapter.handleInternal(RequestMappingHandlerAdapter.java:783), org.springframework.web.servlet.mvc.method.AbstractHandlerMethodAdapter.handle(AbstractHandlerMethodAdapter.java:87), org.springframework.web.servlet.DispatcherServlet.doDispatch(DispatcherServlet.java:991), org.springframework.web.servlet.DispatcherServlet.doService(DispatcherServlet.java:925), org.springframework.web.servlet.FrameworkServlet.processRequest(FrameworkServlet.java:974), org.springframework.web.servlet.FrameworkServlet.doPost(FrameworkServlet.java:877), javax.servlet.http.HttpServlet.service(HttpServlet.java:661), org.springframework.web.servlet.FrameworkServlet.service(FrameworkServlet.java:851), javax.servlet.http.HttpServlet.service(HttpServlet.java:742), org.apache.catalina.core.ApplicationFilterChain.internalDoFilter(ApplicationFilterChain.java:231), org.apache.catalina.core.ApplicationFilterChain.doFilter(ApplicationFilterChain.java:166), org.apache.tomcat.websocket.server.WsFilter.doFilter(WsFilter.java:52), org.apache.catalina.core.ApplicationFilterChain.internalDoFilter(ApplicationFilterChain.java:193), org.apache.catalina.core.ApplicationFilterChain.doFilter(ApplicationFilterChain.java:166), com.mli.matrix.proposal.filter.MDCFilter.doFilter(MDCFilter.java:44), org.apache.catalina.core.ApplicationFilterChain.internalDoFilter(ApplicationFilterChain.java:193), org.apache.catalina.core.ApplicationFilterChain.doFilter(ApplicationFilterChain.java:166), org.springframework.web.filter.RequestContextFilter.doFilterInternal(RequestContextFilter.java:99), org.springframework.web.filter.OncePerRequestFilter.doFilter(OncePerRequestFilter.java:107), org.apache.catalina.core.ApplicationFilterChain.internalDoFilter(ApplicationFilterChain.java:193), org.apache.catalina.core.ApplicationFilterChain.doFilter(ApplicationFilterChain.java:166), org.springframework.web.filter.HttpPutFormContentFilter.doFilterInternal(HttpPutFormContentFilter.java:109), org.springframework.web.filter.OncePerRequestFilter.doFilter(OncePerRequestFilter.java:107), org.apache.catalina.core.ApplicationFilterChain.internalDoFilter(ApplicationFilterChain.java:193), org.apache.catalina.core.ApplicationFilterChain.doFilter(ApplicationFilterChain.java:166), org.springframework.web.filter.HiddenHttpMethodFilter.doFilterInternal(HiddenHttpMethodFilter.java:93), org.springframework.web.filter.OncePerRequestFilter.doFilter(OncePerRequestFilter.java:107), org.apache.catalina.core.ApplicationFilterChain.internalDoFilter(ApplicationFilterChain.java:193), org.apache.catalina.core.ApplicationFilterChain.doFilter(ApplicationFilterChain.java:166), org.springframework.web.filter.CharacterEncodingFilter.doFilterInternal(CharacterEncodingFilter.java:200), org.springframework.web.filter.OncePerRequestFilter.doFilter(OncePerRequestFilter.java:107), org.apache.catalina.core.ApplicationFilterChain.internalDoFilter(ApplicationFilterChain.java:193), org.apache.catalina.core.ApplicationFilterChain.doFilter(ApplicationFilterChain.java:166), org.apache.catalina.core.StandardWrapperValve.invoke(StandardWrapperValve.java:198), org.apache.catalina.core.StandardContextValve.invoke(StandardContextValve.java:96), org.apache.catalina.authenticator.AuthenticatorBase.invoke(AuthenticatorBase.java:496), org.apache.catalina.core.StandardHostValve.invoke(StandardHostValve.java:140), org.apache.catalina.valves.ErrorReportValve.invoke(ErrorReportValve.java:81), org.apache.catalina.core.StandardEngineValve.invoke(StandardEngineValve.java:87), org.apache.catalina.connector.CoyoteAdapter.service(CoyoteAdapter.java:342), org.apache.coyote.http11.Http11Processor.service(Http11Processor.java:803), org.apache.coyote.AbstractProcessorLight.process(AbstractProcessorLight.java:66), org.apache.coyote.AbstractProtocol$ConnectionHandler.process(AbstractProtocol.java:790), org.apache.tomcat.util.net.NioEndpoint$SocketProcessor.doRun(NioEndpoint.java:1468), org.apache.tomcat.util.net.SocketProcessorBase.run(SocketProcessorBase.java:49), java.util.concurrent.ThreadPoolExecutor.runWorker(Unknown Source), java.util.concurrent.ThreadPoolExecutor$Worker.run(Unknown Source), org.apache.tomcat.util.threads.TaskThread$WrappingRunnable.run(TaskThread.java:61), java.lang.Thread.run(Unknown Source)] handleBaseExceptions
2018-08-06 13:08:58 8fb9fb9f-21dd-4af8-9c9a-e31f3ec47dba [http-nio-8081-exec-3] ERROR c.m.m.p.e.CentralizedExceptionHandler - error occurred in serving request 8fb9fb9f-21dd-4af8-9c9a-e31f3ec47dba handleBaseExceptions
2018-08-06 13:08:58 8fb9fb9f-21dd-4af8-9c9a-e31f3ec47dba [http-nio-8081-exec-3] WARN  o.s.w.s.m.m.a.ExceptionHandlerExceptionResolver - Failed to invoke @ExceptionHandler method: public org.springframework.http.ResponseEntity<com.mli.matrix.proposal.models.OutputResponse> com.mli.matrix.proposal.exception.CentralizedExceptionHandler.handleBaseExceptions(com.mli.matrix.proposal.exception.BaseException) doResolveHandlerMethodException
java.lang.NullPointerException: null
	at com.mli.matrix.proposal.exception.CentralizedExceptionHandler.handleBaseExceptions(CentralizedExceptionHandler.java:41)
	at sun.reflect.NativeMethodAccessorImpl.invoke0(Native Method)
	at sun.reflect.NativeMethodAccessorImpl.invoke(Unknown Source)
	at sun.reflect.DelegatingMethodAccessorImpl.invoke(Unknown Source)
	at java.lang.reflect.Method.invoke(Unknown Source)
	at org.springframework.web.method.support.InvocableHandlerMethod.doInvoke(InvocableHandlerMethod.java:209)
	at org.springframework.web.method.support.InvocableHandlerMethod.invokeForRequest(InvocableHandlerMethod.java:136)
	at org.springframework.web.servlet.mvc.method.annotation.ServletInvocableHandlerMethod.invokeAndHandle(ServletInvocableHandlerMethod.java:102)
	at org.springframework.web.servlet.mvc.method.annotation.ExceptionHandlerExceptionResolver.doResolveHandlerMethodException(ExceptionHandlerExceptionResolver.java:404)
	at org.springframework.web.servlet.handler.AbstractHandlerMethodExceptionResolver.doResolveException(AbstractHandlerMethodExceptionResolver.java:61)
	at org.springframework.web.servlet.handler.AbstractHandlerExceptionResolver.resolveException(AbstractHandlerExceptionResolver.java:139)
	at org.springframework.web.servlet.handler.HandlerExceptionResolverComposite.resolveException(HandlerExceptionResolverComposite.java:78)
	at org.springframework.web.servlet.DispatcherServlet.processHandlerException(DispatcherServlet.java:1255)
	at org.springframework.web.servlet.DispatcherServlet.processDispatchResult(DispatcherServlet.java:1062)
	at org.springframework.web.servlet.DispatcherServlet.doDispatch(DispatcherServlet.java:1008)
	at org.springframework.web.servlet.DispatcherServlet.doService(DispatcherServlet.java:925)
	at org.springframework.web.servlet.FrameworkServlet.processRequest(FrameworkServlet.java:974)
	at org.springframework.web.servlet.FrameworkServlet.doPost(FrameworkServlet.java:877)
	at javax.servlet.http.HttpServlet.service(HttpServlet.java:661)
	at org.springframework.web.servlet.FrameworkServlet.service(FrameworkServlet.java:851)
	at javax.servlet.http.HttpServlet.service(HttpServlet.java:742)
	at org.apache.catalina.core.ApplicationFilterChain.internalDoFilter(ApplicationFilterChain.java:231)
	at org.apache.catalina.core.ApplicationFilterChain.doFilter(ApplicationFilterChain.java:166)
	at org.apache.tomcat.websocket.server.WsFilter.doFilter(WsFilter.java:52)
	at org.apache.catalina.core.ApplicationFilterChain.internalDoFilter(ApplicationFilterChain.java:193)
	at org.apache.catalina.core.ApplicationFilterChain.doFilter(ApplicationFilterChain.java:166)
	at com.mli.matrix.proposal.filter.MDCFilter.doFilter(MDCFilter.java:44)
	at org.apache.catalina.core.ApplicationFilterChain.internalDoFilter(ApplicationFilterChain.java:193)
	at org.apache.catalina.core.ApplicationFilterChain.doFilter(ApplicationFilterChain.java:166)
	at org.springframework.web.filter.RequestContextFilter.doFilterInternal(RequestContextFilter.java:99)
	at org.springframework.web.filter.OncePerRequestFilter.doFilter(OncePerRequestFilter.java:107)
	at org.apache.catalina.core.ApplicationFilterChain.internalDoFilter(ApplicationFilterChain.java:193)
	at org.apache.catalina.core.ApplicationFilterChain.doFilter(ApplicationFilterChain.java:166)
	at org.springframework.web.filter.HttpPutFormContentFilter.doFilterInternal(HttpPutFormContentFilter.java:109)
	at org.springframework.web.filter.OncePerRequestFilter.doFilter(OncePerRequestFilter.java:107)
	at org.apache.catalina.core.ApplicationFilterChain.internalDoFilter(ApplicationFilterChain.java:193)
	at org.apache.catalina.core.ApplicationFilterChain.doFilter(ApplicationFilterChain.java:166)
	at org.springframework.web.filter.HiddenHttpMethodFilter.doFilterInternal(HiddenHttpMethodFilter.java:93)
	at org.springframework.web.filter.OncePerRequestFilter.doFilter(OncePerRequestFilter.java:107)
	at org.apache.catalina.core.ApplicationFilterChain.internalDoFilter(ApplicationFilterChain.java:193)
	at org.apache.catalina.core.ApplicationFilterChain.doFilter(ApplicationFilterChain.java:166)
	at org.springframework.web.filter.CharacterEncodingFilter.doFilterInternal(CharacterEncodingFilter.java:200)
	at org.springframework.web.filter.OncePerRequestFilter.doFilter(OncePerRequestFilter.java:107)
	at org.apache.catalina.core.ApplicationFilterChain.internalDoFilter(ApplicationFilterChain.java:193)
	at org.apache.catalina.core.ApplicationFilterChain.doFilter(ApplicationFilterChain.java:166)
	at org.apache.catalina.core.StandardWrapperValve.invoke(StandardWrapperValve.java:198)
	at org.apache.catalina.core.StandardContextValve.invoke(StandardContextValve.java:96)
	at org.apache.catalina.authenticator.AuthenticatorBase.invoke(AuthenticatorBase.java:496)
	at org.apache.catalina.core.StandardHostValve.invoke(StandardHostValve.java:140)
	at org.apache.catalina.valves.ErrorReportValve.invoke(ErrorReportValve.java:81)
	at org.apache.catalina.core.StandardEngineValve.invoke(StandardEngineValve.java:87)
	at org.apache.catalina.connector.CoyoteAdapter.service(CoyoteAdapter.java:342)
	at org.apache.coyote.http11.Http11Processor.service(Http11Processor.java:803)
	at org.apache.coyote.AbstractProcessorLight.process(AbstractProcessorLight.java:66)
	at org.apache.coyote.AbstractProtocol$ConnectionHandler.process(AbstractProtocol.java:790)
	at org.apache.tomcat.util.net.NioEndpoint$SocketProcessor.doRun(NioEndpoint.java:1468)
	at org.apache.tomcat.util.net.SocketProcessorBase.run(SocketProcessorBase.java:49)
	at java.util.concurrent.ThreadPoolExecutor.runWorker(Unknown Source)
	at java.util.concurrent.ThreadPoolExecutor$Worker.run(Unknown Source)
	at org.apache.tomcat.util.threads.TaskThread$WrappingRunnable.run(TaskThread.java:61)
	at java.lang.Thread.run(Unknown Source)
2018-08-06 13:08:58 8fb9fb9f-21dd-4af8-9c9a-e31f3ec47dba [http-nio-8081-exec-3] INFO  c.m.matrix.proposal.filter.MDCFilter - Response status 200 doFilter
2018-08-06 13:08:58  [http-nio-8081-exec-3] ERROR o.a.c.c.C.[.[.[.[dispatcherServlet] - Servlet.service() for servlet [dispatcherServlet] in context with path [] threw exception [Request processing failed; nested exception is BaseException [errorMessages=null, httpstatus=null, response=null]] with root cause log
com.mli.matrix.proposal.exception.BaseException: null
	at com.mli.matrix.proposal.controller.ProposalController.saveProposalForm(ProposalController.java:54)
	at sun.reflect.NativeMethodAccessorImpl.invoke0(Native Method)
	at sun.reflect.NativeMethodAccessorImpl.invoke(Unknown Source)
	at sun.reflect.DelegatingMethodAccessorImpl.invoke(Unknown Source)
	at java.lang.reflect.Method.invoke(Unknown Source)
	at org.springframework.web.method.support.InvocableHandlerMethod.doInvoke(InvocableHandlerMethod.java:209)
	at org.springframework.web.method.support.InvocableHandlerMethod.invokeForRequest(InvocableHandlerMethod.java:136)
	at org.springframework.web.servlet.mvc.method.annotation.ServletInvocableHandlerMethod.invokeAndHandle(ServletInvocableHandlerMethod.java:102)
	at org.springframework.web.servlet.mvc.method.annotation.RequestMappingHandlerAdapter.invokeHandlerMethod(RequestMappingHandlerAdapter.java:877)
	at org.springframework.web.servlet.mvc.method.annotation.RequestMappingHandlerAdapter.handleInternal(RequestMappingHandlerAdapter.java:783)
	at org.springframework.web.servlet.mvc.method.AbstractHandlerMethodAdapter.handle(AbstractHandlerMethodAdapter.java:87)
	at org.springframework.web.servlet.DispatcherServlet.doDispatch(DispatcherServlet.java:991)
	at org.springframework.web.servlet.DispatcherServlet.doService(DispatcherServlet.java:925)
	at org.springframework.web.servlet.FrameworkServlet.processRequest(FrameworkServlet.java:974)
	at org.springframework.web.servlet.FrameworkServlet.doPost(FrameworkServlet.java:877)
	at javax.servlet.http.HttpServlet.service(HttpServlet.java:661)
	at org.springframework.web.servlet.FrameworkServlet.service(FrameworkServlet.java:851)
	at javax.servlet.http.HttpServlet.service(HttpServlet.java:742)
	at org.apache.catalina.core.ApplicationFilterChain.internalDoFilter(ApplicationFilterChain.java:231)
	at org.apache.catalina.core.ApplicationFilterChain.doFilter(ApplicationFilterChain.java:166)
	at org.apache.tomcat.websocket.server.WsFilter.doFilter(WsFilter.java:52)
	at org.apache.catalina.core.ApplicationFilterChain.internalDoFilter(ApplicationFilterChain.java:193)
	at org.apache.catalina.core.ApplicationFilterChain.doFilter(ApplicationFilterChain.java:166)
	at com.mli.matrix.proposal.filter.MDCFilter.doFilter(MDCFilter.java:44)
	at org.apache.catalina.core.ApplicationFilterChain.internalDoFilter(ApplicationFilterChain.java:193)
	at org.apache.catalina.core.ApplicationFilterChain.doFilter(ApplicationFilterChain.java:166)
	at org.springframework.web.filter.RequestContextFilter.doFilterInternal(RequestContextFilter.java:99)
	at org.springframework.web.filter.OncePerRequestFilter.doFilter(OncePerRequestFilter.java:107)
	at org.apache.catalina.core.ApplicationFilterChain.internalDoFilter(ApplicationFilterChain.java:193)
	at org.apache.catalina.core.ApplicationFilterChain.doFilter(ApplicationFilterChain.java:166)
	at org.springframework.web.filter.HttpPutFormContentFilter.doFilterInternal(HttpPutFormContentFilter.java:109)
	at org.springframework.web.filter.OncePerRequestFilter.doFilter(OncePerRequestFilter.java:107)
	at org.apache.catalina.core.ApplicationFilterChain.internalDoFilter(ApplicationFilterChain.java:193)
	at org.apache.catalina.core.ApplicationFilterChain.doFilter(ApplicationFilterChain.java:166)
	at org.springframework.web.filter.HiddenHttpMethodFilter.doFilterInternal(HiddenHttpMethodFilter.java:93)
	at org.springframework.web.filter.OncePerRequestFilter.doFilter(OncePerRequestFilter.java:107)
	at org.apache.catalina.core.ApplicationFilterChain.internalDoFilter(ApplicationFilterChain.java:193)
	at org.apache.catalina.core.ApplicationFilterChain.doFilter(ApplicationFilterChain.java:166)
	at org.springframework.web.filter.CharacterEncodingFilter.doFilterInternal(CharacterEncodingFilter.java:200)
	at org.springframework.web.filter.OncePerRequestFilter.doFilter(OncePerRequestFilter.java:107)
	at org.apache.catalina.core.ApplicationFilterChain.internalDoFilter(ApplicationFilterChain.java:193)
	at org.apache.catalina.core.ApplicationFilterChain.doFilter(ApplicationFilterChain.java:166)
	at org.apache.catalina.core.StandardWrapperValve.invoke(StandardWrapperValve.java:198)
	at org.apache.catalina.core.StandardContextValve.invoke(StandardContextValve.java:96)
	at org.apache.catalina.authenticator.AuthenticatorBase.invoke(AuthenticatorBase.java:496)
	at org.apache.catalina.core.StandardHostValve.invoke(StandardHostValve.java:140)
	at org.apache.catalina.valves.ErrorReportValve.invoke(ErrorReportValve.java:81)
	at org.apache.catalina.core.StandardEngineValve.invoke(StandardEngineValve.java:87)
	at org.apache.catalina.connector.CoyoteAdapter.service(CoyoteAdapter.java:342)
	at org.apache.coyote.http11.Http11Processor.service(Http11Processor.java:803)
	at org.apache.coyote.AbstractProcessorLight.process(AbstractProcessorLight.java:66)
	at org.apache.coyote.AbstractProtocol$ConnectionHandler.process(AbstractProtocol.java:790)
	at org.apache.tomcat.util.net.NioEndpoint$SocketProcessor.doRun(NioEndpoint.java:1468)
	at org.apache.tomcat.util.net.SocketProcessorBase.run(SocketProcessorBase.java:49)
	at java.util.concurrent.ThreadPoolExecutor.runWorker(Unknown Source)
	at java.util.concurrent.ThreadPoolExecutor$Worker.run(Unknown Source)
	at org.apache.tomcat.util.threads.TaskThread$WrappingRunnable.run(TaskThread.java:61)
	at java.lang.Thread.run(Unknown Source)
2018-08-06 13:09:37 6da66679-ba97-4f6e-95f4-8e7753a1e84e [http-nio-8081-exec-5] INFO  c.m.m.p.c.ProposalController - Request with requestId 6da66679-ba97-4f6e-95f4-8e7753a1e84e is being processed saveProposalForm
2018-08-06 13:09:37 6da66679-ba97-4f6e-95f4-8e7753a1e84e [http-nio-8081-exec-5] ERROR c.m.m.p.c.ProposalController - Error occurred for request object InputRequest [request=Request [metadata=Metadata [env=dev, requestId=1234567890], requestData=RequestData [requestPayload=RequestPayload [proposalDetails=null]]]] saveProposalForm
2018-08-06 13:09:37 6da66679-ba97-4f6e-95f4-8e7753a1e84e [http-nio-8081-exec-5] ERROR c.m.m.p.e.CentralizedExceptionHandler - Stack trace [com.mli.matrix.proposal.controller.ProposalController.saveProposalForm(ProposalController.java:54), sun.reflect.NativeMethodAccessorImpl.invoke0(Native Method), sun.reflect.NativeMethodAccessorImpl.invoke(Unknown Source), sun.reflect.DelegatingMethodAccessorImpl.invoke(Unknown Source), java.lang.reflect.Method.invoke(Unknown Source), org.springframework.web.method.support.InvocableHandlerMethod.doInvoke(InvocableHandlerMethod.java:209), org.springframework.web.method.support.InvocableHandlerMethod.invokeForRequest(InvocableHandlerMethod.java:136), org.springframework.web.servlet.mvc.method.annotation.ServletInvocableHandlerMethod.invokeAndHandle(ServletInvocableHandlerMethod.java:102), org.springframework.web.servlet.mvc.method.annotation.RequestMappingHandlerAdapter.invokeHandlerMethod(RequestMappingHandlerAdapter.java:877), org.springframework.web.servlet.mvc.method.annotation.RequestMappingHandlerAdapter.handleInternal(RequestMappingHandlerAdapter.java:783), org.springframework.web.servlet.mvc.method.AbstractHandlerMethodAdapter.handle(AbstractHandlerMethodAdapter.java:87), org.springframework.web.servlet.DispatcherServlet.doDispatch(DispatcherServlet.java:991), org.springframework.web.servlet.DispatcherServlet.doService(DispatcherServlet.java:925), org.springframework.web.servlet.FrameworkServlet.processRequest(FrameworkServlet.java:974), org.springframework.web.servlet.FrameworkServlet.doPost(FrameworkServlet.java:877), javax.servlet.http.HttpServlet.service(HttpServlet.java:661), org.springframework.web.servlet.FrameworkServlet.service(FrameworkServlet.java:851), javax.servlet.http.HttpServlet.service(HttpServlet.java:742), org.apache.catalina.core.ApplicationFilterChain.internalDoFilter(ApplicationFilterChain.java:231), org.apache.catalina.core.ApplicationFilterChain.doFilter(ApplicationFilterChain.java:166), org.apache.tomcat.websocket.server.WsFilter.doFilter(WsFilter.java:52), org.apache.catalina.core.ApplicationFilterChain.internalDoFilter(ApplicationFilterChain.java:193), org.apache.catalina.core.ApplicationFilterChain.doFilter(ApplicationFilterChain.java:166), com.mli.matrix.proposal.filter.MDCFilter.doFilter(MDCFilter.java:44), org.apache.catalina.core.ApplicationFilterChain.internalDoFilter(ApplicationFilterChain.java:193), org.apache.catalina.core.ApplicationFilterChain.doFilter(ApplicationFilterChain.java:166), org.springframework.web.filter.RequestContextFilter.doFilterInternal(RequestContextFilter.java:99), org.springframework.web.filter.OncePerRequestFilter.doFilter(OncePerRequestFilter.java:107), org.apache.catalina.core.ApplicationFilterChain.internalDoFilter(ApplicationFilterChain.java:193), org.apache.catalina.core.ApplicationFilterChain.doFilter(ApplicationFilterChain.java:166), org.springframework.web.filter.HttpPutFormContentFilter.doFilterInternal(HttpPutFormContentFilter.java:109), org.springframework.web.filter.OncePerRequestFilter.doFilter(OncePerRequestFilter.java:107), org.apache.catalina.core.ApplicationFilterChain.internalDoFilter(ApplicationFilterChain.java:193), org.apache.catalina.core.ApplicationFilterChain.doFilter(ApplicationFilterChain.java:166), org.springframework.web.filter.HiddenHttpMethodFilter.doFilterInternal(HiddenHttpMethodFilter.java:93), org.springframework.web.filter.OncePerRequestFilter.doFilter(OncePerRequestFilter.java:107), org.apache.catalina.core.ApplicationFilterChain.internalDoFilter(ApplicationFilterChain.java:193), org.apache.catalina.core.ApplicationFilterChain.doFilter(ApplicationFilterChain.java:166), org.springframework.web.filter.CharacterEncodingFilter.doFilterInternal(CharacterEncodingFilter.java:200), org.springframework.web.filter.OncePerRequestFilter.doFilter(OncePerRequestFilter.java:107), org.apache.catalina.core.ApplicationFilterChain.internalDoFilter(ApplicationFilterChain.java:193), org.apache.catalina.core.ApplicationFilterChain.doFilter(ApplicationFilterChain.java:166), org.apache.catalina.core.StandardWrapperValve.invoke(StandardWrapperValve.java:198), org.apache.catalina.core.StandardContextValve.invoke(StandardContextValve.java:96), org.apache.catalina.authenticator.AuthenticatorBase.invoke(AuthenticatorBase.java:496), org.apache.catalina.core.StandardHostValve.invoke(StandardHostValve.java:140), org.apache.catalina.valves.ErrorReportValve.invoke(ErrorReportValve.java:81), org.apache.catalina.core.StandardEngineValve.invoke(StandardEngineValve.java:87), org.apache.catalina.connector.CoyoteAdapter.service(CoyoteAdapter.java:342), org.apache.coyote.http11.Http11Processor.service(Http11Processor.java:803), org.apache.coyote.AbstractProcessorLight.process(AbstractProcessorLight.java:66), org.apache.coyote.AbstractProtocol$ConnectionHandler.process(AbstractProtocol.java:790), org.apache.tomcat.util.net.NioEndpoint$SocketProcessor.doRun(NioEndpoint.java:1468), org.apache.tomcat.util.net.SocketProcessorBase.run(SocketProcessorBase.java:49), java.util.concurrent.ThreadPoolExecutor.runWorker(Unknown Source), java.util.concurrent.ThreadPoolExecutor$Worker.run(Unknown Source), org.apache.tomcat.util.threads.TaskThread$WrappingRunnable.run(TaskThread.java:61), java.lang.Thread.run(Unknown Source)] handleBaseExceptions
2018-08-06 13:09:37 6da66679-ba97-4f6e-95f4-8e7753a1e84e [http-nio-8081-exec-5] ERROR c.m.m.p.e.CentralizedExceptionHandler - error occurred in serving request 6da66679-ba97-4f6e-95f4-8e7753a1e84e handleBaseExceptions
2018-08-06 13:09:37 6da66679-ba97-4f6e-95f4-8e7753a1e84e [http-nio-8081-exec-5] WARN  o.s.w.s.m.m.a.ExceptionHandlerExceptionResolver - Failed to invoke @ExceptionHandler method: public org.springframework.http.ResponseEntity<com.mli.matrix.proposal.models.OutputResponse> com.mli.matrix.proposal.exception.CentralizedExceptionHandler.handleBaseExceptions(com.mli.matrix.proposal.exception.BaseException) doResolveHandlerMethodException
java.lang.NullPointerException: null
	at com.mli.matrix.proposal.exception.CentralizedExceptionHandler.handleBaseExceptions(CentralizedExceptionHandler.java:41)
	at sun.reflect.NativeMethodAccessorImpl.invoke0(Native Method)
	at sun.reflect.NativeMethodAccessorImpl.invoke(Unknown Source)
	at sun.reflect.DelegatingMethodAccessorImpl.invoke(Unknown Source)
	at java.lang.reflect.Method.invoke(Unknown Source)
	at org.springframework.web.method.support.InvocableHandlerMethod.doInvoke(InvocableHandlerMethod.java:209)
	at org.springframework.web.method.support.InvocableHandlerMethod.invokeForRequest(InvocableHandlerMethod.java:136)
	at org.springframework.web.servlet.mvc.method.annotation.ServletInvocableHandlerMethod.invokeAndHandle(ServletInvocableHandlerMethod.java:102)
	at org.springframework.web.servlet.mvc.method.annotation.ExceptionHandlerExceptionResolver.doResolveHandlerMethodException(ExceptionHandlerExceptionResolver.java:404)
	at org.springframework.web.servlet.handler.AbstractHandlerMethodExceptionResolver.doResolveException(AbstractHandlerMethodExceptionResolver.java:61)
	at org.springframework.web.servlet.handler.AbstractHandlerExceptionResolver.resolveException(AbstractHandlerExceptionResolver.java:139)
	at org.springframework.web.servlet.handler.HandlerExceptionResolverComposite.resolveException(HandlerExceptionResolverComposite.java:78)
	at org.springframework.web.servlet.DispatcherServlet.processHandlerException(DispatcherServlet.java:1255)
	at org.springframework.web.servlet.DispatcherServlet.processDispatchResult(DispatcherServlet.java:1062)
	at org.springframework.web.servlet.DispatcherServlet.doDispatch(DispatcherServlet.java:1008)
	at org.springframework.web.servlet.DispatcherServlet.doService(DispatcherServlet.java:925)
	at org.springframework.web.servlet.FrameworkServlet.processRequest(FrameworkServlet.java:974)
	at org.springframework.web.servlet.FrameworkServlet.doPost(FrameworkServlet.java:877)
	at javax.servlet.http.HttpServlet.service(HttpServlet.java:661)
	at org.springframework.web.servlet.FrameworkServlet.service(FrameworkServlet.java:851)
	at javax.servlet.http.HttpServlet.service(HttpServlet.java:742)
	at org.apache.catalina.core.ApplicationFilterChain.internalDoFilter(ApplicationFilterChain.java:231)
	at org.apache.catalina.core.ApplicationFilterChain.doFilter(ApplicationFilterChain.java:166)
	at org.apache.tomcat.websocket.server.WsFilter.doFilter(WsFilter.java:52)
	at org.apache.catalina.core.ApplicationFilterChain.internalDoFilter(ApplicationFilterChain.java:193)
	at org.apache.catalina.core.ApplicationFilterChain.doFilter(ApplicationFilterChain.java:166)
	at com.mli.matrix.proposal.filter.MDCFilter.doFilter(MDCFilter.java:44)
	at org.apache.catalina.core.ApplicationFilterChain.internalDoFilter(ApplicationFilterChain.java:193)
	at org.apache.catalina.core.ApplicationFilterChain.doFilter(ApplicationFilterChain.java:166)
	at org.springframework.web.filter.RequestContextFilter.doFilterInternal(RequestContextFilter.java:99)
	at org.springframework.web.filter.OncePerRequestFilter.doFilter(OncePerRequestFilter.java:107)
	at org.apache.catalina.core.ApplicationFilterChain.internalDoFilter(ApplicationFilterChain.java:193)
	at org.apache.catalina.core.ApplicationFilterChain.doFilter(ApplicationFilterChain.java:166)
	at org.springframework.web.filter.HttpPutFormContentFilter.doFilterInternal(HttpPutFormContentFilter.java:109)
	at org.springframework.web.filter.OncePerRequestFilter.doFilter(OncePerRequestFilter.java:107)
	at org.apache.catalina.core.ApplicationFilterChain.internalDoFilter(ApplicationFilterChain.java:193)
	at org.apache.catalina.core.ApplicationFilterChain.doFilter(ApplicationFilterChain.java:166)
	at org.springframework.web.filter.HiddenHttpMethodFilter.doFilterInternal(HiddenHttpMethodFilter.java:93)
	at org.springframework.web.filter.OncePerRequestFilter.doFilter(OncePerRequestFilter.java:107)
	at org.apache.catalina.core.ApplicationFilterChain.internalDoFilter(ApplicationFilterChain.java:193)
	at org.apache.catalina.core.ApplicationFilterChain.doFilter(ApplicationFilterChain.java:166)
	at org.springframework.web.filter.CharacterEncodingFilter.doFilterInternal(CharacterEncodingFilter.java:200)
	at org.springframework.web.filter.OncePerRequestFilter.doFilter(OncePerRequestFilter.java:107)
	at org.apache.catalina.core.ApplicationFilterChain.internalDoFilter(ApplicationFilterChain.java:193)
	at org.apache.catalina.core.ApplicationFilterChain.doFilter(ApplicationFilterChain.java:166)
	at org.apache.catalina.core.StandardWrapperValve.invoke(StandardWrapperValve.java:198)
	at org.apache.catalina.core.StandardContextValve.invoke(StandardContextValve.java:96)
	at org.apache.catalina.authenticator.AuthenticatorBase.invoke(AuthenticatorBase.java:496)
	at org.apache.catalina.core.StandardHostValve.invoke(StandardHostValve.java:140)
	at org.apache.catalina.valves.ErrorReportValve.invoke(ErrorReportValve.java:81)
	at org.apache.catalina.core.StandardEngineValve.invoke(StandardEngineValve.java:87)
	at org.apache.catalina.connector.CoyoteAdapter.service(CoyoteAdapter.java:342)
	at org.apache.coyote.http11.Http11Processor.service(Http11Processor.java:803)
	at org.apache.coyote.AbstractProcessorLight.process(AbstractProcessorLight.java:66)
	at org.apache.coyote.AbstractProtocol$ConnectionHandler.process(AbstractProtocol.java:790)
	at org.apache.tomcat.util.net.NioEndpoint$SocketProcessor.doRun(NioEndpoint.java:1468)
	at org.apache.tomcat.util.net.SocketProcessorBase.run(SocketProcessorBase.java:49)
	at java.util.concurrent.ThreadPoolExecutor.runWorker(Unknown Source)
	at java.util.concurrent.ThreadPoolExecutor$Worker.run(Unknown Source)
	at org.apache.tomcat.util.threads.TaskThread$WrappingRunnable.run(TaskThread.java:61)
	at java.lang.Thread.run(Unknown Source)
2018-08-06 13:09:37 6da66679-ba97-4f6e-95f4-8e7753a1e84e [http-nio-8081-exec-5] INFO  c.m.matrix.proposal.filter.MDCFilter - Response status 200 doFilter
2018-08-06 13:09:37  [http-nio-8081-exec-5] ERROR o.a.c.c.C.[.[.[.[dispatcherServlet] - Servlet.service() for servlet [dispatcherServlet] in context with path [] threw exception [Request processing failed; nested exception is BaseException [errorMessages=null, httpstatus=null, response=null]] with root cause log
com.mli.matrix.proposal.exception.BaseException: null
	at com.mli.matrix.proposal.controller.ProposalController.saveProposalForm(ProposalController.java:54)
	at sun.reflect.NativeMethodAccessorImpl.invoke0(Native Method)
	at sun.reflect.NativeMethodAccessorImpl.invoke(Unknown Source)
	at sun.reflect.DelegatingMethodAccessorImpl.invoke(Unknown Source)
	at java.lang.reflect.Method.invoke(Unknown Source)
	at org.springframework.web.method.support.InvocableHandlerMethod.doInvoke(InvocableHandlerMethod.java:209)
	at org.springframework.web.method.support.InvocableHandlerMethod.invokeForRequest(InvocableHandlerMethod.java:136)
	at org.springframework.web.servlet.mvc.method.annotation.ServletInvocableHandlerMethod.invokeAndHandle(ServletInvocableHandlerMethod.java:102)
	at org.springframework.web.servlet.mvc.method.annotation.RequestMappingHandlerAdapter.invokeHandlerMethod(RequestMappingHandlerAdapter.java:877)
	at org.springframework.web.servlet.mvc.method.annotation.RequestMappingHandlerAdapter.handleInternal(RequestMappingHandlerAdapter.java:783)
	at org.springframework.web.servlet.mvc.method.AbstractHandlerMethodAdapter.handle(AbstractHandlerMethodAdapter.java:87)
	at org.springframework.web.servlet.DispatcherServlet.doDispatch(DispatcherServlet.java:991)
	at org.springframework.web.servlet.DispatcherServlet.doService(DispatcherServlet.java:925)
	at org.springframework.web.servlet.FrameworkServlet.processRequest(FrameworkServlet.java:974)
	at org.springframework.web.servlet.FrameworkServlet.doPost(FrameworkServlet.java:877)
	at javax.servlet.http.HttpServlet.service(HttpServlet.java:661)
	at org.springframework.web.servlet.FrameworkServlet.service(FrameworkServlet.java:851)
	at javax.servlet.http.HttpServlet.service(HttpServlet.java:742)
	at org.apache.catalina.core.ApplicationFilterChain.internalDoFilter(ApplicationFilterChain.java:231)
	at org.apache.catalina.core.ApplicationFilterChain.doFilter(ApplicationFilterChain.java:166)
	at org.apache.tomcat.websocket.server.WsFilter.doFilter(WsFilter.java:52)
	at org.apache.catalina.core.ApplicationFilterChain.internalDoFilter(ApplicationFilterChain.java:193)
	at org.apache.catalina.core.ApplicationFilterChain.doFilter(ApplicationFilterChain.java:166)
	at com.mli.matrix.proposal.filter.MDCFilter.doFilter(MDCFilter.java:44)
	at org.apache.catalina.core.ApplicationFilterChain.internalDoFilter(ApplicationFilterChain.java:193)
	at org.apache.catalina.core.ApplicationFilterChain.doFilter(ApplicationFilterChain.java:166)
	at org.springframework.web.filter.RequestContextFilter.doFilterInternal(RequestContextFilter.java:99)
	at org.springframework.web.filter.OncePerRequestFilter.doFilter(OncePerRequestFilter.java:107)
	at org.apache.catalina.core.ApplicationFilterChain.internalDoFilter(ApplicationFilterChain.java:193)
	at org.apache.catalina.core.ApplicationFilterChain.doFilter(ApplicationFilterChain.java:166)
	at org.springframework.web.filter.HttpPutFormContentFilter.doFilterInternal(HttpPutFormContentFilter.java:109)
	at org.springframework.web.filter.OncePerRequestFilter.doFilter(OncePerRequestFilter.java:107)
	at org.apache.catalina.core.ApplicationFilterChain.internalDoFilter(ApplicationFilterChain.java:193)
	at org.apache.catalina.core.ApplicationFilterChain.doFilter(ApplicationFilterChain.java:166)
	at org.springframework.web.filter.HiddenHttpMethodFilter.doFilterInternal(HiddenHttpMethodFilter.java:93)
	at org.springframework.web.filter.OncePerRequestFilter.doFilter(OncePerRequestFilter.java:107)
	at org.apache.catalina.core.ApplicationFilterChain.internalDoFilter(ApplicationFilterChain.java:193)
	at org.apache.catalina.core.ApplicationFilterChain.doFilter(ApplicationFilterChain.java:166)
	at org.springframework.web.filter.CharacterEncodingFilter.doFilterInternal(CharacterEncodingFilter.java:200)
	at org.springframework.web.filter.OncePerRequestFilter.doFilter(OncePerRequestFilter.java:107)
	at org.apache.catalina.core.ApplicationFilterChain.internalDoFilter(ApplicationFilterChain.java:193)
	at org.apache.catalina.core.ApplicationFilterChain.doFilter(ApplicationFilterChain.java:166)
	at org.apache.catalina.core.StandardWrapperValve.invoke(StandardWrapperValve.java:198)
	at org.apache.catalina.core.StandardContextValve.invoke(StandardContextValve.java:96)
	at org.apache.catalina.authenticator.AuthenticatorBase.invoke(AuthenticatorBase.java:496)
	at org.apache.catalina.core.StandardHostValve.invoke(StandardHostValve.java:140)
	at org.apache.catalina.valves.ErrorReportValve.invoke(ErrorReportValve.java:81)
	at org.apache.catalina.core.StandardEngineValve.invoke(StandardEngineValve.java:87)
	at org.apache.catalina.connector.CoyoteAdapter.service(CoyoteAdapter.java:342)
	at org.apache.coyote.http11.Http11Processor.service(Http11Processor.java:803)
	at org.apache.coyote.AbstractProcessorLight.process(AbstractProcessorLight.java:66)
	at org.apache.coyote.AbstractProtocol$ConnectionHandler.process(AbstractProtocol.java:790)
	at org.apache.tomcat.util.net.NioEndpoint$SocketProcessor.doRun(NioEndpoint.java:1468)
	at org.apache.tomcat.util.net.SocketProcessorBase.run(SocketProcessorBase.java:49)
	at java.util.concurrent.ThreadPoolExecutor.runWorker(Unknown Source)
	at java.util.concurrent.ThreadPoolExecutor$Worker.run(Unknown Source)
	at org.apache.tomcat.util.threads.TaskThread$WrappingRunnable.run(TaskThread.java:61)
	at java.lang.Thread.run(Unknown Source)
2018-08-06 13:19:54  [RMI TCP Connection(2)-127.0.0.1] INFO  o.s.b.a.SpringApplicationAdminMXBeanRegistrar$SpringApplicationAdmin - Application shutdown requested. shutdown
2018-08-06 13:19:54  [RMI TCP Connection(2)-127.0.0.1] INFO  o.s.b.w.s.c.AnnotationConfigServletWebServerApplicationContext - Closing org.springframework.boot.web.servlet.context.AnnotationConfigServletWebServerApplicationContext@6a28ffa4: startup date [Mon Aug 06 13:07:25 IST 2018]; root of context hierarchy doClose
2018-08-06 13:19:54  [RMI TCP Connection(2)-127.0.0.1] INFO  o.s.j.e.a.AnnotationMBeanExporter - Unregistering JMX-exposed beans on shutdown destroy
2018-08-06 13:19:54  [RMI TCP Connection(2)-127.0.0.1] INFO  org.mongodb.driver.connection - Closed connection [connectionId{localValue:2, serverValue:96}] to 127.0.0.1:27017 because the pool has been closed. info
2018-08-06 13:25:04  [main] INFO  c.m.m.proposal.ProposalApplication - Starting ProposalApplication on MONO-HYD-LAP-5 with PID 16364 (C:\Users\ravishankar\workspace-sts\Proposal-MS\target\classes started by ravishankar in C:\Users\ravishankar\workspace-sts\Proposal-MS) logStarting
2018-08-06 13:25:04  [main] INFO  c.m.m.proposal.ProposalApplication - The following profiles are active: dev logStartupProfileInfo
2018-08-06 13:25:04  [main] INFO  c.m.m.proposal.ProposalApplication - Starting ProposalApplication on MONO-HYD-LAP-5 with PID 3540 (C:\Users\ravishankar\workspace-sts\Proposal-MS\target\classes started by ravishankar in C:\Users\ravishankar\workspace-sts\Proposal-MS) logStarting
2018-08-06 13:25:04  [main] INFO  c.m.m.proposal.ProposalApplication - The following profiles are active: dev logStartupProfileInfo
2018-08-06 13:25:04  [main] INFO  o.s.b.w.s.c.AnnotationConfigServletWebServerApplicationContext - Refreshing org.springframework.boot.web.servlet.context.AnnotationConfigServletWebServerApplicationContext@6e4784bc: startup date [Mon Aug 06 13:25:04 IST 2018]; root of context hierarchy prepareRefresh
2018-08-06 13:25:04  [main] INFO  o.s.b.w.s.c.AnnotationConfigServletWebServerApplicationContext - Refreshing org.springframework.boot.web.servlet.context.AnnotationConfigServletWebServerApplicationContext@13e39c73: startup date [Mon Aug 06 13:25:04 IST 2018]; root of context hierarchy prepareRefresh
2018-08-06 13:25:06  [main] INFO  o.s.b.w.e.tomcat.TomcatWebServer - Tomcat initialized with port(s): 8081 (http) initialize
2018-08-06 13:25:06  [main] INFO  o.a.coyote.http11.Http11NioProtocol - Initializing ProtocolHandler ["http-nio-8081"] log
2018-08-06 13:25:06  [main] INFO  o.s.b.w.e.tomcat.TomcatWebServer - Tomcat initialized with port(s): 8081 (http) initialize
2018-08-06 13:25:06  [main] INFO  o.a.catalina.core.StandardService - Starting service [Tomcat] log
2018-08-06 13:25:06  [main] INFO  o.a.catalina.core.StandardEngine - Starting Servlet Engine: Apache Tomcat/8.5.31 log
2018-08-06 13:25:06  [localhost-startStop-1] INFO  o.a.c.core.AprLifecycleListener - The APR based Apache Tomcat Native library which allows optimal performance in production environments was not found on the java.library.path: [C:\Program Files\Java\jre1.8.0_161\bin;C:\WINDOWS\Sun\Java\bin;C:\WINDOWS\system32;C:\WINDOWS;C:\Program Files\Docker\Docker\Resources\bin;C:\ProgramData\Oracle\Java\javapath;C:\Program Files (x86)\Intel\iCLS Client\;C:\Program Files\Intel\iCLS Client\;C:\WINDOWS\system32;C:\WINDOWS;C:\WINDOWS\System32\Wbem;C:\WINDOWS\System32\WindowsPowerShell\v1.0\;C:\Program Files (x86)\Intel\Intel(R) Management Engine Components\DAL;C:\Program Files\Intel\Intel(R) Management Engine Components\DAL;C:\Program Files (x86)\Intel\Intel(R) Management Engine Components\IPT;C:\Program Files\Intel\Intel(R) Management Engine Components\IPT;C:\Program Files\Git\cmd;C:\Program Files\Java\jdk1.8.0_161\bin;C:\Program Files\youtubedl;C:\Program Files\PuTTY\;C:\mongodb\bin;C:\Program Files\MySQL\MySQL Utilities 1.6\;C:\Program Files\dotnet\;C:\Program Files\Microsoft SQL Server\130\Tools\Binn\;C:\Go\bin;C:\WINDOWS\System32\OpenSSH\;C:\apache-maven-3.5.3\bin;C:\Program Files\Amazon\AWSCLI\;C:\Program Files\Amazon\AWSCLI\bin\;C:\Program Files\nodejs\;C:\gradle-4.8.1\bin;;C:\Program Files\Microsoft VS Code\bin;C:\Users\ravishankar\AppData\Local\Programs\Python\Python36\Scripts\;C:\Users\ravishankar\AppData\Local\Programs\Python\Python36\;C:\Users\ravishankar\AppData\Local\Microsoft\WindowsApps;;C:\Program Files\Microsoft VS Code\bin;C:\Users\ravishankar\AppData\Roaming\npm;.] log
2018-08-06 13:25:06  [main] INFO  o.a.coyote.http11.Http11NioProtocol - Initializing ProtocolHandler ["http-nio-8081"] log
2018-08-06 13:25:06  [main] INFO  o.a.catalina.core.StandardService - Starting service [Tomcat] log
2018-08-06 13:25:06  [main] INFO  o.a.catalina.core.StandardEngine - Starting Servlet Engine: Apache Tomcat/8.5.31 log
2018-08-06 13:25:06  [localhost-startStop-1] INFO  o.a.c.core.AprLifecycleListener - The APR based Apache Tomcat Native library which allows optimal performance in production environments was not found on the java.library.path: [C:\Program Files\Java\jre1.8.0_161\bin;C:\WINDOWS\Sun\Java\bin;C:\WINDOWS\system32;C:\WINDOWS;C:\Program Files\Docker\Docker\Resources\bin;C:\ProgramData\Oracle\Java\javapath;C:\Program Files (x86)\Intel\iCLS Client\;C:\Program Files\Intel\iCLS Client\;C:\WINDOWS\system32;C:\WINDOWS;C:\WINDOWS\System32\Wbem;C:\WINDOWS\System32\WindowsPowerShell\v1.0\;C:\Program Files (x86)\Intel\Intel(R) Management Engine Components\DAL;C:\Program Files\Intel\Intel(R) Management Engine Components\DAL;C:\Program Files (x86)\Intel\Intel(R) Management Engine Components\IPT;C:\Program Files\Intel\Intel(R) Management Engine Components\IPT;C:\Program Files\Git\cmd;C:\Program Files\Java\jdk1.8.0_161\bin;C:\Program Files\youtubedl;C:\Program Files\PuTTY\;C:\mongodb\bin;C:\Program Files\MySQL\MySQL Utilities 1.6\;C:\Program Files\dotnet\;C:\Program Files\Microsoft SQL Server\130\Tools\Binn\;C:\Go\bin;C:\WINDOWS\System32\OpenSSH\;C:\apache-maven-3.5.3\bin;C:\Program Files\Amazon\AWSCLI\;C:\Program Files\Amazon\AWSCLI\bin\;C:\Program Files\nodejs\;C:\gradle-4.8.1\bin;;C:\Program Files\Microsoft VS Code\bin;C:\Users\ravishankar\AppData\Local\Programs\Python\Python36\Scripts\;C:\Users\ravishankar\AppData\Local\Programs\Python\Python36\;C:\Users\ravishankar\AppData\Local\Microsoft\WindowsApps;;C:\Program Files\Microsoft VS Code\bin;C:\Users\ravishankar\AppData\Roaming\npm;.] log
2018-08-06 13:25:06  [localhost-startStop-1] INFO  o.a.c.c.C.[Tomcat].[localhost].[/] - Initializing Spring embedded WebApplicationContext log
2018-08-06 13:25:06  [localhost-startStop-1] INFO  o.s.web.context.ContextLoader - Root WebApplicationContext: initialization completed in 1665 ms prepareWebApplicationContext
2018-08-06 13:25:06  [localhost-startStop-1] INFO  o.a.c.c.C.[Tomcat].[localhost].[/] - Initializing Spring embedded WebApplicationContext log
2018-08-06 13:25:06  [localhost-startStop-1] INFO  o.s.web.context.ContextLoader - Root WebApplicationContext: initialization completed in 1658 ms prepareWebApplicationContext
2018-08-06 13:25:06  [localhost-startStop-1] INFO  o.s.b.w.s.ServletRegistrationBean - Servlet dispatcherServlet mapped to [/] addRegistration
2018-08-06 13:25:06  [localhost-startStop-1] INFO  o.s.b.w.s.ServletRegistrationBean - Servlet dispatcherServlet mapped to [/] addRegistration
2018-08-06 13:25:06  [localhost-startStop-1] INFO  o.s.b.w.s.FilterRegistrationBean - Mapping filter: 'characterEncodingFilter' to: [/*] configure
2018-08-06 13:25:06  [localhost-startStop-1] INFO  o.s.b.w.s.FilterRegistrationBean - Mapping filter: 'hiddenHttpMethodFilter' to: [/*] configure
2018-08-06 13:25:06  [localhost-startStop-1] INFO  o.s.b.w.s.FilterRegistrationBean - Mapping filter: 'httpPutFormContentFilter' to: [/*] configure
2018-08-06 13:25:06  [localhost-startStop-1] INFO  o.s.b.w.s.FilterRegistrationBean - Mapping filter: 'requestContextFilter' to: [/*] configure
2018-08-06 13:25:06  [localhost-startStop-1] INFO  o.s.b.w.s.FilterRegistrationBean - Mapping filter: 'MDCFilter' to: [/*] configure
2018-08-06 13:25:06  [localhost-startStop-1] INFO  o.s.b.w.s.FilterRegistrationBean - Mapping filter: 'characterEncodingFilter' to: [/*] configure
2018-08-06 13:25:06  [localhost-startStop-1] INFO  o.s.b.w.s.FilterRegistrationBean - Mapping filter: 'hiddenHttpMethodFilter' to: [/*] configure
2018-08-06 13:25:06  [localhost-startStop-1] INFO  o.s.b.w.s.FilterRegistrationBean - Mapping filter: 'httpPutFormContentFilter' to: [/*] configure
2018-08-06 13:25:06  [localhost-startStop-1] INFO  o.s.b.w.s.FilterRegistrationBean - Mapping filter: 'requestContextFilter' to: [/*] configure
2018-08-06 13:25:06  [localhost-startStop-1] INFO  o.s.b.w.s.FilterRegistrationBean - Mapping filter: 'MDCFilter' to: [/*] configure
2018-08-06 13:25:07  [main] INFO  org.mongodb.driver.cluster - Cluster created with settings {hosts=[127.0.0.1:27017], mode=MULTIPLE, requiredClusterType=UNKNOWN, serverSelectionTimeout='30000 ms', maxWaitQueueSize=500} info
2018-08-06 13:25:07  [main] INFO  org.mongodb.driver.cluster - Adding discovered server 127.0.0.1:27017 to client view of cluster info
2018-08-06 13:25:07  [main] INFO  org.mongodb.driver.cluster - Cluster created with settings {hosts=[127.0.0.1:27017], mode=MULTIPLE, requiredClusterType=UNKNOWN, serverSelectionTimeout='30000 ms', maxWaitQueueSize=500} info
2018-08-06 13:25:07  [main] INFO  org.mongodb.driver.cluster - Adding discovered server 127.0.0.1:27017 to client view of cluster info
2018-08-06 13:25:07  [cluster-ClusterId{value='5b67fedb7581383fec9d884f', description='null'}-127.0.0.1:27017] INFO  org.mongodb.driver.connection - Opened connection [connectionId{localValue:1, serverValue:98}] to 127.0.0.1:27017 info
2018-08-06 13:25:07  [cluster-ClusterId{value='5b67fedb7581380dd45c05b4', description='null'}-127.0.0.1:27017] INFO  org.mongodb.driver.connection - Opened connection [connectionId{localValue:1, serverValue:97}] to 127.0.0.1:27017 info
2018-08-06 13:25:07  [cluster-ClusterId{value='5b67fedb7581380dd45c05b4', description='null'}-127.0.0.1:27017] INFO  org.mongodb.driver.cluster - Monitor thread successfully connected to server with description ServerDescription{address=127.0.0.1:27017, type=STANDALONE, state=CONNECTED, ok=true, version=ServerVersion{versionList=[3, 6, 0]}, minWireVersion=0, maxWireVersion=6, maxDocumentSize=16777216, logicalSessionTimeoutMinutes=30, roundTripTimeNanos=2928500} info
2018-08-06 13:25:07  [cluster-ClusterId{value='5b67fedb7581383fec9d884f', description='null'}-127.0.0.1:27017] INFO  org.mongodb.driver.cluster - Monitor thread successfully connected to server with description ServerDescription{address=127.0.0.1:27017, type=STANDALONE, state=CONNECTED, ok=true, version=ServerVersion{versionList=[3, 6, 0]}, minWireVersion=0, maxWireVersion=6, maxDocumentSize=16777216, logicalSessionTimeoutMinutes=30, roundTripTimeNanos=2796000} info
2018-08-06 13:25:07  [cluster-ClusterId{value='5b67fedb7581380dd45c05b4', description='null'}-127.0.0.1:27017] INFO  org.mongodb.driver.cluster - Discovered cluster type of STANDALONE info
2018-08-06 13:25:07  [cluster-ClusterId{value='5b67fedb7581383fec9d884f', description='null'}-127.0.0.1:27017] INFO  org.mongodb.driver.cluster - Discovered cluster type of STANDALONE info
2018-08-06 13:25:08  [main] INFO  o.s.w.s.h.SimpleUrlHandlerMapping - Mapped URL path [/**/favicon.ico] onto handler of type [class org.springframework.web.servlet.resource.ResourceHttpRequestHandler] registerHandler
2018-08-06 13:25:08  [main] INFO  o.s.w.s.h.SimpleUrlHandlerMapping - Mapped URL path [/**/favicon.ico] onto handler of type [class org.springframework.web.servlet.resource.ResourceHttpRequestHandler] registerHandler
2018-08-06 13:25:08  [main] INFO  o.s.w.s.m.m.a.RequestMappingHandlerAdapter - Looking for @ControllerAdvice: org.springframework.boot.web.servlet.context.AnnotationConfigServletWebServerApplicationContext@6e4784bc: startup date [Mon Aug 06 13:25:04 IST 2018]; root of context hierarchy initControllerAdviceCache
2018-08-06 13:25:08  [main] INFO  o.s.w.s.m.m.a.RequestMappingHandlerAdapter - Looking for @ControllerAdvice: org.springframework.boot.web.servlet.context.AnnotationConfigServletWebServerApplicationContext@13e39c73: startup date [Mon Aug 06 13:25:04 IST 2018]; root of context hierarchy initControllerAdviceCache
2018-08-06 13:25:08  [main] INFO  o.s.w.s.m.m.a.RequestMappingHandlerMapping - Mapped "{[/fulfillment/api/proposalservices/saveproposaldata],methods=[POST]}" onto public com.mli.matrix.proposal.models.OutputResponse com.mli.matrix.proposal.controller.ProposalController.saveProposalForm(com.mli.matrix.proposal.models.InputRequest) throws com.mli.matrix.proposal.exception.BaseException register
2018-08-06 13:25:08  [main] INFO  o.s.w.s.m.m.a.RequestMappingHandlerMapping - Mapped "{[/error]}" onto public org.springframework.http.ResponseEntity<java.util.Map<java.lang.String, java.lang.Object>> org.springframework.boot.autoconfigure.web.servlet.error.BasicErrorController.error(javax.servlet.http.HttpServletRequest) register
2018-08-06 13:25:08  [main] INFO  o.s.w.s.m.m.a.RequestMappingHandlerMapping - Mapped "{[/error],produces=[text/html]}" onto public org.springframework.web.servlet.ModelAndView org.springframework.boot.autoconfigure.web.servlet.error.BasicErrorController.errorHtml(javax.servlet.http.HttpServletRequest,javax.servlet.http.HttpServletResponse) register
2018-08-06 13:25:08  [main] INFO  o.s.w.s.h.SimpleUrlHandlerMapping - Mapped URL path [/webjars/**] onto handler of type [class org.springframework.web.servlet.resource.ResourceHttpRequestHandler] registerHandler
2018-08-06 13:25:08  [main] INFO  o.s.w.s.h.SimpleUrlHandlerMapping - Mapped URL path [/**] onto handler of type [class org.springframework.web.servlet.resource.ResourceHttpRequestHandler] registerHandler
2018-08-06 13:25:08  [main] INFO  o.s.w.s.m.m.a.ExceptionHandlerExceptionResolver - Detected @ExceptionHandler methods in centralizedExceptionHandler initExceptionHandlerAdviceCache
2018-08-06 13:25:08  [main] INFO  o.s.w.s.m.m.a.RequestMappingHandlerMapping - Mapped "{[/fulfillment/api/proposalservices/saveproposaldata],methods=[POST]}" onto public com.mli.matrix.proposal.models.OutputResponse com.mli.matrix.proposal.controller.ProposalController.saveProposalForm(com.mli.matrix.proposal.models.InputRequest) throws com.mli.matrix.proposal.exception.BaseException register
2018-08-06 13:25:08  [main] INFO  o.s.w.s.m.m.a.RequestMappingHandlerMapping - Mapped "{[/error]}" onto public org.springframework.http.ResponseEntity<java.util.Map<java.lang.String, java.lang.Object>> org.springframework.boot.autoconfigure.web.servlet.error.BasicErrorController.error(javax.servlet.http.HttpServletRequest) register
2018-08-06 13:25:08  [main] INFO  o.s.w.s.m.m.a.RequestMappingHandlerMapping - Mapped "{[/error],produces=[text/html]}" onto public org.springframework.web.servlet.ModelAndView org.springframework.boot.autoconfigure.web.servlet.error.BasicErrorController.errorHtml(javax.servlet.http.HttpServletRequest,javax.servlet.http.HttpServletResponse) register
2018-08-06 13:25:08  [main] INFO  o.s.w.s.h.SimpleUrlHandlerMapping - Mapped URL path [/webjars/**] onto handler of type [class org.springframework.web.servlet.resource.ResourceHttpRequestHandler] registerHandler
2018-08-06 13:25:08  [main] INFO  o.s.w.s.h.SimpleUrlHandlerMapping - Mapped URL path [/**] onto handler of type [class org.springframework.web.servlet.resource.ResourceHttpRequestHandler] registerHandler
2018-08-06 13:25:08  [main] INFO  o.s.w.s.m.m.a.ExceptionHandlerExceptionResolver - Detected @ExceptionHandler methods in centralizedExceptionHandler initExceptionHandlerAdviceCache
2018-08-06 13:25:08  [main] INFO  o.s.j.e.a.AnnotationMBeanExporter - Registering beans for JMX exposure on startup afterSingletonsInstantiated
2018-08-06 13:25:08  [main] INFO  o.a.coyote.http11.Http11NioProtocol - Starting ProtocolHandler ["http-nio-8081"] log
2018-08-06 13:25:08  [main] INFO  o.a.tomcat.util.net.NioSelectorPool - Using a shared selector for servlet write/read log
2018-08-06 13:25:08  [main] INFO  o.s.b.w.e.tomcat.TomcatWebServer - Tomcat started on port(s): 8081 (http) with context path '' start
2018-08-06 13:25:08  [main] INFO  c.m.m.proposal.ProposalApplication - Started ProposalApplication in 4.629 seconds (JVM running for 6.097) logStarted
2018-08-06 13:25:08  [main] INFO  o.s.j.e.a.AnnotationMBeanExporter - Registering beans for JMX exposure on startup afterSingletonsInstantiated
2018-08-06 13:25:08  [main] INFO  o.a.coyote.http11.Http11NioProtocol - Starting ProtocolHandler ["http-nio-8081"] log
2018-08-06 13:25:08  [main] ERROR o.a.catalina.core.StandardService - Failed to start connector [Connector[HTTP/1.1-8081]] log
org.apache.catalina.LifecycleException: Failed to start component [Connector[HTTP/1.1-8081]]
	at org.apache.catalina.util.LifecycleBase.start(LifecycleBase.java:167)
	at org.apache.catalina.core.StandardService.addConnector(StandardService.java:225)
	at org.springframework.boot.web.embedded.tomcat.TomcatWebServer.addPreviouslyRemovedConnectors(TomcatWebServer.java:256)
	at org.springframework.boot.web.embedded.tomcat.TomcatWebServer.start(TomcatWebServer.java:198)
	at org.springframework.boot.web.servlet.context.ServletWebServerApplicationContext.startWebServer(ServletWebServerApplicationContext.java:300)
	at org.springframework.boot.web.servlet.context.ServletWebServerApplicationContext.finishRefresh(ServletWebServerApplicationContext.java:162)
	at org.springframework.context.support.AbstractApplicationContext.refresh(AbstractApplicationContext.java:553)
	at org.springframework.boot.web.servlet.context.ServletWebServerApplicationContext.refresh(ServletWebServerApplicationContext.java:140)
	at org.springframework.boot.SpringApplication.refresh(SpringApplication.java:759)
	at org.springframework.boot.SpringApplication.refreshContext(SpringApplication.java:395)
	at org.springframework.boot.SpringApplication.run(SpringApplication.java:327)
	at org.springframework.boot.SpringApplication.run(SpringApplication.java:1255)
	at org.springframework.boot.SpringApplication.run(SpringApplication.java:1243)
	at com.mli.matrix.proposal.ProposalApplication.main(ProposalApplication.java:10)
Caused by: org.apache.catalina.LifecycleException: Protocol handler start failed
	at org.apache.catalina.connector.Connector.startInternal(Connector.java:1020)
	at org.apache.catalina.util.LifecycleBase.start(LifecycleBase.java:150)
	... 13 common frames omitted
Caused by: java.net.BindException: Address already in use: bind
	at sun.nio.ch.Net.bind0(Native Method)
	at sun.nio.ch.Net.bind(Unknown Source)
	at sun.nio.ch.Net.bind(Unknown Source)
	at sun.nio.ch.ServerSocketChannelImpl.bind(Unknown Source)
	at sun.nio.ch.ServerSocketAdaptor.bind(Unknown Source)
	at org.apache.tomcat.util.net.NioEndpoint.bind(NioEndpoint.java:210)
	at org.apache.tomcat.util.net.AbstractEndpoint.start(AbstractEndpoint.java:1150)
	at org.apache.coyote.AbstractProtocol.start(AbstractProtocol.java:591)
	at org.apache.catalina.connector.Connector.startInternal(Connector.java:1018)
	... 14 common frames omitted
2018-08-06 13:25:08  [main] INFO  o.a.coyote.http11.Http11NioProtocol - Pausing ProtocolHandler ["http-nio-8081"] log
2018-08-06 13:25:08  [main] INFO  o.a.catalina.core.StandardService - Stopping service [Tomcat] log
2018-08-06 13:25:08  [main] INFO  o.apache.catalina.util.LifecycleBase - The stop() method was called on component [StandardServer[-1]] after stop() had already been called. The second call will be ignored. log
2018-08-06 13:25:08  [main] INFO  o.a.coyote.http11.Http11NioProtocol - Stopping ProtocolHandler ["http-nio-8081"] log
2018-08-06 13:25:08  [main] INFO  o.a.coyote.http11.Http11NioProtocol - Destroying ProtocolHandler ["http-nio-8081"] log
2018-08-06 13:25:08  [main] INFO  o.s.b.a.l.ConditionEvaluationReportLoggingListener - 

Error starting ApplicationContext. To display the conditions report re-run your application with 'debug' enabled. logAutoConfigurationReport
2018-08-06 13:25:08  [main] ERROR o.s.b.d.LoggingFailureAnalysisReporter - 

***************************
APPLICATION FAILED TO START
***************************

Description:

The Tomcat connector configured to listen on port 8081 failed to start. The port may already be in use or the connector may be misconfigured.

Action:

Verify the connector's configuration, identify and stop any process that's listening on port 8081, or configure this application to listen on another port.
 report
2018-08-06 13:25:08  [main] INFO  o.s.b.w.s.c.AnnotationConfigServletWebServerApplicationContext - Closing org.springframework.boot.web.servlet.context.AnnotationConfigServletWebServerApplicationContext@13e39c73: startup date [Mon Aug 06 13:25:04 IST 2018]; root of context hierarchy doClose
2018-08-06 13:25:08  [main] INFO  o.s.j.e.a.AnnotationMBeanExporter - Unregistering JMX-exposed beans on shutdown destroy
2018-08-06 13:25:25  [main] INFO  c.m.m.proposal.ProposalApplication - Starting ProposalApplication on MONO-HYD-LAP-5 with PID 15768 (C:\Users\ravishankar\workspace-sts\Proposal-MS\target\classes started by ravishankar in C:\Users\ravishankar\workspace-sts\Proposal-MS) logStarting
2018-08-06 13:25:25  [main] INFO  c.m.m.proposal.ProposalApplication - The following profiles are active: dev logStartupProfileInfo
2018-08-06 13:25:25  [main] INFO  o.s.b.w.s.c.AnnotationConfigServletWebServerApplicationContext - Refreshing org.springframework.boot.web.servlet.context.AnnotationConfigServletWebServerApplicationContext@76508ed1: startup date [Mon Aug 06 13:25:25 IST 2018]; root of context hierarchy prepareRefresh
2018-08-06 13:25:26  [main] INFO  o.s.b.w.e.tomcat.TomcatWebServer - Tomcat initialized with port(s): 8081 (http) initialize
2018-08-06 13:25:26  [main] INFO  o.a.coyote.http11.Http11NioProtocol - Initializing ProtocolHandler ["http-nio-8081"] log
2018-08-06 13:25:26  [main] INFO  o.a.catalina.core.StandardService - Starting service [Tomcat] log
2018-08-06 13:25:26  [main] INFO  o.a.catalina.core.StandardEngine - Starting Servlet Engine: Apache Tomcat/8.5.31 log
2018-08-06 13:25:26  [localhost-startStop-1] INFO  o.a.c.core.AprLifecycleListener - The APR based Apache Tomcat Native library which allows optimal performance in production environments was not found on the java.library.path: [C:\Program Files\Java\jre1.8.0_161\bin;C:\WINDOWS\Sun\Java\bin;C:\WINDOWS\system32;C:\WINDOWS;C:\Program Files\Docker\Docker\Resources\bin;C:\ProgramData\Oracle\Java\javapath;C:\Program Files (x86)\Intel\iCLS Client\;C:\Program Files\Intel\iCLS Client\;C:\WINDOWS\system32;C:\WINDOWS;C:\WINDOWS\System32\Wbem;C:\WINDOWS\System32\WindowsPowerShell\v1.0\;C:\Program Files (x86)\Intel\Intel(R) Management Engine Components\DAL;C:\Program Files\Intel\Intel(R) Management Engine Components\DAL;C:\Program Files (x86)\Intel\Intel(R) Management Engine Components\IPT;C:\Program Files\Intel\Intel(R) Management Engine Components\IPT;C:\Program Files\Git\cmd;C:\Program Files\Java\jdk1.8.0_161\bin;C:\Program Files\youtubedl;C:\Program Files\PuTTY\;C:\mongodb\bin;C:\Program Files\MySQL\MySQL Utilities 1.6\;C:\Program Files\dotnet\;C:\Program Files\Microsoft SQL Server\130\Tools\Binn\;C:\Go\bin;C:\WINDOWS\System32\OpenSSH\;C:\apache-maven-3.5.3\bin;C:\Program Files\Amazon\AWSCLI\;C:\Program Files\Amazon\AWSCLI\bin\;C:\Program Files\nodejs\;C:\gradle-4.8.1\bin;;C:\Program Files\Microsoft VS Code\bin;C:\Users\ravishankar\AppData\Local\Programs\Python\Python36\Scripts\;C:\Users\ravishankar\AppData\Local\Programs\Python\Python36\;C:\Users\ravishankar\AppData\Local\Microsoft\WindowsApps;;C:\Program Files\Microsoft VS Code\bin;C:\Users\ravishankar\AppData\Roaming\npm;.] log
2018-08-06 13:25:26  [localhost-startStop-1] INFO  o.a.c.c.C.[Tomcat].[localhost].[/] - Initializing Spring embedded WebApplicationContext log
2018-08-06 13:25:26  [localhost-startStop-1] INFO  o.s.web.context.ContextLoader - Root WebApplicationContext: initialization completed in 957 ms prepareWebApplicationContext
2018-08-06 13:25:26  [localhost-startStop-1] INFO  o.s.b.w.s.ServletRegistrationBean - Servlet dispatcherServlet mapped to [/] addRegistration
2018-08-06 13:25:26  [localhost-startStop-1] INFO  o.s.b.w.s.FilterRegistrationBean - Mapping filter: 'characterEncodingFilter' to: [/*] configure
2018-08-06 13:25:26  [localhost-startStop-1] INFO  o.s.b.w.s.FilterRegistrationBean - Mapping filter: 'hiddenHttpMethodFilter' to: [/*] configure
2018-08-06 13:25:26  [localhost-startStop-1] INFO  o.s.b.w.s.FilterRegistrationBean - Mapping filter: 'httpPutFormContentFilter' to: [/*] configure
2018-08-06 13:25:26  [localhost-startStop-1] INFO  o.s.b.w.s.FilterRegistrationBean - Mapping filter: 'requestContextFilter' to: [/*] configure
2018-08-06 13:25:26  [localhost-startStop-1] INFO  o.s.b.w.s.FilterRegistrationBean - Mapping filter: 'MDCFilter' to: [/*] configure
2018-08-06 13:25:27  [main] INFO  org.mongodb.driver.cluster - Cluster created with settings {hosts=[127.0.0.1:27017], mode=MULTIPLE, requiredClusterType=UNKNOWN, serverSelectionTimeout='30000 ms', maxWaitQueueSize=500} info
2018-08-06 13:25:27  [main] INFO  org.mongodb.driver.cluster - Adding discovered server 127.0.0.1:27017 to client view of cluster info
2018-08-06 13:25:27  [cluster-ClusterId{value='5b67feef7581383d985778be', description='null'}-127.0.0.1:27017] INFO  org.mongodb.driver.connection - Opened connection [connectionId{localValue:1, serverValue:99}] to 127.0.0.1:27017 info
2018-08-06 13:25:27  [cluster-ClusterId{value='5b67feef7581383d985778be', description='null'}-127.0.0.1:27017] INFO  org.mongodb.driver.cluster - Monitor thread successfully connected to server with description ServerDescription{address=127.0.0.1:27017, type=STANDALONE, state=CONNECTED, ok=true, version=ServerVersion{versionList=[3, 6, 0]}, minWireVersion=0, maxWireVersion=6, maxDocumentSize=16777216, logicalSessionTimeoutMinutes=30, roundTripTimeNanos=2500100} info
2018-08-06 13:25:27  [cluster-ClusterId{value='5b67feef7581383d985778be', description='null'}-127.0.0.1:27017] INFO  org.mongodb.driver.cluster - Discovered cluster type of STANDALONE info
2018-08-06 13:25:27  [main] INFO  o.s.w.s.h.SimpleUrlHandlerMapping - Mapped URL path [/**/favicon.ico] onto handler of type [class org.springframework.web.servlet.resource.ResourceHttpRequestHandler] registerHandler
2018-08-06 13:25:27  [main] INFO  o.s.w.s.m.m.a.RequestMappingHandlerAdapter - Looking for @ControllerAdvice: org.springframework.boot.web.servlet.context.AnnotationConfigServletWebServerApplicationContext@76508ed1: startup date [Mon Aug 06 13:25:25 IST 2018]; root of context hierarchy initControllerAdviceCache
2018-08-06 13:25:27  [main] INFO  o.s.w.s.m.m.a.RequestMappingHandlerMapping - Mapped "{[/fulfillment/api/proposalservices/saveproposaldata],methods=[POST]}" onto public com.mli.matrix.proposal.models.OutputResponse com.mli.matrix.proposal.controller.ProposalController.saveProposalForm(com.mli.matrix.proposal.models.InputRequest) throws com.mli.matrix.proposal.exception.BaseException register
2018-08-06 13:25:27  [main] INFO  o.s.w.s.m.m.a.RequestMappingHandlerMapping - Mapped "{[/error]}" onto public org.springframework.http.ResponseEntity<java.util.Map<java.lang.String, java.lang.Object>> org.springframework.boot.autoconfigure.web.servlet.error.BasicErrorController.error(javax.servlet.http.HttpServletRequest) register
2018-08-06 13:25:27  [main] INFO  o.s.w.s.m.m.a.RequestMappingHandlerMapping - Mapped "{[/error],produces=[text/html]}" onto public org.springframework.web.servlet.ModelAndView org.springframework.boot.autoconfigure.web.servlet.error.BasicErrorController.errorHtml(javax.servlet.http.HttpServletRequest,javax.servlet.http.HttpServletResponse) register
2018-08-06 13:25:27  [main] INFO  o.s.w.s.h.SimpleUrlHandlerMapping - Mapped URL path [/webjars/**] onto handler of type [class org.springframework.web.servlet.resource.ResourceHttpRequestHandler] registerHandler
2018-08-06 13:25:27  [main] INFO  o.s.w.s.h.SimpleUrlHandlerMapping - Mapped URL path [/**] onto handler of type [class org.springframework.web.servlet.resource.ResourceHttpRequestHandler] registerHandler
2018-08-06 13:25:27  [main] INFO  o.s.w.s.m.m.a.ExceptionHandlerExceptionResolver - Detected @ExceptionHandler methods in centralizedExceptionHandler initExceptionHandlerAdviceCache
2018-08-06 13:25:27  [main] INFO  o.s.j.e.a.AnnotationMBeanExporter - Registering beans for JMX exposure on startup afterSingletonsInstantiated
2018-08-06 13:25:28  [main] INFO  o.a.coyote.http11.Http11NioProtocol - Starting ProtocolHandler ["http-nio-8081"] log
2018-08-06 13:25:28  [main] ERROR o.a.catalina.core.StandardService - Failed to start connector [Connector[HTTP/1.1-8081]] log
org.apache.catalina.LifecycleException: Failed to start component [Connector[HTTP/1.1-8081]]
	at org.apache.catalina.util.LifecycleBase.start(LifecycleBase.java:167)
	at org.apache.catalina.core.StandardService.addConnector(StandardService.java:225)
	at org.springframework.boot.web.embedded.tomcat.TomcatWebServer.addPreviouslyRemovedConnectors(TomcatWebServer.java:256)
	at org.springframework.boot.web.embedded.tomcat.TomcatWebServer.start(TomcatWebServer.java:198)
	at org.springframework.boot.web.servlet.context.ServletWebServerApplicationContext.startWebServer(ServletWebServerApplicationContext.java:300)
	at org.springframework.boot.web.servlet.context.ServletWebServerApplicationContext.finishRefresh(ServletWebServerApplicationContext.java:162)
	at org.springframework.context.support.AbstractApplicationContext.refresh(AbstractApplicationContext.java:553)
	at org.springframework.boot.web.servlet.context.ServletWebServerApplicationContext.refresh(ServletWebServerApplicationContext.java:140)
	at org.springframework.boot.SpringApplication.refresh(SpringApplication.java:759)
	at org.springframework.boot.SpringApplication.refreshContext(SpringApplication.java:395)
	at org.springframework.boot.SpringApplication.run(SpringApplication.java:327)
	at org.springframework.boot.SpringApplication.run(SpringApplication.java:1255)
	at org.springframework.boot.SpringApplication.run(SpringApplication.java:1243)
	at com.mli.matrix.proposal.ProposalApplication.main(ProposalApplication.java:10)
Caused by: org.apache.catalina.LifecycleException: Protocol handler start failed
	at org.apache.catalina.connector.Connector.startInternal(Connector.java:1020)
	at org.apache.catalina.util.LifecycleBase.start(LifecycleBase.java:150)
	... 13 common frames omitted
Caused by: java.net.BindException: Address already in use: bind
	at sun.nio.ch.Net.bind0(Native Method)
	at sun.nio.ch.Net.bind(Unknown Source)
	at sun.nio.ch.Net.bind(Unknown Source)
	at sun.nio.ch.ServerSocketChannelImpl.bind(Unknown Source)
	at sun.nio.ch.ServerSocketAdaptor.bind(Unknown Source)
	at org.apache.tomcat.util.net.NioEndpoint.bind(NioEndpoint.java:210)
	at org.apache.tomcat.util.net.AbstractEndpoint.start(AbstractEndpoint.java:1150)
	at org.apache.coyote.AbstractProtocol.start(AbstractProtocol.java:591)
	at org.apache.catalina.connector.Connector.startInternal(Connector.java:1018)
	... 14 common frames omitted
2018-08-06 13:25:28  [main] INFO  o.a.coyote.http11.Http11NioProtocol - Pausing ProtocolHandler ["http-nio-8081"] log
2018-08-06 13:25:28  [main] INFO  o.a.catalina.core.StandardService - Stopping service [Tomcat] log
2018-08-06 13:25:28  [main] INFO  o.apache.catalina.util.LifecycleBase - The stop() method was called on component [StandardServer[-1]] after stop() had already been called. The second call will be ignored. log
2018-08-06 13:25:28  [main] INFO  o.a.coyote.http11.Http11NioProtocol - Stopping ProtocolHandler ["http-nio-8081"] log
2018-08-06 13:25:28  [main] INFO  o.a.coyote.http11.Http11NioProtocol - Destroying ProtocolHandler ["http-nio-8081"] log
2018-08-06 13:25:28  [main] INFO  o.s.b.a.l.ConditionEvaluationReportLoggingListener - 

Error starting ApplicationContext. To display the conditions report re-run your application with 'debug' enabled. logAutoConfigurationReport
2018-08-06 13:25:28  [main] ERROR o.s.b.d.LoggingFailureAnalysisReporter - 

***************************
APPLICATION FAILED TO START
***************************

Description:

The Tomcat connector configured to listen on port 8081 failed to start. The port may already be in use or the connector may be misconfigured.

Action:

Verify the connector's configuration, identify and stop any process that's listening on port 8081, or configure this application to listen on another port.
 report
2018-08-06 13:25:28  [main] INFO  o.s.b.w.s.c.AnnotationConfigServletWebServerApplicationContext - Closing org.springframework.boot.web.servlet.context.AnnotationConfigServletWebServerApplicationContext@76508ed1: startup date [Mon Aug 06 13:25:25 IST 2018]; root of context hierarchy doClose
2018-08-06 13:25:28  [main] INFO  o.s.j.e.a.AnnotationMBeanExporter - Unregistering JMX-exposed beans on shutdown destroy
2018-08-06 13:25:51  [RMI TCP Connection(2)-127.0.0.1] INFO  o.s.b.a.SpringApplicationAdminMXBeanRegistrar$SpringApplicationAdmin - Application shutdown requested. shutdown
2018-08-06 13:25:51  [RMI TCP Connection(2)-127.0.0.1] INFO  o.s.b.w.s.c.AnnotationConfigServletWebServerApplicationContext - Closing org.springframework.boot.web.servlet.context.AnnotationConfigServletWebServerApplicationContext@6e4784bc: startup date [Mon Aug 06 13:25:04 IST 2018]; root of context hierarchy doClose
2018-08-06 13:25:51  [RMI TCP Connection(2)-127.0.0.1] INFO  o.s.j.e.a.AnnotationMBeanExporter - Unregistering JMX-exposed beans on shutdown destroy
2018-08-06 13:25:56  [main] INFO  c.m.m.proposal.ProposalApplication - Starting ProposalApplication on MONO-HYD-LAP-5 with PID 22972 (C:\Users\ravishankar\workspace-sts\Proposal-MS\target\classes started by ravishankar in C:\Users\ravishankar\workspace-sts\Proposal-MS) logStarting
2018-08-06 13:25:56  [main] INFO  c.m.m.proposal.ProposalApplication - The following profiles are active: dev logStartupProfileInfo
2018-08-06 13:25:57  [main] INFO  o.s.b.w.s.c.AnnotationConfigServletWebServerApplicationContext - Refreshing org.springframework.boot.web.servlet.context.AnnotationConfigServletWebServerApplicationContext@654f0d9c: startup date [Mon Aug 06 13:25:57 IST 2018]; root of context hierarchy prepareRefresh
2018-08-06 13:25:57  [main] INFO  o.s.b.w.e.tomcat.TomcatWebServer - Tomcat initialized with port(s): 8081 (http) initialize
2018-08-06 13:25:57  [main] INFO  o.a.coyote.http11.Http11NioProtocol - Initializing ProtocolHandler ["http-nio-8081"] log
2018-08-06 13:25:57  [main] INFO  o.a.catalina.core.StandardService - Starting service [Tomcat] log
2018-08-06 13:25:57  [main] INFO  o.a.catalina.core.StandardEngine - Starting Servlet Engine: Apache Tomcat/8.5.31 log
2018-08-06 13:25:57  [localhost-startStop-1] INFO  o.a.c.core.AprLifecycleListener - The APR based Apache Tomcat Native library which allows optimal performance in production environments was not found on the java.library.path: [C:\Program Files\Java\jre1.8.0_161\bin;C:\WINDOWS\Sun\Java\bin;C:\WINDOWS\system32;C:\WINDOWS;C:\Program Files\Docker\Docker\Resources\bin;C:\ProgramData\Oracle\Java\javapath;C:\Program Files (x86)\Intel\iCLS Client\;C:\Program Files\Intel\iCLS Client\;C:\WINDOWS\system32;C:\WINDOWS;C:\WINDOWS\System32\Wbem;C:\WINDOWS\System32\WindowsPowerShell\v1.0\;C:\Program Files (x86)\Intel\Intel(R) Management Engine Components\DAL;C:\Program Files\Intel\Intel(R) Management Engine Components\DAL;C:\Program Files (x86)\Intel\Intel(R) Management Engine Components\IPT;C:\Program Files\Intel\Intel(R) Management Engine Components\IPT;C:\Program Files\Git\cmd;C:\Program Files\Java\jdk1.8.0_161\bin;C:\Program Files\youtubedl;C:\Program Files\PuTTY\;C:\mongodb\bin;C:\Program Files\MySQL\MySQL Utilities 1.6\;C:\Program Files\dotnet\;C:\Program Files\Microsoft SQL Server\130\Tools\Binn\;C:\Go\bin;C:\WINDOWS\System32\OpenSSH\;C:\apache-maven-3.5.3\bin;C:\Program Files\Amazon\AWSCLI\;C:\Program Files\Amazon\AWSCLI\bin\;C:\Program Files\nodejs\;C:\gradle-4.8.1\bin;;C:\Program Files\Microsoft VS Code\bin;C:\Users\ravishankar\AppData\Local\Programs\Python\Python36\Scripts\;C:\Users\ravishankar\AppData\Local\Programs\Python\Python36\;C:\Users\ravishankar\AppData\Local\Microsoft\WindowsApps;;C:\Program Files\Microsoft VS Code\bin;C:\Users\ravishankar\AppData\Roaming\npm;.] log
2018-08-06 13:25:57  [localhost-startStop-1] INFO  o.a.c.c.C.[Tomcat].[localhost].[/] - Initializing Spring embedded WebApplicationContext log
2018-08-06 13:25:57  [localhost-startStop-1] INFO  o.s.web.context.ContextLoader - Root WebApplicationContext: initialization completed in 953 ms prepareWebApplicationContext
2018-08-06 13:25:58  [localhost-startStop-1] INFO  o.s.b.w.s.ServletRegistrationBean - Servlet dispatcherServlet mapped to [/] addRegistration
2018-08-06 13:25:58  [localhost-startStop-1] INFO  o.s.b.w.s.FilterRegistrationBean - Mapping filter: 'characterEncodingFilter' to: [/*] configure
2018-08-06 13:25:58  [localhost-startStop-1] INFO  o.s.b.w.s.FilterRegistrationBean - Mapping filter: 'hiddenHttpMethodFilter' to: [/*] configure
2018-08-06 13:25:58  [localhost-startStop-1] INFO  o.s.b.w.s.FilterRegistrationBean - Mapping filter: 'httpPutFormContentFilter' to: [/*] configure
2018-08-06 13:25:58  [localhost-startStop-1] INFO  o.s.b.w.s.FilterRegistrationBean - Mapping filter: 'requestContextFilter' to: [/*] configure
2018-08-06 13:25:58  [localhost-startStop-1] INFO  o.s.b.w.s.FilterRegistrationBean - Mapping filter: 'MDCFilter' to: [/*] configure
2018-08-06 13:25:58  [main] INFO  org.mongodb.driver.cluster - Cluster created with settings {hosts=[127.0.0.1:27017], mode=MULTIPLE, requiredClusterType=UNKNOWN, serverSelectionTimeout='30000 ms', maxWaitQueueSize=500} info
2018-08-06 13:25:58  [main] INFO  org.mongodb.driver.cluster - Adding discovered server 127.0.0.1:27017 to client view of cluster info
2018-08-06 13:25:58  [cluster-ClusterId{value='5b67ff0e75813859bc3bfae1', description='null'}-127.0.0.1:27017] INFO  org.mongodb.driver.connection - Opened connection [connectionId{localValue:1, serverValue:100}] to 127.0.0.1:27017 info
2018-08-06 13:25:58  [cluster-ClusterId{value='5b67ff0e75813859bc3bfae1', description='null'}-127.0.0.1:27017] INFO  org.mongodb.driver.cluster - Monitor thread successfully connected to server with description ServerDescription{address=127.0.0.1:27017, type=STANDALONE, state=CONNECTED, ok=true, version=ServerVersion{versionList=[3, 6, 0]}, minWireVersion=0, maxWireVersion=6, maxDocumentSize=16777216, logicalSessionTimeoutMinutes=30, roundTripTimeNanos=2094100} info
2018-08-06 13:25:58  [cluster-ClusterId{value='5b67ff0e75813859bc3bfae1', description='null'}-127.0.0.1:27017] INFO  org.mongodb.driver.cluster - Discovered cluster type of STANDALONE info
2018-08-06 13:25:59  [main] INFO  o.s.w.s.h.SimpleUrlHandlerMapping - Mapped URL path [/**/favicon.ico] onto handler of type [class org.springframework.web.servlet.resource.ResourceHttpRequestHandler] registerHandler
2018-08-06 13:25:59  [main] INFO  o.s.w.s.m.m.a.RequestMappingHandlerAdapter - Looking for @ControllerAdvice: org.springframework.boot.web.servlet.context.AnnotationConfigServletWebServerApplicationContext@654f0d9c: startup date [Mon Aug 06 13:25:57 IST 2018]; root of context hierarchy initControllerAdviceCache
2018-08-06 13:25:59  [main] INFO  o.s.w.s.m.m.a.RequestMappingHandlerMapping - Mapped "{[/fulfillment/api/proposalservices/saveproposaldata],methods=[POST]}" onto public com.mli.matrix.proposal.models.OutputResponse com.mli.matrix.proposal.controller.ProposalController.saveProposalForm(com.mli.matrix.proposal.models.InputRequest) throws com.mli.matrix.proposal.exception.BaseException register
2018-08-06 13:25:59  [main] INFO  o.s.w.s.m.m.a.RequestMappingHandlerMapping - Mapped "{[/error]}" onto public org.springframework.http.ResponseEntity<java.util.Map<java.lang.String, java.lang.Object>> org.springframework.boot.autoconfigure.web.servlet.error.BasicErrorController.error(javax.servlet.http.HttpServletRequest) register
2018-08-06 13:25:59  [main] INFO  o.s.w.s.m.m.a.RequestMappingHandlerMapping - Mapped "{[/error],produces=[text/html]}" onto public org.springframework.web.servlet.ModelAndView org.springframework.boot.autoconfigure.web.servlet.error.BasicErrorController.errorHtml(javax.servlet.http.HttpServletRequest,javax.servlet.http.HttpServletResponse) register
2018-08-06 13:25:59  [main] INFO  o.s.w.s.h.SimpleUrlHandlerMapping - Mapped URL path [/webjars/**] onto handler of type [class org.springframework.web.servlet.resource.ResourceHttpRequestHandler] registerHandler
2018-08-06 13:25:59  [main] INFO  o.s.w.s.h.SimpleUrlHandlerMapping - Mapped URL path [/**] onto handler of type [class org.springframework.web.servlet.resource.ResourceHttpRequestHandler] registerHandler
2018-08-06 13:25:59  [main] INFO  o.s.w.s.m.m.a.ExceptionHandlerExceptionResolver - Detected @ExceptionHandler methods in centralizedExceptionHandler initExceptionHandlerAdviceCache
2018-08-06 13:25:59  [main] INFO  o.s.j.e.a.AnnotationMBeanExporter - Registering beans for JMX exposure on startup afterSingletonsInstantiated
2018-08-06 13:25:59  [main] INFO  o.a.coyote.http11.Http11NioProtocol - Starting ProtocolHandler ["http-nio-8081"] log
2018-08-06 13:25:59  [main] INFO  o.a.tomcat.util.net.NioSelectorPool - Using a shared selector for servlet write/read log
2018-08-06 13:25:59  [main] INFO  o.s.b.w.e.tomcat.TomcatWebServer - Tomcat started on port(s): 8081 (http) with context path '' start
2018-08-06 13:25:59  [main] INFO  c.m.m.proposal.ProposalApplication - Started ProposalApplication in 2.965 seconds (JVM running for 3.701) logStarted
2018-08-06 13:26:09  [http-nio-8081-exec-2] INFO  o.a.c.c.C.[Tomcat].[localhost].[/] - Initializing Spring FrameworkServlet 'dispatcherServlet' log
2018-08-06 13:26:09  [http-nio-8081-exec-2] INFO  o.s.web.servlet.DispatcherServlet - FrameworkServlet 'dispatcherServlet': initialization started initServletBean
2018-08-06 13:26:09  [http-nio-8081-exec-2] INFO  o.s.web.servlet.DispatcherServlet - FrameworkServlet 'dispatcherServlet': initialization completed in 17 ms initServletBean
2018-08-06 13:26:09 24a27b51-d71f-4ccb-b399-b745d8f1bea7 [http-nio-8081-exec-2] INFO  c.m.m.p.c.ProposalController - Request with requestId 24a27b51-d71f-4ccb-b399-b745d8f1bea7 is being processed saveProposalForm
2018-08-06 13:26:09 24a27b51-d71f-4ccb-b399-b745d8f1bea7 [http-nio-8081-exec-2] ERROR c.m.m.p.c.ProposalController - Error occurred for request object InputRequest [request=Request [metadata=Metadata [env=dev, requestId=1234567890], requestData=RequestData [requestPayload=RequestPayload [proposalDetails=null]]]] saveProposalForm
2018-08-06 13:26:09 24a27b51-d71f-4ccb-b399-b745d8f1bea7 [http-nio-8081-exec-2] ERROR c.m.m.p.e.CentralizedExceptionHandler - Stack trace [com.mli.matrix.proposal.controller.ProposalController.saveProposalForm(ProposalController.java:59), sun.reflect.NativeMethodAccessorImpl.invoke0(Native Method), sun.reflect.NativeMethodAccessorImpl.invoke(Unknown Source), sun.reflect.DelegatingMethodAccessorImpl.invoke(Unknown Source), java.lang.reflect.Method.invoke(Unknown Source), org.springframework.web.method.support.InvocableHandlerMethod.doInvoke(InvocableHandlerMethod.java:209), org.springframework.web.method.support.InvocableHandlerMethod.invokeForRequest(InvocableHandlerMethod.java:136), org.springframework.web.servlet.mvc.method.annotation.ServletInvocableHandlerMethod.invokeAndHandle(ServletInvocableHandlerMethod.java:102), org.springframework.web.servlet.mvc.method.annotation.RequestMappingHandlerAdapter.invokeHandlerMethod(RequestMappingHandlerAdapter.java:877), org.springframework.web.servlet.mvc.method.annotation.RequestMappingHandlerAdapter.handleInternal(RequestMappingHandlerAdapter.java:783), org.springframework.web.servlet.mvc.method.AbstractHandlerMethodAdapter.handle(AbstractHandlerMethodAdapter.java:87), org.springframework.web.servlet.DispatcherServlet.doDispatch(DispatcherServlet.java:991), org.springframework.web.servlet.DispatcherServlet.doService(DispatcherServlet.java:925), org.springframework.web.servlet.FrameworkServlet.processRequest(FrameworkServlet.java:974), org.springframework.web.servlet.FrameworkServlet.doPost(FrameworkServlet.java:877), javax.servlet.http.HttpServlet.service(HttpServlet.java:661), org.springframework.web.servlet.FrameworkServlet.service(FrameworkServlet.java:851), javax.servlet.http.HttpServlet.service(HttpServlet.java:742), org.apache.catalina.core.ApplicationFilterChain.internalDoFilter(ApplicationFilterChain.java:231), org.apache.catalina.core.ApplicationFilterChain.doFilter(ApplicationFilterChain.java:166), org.apache.tomcat.websocket.server.WsFilter.doFilter(WsFilter.java:52), org.apache.catalina.core.ApplicationFilterChain.internalDoFilter(ApplicationFilterChain.java:193), org.apache.catalina.core.ApplicationFilterChain.doFilter(ApplicationFilterChain.java:166), com.mli.matrix.proposal.filter.MDCFilter.doFilter(MDCFilter.java:44), org.apache.catalina.core.ApplicationFilterChain.internalDoFilter(ApplicationFilterChain.java:193), org.apache.catalina.core.ApplicationFilterChain.doFilter(ApplicationFilterChain.java:166), org.springframework.web.filter.RequestContextFilter.doFilterInternal(RequestContextFilter.java:99), org.springframework.web.filter.OncePerRequestFilter.doFilter(OncePerRequestFilter.java:107), org.apache.catalina.core.ApplicationFilterChain.internalDoFilter(ApplicationFilterChain.java:193), org.apache.catalina.core.ApplicationFilterChain.doFilter(ApplicationFilterChain.java:166), org.springframework.web.filter.HttpPutFormContentFilter.doFilterInternal(HttpPutFormContentFilter.java:109), org.springframework.web.filter.OncePerRequestFilter.doFilter(OncePerRequestFilter.java:107), org.apache.catalina.core.ApplicationFilterChain.internalDoFilter(ApplicationFilterChain.java:193), org.apache.catalina.core.ApplicationFilterChain.doFilter(ApplicationFilterChain.java:166), org.springframework.web.filter.HiddenHttpMethodFilter.doFilterInternal(HiddenHttpMethodFilter.java:93), org.springframework.web.filter.OncePerRequestFilter.doFilter(OncePerRequestFilter.java:107), org.apache.catalina.core.ApplicationFilterChain.internalDoFilter(ApplicationFilterChain.java:193), org.apache.catalina.core.ApplicationFilterChain.doFilter(ApplicationFilterChain.java:166), org.springframework.web.filter.CharacterEncodingFilter.doFilterInternal(CharacterEncodingFilter.java:200), org.springframework.web.filter.OncePerRequestFilter.doFilter(OncePerRequestFilter.java:107), org.apache.catalina.core.ApplicationFilterChain.internalDoFilter(ApplicationFilterChain.java:193), org.apache.catalina.core.ApplicationFilterChain.doFilter(ApplicationFilterChain.java:166), org.apache.catalina.core.StandardWrapperValve.invoke(StandardWrapperValve.java:198), org.apache.catalina.core.StandardContextValve.invoke(StandardContextValve.java:96), org.apache.catalina.authenticator.AuthenticatorBase.invoke(AuthenticatorBase.java:496), org.apache.catalina.core.StandardHostValve.invoke(StandardHostValve.java:140), org.apache.catalina.valves.ErrorReportValve.invoke(ErrorReportValve.java:81), org.apache.catalina.core.StandardEngineValve.invoke(StandardEngineValve.java:87), org.apache.catalina.connector.CoyoteAdapter.service(CoyoteAdapter.java:342), org.apache.coyote.http11.Http11Processor.service(Http11Processor.java:803), org.apache.coyote.AbstractProcessorLight.process(AbstractProcessorLight.java:66), org.apache.coyote.AbstractProtocol$ConnectionHandler.process(AbstractProtocol.java:790), org.apache.tomcat.util.net.NioEndpoint$SocketProcessor.doRun(NioEndpoint.java:1468), org.apache.tomcat.util.net.SocketProcessorBase.run(SocketProcessorBase.java:49), java.util.concurrent.ThreadPoolExecutor.runWorker(Unknown Source), java.util.concurrent.ThreadPoolExecutor$Worker.run(Unknown Source), org.apache.tomcat.util.threads.TaskThread$WrappingRunnable.run(TaskThread.java:61), java.lang.Thread.run(Unknown Source)] handleBaseExceptions
2018-08-06 13:26:09 24a27b51-d71f-4ccb-b399-b745d8f1bea7 [http-nio-8081-exec-2] ERROR c.m.m.p.e.CentralizedExceptionHandler - error occurred in serving request 24a27b51-d71f-4ccb-b399-b745d8f1bea7 handleBaseExceptions
2018-08-06 13:26:09 24a27b51-d71f-4ccb-b399-b745d8f1bea7 [http-nio-8081-exec-2] ERROR c.m.m.p.e.CentralizedExceptionHandler - Response object OutputResponse [response=Response [metadata=null, responseData=null]] for request 24a27b51-d71f-4ccb-b399-b745d8f1bea7 handleBaseExceptions
2018-08-06 13:26:09 24a27b51-d71f-4ccb-b399-b745d8f1bea7 [http-nio-8081-exec-2] INFO  c.m.matrix.proposal.filter.MDCFilter - Response status 400 doFilter
2018-08-06 13:37:23  [RMI TCP Connection(2)-127.0.0.1] INFO  o.s.b.a.SpringApplicationAdminMXBeanRegistrar$SpringApplicationAdmin - Application shutdown requested. shutdown
2018-08-06 13:37:23  [RMI TCP Connection(2)-127.0.0.1] INFO  o.s.b.w.s.c.AnnotationConfigServletWebServerApplicationContext - Closing org.springframework.boot.web.servlet.context.AnnotationConfigServletWebServerApplicationContext@654f0d9c: startup date [Mon Aug 06 13:25:57 IST 2018]; root of context hierarchy doClose
2018-08-06 13:37:23  [RMI TCP Connection(2)-127.0.0.1] INFO  o.s.j.e.a.AnnotationMBeanExporter - Unregistering JMX-exposed beans on shutdown destroy
2018-08-06 17:58:09  [main] INFO  c.m.m.proposal.ProposalApplication - Starting ProposalApplication on MONO-HYD-LAP-5 with PID 15040 (C:\Users\ravishankar\workspace-sts\Proposal-MS\target\classes started by ravishankar in C:\Users\ravishankar\workspace-sts\Proposal-MS) logStarting
2018-08-06 17:58:09  [main] INFO  c.m.m.proposal.ProposalApplication - The following profiles are active: dev logStartupProfileInfo
2018-08-06 17:58:09  [main] INFO  o.s.b.w.s.c.AnnotationConfigServletWebServerApplicationContext - Refreshing org.springframework.boot.web.servlet.context.AnnotationConfigServletWebServerApplicationContext@3f197a46: startup date [Mon Aug 06 17:58:09 IST 2018]; root of context hierarchy prepareRefresh
2018-08-06 17:58:10  [main] INFO  o.s.b.w.e.tomcat.TomcatWebServer - Tomcat initialized with port(s): 8081 (http) initialize
2018-08-06 17:58:10  [main] INFO  o.a.coyote.http11.Http11NioProtocol - Initializing ProtocolHandler ["http-nio-8081"] log
2018-08-06 17:58:10  [main] INFO  o.a.catalina.core.StandardService - Starting service [Tomcat] log
2018-08-06 17:58:10  [main] INFO  o.a.catalina.core.StandardEngine - Starting Servlet Engine: Apache Tomcat/8.5.31 log
2018-08-06 17:58:10  [localhost-startStop-1] INFO  o.a.c.core.AprLifecycleListener - The APR based Apache Tomcat Native library which allows optimal performance in production environments was not found on the java.library.path: [C:\Program Files\Java\jre1.8.0_161\bin;C:\WINDOWS\Sun\Java\bin;C:\WINDOWS\system32;C:\WINDOWS;C:\Program Files\Docker\Docker\Resources\bin;C:\ProgramData\Oracle\Java\javapath;C:\Program Files (x86)\Intel\iCLS Client\;C:\Program Files\Intel\iCLS Client\;C:\WINDOWS\system32;C:\WINDOWS;C:\WINDOWS\System32\Wbem;C:\WINDOWS\System32\WindowsPowerShell\v1.0\;C:\Program Files (x86)\Intel\Intel(R) Management Engine Components\DAL;C:\Program Files\Intel\Intel(R) Management Engine Components\DAL;C:\Program Files (x86)\Intel\Intel(R) Management Engine Components\IPT;C:\Program Files\Intel\Intel(R) Management Engine Components\IPT;C:\Program Files\Git\cmd;C:\Program Files\Java\jdk1.8.0_161\bin;C:\Program Files\youtubedl;C:\Program Files\PuTTY\;C:\mongodb\bin;C:\Program Files\MySQL\MySQL Utilities 1.6\;C:\Program Files\dotnet\;C:\Program Files\Microsoft SQL Server\130\Tools\Binn\;C:\Go\bin;C:\WINDOWS\System32\OpenSSH\;C:\apache-maven-3.5.3\bin;C:\Program Files\Amazon\AWSCLI\;C:\Program Files\Amazon\AWSCLI\bin\;C:\Program Files\nodejs\;C:\gradle-4.8.1\bin;;C:\Program Files\Microsoft VS Code\bin;C:\Users\ravishankar\AppData\Local\Programs\Python\Python36\Scripts\;C:\Users\ravishankar\AppData\Local\Programs\Python\Python36\;C:\Users\ravishankar\AppData\Local\Microsoft\WindowsApps;;C:\Program Files\Microsoft VS Code\bin;C:\Users\ravishankar\AppData\Roaming\npm;.] log
2018-08-06 17:58:10  [localhost-startStop-1] INFO  o.a.c.c.C.[Tomcat].[localhost].[/] - Initializing Spring embedded WebApplicationContext log
2018-08-06 17:58:10  [localhost-startStop-1] INFO  o.s.web.context.ContextLoader - Root WebApplicationContext: initialization completed in 976 ms prepareWebApplicationContext
2018-08-06 17:58:10  [localhost-startStop-1] INFO  o.s.b.w.s.ServletRegistrationBean - Servlet dispatcherServlet mapped to [/] addRegistration
2018-08-06 17:58:10  [localhost-startStop-1] INFO  o.s.b.w.s.FilterRegistrationBean - Mapping filter: 'characterEncodingFilter' to: [/*] configure
2018-08-06 17:58:10  [localhost-startStop-1] INFO  o.s.b.w.s.FilterRegistrationBean - Mapping filter: 'hiddenHttpMethodFilter' to: [/*] configure
2018-08-06 17:58:10  [localhost-startStop-1] INFO  o.s.b.w.s.FilterRegistrationBean - Mapping filter: 'httpPutFormContentFilter' to: [/*] configure
2018-08-06 17:58:10  [localhost-startStop-1] INFO  o.s.b.w.s.FilterRegistrationBean - Mapping filter: 'requestContextFilter' to: [/*] configure
2018-08-06 17:58:10  [localhost-startStop-1] INFO  o.s.b.w.s.FilterRegistrationBean - Mapping filter: 'MDCFilter' to: [/*] configure
2018-08-06 17:58:11  [main] INFO  org.mongodb.driver.cluster - Cluster created with settings {hosts=[127.0.0.1:27017], mode=MULTIPLE, requiredClusterType=UNKNOWN, serverSelectionTimeout='30000 ms', maxWaitQueueSize=500} info
2018-08-06 17:58:11  [main] INFO  org.mongodb.driver.cluster - Adding discovered server 127.0.0.1:27017 to client view of cluster info
2018-08-06 17:58:11  [cluster-ClusterId{value='5b683edbe3a4133ac059cd61', description='null'}-127.0.0.1:27017] INFO  org.mongodb.driver.connection - Opened connection [connectionId{localValue:1, serverValue:101}] to 127.0.0.1:27017 info
2018-08-06 17:58:11  [cluster-ClusterId{value='5b683edbe3a4133ac059cd61', description='null'}-127.0.0.1:27017] INFO  org.mongodb.driver.cluster - Monitor thread successfully connected to server with description ServerDescription{address=127.0.0.1:27017, type=STANDALONE, state=CONNECTED, ok=true, version=ServerVersion{versionList=[3, 6, 0]}, minWireVersion=0, maxWireVersion=6, maxDocumentSize=16777216, logicalSessionTimeoutMinutes=30, roundTripTimeNanos=2217800} info
2018-08-06 17:58:11  [cluster-ClusterId{value='5b683edbe3a4133ac059cd61', description='null'}-127.0.0.1:27017] INFO  org.mongodb.driver.cluster - Discovered cluster type of STANDALONE info
2018-08-06 17:58:11  [main] INFO  o.s.w.s.h.SimpleUrlHandlerMapping - Mapped URL path [/**/favicon.ico] onto handler of type [class org.springframework.web.servlet.resource.ResourceHttpRequestHandler] registerHandler
2018-08-06 17:58:11  [main] INFO  o.s.w.s.m.m.a.RequestMappingHandlerAdapter - Looking for @ControllerAdvice: org.springframework.boot.web.servlet.context.AnnotationConfigServletWebServerApplicationContext@3f197a46: startup date [Mon Aug 06 17:58:09 IST 2018]; root of context hierarchy initControllerAdviceCache
2018-08-06 17:58:11  [main] INFO  o.s.w.s.m.m.a.RequestMappingHandlerMapping - Mapped "{[/fulfillment/api/proposalservices/saveproposaldata],methods=[POST]}" onto public com.mli.matrix.proposal.models.OutputResponse com.mli.matrix.proposal.controller.ProposalController.saveProposalForm(com.mli.matrix.proposal.models.InputRequest) throws com.mli.matrix.proposal.exception.BaseException register
2018-08-06 17:58:11  [main] INFO  o.s.w.s.m.m.a.RequestMappingHandlerMapping - Mapped "{[/error]}" onto public org.springframework.http.ResponseEntity<java.util.Map<java.lang.String, java.lang.Object>> org.springframework.boot.autoconfigure.web.servlet.error.BasicErrorController.error(javax.servlet.http.HttpServletRequest) register
2018-08-06 17:58:11  [main] INFO  o.s.w.s.m.m.a.RequestMappingHandlerMapping - Mapped "{[/error],produces=[text/html]}" onto public org.springframework.web.servlet.ModelAndView org.springframework.boot.autoconfigure.web.servlet.error.BasicErrorController.errorHtml(javax.servlet.http.HttpServletRequest,javax.servlet.http.HttpServletResponse) register
2018-08-06 17:58:11  [main] INFO  o.s.w.s.h.SimpleUrlHandlerMapping - Mapped URL path [/webjars/**] onto handler of type [class org.springframework.web.servlet.resource.ResourceHttpRequestHandler] registerHandler
2018-08-06 17:58:11  [main] INFO  o.s.w.s.h.SimpleUrlHandlerMapping - Mapped URL path [/**] onto handler of type [class org.springframework.web.servlet.resource.ResourceHttpRequestHandler] registerHandler
2018-08-06 17:58:11  [main] INFO  o.s.w.s.m.m.a.ExceptionHandlerExceptionResolver - Detected @ExceptionHandler methods in centralizedExceptionHandler initExceptionHandlerAdviceCache
2018-08-06 17:58:11  [main] INFO  o.s.j.e.a.AnnotationMBeanExporter - Registering beans for JMX exposure on startup afterSingletonsInstantiated
2018-08-06 17:58:12  [main] INFO  o.a.coyote.http11.Http11NioProtocol - Starting ProtocolHandler ["http-nio-8081"] log
2018-08-06 17:58:12  [main] INFO  o.a.tomcat.util.net.NioSelectorPool - Using a shared selector for servlet write/read log
2018-08-06 17:58:12  [main] INFO  o.s.b.w.e.tomcat.TomcatWebServer - Tomcat started on port(s): 8081 (http) with context path '' start
2018-08-06 17:58:12  [main] INFO  c.m.m.proposal.ProposalApplication - Started ProposalApplication in 3.013 seconds (JVM running for 3.664) logStarted
2018-08-06 18:00:05  [RMI TCP Connection(2)-127.0.0.1] INFO  o.s.b.a.SpringApplicationAdminMXBeanRegistrar$SpringApplicationAdmin - Application shutdown requested. shutdown
2018-08-06 18:00:05  [RMI TCP Connection(2)-127.0.0.1] INFO  o.s.b.w.s.c.AnnotationConfigServletWebServerApplicationContext - Closing org.springframework.boot.web.servlet.context.AnnotationConfigServletWebServerApplicationContext@3f197a46: startup date [Mon Aug 06 17:58:09 IST 2018]; root of context hierarchy doClose
2018-08-06 18:00:05  [RMI TCP Connection(2)-127.0.0.1] INFO  o.s.j.e.a.AnnotationMBeanExporter - Unregistering JMX-exposed beans on shutdown destroy
2018-08-06 18:03:49  [main] INFO  c.m.m.proposal.ProposalApplication - Starting ProposalApplication on MONO-HYD-LAP-5 with PID 1632 (C:\Users\ravishankar\workspace-sts\Proposal-MS\target\classes started by ravishankar in C:\Users\ravishankar\workspace-sts\Proposal-MS) logStarting
2018-08-06 18:03:49  [main] INFO  c.m.m.proposal.ProposalApplication - The following profiles are active: dev logStartupProfileInfo
2018-08-06 18:03:49  [main] INFO  o.s.b.w.s.c.AnnotationConfigServletWebServerApplicationContext - Refreshing org.springframework.boot.web.servlet.context.AnnotationConfigServletWebServerApplicationContext@30ee2816: startup date [Mon Aug 06 18:03:49 IST 2018]; root of context hierarchy prepareRefresh
2018-08-06 18:03:50  [main] INFO  o.s.b.w.e.tomcat.TomcatWebServer - Tomcat initialized with port(s): 8081 (http) initialize
2018-08-06 18:03:50  [main] INFO  o.a.coyote.http11.Http11NioProtocol - Initializing ProtocolHandler ["http-nio-8081"] log
2018-08-06 18:03:50  [main] INFO  o.a.catalina.core.StandardService - Starting service [Tomcat] log
2018-08-06 18:03:50  [main] INFO  o.a.catalina.core.StandardEngine - Starting Servlet Engine: Apache Tomcat/8.5.31 log
2018-08-06 18:03:50  [localhost-startStop-1] INFO  o.a.c.core.AprLifecycleListener - The APR based Apache Tomcat Native library which allows optimal performance in production environments was not found on the java.library.path: [C:\Program Files\Java\jre1.8.0_161\bin;C:\WINDOWS\Sun\Java\bin;C:\WINDOWS\system32;C:\WINDOWS;C:\Program Files\Docker\Docker\Resources\bin;C:\ProgramData\Oracle\Java\javapath;C:\Program Files (x86)\Intel\iCLS Client\;C:\Program Files\Intel\iCLS Client\;C:\WINDOWS\system32;C:\WINDOWS;C:\WINDOWS\System32\Wbem;C:\WINDOWS\System32\WindowsPowerShell\v1.0\;C:\Program Files (x86)\Intel\Intel(R) Management Engine Components\DAL;C:\Program Files\Intel\Intel(R) Management Engine Components\DAL;C:\Program Files (x86)\Intel\Intel(R) Management Engine Components\IPT;C:\Program Files\Intel\Intel(R) Management Engine Components\IPT;C:\Program Files\Git\cmd;C:\Program Files\Java\jdk1.8.0_161\bin;C:\Program Files\youtubedl;C:\Program Files\PuTTY\;C:\mongodb\bin;C:\Program Files\MySQL\MySQL Utilities 1.6\;C:\Program Files\dotnet\;C:\Program Files\Microsoft SQL Server\130\Tools\Binn\;C:\Go\bin;C:\WINDOWS\System32\OpenSSH\;C:\apache-maven-3.5.3\bin;C:\Program Files\Amazon\AWSCLI\;C:\Program Files\Amazon\AWSCLI\bin\;C:\Program Files\nodejs\;C:\gradle-4.8.1\bin;;C:\Program Files\Microsoft VS Code\bin;C:\Users\ravishankar\AppData\Local\Programs\Python\Python36\Scripts\;C:\Users\ravishankar\AppData\Local\Programs\Python\Python36\;C:\Users\ravishankar\AppData\Local\Microsoft\WindowsApps;;C:\Program Files\Microsoft VS Code\bin;C:\Users\ravishankar\AppData\Roaming\npm;.] log
2018-08-06 18:03:50  [localhost-startStop-1] INFO  o.a.c.c.C.[Tomcat].[localhost].[/] - Initializing Spring embedded WebApplicationContext log
2018-08-06 18:03:50  [localhost-startStop-1] INFO  o.s.web.context.ContextLoader - Root WebApplicationContext: initialization completed in 1026 ms prepareWebApplicationContext
2018-08-06 18:03:50  [localhost-startStop-1] INFO  o.s.b.w.s.ServletRegistrationBean - Servlet dispatcherServlet mapped to [/] addRegistration
2018-08-06 18:03:50  [localhost-startStop-1] INFO  o.s.b.w.s.FilterRegistrationBean - Mapping filter: 'characterEncodingFilter' to: [/*] configure
2018-08-06 18:03:50  [localhost-startStop-1] INFO  o.s.b.w.s.FilterRegistrationBean - Mapping filter: 'hiddenHttpMethodFilter' to: [/*] configure
2018-08-06 18:03:50  [localhost-startStop-1] INFO  o.s.b.w.s.FilterRegistrationBean - Mapping filter: 'httpPutFormContentFilter' to: [/*] configure
2018-08-06 18:03:50  [localhost-startStop-1] INFO  o.s.b.w.s.FilterRegistrationBean - Mapping filter: 'requestContextFilter' to: [/*] configure
2018-08-06 18:03:50  [localhost-startStop-1] INFO  o.s.b.w.s.FilterRegistrationBean - Mapping filter: 'MDCFilter' to: [/*] configure
2018-08-06 18:03:51  [main] INFO  org.mongodb.driver.cluster - Cluster created with settings {hosts=[127.0.0.1:27017], mode=MULTIPLE, requiredClusterType=UNKNOWN, serverSelectionTimeout='30000 ms', maxWaitQueueSize=500} info
2018-08-06 18:03:51  [main] INFO  org.mongodb.driver.cluster - Adding discovered server 127.0.0.1:27017 to client view of cluster info
2018-08-06 18:03:51  [cluster-ClusterId{value='5b68402ee3a4130660a0b586', description='null'}-127.0.0.1:27017] INFO  org.mongodb.driver.connection - Opened connection [connectionId{localValue:1, serverValue:102}] to 127.0.0.1:27017 info
2018-08-06 18:03:51  [cluster-ClusterId{value='5b68402ee3a4130660a0b586', description='null'}-127.0.0.1:27017] INFO  org.mongodb.driver.cluster - Monitor thread successfully connected to server with description ServerDescription{address=127.0.0.1:27017, type=STANDALONE, state=CONNECTED, ok=true, version=ServerVersion{versionList=[3, 6, 0]}, minWireVersion=0, maxWireVersion=6, maxDocumentSize=16777216, logicalSessionTimeoutMinutes=30, roundTripTimeNanos=2420500} info
2018-08-06 18:03:51  [cluster-ClusterId{value='5b68402ee3a4130660a0b586', description='null'}-127.0.0.1:27017] INFO  org.mongodb.driver.cluster - Discovered cluster type of STANDALONE info
2018-08-06 18:03:51  [main] INFO  o.s.w.s.h.SimpleUrlHandlerMapping - Mapped URL path [/**/favicon.ico] onto handler of type [class org.springframework.web.servlet.resource.ResourceHttpRequestHandler] registerHandler
2018-08-06 18:03:51  [main] INFO  o.s.w.s.m.m.a.RequestMappingHandlerAdapter - Looking for @ControllerAdvice: org.springframework.boot.web.servlet.context.AnnotationConfigServletWebServerApplicationContext@30ee2816: startup date [Mon Aug 06 18:03:49 IST 2018]; root of context hierarchy initControllerAdviceCache
2018-08-06 18:03:51  [main] INFO  o.s.w.s.m.m.a.RequestMappingHandlerMapping - Mapped "{[/fulfillment/api/proposalservices/saveproposaldata],methods=[POST]}" onto public com.mli.matrix.proposal.models.OutputResponse com.mli.matrix.proposal.controller.ProposalController.saveProposalForm(com.mli.matrix.proposal.models.InputRequest) throws com.mli.matrix.proposal.exception.BaseException register
2018-08-06 18:03:51  [main] INFO  o.s.w.s.m.m.a.RequestMappingHandlerMapping - Mapped "{[/error]}" onto public org.springframework.http.ResponseEntity<java.util.Map<java.lang.String, java.lang.Object>> org.springframework.boot.autoconfigure.web.servlet.error.BasicErrorController.error(javax.servlet.http.HttpServletRequest) register
2018-08-06 18:03:51  [main] INFO  o.s.w.s.m.m.a.RequestMappingHandlerMapping - Mapped "{[/error],produces=[text/html]}" onto public org.springframework.web.servlet.ModelAndView org.springframework.boot.autoconfigure.web.servlet.error.BasicErrorController.errorHtml(javax.servlet.http.HttpServletRequest,javax.servlet.http.HttpServletResponse) register
2018-08-06 18:03:51  [main] INFO  o.s.w.s.h.SimpleUrlHandlerMapping - Mapped URL path [/webjars/**] onto handler of type [class org.springframework.web.servlet.resource.ResourceHttpRequestHandler] registerHandler
2018-08-06 18:03:51  [main] INFO  o.s.w.s.h.SimpleUrlHandlerMapping - Mapped URL path [/**] onto handler of type [class org.springframework.web.servlet.resource.ResourceHttpRequestHandler] registerHandler
2018-08-06 18:03:51  [main] INFO  o.s.w.s.m.m.a.ExceptionHandlerExceptionResolver - Detected @ExceptionHandler methods in centralizedExceptionHandler initExceptionHandlerAdviceCache
2018-08-06 18:03:51  [main] INFO  o.s.j.e.a.AnnotationMBeanExporter - Registering beans for JMX exposure on startup afterSingletonsInstantiated
2018-08-06 18:03:51  [main] INFO  o.a.coyote.http11.Http11NioProtocol - Starting ProtocolHandler ["http-nio-8081"] log
2018-08-06 18:03:51  [main] INFO  o.a.tomcat.util.net.NioSelectorPool - Using a shared selector for servlet write/read log
2018-08-06 18:03:51  [main] INFO  o.s.b.w.e.tomcat.TomcatWebServer - Tomcat started on port(s): 8081 (http) with context path '' start
2018-08-06 18:03:51  [main] INFO  c.m.m.proposal.ProposalApplication - Started ProposalApplication in 3.095 seconds (JVM running for 3.798) logStarted
2018-08-06 18:03:55  [http-nio-8081-exec-4] INFO  o.a.c.c.C.[Tomcat].[localhost].[/] - Initializing Spring FrameworkServlet 'dispatcherServlet' log
2018-08-06 18:03:55  [http-nio-8081-exec-4] INFO  o.s.web.servlet.DispatcherServlet - FrameworkServlet 'dispatcherServlet': initialization started initServletBean
2018-08-06 18:03:55  [http-nio-8081-exec-4] INFO  o.s.web.servlet.DispatcherServlet - FrameworkServlet 'dispatcherServlet': initialization completed in 21 ms initServletBean
2018-08-06 18:03:55 9a5df806-8f3a-4558-88c6-d622a8449a75 [http-nio-8081-exec-4] INFO  c.m.m.p.c.ProposalController - Request with requestId 9a5df806-8f3a-4558-88c6-d622a8449a75 is being processed saveProposalForm
2018-08-06 18:03:55 9a5df806-8f3a-4558-88c6-d622a8449a75 [http-nio-8081-exec-4] ERROR c.m.m.p.c.ProposalController - Error occurred for request object InputRequest [request=Request [metadata=Metadata [env=dev, requestId=1234567890], requestData=RequestData [requestPayload=RequestPayload [proposalDetails=null]]]] saveProposalForm
2018-08-06 18:03:55 9a5df806-8f3a-4558-88c6-d622a8449a75 [http-nio-8081-exec-4] ERROR c.m.m.p.e.CentralizedExceptionHandler - Stack trace [com.mli.matrix.proposal.controller.ProposalController.saveProposalForm(ProposalController.java:60), sun.reflect.NativeMethodAccessorImpl.invoke0(Native Method), sun.reflect.NativeMethodAccessorImpl.invoke(Unknown Source), sun.reflect.DelegatingMethodAccessorImpl.invoke(Unknown Source), java.lang.reflect.Method.invoke(Unknown Source), org.springframework.web.method.support.InvocableHandlerMethod.doInvoke(InvocableHandlerMethod.java:209), org.springframework.web.method.support.InvocableHandlerMethod.invokeForRequest(InvocableHandlerMethod.java:136), org.springframework.web.servlet.mvc.method.annotation.ServletInvocableHandlerMethod.invokeAndHandle(ServletInvocableHandlerMethod.java:102), org.springframework.web.servlet.mvc.method.annotation.RequestMappingHandlerAdapter.invokeHandlerMethod(RequestMappingHandlerAdapter.java:877), org.springframework.web.servlet.mvc.method.annotation.RequestMappingHandlerAdapter.handleInternal(RequestMappingHandlerAdapter.java:783), org.springframework.web.servlet.mvc.method.AbstractHandlerMethodAdapter.handle(AbstractHandlerMethodAdapter.java:87), org.springframework.web.servlet.DispatcherServlet.doDispatch(DispatcherServlet.java:991), org.springframework.web.servlet.DispatcherServlet.doService(DispatcherServlet.java:925), org.springframework.web.servlet.FrameworkServlet.processRequest(FrameworkServlet.java:974), org.springframework.web.servlet.FrameworkServlet.doPost(FrameworkServlet.java:877), javax.servlet.http.HttpServlet.service(HttpServlet.java:661), org.springframework.web.servlet.FrameworkServlet.service(FrameworkServlet.java:851), javax.servlet.http.HttpServlet.service(HttpServlet.java:742), org.apache.catalina.core.ApplicationFilterChain.internalDoFilter(ApplicationFilterChain.java:231), org.apache.catalina.core.ApplicationFilterChain.doFilter(ApplicationFilterChain.java:166), org.apache.tomcat.websocket.server.WsFilter.doFilter(WsFilter.java:52), org.apache.catalina.core.ApplicationFilterChain.internalDoFilter(ApplicationFilterChain.java:193), org.apache.catalina.core.ApplicationFilterChain.doFilter(ApplicationFilterChain.java:166), com.mli.matrix.proposal.filter.MDCFilter.doFilter(MDCFilter.java:44), org.apache.catalina.core.ApplicationFilterChain.internalDoFilter(ApplicationFilterChain.java:193), org.apache.catalina.core.ApplicationFilterChain.doFilter(ApplicationFilterChain.java:166), org.springframework.web.filter.RequestContextFilter.doFilterInternal(RequestContextFilter.java:99), org.springframework.web.filter.OncePerRequestFilter.doFilter(OncePerRequestFilter.java:107), org.apache.catalina.core.ApplicationFilterChain.internalDoFilter(ApplicationFilterChain.java:193), org.apache.catalina.core.ApplicationFilterChain.doFilter(ApplicationFilterChain.java:166), org.springframework.web.filter.HttpPutFormContentFilter.doFilterInternal(HttpPutFormContentFilter.java:109), org.springframework.web.filter.OncePerRequestFilter.doFilter(OncePerRequestFilter.java:107), org.apache.catalina.core.ApplicationFilterChain.internalDoFilter(ApplicationFilterChain.java:193), org.apache.catalina.core.ApplicationFilterChain.doFilter(ApplicationFilterChain.java:166), org.springframework.web.filter.HiddenHttpMethodFilter.doFilterInternal(HiddenHttpMethodFilter.java:93), org.springframework.web.filter.OncePerRequestFilter.doFilter(OncePerRequestFilter.java:107), org.apache.catalina.core.ApplicationFilterChain.internalDoFilter(ApplicationFilterChain.java:193), org.apache.catalina.core.ApplicationFilterChain.doFilter(ApplicationFilterChain.java:166), org.springframework.web.filter.CharacterEncodingFilter.doFilterInternal(CharacterEncodingFilter.java:200), org.springframework.web.filter.OncePerRequestFilter.doFilter(OncePerRequestFilter.java:107), org.apache.catalina.core.ApplicationFilterChain.internalDoFilter(ApplicationFilterChain.java:193), org.apache.catalina.core.ApplicationFilterChain.doFilter(ApplicationFilterChain.java:166), org.apache.catalina.core.StandardWrapperValve.invoke(StandardWrapperValve.java:198), org.apache.catalina.core.StandardContextValve.invoke(StandardContextValve.java:96), org.apache.catalina.authenticator.AuthenticatorBase.invoke(AuthenticatorBase.java:496), org.apache.catalina.core.StandardHostValve.invoke(StandardHostValve.java:140), org.apache.catalina.valves.ErrorReportValve.invoke(ErrorReportValve.java:81), org.apache.catalina.core.StandardEngineValve.invoke(StandardEngineValve.java:87), org.apache.catalina.connector.CoyoteAdapter.service(CoyoteAdapter.java:342), org.apache.coyote.http11.Http11Processor.service(Http11Processor.java:803), org.apache.coyote.AbstractProcessorLight.process(AbstractProcessorLight.java:66), org.apache.coyote.AbstractProtocol$ConnectionHandler.process(AbstractProtocol.java:790), org.apache.tomcat.util.net.NioEndpoint$SocketProcessor.doRun(NioEndpoint.java:1468), org.apache.tomcat.util.net.SocketProcessorBase.run(SocketProcessorBase.java:49), java.util.concurrent.ThreadPoolExecutor.runWorker(Unknown Source), java.util.concurrent.ThreadPoolExecutor$Worker.run(Unknown Source), org.apache.tomcat.util.threads.TaskThread$WrappingRunnable.run(TaskThread.java:61), java.lang.Thread.run(Unknown Source)] handleBaseExceptions
2018-08-06 18:03:55 9a5df806-8f3a-4558-88c6-d622a8449a75 [http-nio-8081-exec-4] ERROR c.m.m.p.e.CentralizedExceptionHandler - error occurred in serving request 9a5df806-8f3a-4558-88c6-d622a8449a75 handleBaseExceptions
2018-08-06 18:03:55 9a5df806-8f3a-4558-88c6-d622a8449a75 [http-nio-8081-exec-4] ERROR c.m.m.p.e.CentralizedExceptionHandler - Response object OutputResponse [response=Response [metadata=null, responseData=null]] for request 9a5df806-8f3a-4558-88c6-d622a8449a75 handleBaseExceptions
2018-08-06 18:03:56 9a5df806-8f3a-4558-88c6-d622a8449a75 [http-nio-8081-exec-4] INFO  c.m.matrix.proposal.filter.MDCFilter - Response status 400 doFilter
2018-08-06 18:07:25  [RMI TCP Connection(2)-127.0.0.1] INFO  o.s.b.a.SpringApplicationAdminMXBeanRegistrar$SpringApplicationAdmin - Application shutdown requested. shutdown
2018-08-06 18:07:25  [RMI TCP Connection(2)-127.0.0.1] INFO  o.s.b.w.s.c.AnnotationConfigServletWebServerApplicationContext - Closing org.springframework.boot.web.servlet.context.AnnotationConfigServletWebServerApplicationContext@30ee2816: startup date [Mon Aug 06 18:03:49 IST 2018]; root of context hierarchy doClose
2018-08-06 18:07:25  [RMI TCP Connection(2)-127.0.0.1] INFO  o.s.j.e.a.AnnotationMBeanExporter - Unregistering JMX-exposed beans on shutdown destroy
2018-08-06 18:07:31  [main] INFO  c.m.m.proposal.ProposalApplication - Starting ProposalApplication on MONO-HYD-LAP-5 with PID 11540 (C:\Users\ravishankar\workspace-sts\Proposal-MS\target\classes started by ravishankar in C:\Users\ravishankar\workspace-sts\Proposal-MS) logStarting
2018-08-06 18:07:31  [main] INFO  c.m.m.proposal.ProposalApplication - The following profiles are active: dev logStartupProfileInfo
2018-08-06 18:07:31  [main] INFO  o.s.b.w.s.c.AnnotationConfigServletWebServerApplicationContext - Refreshing org.springframework.boot.web.servlet.context.AnnotationConfigServletWebServerApplicationContext@71e693fa: startup date [Mon Aug 06 18:07:31 IST 2018]; root of context hierarchy prepareRefresh
2018-08-06 18:07:32  [main] INFO  o.s.b.w.e.tomcat.TomcatWebServer - Tomcat initialized with port(s): 8081 (http) initialize
2018-08-06 18:07:32  [main] INFO  o.a.coyote.http11.Http11NioProtocol - Initializing ProtocolHandler ["http-nio-8081"] log
2018-08-06 18:07:32  [main] INFO  o.a.catalina.core.StandardService - Starting service [Tomcat] log
2018-08-06 18:07:32  [main] INFO  o.a.catalina.core.StandardEngine - Starting Servlet Engine: Apache Tomcat/8.5.31 log
2018-08-06 18:07:32  [localhost-startStop-1] INFO  o.a.c.core.AprLifecycleListener - The APR based Apache Tomcat Native library which allows optimal performance in production environments was not found on the java.library.path: [C:\Program Files\Java\jre1.8.0_161\bin;C:\WINDOWS\Sun\Java\bin;C:\WINDOWS\system32;C:\WINDOWS;C:\Program Files\Docker\Docker\Resources\bin;C:\ProgramData\Oracle\Java\javapath;C:\Program Files (x86)\Intel\iCLS Client\;C:\Program Files\Intel\iCLS Client\;C:\WINDOWS\system32;C:\WINDOWS;C:\WINDOWS\System32\Wbem;C:\WINDOWS\System32\WindowsPowerShell\v1.0\;C:\Program Files (x86)\Intel\Intel(R) Management Engine Components\DAL;C:\Program Files\Intel\Intel(R) Management Engine Components\DAL;C:\Program Files (x86)\Intel\Intel(R) Management Engine Components\IPT;C:\Program Files\Intel\Intel(R) Management Engine Components\IPT;C:\Program Files\Git\cmd;C:\Program Files\Java\jdk1.8.0_161\bin;C:\Program Files\youtubedl;C:\Program Files\PuTTY\;C:\mongodb\bin;C:\Program Files\MySQL\MySQL Utilities 1.6\;C:\Program Files\dotnet\;C:\Program Files\Microsoft SQL Server\130\Tools\Binn\;C:\Go\bin;C:\WINDOWS\System32\OpenSSH\;C:\apache-maven-3.5.3\bin;C:\Program Files\Amazon\AWSCLI\;C:\Program Files\Amazon\AWSCLI\bin\;C:\Program Files\nodejs\;C:\gradle-4.8.1\bin;;C:\Program Files\Microsoft VS Code\bin;C:\Users\ravishankar\AppData\Local\Programs\Python\Python36\Scripts\;C:\Users\ravishankar\AppData\Local\Programs\Python\Python36\;C:\Users\ravishankar\AppData\Local\Microsoft\WindowsApps;;C:\Program Files\Microsoft VS Code\bin;C:\Users\ravishankar\AppData\Roaming\npm;.] log
2018-08-06 18:07:32  [localhost-startStop-1] INFO  o.a.c.c.C.[Tomcat].[localhost].[/] - Initializing Spring embedded WebApplicationContext log
2018-08-06 18:07:32  [localhost-startStop-1] INFO  o.s.web.context.ContextLoader - Root WebApplicationContext: initialization completed in 1132 ms prepareWebApplicationContext
2018-08-06 18:07:33  [localhost-startStop-1] INFO  o.s.b.w.s.ServletRegistrationBean - Servlet dispatcherServlet mapped to [/] addRegistration
2018-08-06 18:07:33  [localhost-startStop-1] INFO  o.s.b.w.s.FilterRegistrationBean - Mapping filter: 'characterEncodingFilter' to: [/*] configure
2018-08-06 18:07:33  [localhost-startStop-1] INFO  o.s.b.w.s.FilterRegistrationBean - Mapping filter: 'hiddenHttpMethodFilter' to: [/*] configure
2018-08-06 18:07:33  [localhost-startStop-1] INFO  o.s.b.w.s.FilterRegistrationBean - Mapping filter: 'httpPutFormContentFilter' to: [/*] configure
2018-08-06 18:07:33  [localhost-startStop-1] INFO  o.s.b.w.s.FilterRegistrationBean - Mapping filter: 'requestContextFilter' to: [/*] configure
2018-08-06 18:07:33  [localhost-startStop-1] INFO  o.s.b.w.s.FilterRegistrationBean - Mapping filter: 'MDCFilter' to: [/*] configure
2018-08-06 18:07:33  [main] INFO  org.mongodb.driver.cluster - Cluster created with settings {hosts=[127.0.0.1:27017], mode=MULTIPLE, requiredClusterType=UNKNOWN, serverSelectionTimeout='30000 ms', maxWaitQueueSize=500} info
2018-08-06 18:07:33  [main] INFO  org.mongodb.driver.cluster - Adding discovered server 127.0.0.1:27017 to client view of cluster info
2018-08-06 18:07:33  [cluster-ClusterId{value='5b68410de3a4132d1485c584', description='null'}-127.0.0.1:27017] INFO  org.mongodb.driver.connection - Opened connection [connectionId{localValue:1, serverValue:103}] to 127.0.0.1:27017 info
2018-08-06 18:07:33  [cluster-ClusterId{value='5b68410de3a4132d1485c584', description='null'}-127.0.0.1:27017] INFO  org.mongodb.driver.cluster - Monitor thread successfully connected to server with description ServerDescription{address=127.0.0.1:27017, type=STANDALONE, state=CONNECTED, ok=true, version=ServerVersion{versionList=[3, 6, 0]}, minWireVersion=0, maxWireVersion=6, maxDocumentSize=16777216, logicalSessionTimeoutMinutes=30, roundTripTimeNanos=2703800} info
2018-08-06 18:07:33  [cluster-ClusterId{value='5b68410de3a4132d1485c584', description='null'}-127.0.0.1:27017] INFO  org.mongodb.driver.cluster - Discovered cluster type of STANDALONE info
2018-08-06 18:07:34  [main] INFO  o.s.w.s.h.SimpleUrlHandlerMapping - Mapped URL path [/**/favicon.ico] onto handler of type [class org.springframework.web.servlet.resource.ResourceHttpRequestHandler] registerHandler
2018-08-06 18:07:34  [main] INFO  o.s.w.s.m.m.a.RequestMappingHandlerAdapter - Looking for @ControllerAdvice: org.springframework.boot.web.servlet.context.AnnotationConfigServletWebServerApplicationContext@71e693fa: startup date [Mon Aug 06 18:07:31 IST 2018]; root of context hierarchy initControllerAdviceCache
2018-08-06 18:07:34  [main] INFO  o.s.w.s.m.m.a.RequestMappingHandlerMapping - Mapped "{[/fulfillment/api/proposalservices/saveproposaldata],methods=[POST]}" onto public com.mli.matrix.proposal.models.OutputResponse com.mli.matrix.proposal.controller.ProposalController.saveProposalForm(com.mli.matrix.proposal.models.InputRequest) throws com.mli.matrix.proposal.exception.BaseException register
2018-08-06 18:07:34  [main] INFO  o.s.w.s.m.m.a.RequestMappingHandlerMapping - Mapped "{[/error]}" onto public org.springframework.http.ResponseEntity<java.util.Map<java.lang.String, java.lang.Object>> org.springframework.boot.autoconfigure.web.servlet.error.BasicErrorController.error(javax.servlet.http.HttpServletRequest) register
2018-08-06 18:07:34  [main] INFO  o.s.w.s.m.m.a.RequestMappingHandlerMapping - Mapped "{[/error],produces=[text/html]}" onto public org.springframework.web.servlet.ModelAndView org.springframework.boot.autoconfigure.web.servlet.error.BasicErrorController.errorHtml(javax.servlet.http.HttpServletRequest,javax.servlet.http.HttpServletResponse) register
2018-08-06 18:07:34  [main] INFO  o.s.w.s.h.SimpleUrlHandlerMapping - Mapped URL path [/webjars/**] onto handler of type [class org.springframework.web.servlet.resource.ResourceHttpRequestHandler] registerHandler
2018-08-06 18:07:34  [main] INFO  o.s.w.s.h.SimpleUrlHandlerMapping - Mapped URL path [/**] onto handler of type [class org.springframework.web.servlet.resource.ResourceHttpRequestHandler] registerHandler
2018-08-06 18:07:34  [main] INFO  o.s.w.s.m.m.a.ExceptionHandlerExceptionResolver - Detected @ExceptionHandler methods in centralizedExceptionHandler initExceptionHandlerAdviceCache
2018-08-06 18:07:35  [main] INFO  o.s.j.e.a.AnnotationMBeanExporter - Registering beans for JMX exposure on startup afterSingletonsInstantiated
2018-08-06 18:07:35  [main] INFO  o.a.coyote.http11.Http11NioProtocol - Starting ProtocolHandler ["http-nio-8081"] log
2018-08-06 18:07:35  [main] INFO  o.a.tomcat.util.net.NioSelectorPool - Using a shared selector for servlet write/read log
2018-08-06 18:07:35  [main] INFO  o.s.b.w.e.tomcat.TomcatWebServer - Tomcat started on port(s): 8081 (http) with context path '' start
2018-08-06 18:07:35  [main] INFO  c.m.m.proposal.ProposalApplication - Started ProposalApplication in 3.802 seconds (JVM running for 5.504) logStarted
2018-08-06 18:07:38  [http-nio-8081-exec-2] INFO  o.a.c.c.C.[Tomcat].[localhost].[/] - Initializing Spring FrameworkServlet 'dispatcherServlet' log
2018-08-06 18:07:38  [http-nio-8081-exec-2] INFO  o.s.web.servlet.DispatcherServlet - FrameworkServlet 'dispatcherServlet': initialization started initServletBean
2018-08-06 18:07:38  [http-nio-8081-exec-2] INFO  o.s.web.servlet.DispatcherServlet - FrameworkServlet 'dispatcherServlet': initialization completed in 21 ms initServletBean
2018-08-06 18:07:39 5335832c-f18b-4ea2-9165-13a0d90f3c60 [http-nio-8081-exec-2] INFO  c.m.m.p.c.ProposalController - Request with requestId 5335832c-f18b-4ea2-9165-13a0d90f3c60 is being processed saveProposalForm
2018-08-06 18:07:39 5335832c-f18b-4ea2-9165-13a0d90f3c60 [http-nio-8081-exec-2] ERROR c.m.m.p.c.ProposalController - Error occurred for request object InputRequest [request=Request [metadata=Metadata [env=dev, requestId=1234567890], requestData=RequestData [requestPayload=RequestPayload [proposalDetails=null]]]] saveProposalForm
2018-08-06 18:08:48  [main] INFO  c.m.m.proposal.ProposalApplication - Starting ProposalApplication on MONO-HYD-LAP-5 with PID 24472 (C:\Users\ravishankar\workspace-sts\Proposal-MS\target\classes started by ravishankar in C:\Users\ravishankar\workspace-sts\Proposal-MS) logStarting
2018-08-06 18:08:48  [main] INFO  c.m.m.proposal.ProposalApplication - The following profiles are active: dev logStartupProfileInfo
2018-08-06 18:08:48  [main] INFO  o.s.b.w.s.c.AnnotationConfigServletWebServerApplicationContext - Refreshing org.springframework.boot.web.servlet.context.AnnotationConfigServletWebServerApplicationContext@332729ad: startup date [Mon Aug 06 18:08:48 IST 2018]; root of context hierarchy prepareRefresh
2018-08-06 18:08:49  [main] INFO  o.s.b.w.e.tomcat.TomcatWebServer - Tomcat initialized with port(s): 8081 (http) initialize
2018-08-06 18:08:49  [main] INFO  o.a.coyote.http11.Http11NioProtocol - Initializing ProtocolHandler ["http-nio-8081"] log
2018-08-06 18:08:49  [main] INFO  o.a.catalina.core.StandardService - Starting service [Tomcat] log
2018-08-06 18:08:49  [main] INFO  o.a.catalina.core.StandardEngine - Starting Servlet Engine: Apache Tomcat/8.5.31 log
2018-08-06 18:08:49  [localhost-startStop-1] INFO  o.a.c.core.AprLifecycleListener - The APR based Apache Tomcat Native library which allows optimal performance in production environments was not found on the java.library.path: [C:\Program Files\Java\jre1.8.0_161\bin;C:\WINDOWS\Sun\Java\bin;C:\WINDOWS\system32;C:\WINDOWS;C:\Program Files\Docker\Docker\Resources\bin;C:\ProgramData\Oracle\Java\javapath;C:\Program Files (x86)\Intel\iCLS Client\;C:\Program Files\Intel\iCLS Client\;C:\WINDOWS\system32;C:\WINDOWS;C:\WINDOWS\System32\Wbem;C:\WINDOWS\System32\WindowsPowerShell\v1.0\;C:\Program Files (x86)\Intel\Intel(R) Management Engine Components\DAL;C:\Program Files\Intel\Intel(R) Management Engine Components\DAL;C:\Program Files (x86)\Intel\Intel(R) Management Engine Components\IPT;C:\Program Files\Intel\Intel(R) Management Engine Components\IPT;C:\Program Files\Git\cmd;C:\Program Files\Java\jdk1.8.0_161\bin;C:\Program Files\youtubedl;C:\Program Files\PuTTY\;C:\mongodb\bin;C:\Program Files\MySQL\MySQL Utilities 1.6\;C:\Program Files\dotnet\;C:\Program Files\Microsoft SQL Server\130\Tools\Binn\;C:\Go\bin;C:\WINDOWS\System32\OpenSSH\;C:\apache-maven-3.5.3\bin;C:\Program Files\Amazon\AWSCLI\;C:\Program Files\Amazon\AWSCLI\bin\;C:\Program Files\nodejs\;C:\gradle-4.8.1\bin;;C:\Program Files\Microsoft VS Code\bin;C:\Users\ravishankar\AppData\Local\Programs\Python\Python36\Scripts\;C:\Users\ravishankar\AppData\Local\Programs\Python\Python36\;C:\Users\ravishankar\AppData\Local\Microsoft\WindowsApps;;C:\Program Files\Microsoft VS Code\bin;C:\Users\ravishankar\AppData\Roaming\npm;.] log
2018-08-06 18:08:49  [localhost-startStop-1] INFO  o.a.c.c.C.[Tomcat].[localhost].[/] - Initializing Spring embedded WebApplicationContext log
2018-08-06 18:08:49  [localhost-startStop-1] INFO  o.s.web.context.ContextLoader - Root WebApplicationContext: initialization completed in 1180 ms prepareWebApplicationContext
2018-08-06 18:08:50  [localhost-startStop-1] INFO  o.s.b.w.s.ServletRegistrationBean - Servlet dispatcherServlet mapped to [/] addRegistration
2018-08-06 18:08:50  [localhost-startStop-1] INFO  o.s.b.w.s.FilterRegistrationBean - Mapping filter: 'characterEncodingFilter' to: [/*] configure
2018-08-06 18:08:50  [localhost-startStop-1] INFO  o.s.b.w.s.FilterRegistrationBean - Mapping filter: 'hiddenHttpMethodFilter' to: [/*] configure
2018-08-06 18:08:50  [localhost-startStop-1] INFO  o.s.b.w.s.FilterRegistrationBean - Mapping filter: 'httpPutFormContentFilter' to: [/*] configure
2018-08-06 18:08:50  [localhost-startStop-1] INFO  o.s.b.w.s.FilterRegistrationBean - Mapping filter: 'requestContextFilter' to: [/*] configure
2018-08-06 18:08:50  [localhost-startStop-1] INFO  o.s.b.w.s.FilterRegistrationBean - Mapping filter: 'MDCFilter' to: [/*] configure
2018-08-06 18:08:50  [main] INFO  org.mongodb.driver.cluster - Cluster created with settings {hosts=[127.0.0.1:27017], mode=MULTIPLE, requiredClusterType=UNKNOWN, serverSelectionTimeout='30000 ms', maxWaitQueueSize=500} info
2018-08-06 18:08:50  [main] INFO  org.mongodb.driver.cluster - Adding discovered server 127.0.0.1:27017 to client view of cluster info
2018-08-06 18:08:51  [cluster-ClusterId{value='5b68415ae3a4135f98e369c3', description='null'}-127.0.0.1:27017] INFO  org.mongodb.driver.connection - Opened connection [connectionId{localValue:1, serverValue:104}] to 127.0.0.1:27017 info
2018-08-06 18:08:51  [cluster-ClusterId{value='5b68415ae3a4135f98e369c3', description='null'}-127.0.0.1:27017] INFO  org.mongodb.driver.cluster - Monitor thread successfully connected to server with description ServerDescription{address=127.0.0.1:27017, type=STANDALONE, state=CONNECTED, ok=true, version=ServerVersion{versionList=[3, 6, 0]}, minWireVersion=0, maxWireVersion=6, maxDocumentSize=16777216, logicalSessionTimeoutMinutes=30, roundTripTimeNanos=2547700} info
2018-08-06 18:08:51  [cluster-ClusterId{value='5b68415ae3a4135f98e369c3', description='null'}-127.0.0.1:27017] INFO  org.mongodb.driver.cluster - Discovered cluster type of STANDALONE info
2018-08-06 18:08:51  [main] INFO  o.s.w.s.h.SimpleUrlHandlerMapping - Mapped URL path [/**/favicon.ico] onto handler of type [class org.springframework.web.servlet.resource.ResourceHttpRequestHandler] registerHandler
2018-08-06 18:08:51  [main] INFO  o.s.w.s.m.m.a.RequestMappingHandlerAdapter - Looking for @ControllerAdvice: org.springframework.boot.web.servlet.context.AnnotationConfigServletWebServerApplicationContext@332729ad: startup date [Mon Aug 06 18:08:48 IST 2018]; root of context hierarchy initControllerAdviceCache
2018-08-06 18:08:51  [main] INFO  o.s.w.s.m.m.a.RequestMappingHandlerMapping - Mapped "{[/fulfillment/api/proposalservices/saveproposaldata],methods=[POST]}" onto public com.mli.matrix.proposal.models.OutputResponse com.mli.matrix.proposal.controller.ProposalController.saveProposalForm(com.mli.matrix.proposal.models.InputRequest) throws com.mli.matrix.proposal.exception.BaseException register
2018-08-06 18:08:51  [main] INFO  o.s.w.s.m.m.a.RequestMappingHandlerMapping - Mapped "{[/error]}" onto public org.springframework.http.ResponseEntity<java.util.Map<java.lang.String, java.lang.Object>> org.springframework.boot.autoconfigure.web.servlet.error.BasicErrorController.error(javax.servlet.http.HttpServletRequest) register
2018-08-06 18:08:51  [main] INFO  o.s.w.s.m.m.a.RequestMappingHandlerMapping - Mapped "{[/error],produces=[text/html]}" onto public org.springframework.web.servlet.ModelAndView org.springframework.boot.autoconfigure.web.servlet.error.BasicErrorController.errorHtml(javax.servlet.http.HttpServletRequest,javax.servlet.http.HttpServletResponse) register
2018-08-06 18:08:51  [main] INFO  o.s.w.s.h.SimpleUrlHandlerMapping - Mapped URL path [/webjars/**] onto handler of type [class org.springframework.web.servlet.resource.ResourceHttpRequestHandler] registerHandler
2018-08-06 18:08:51  [main] INFO  o.s.w.s.h.SimpleUrlHandlerMapping - Mapped URL path [/**] onto handler of type [class org.springframework.web.servlet.resource.ResourceHttpRequestHandler] registerHandler
2018-08-06 18:08:51  [main] INFO  o.s.w.s.m.m.a.ExceptionHandlerExceptionResolver - Detected @ExceptionHandler methods in centralizedExceptionHandler initExceptionHandlerAdviceCache
2018-08-06 18:08:52  [main] INFO  o.s.j.e.a.AnnotationMBeanExporter - Registering beans for JMX exposure on startup afterSingletonsInstantiated
2018-08-06 18:08:52  [main] INFO  o.a.coyote.http11.Http11NioProtocol - Starting ProtocolHandler ["http-nio-8081"] log
2018-08-06 18:08:52  [main] INFO  o.a.tomcat.util.net.NioSelectorPool - Using a shared selector for servlet write/read log
2018-08-06 18:08:52  [main] INFO  o.s.b.w.e.tomcat.TomcatWebServer - Tomcat started on port(s): 8081 (http) with context path '' start
2018-08-06 18:08:52  [main] INFO  c.m.m.proposal.ProposalApplication - Started ProposalApplication in 3.709 seconds (JVM running for 4.451) logStarted
2018-08-06 18:08:56  [http-nio-8081-exec-1] INFO  o.a.c.c.C.[Tomcat].[localhost].[/] - Initializing Spring FrameworkServlet 'dispatcherServlet' log
2018-08-06 18:08:56  [http-nio-8081-exec-1] INFO  o.s.web.servlet.DispatcherServlet - FrameworkServlet 'dispatcherServlet': initialization started initServletBean
2018-08-06 18:08:56  [http-nio-8081-exec-1] INFO  o.s.web.servlet.DispatcherServlet - FrameworkServlet 'dispatcherServlet': initialization completed in 21 ms initServletBean
2018-08-06 18:08:56 d308354d-f6ef-40fa-b130-5533ce65cd5a [http-nio-8081-exec-1] INFO  c.m.m.p.c.ProposalController - Request with requestId d308354d-f6ef-40fa-b130-5533ce65cd5a is being processed saveProposalForm
2018-08-06 18:08:56 d308354d-f6ef-40fa-b130-5533ce65cd5a [http-nio-8081-exec-1] ERROR c.m.m.p.c.ProposalController - Error occurred for request object InputRequest [request=Request [metadata=Metadata [env=dev, requestId=1234567890], requestData=RequestData [requestPayload=RequestPayload [proposalDetails=null]]]] saveProposalForm
2018-08-06 18:12:08 d308354d-f6ef-40fa-b130-5533ce65cd5a [http-nio-8081-exec-1] ERROR c.m.m.p.e.CentralizedExceptionHandler - Stack trace [com.mli.matrix.proposal.controller.ProposalController.saveProposalForm(ProposalController.java:60), sun.reflect.NativeMethodAccessorImpl.invoke0(Native Method), sun.reflect.NativeMethodAccessorImpl.invoke(Unknown Source), sun.reflect.DelegatingMethodAccessorImpl.invoke(Unknown Source), java.lang.reflect.Method.invoke(Unknown Source), org.springframework.web.method.support.InvocableHandlerMethod.doInvoke(InvocableHandlerMethod.java:209), org.springframework.web.method.support.InvocableHandlerMethod.invokeForRequest(InvocableHandlerMethod.java:136), org.springframework.web.servlet.mvc.method.annotation.ServletInvocableHandlerMethod.invokeAndHandle(ServletInvocableHandlerMethod.java:102), org.springframework.web.servlet.mvc.method.annotation.RequestMappingHandlerAdapter.invokeHandlerMethod(RequestMappingHandlerAdapter.java:877), org.springframework.web.servlet.mvc.method.annotation.RequestMappingHandlerAdapter.handleInternal(RequestMappingHandlerAdapter.java:783), org.springframework.web.servlet.mvc.method.AbstractHandlerMethodAdapter.handle(AbstractHandlerMethodAdapter.java:87), org.springframework.web.servlet.DispatcherServlet.doDispatch(DispatcherServlet.java:991), org.springframework.web.servlet.DispatcherServlet.doService(DispatcherServlet.java:925), org.springframework.web.servlet.FrameworkServlet.processRequest(FrameworkServlet.java:974), org.springframework.web.servlet.FrameworkServlet.doPost(FrameworkServlet.java:877), javax.servlet.http.HttpServlet.service(HttpServlet.java:661), org.springframework.web.servlet.FrameworkServlet.service(FrameworkServlet.java:851), javax.servlet.http.HttpServlet.service(HttpServlet.java:742), org.apache.catalina.core.ApplicationFilterChain.internalDoFilter(ApplicationFilterChain.java:231), org.apache.catalina.core.ApplicationFilterChain.doFilter(ApplicationFilterChain.java:166), org.apache.tomcat.websocket.server.WsFilter.doFilter(WsFilter.java:52), org.apache.catalina.core.ApplicationFilterChain.internalDoFilter(ApplicationFilterChain.java:193), org.apache.catalina.core.ApplicationFilterChain.doFilter(ApplicationFilterChain.java:166), com.mli.matrix.proposal.filter.MDCFilter.doFilter(MDCFilter.java:44), org.apache.catalina.core.ApplicationFilterChain.internalDoFilter(ApplicationFilterChain.java:193), org.apache.catalina.core.ApplicationFilterChain.doFilter(ApplicationFilterChain.java:166), org.springframework.web.filter.RequestContextFilter.doFilterInternal(RequestContextFilter.java:99), org.springframework.web.filter.OncePerRequestFilter.doFilter(OncePerRequestFilter.java:107), org.apache.catalina.core.ApplicationFilterChain.internalDoFilter(ApplicationFilterChain.java:193), org.apache.catalina.core.ApplicationFilterChain.doFilter(ApplicationFilterChain.java:166), org.springframework.web.filter.HttpPutFormContentFilter.doFilterInternal(HttpPutFormContentFilter.java:109), org.springframework.web.filter.OncePerRequestFilter.doFilter(OncePerRequestFilter.java:107), org.apache.catalina.core.ApplicationFilterChain.internalDoFilter(ApplicationFilterChain.java:193), org.apache.catalina.core.ApplicationFilterChain.doFilter(ApplicationFilterChain.java:166), org.springframework.web.filter.HiddenHttpMethodFilter.doFilterInternal(HiddenHttpMethodFilter.java:93), org.springframework.web.filter.OncePerRequestFilter.doFilter(OncePerRequestFilter.java:107), org.apache.catalina.core.ApplicationFilterChain.internalDoFilter(ApplicationFilterChain.java:193), org.apache.catalina.core.ApplicationFilterChain.doFilter(ApplicationFilterChain.java:166), org.springframework.web.filter.CharacterEncodingFilter.doFilterInternal(CharacterEncodingFilter.java:200), org.springframework.web.filter.OncePerRequestFilter.doFilter(OncePerRequestFilter.java:107), org.apache.catalina.core.ApplicationFilterChain.internalDoFilter(ApplicationFilterChain.java:193), org.apache.catalina.core.ApplicationFilterChain.doFilter(ApplicationFilterChain.java:166), org.apache.catalina.core.StandardWrapperValve.invoke(StandardWrapperValve.java:198), org.apache.catalina.core.StandardContextValve.invoke(StandardContextValve.java:96), org.apache.catalina.authenticator.AuthenticatorBase.invoke(AuthenticatorBase.java:496), org.apache.catalina.core.StandardHostValve.invoke(StandardHostValve.java:140), org.apache.catalina.valves.ErrorReportValve.invoke(ErrorReportValve.java:81), org.apache.catalina.core.StandardEngineValve.invoke(StandardEngineValve.java:87), org.apache.catalina.connector.CoyoteAdapter.service(CoyoteAdapter.java:342), org.apache.coyote.http11.Http11Processor.service(Http11Processor.java:803), org.apache.coyote.AbstractProcessorLight.process(AbstractProcessorLight.java:66), org.apache.coyote.AbstractProtocol$ConnectionHandler.process(AbstractProtocol.java:790), org.apache.tomcat.util.net.NioEndpoint$SocketProcessor.doRun(NioEndpoint.java:1468), org.apache.tomcat.util.net.SocketProcessorBase.run(SocketProcessorBase.java:49), java.util.concurrent.ThreadPoolExecutor.runWorker(Unknown Source), java.util.concurrent.ThreadPoolExecutor$Worker.run(Unknown Source), org.apache.tomcat.util.threads.TaskThread$WrappingRunnable.run(TaskThread.java:61), java.lang.Thread.run(Unknown Source)] handleBaseExceptions
2018-08-06 18:12:08 d308354d-f6ef-40fa-b130-5533ce65cd5a [http-nio-8081-exec-1] ERROR c.m.m.p.e.CentralizedExceptionHandler - error occurred in serving request d308354d-f6ef-40fa-b130-5533ce65cd5a handleBaseExceptions
2018-08-06 18:13:18 d308354d-f6ef-40fa-b130-5533ce65cd5a [http-nio-8081-exec-1] ERROR c.m.m.p.e.CentralizedExceptionHandler - Response object OutputResponse [response=Response [metadata=null, responseData=null]] for request d308354d-f6ef-40fa-b130-5533ce65cd5a handleBaseExceptions
2018-08-06 18:13:18 d308354d-f6ef-40fa-b130-5533ce65cd5a [http-nio-8081-exec-1] INFO  c.m.matrix.proposal.filter.MDCFilter - Response status 400 doFilter
2018-08-06 18:31:22 2f2568d0-d7c1-4f8e-b795-e18bbceb6f06 [http-nio-8081-exec-3] INFO  c.m.m.p.c.ProposalController - Request with requestId 2f2568d0-d7c1-4f8e-b795-e18bbceb6f06 is being processed saveProposalForm
2018-08-06 18:31:22 2f2568d0-d7c1-4f8e-b795-e18bbceb6f06 [http-nio-8081-exec-3] INFO  c.m.m.p.c.ProposalController - Saving the proposal data of request 2f2568d0-d7c1-4f8e-b795-e18bbceb6f06 with proposalNumber null saveProposalDetail
2018-08-06 18:31:22 2f2568d0-d7c1-4f8e-b795-e18bbceb6f06 [http-nio-8081-exec-3] INFO  org.mongodb.driver.connection - Opened connection [connectionId{localValue:2, serverValue:105}] to 127.0.0.1:27017 info
2018-08-06 18:31:22 2f2568d0-d7c1-4f8e-b795-e18bbceb6f06 [http-nio-8081-exec-3] INFO  c.m.m.p.c.ProposalController - Time 0 took to process the request 2f2568d0-d7c1-4f8e-b795-e18bbceb6f06 saveProposalForm
2018-08-06 18:31:22 2f2568d0-d7c1-4f8e-b795-e18bbceb6f06 [http-nio-8081-exec-3] INFO  c.m.matrix.proposal.filter.MDCFilter - Response status 200 doFilter
2018-08-06 18:31:46 0c6046e6-4b32-45d2-af30-85b5c2668998 [http-nio-8081-exec-6] INFO  c.m.m.p.c.ProposalController - Request with requestId 0c6046e6-4b32-45d2-af30-85b5c2668998 is being processed saveProposalForm
2018-08-06 18:31:46 0c6046e6-4b32-45d2-af30-85b5c2668998 [http-nio-8081-exec-6] ERROR c.m.m.p.c.ProposalController - Error occurred for request object InputRequest [request=Request [metadata=Metadata [env=dev, requestId=1234567890], requestData=RequestData [requestPayload=RequestPayload [proposalDetails=null]]]] saveProposalForm
2018-08-06 18:32:01  [RMI TCP Connection(2)-127.0.0.1] INFO  o.s.b.a.SpringApplicationAdminMXBeanRegistrar$SpringApplicationAdmin - Application shutdown requested. shutdown
2018-08-06 18:32:01  [RMI TCP Connection(2)-127.0.0.1] INFO  o.s.b.w.s.c.AnnotationConfigServletWebServerApplicationContext - Closing org.springframework.boot.web.servlet.context.AnnotationConfigServletWebServerApplicationContext@332729ad: startup date [Mon Aug 06 18:08:48 IST 2018]; root of context hierarchy doClose
2018-08-06 18:32:01  [RMI TCP Connection(2)-127.0.0.1] INFO  o.s.j.e.a.AnnotationMBeanExporter - Unregistering JMX-exposed beans on shutdown destroy
2018-08-06 18:32:01  [RMI TCP Connection(2)-127.0.0.1] INFO  org.mongodb.driver.connection - Closed connection [connectionId{localValue:2, serverValue:105}] to 127.0.0.1:27017 because the pool has been closed. info
2018-08-06 18:32:09  [main] INFO  c.m.m.proposal.ProposalApplication - Starting ProposalApplication on MONO-HYD-LAP-5 with PID 12416 (C:\Users\ravishankar\workspace-sts\Proposal-MS\target\classes started by ravishankar in C:\Users\ravishankar\workspace-sts\Proposal-MS) logStarting
2018-08-06 18:32:09  [main] INFO  c.m.m.proposal.ProposalApplication - The following profiles are active: dev logStartupProfileInfo
2018-08-06 18:32:09  [main] INFO  o.s.b.w.s.c.AnnotationConfigServletWebServerApplicationContext - Refreshing org.springframework.boot.web.servlet.context.AnnotationConfigServletWebServerApplicationContext@352c1b98: startup date [Mon Aug 06 18:32:09 IST 2018]; root of context hierarchy prepareRefresh
2018-08-06 18:32:10  [main] INFO  o.s.b.w.e.tomcat.TomcatWebServer - Tomcat initialized with port(s): 8081 (http) initialize
2018-08-06 18:32:10  [main] INFO  o.a.coyote.http11.Http11NioProtocol - Initializing ProtocolHandler ["http-nio-8081"] log
2018-08-06 18:32:10  [main] INFO  o.a.catalina.core.StandardService - Starting service [Tomcat] log
2018-08-06 18:32:10  [main] INFO  o.a.catalina.core.StandardEngine - Starting Servlet Engine: Apache Tomcat/8.5.31 log
2018-08-06 18:32:10  [localhost-startStop-1] INFO  o.a.c.core.AprLifecycleListener - The APR based Apache Tomcat Native library which allows optimal performance in production environments was not found on the java.library.path: [C:\Program Files\Java\jre1.8.0_161\bin;C:\WINDOWS\Sun\Java\bin;C:\WINDOWS\system32;C:\WINDOWS;C:\Program Files\Docker\Docker\Resources\bin;C:\ProgramData\Oracle\Java\javapath;C:\Program Files (x86)\Intel\iCLS Client\;C:\Program Files\Intel\iCLS Client\;C:\WINDOWS\system32;C:\WINDOWS;C:\WINDOWS\System32\Wbem;C:\WINDOWS\System32\WindowsPowerShell\v1.0\;C:\Program Files (x86)\Intel\Intel(R) Management Engine Components\DAL;C:\Program Files\Intel\Intel(R) Management Engine Components\DAL;C:\Program Files (x86)\Intel\Intel(R) Management Engine Components\IPT;C:\Program Files\Intel\Intel(R) Management Engine Components\IPT;C:\Program Files\Git\cmd;C:\Program Files\Java\jdk1.8.0_161\bin;C:\Program Files\youtubedl;C:\Program Files\PuTTY\;C:\mongodb\bin;C:\Program Files\MySQL\MySQL Utilities 1.6\;C:\Program Files\dotnet\;C:\Program Files\Microsoft SQL Server\130\Tools\Binn\;C:\Go\bin;C:\WINDOWS\System32\OpenSSH\;C:\apache-maven-3.5.3\bin;C:\Program Files\Amazon\AWSCLI\;C:\Program Files\Amazon\AWSCLI\bin\;C:\Program Files\nodejs\;C:\gradle-4.8.1\bin;;C:\Program Files\Microsoft VS Code\bin;C:\Users\ravishankar\AppData\Local\Programs\Python\Python36\Scripts\;C:\Users\ravishankar\AppData\Local\Programs\Python\Python36\;C:\Users\ravishankar\AppData\Local\Microsoft\WindowsApps;;C:\Program Files\Microsoft VS Code\bin;C:\Users\ravishankar\AppData\Roaming\npm;.] log
2018-08-06 18:32:10  [localhost-startStop-1] INFO  o.a.c.c.C.[Tomcat].[localhost].[/] - Initializing Spring embedded WebApplicationContext log
2018-08-06 18:32:10  [localhost-startStop-1] INFO  o.s.web.context.ContextLoader - Root WebApplicationContext: initialization completed in 1168 ms prepareWebApplicationContext
2018-08-06 18:32:10  [localhost-startStop-1] INFO  o.s.b.w.s.ServletRegistrationBean - Servlet dispatcherServlet mapped to [/] addRegistration
2018-08-06 18:32:10  [localhost-startStop-1] INFO  o.s.b.w.s.FilterRegistrationBean - Mapping filter: 'characterEncodingFilter' to: [/*] configure
2018-08-06 18:32:10  [localhost-startStop-1] INFO  o.s.b.w.s.FilterRegistrationBean - Mapping filter: 'hiddenHttpMethodFilter' to: [/*] configure
2018-08-06 18:32:10  [localhost-startStop-1] INFO  o.s.b.w.s.FilterRegistrationBean - Mapping filter: 'httpPutFormContentFilter' to: [/*] configure
2018-08-06 18:32:10  [localhost-startStop-1] INFO  o.s.b.w.s.FilterRegistrationBean - Mapping filter: 'requestContextFilter' to: [/*] configure
2018-08-06 18:32:10  [localhost-startStop-1] INFO  o.s.b.w.s.FilterRegistrationBean - Mapping filter: 'MDCFilter' to: [/*] configure
2018-08-06 18:32:11  [main] INFO  org.mongodb.driver.cluster - Cluster created with settings {hosts=[127.0.0.1:27017], mode=MULTIPLE, requiredClusterType=UNKNOWN, serverSelectionTimeout='30000 ms', maxWaitQueueSize=500} info
2018-08-06 18:32:11  [main] INFO  org.mongodb.driver.cluster - Adding discovered server 127.0.0.1:27017 to client view of cluster info
2018-08-06 18:32:11  [cluster-ClusterId{value='5b6846d3e3a413308041b274', description='null'}-127.0.0.1:27017] INFO  org.mongodb.driver.connection - Opened connection [connectionId{localValue:1, serverValue:106}] to 127.0.0.1:27017 info
2018-08-06 18:32:11  [cluster-ClusterId{value='5b6846d3e3a413308041b274', description='null'}-127.0.0.1:27017] INFO  org.mongodb.driver.cluster - Monitor thread successfully connected to server with description ServerDescription{address=127.0.0.1:27017, type=STANDALONE, state=CONNECTED, ok=true, version=ServerVersion{versionList=[3, 6, 0]}, minWireVersion=0, maxWireVersion=6, maxDocumentSize=16777216, logicalSessionTimeoutMinutes=30, roundTripTimeNanos=2888400} info
2018-08-06 18:32:11  [cluster-ClusterId{value='5b6846d3e3a413308041b274', description='null'}-127.0.0.1:27017] INFO  org.mongodb.driver.cluster - Discovered cluster type of STANDALONE info
2018-08-06 18:32:11  [main] INFO  o.s.w.s.h.SimpleUrlHandlerMapping - Mapped URL path [/**/favicon.ico] onto handler of type [class org.springframework.web.servlet.resource.ResourceHttpRequestHandler] registerHandler
2018-08-06 18:32:12  [main] INFO  o.s.w.s.m.m.a.RequestMappingHandlerAdapter - Looking for @ControllerAdvice: org.springframework.boot.web.servlet.context.AnnotationConfigServletWebServerApplicationContext@352c1b98: startup date [Mon Aug 06 18:32:09 IST 2018]; root of context hierarchy initControllerAdviceCache
2018-08-06 18:32:12  [main] INFO  o.s.w.s.m.m.a.RequestMappingHandlerMapping - Mapped "{[/fulfillment/api/proposalservices/saveproposaldata],methods=[POST]}" onto public com.mli.matrix.proposal.models.OutputResponse com.mli.matrix.proposal.controller.ProposalController.saveProposalForm(com.mli.matrix.proposal.models.InputRequest) throws com.mli.matrix.proposal.exception.BaseException register
2018-08-06 18:32:12  [main] INFO  o.s.w.s.m.m.a.RequestMappingHandlerMapping - Mapped "{[/error]}" onto public org.springframework.http.ResponseEntity<java.util.Map<java.lang.String, java.lang.Object>> org.springframework.boot.autoconfigure.web.servlet.error.BasicErrorController.error(javax.servlet.http.HttpServletRequest) register
2018-08-06 18:32:12  [main] INFO  o.s.w.s.m.m.a.RequestMappingHandlerMapping - Mapped "{[/error],produces=[text/html]}" onto public org.springframework.web.servlet.ModelAndView org.springframework.boot.autoconfigure.web.servlet.error.BasicErrorController.errorHtml(javax.servlet.http.HttpServletRequest,javax.servlet.http.HttpServletResponse) register
2018-08-06 18:32:12  [main] INFO  o.s.w.s.h.SimpleUrlHandlerMapping - Mapped URL path [/webjars/**] onto handler of type [class org.springframework.web.servlet.resource.ResourceHttpRequestHandler] registerHandler
2018-08-06 18:32:12  [main] INFO  o.s.w.s.h.SimpleUrlHandlerMapping - Mapped URL path [/**] onto handler of type [class org.springframework.web.servlet.resource.ResourceHttpRequestHandler] registerHandler
2018-08-06 18:32:12  [main] INFO  o.s.w.s.m.m.a.ExceptionHandlerExceptionResolver - Detected @ExceptionHandler methods in centralizedExceptionHandler initExceptionHandlerAdviceCache
2018-08-06 18:32:12  [main] INFO  o.s.j.e.a.AnnotationMBeanExporter - Registering beans for JMX exposure on startup afterSingletonsInstantiated
2018-08-06 18:32:12  [main] INFO  o.a.coyote.http11.Http11NioProtocol - Starting ProtocolHandler ["http-nio-8081"] log
2018-08-06 18:32:12  [main] INFO  o.a.tomcat.util.net.NioSelectorPool - Using a shared selector for servlet write/read log
2018-08-06 18:32:12  [main] INFO  o.s.b.w.e.tomcat.TomcatWebServer - Tomcat started on port(s): 8081 (http) with context path '' start
2018-08-06 18:32:12  [main] INFO  c.m.m.proposal.ProposalApplication - Started ProposalApplication in 3.644 seconds (JVM running for 4.418) logStarted
2018-08-06 18:32:17  [http-nio-8081-exec-2] INFO  o.a.c.c.C.[Tomcat].[localhost].[/] - Initializing Spring FrameworkServlet 'dispatcherServlet' log
2018-08-06 18:32:17  [http-nio-8081-exec-2] INFO  o.s.web.servlet.DispatcherServlet - FrameworkServlet 'dispatcherServlet': initialization started initServletBean
2018-08-06 18:32:17  [http-nio-8081-exec-2] INFO  o.s.web.servlet.DispatcherServlet - FrameworkServlet 'dispatcherServlet': initialization completed in 21 ms initServletBean
2018-08-06 18:32:17 0d64fb26-8c0c-4ab9-91ac-d1e0640979f9 [http-nio-8081-exec-2] INFO  c.m.m.p.c.ProposalController - Request with requestId 0d64fb26-8c0c-4ab9-91ac-d1e0640979f9 is being processed saveProposalForm
2018-08-06 18:32:17 0d64fb26-8c0c-4ab9-91ac-d1e0640979f9 [http-nio-8081-exec-2] ERROR c.m.m.p.c.ProposalController - Error occurred for request object InputRequest [request=Request [metadata=Metadata [env=dev, requestId=1234567890], requestData=RequestData [requestPayload=RequestPayload [proposalDetails=null]]]] saveProposalForm
2018-08-06 18:32:36  [main] INFO  c.m.m.proposal.ProposalApplication - Starting ProposalApplication on MONO-HYD-LAP-5 with PID 22756 (C:\Users\ravishankar\workspace-sts\Proposal-MS\target\classes started by ravishankar in C:\Users\ravishankar\workspace-sts\Proposal-MS) logStarting
2018-08-06 18:32:36  [main] INFO  c.m.m.proposal.ProposalApplication - The following profiles are active: dev logStartupProfileInfo
2018-08-06 18:32:36  [main] INFO  o.s.b.w.s.c.AnnotationConfigServletWebServerApplicationContext - Refreshing org.springframework.boot.web.servlet.context.AnnotationConfigServletWebServerApplicationContext@3f197a46: startup date [Mon Aug 06 18:32:36 IST 2018]; root of context hierarchy prepareRefresh
2018-08-06 18:32:37  [main] INFO  o.s.b.w.e.tomcat.TomcatWebServer - Tomcat initialized with port(s): 8081 (http) initialize
2018-08-06 18:32:37  [main] INFO  o.a.coyote.http11.Http11NioProtocol - Initializing ProtocolHandler ["http-nio-8081"] log
2018-08-06 18:32:37  [main] INFO  o.a.catalina.core.StandardService - Starting service [Tomcat] log
2018-08-06 18:32:37  [main] INFO  o.a.catalina.core.StandardEngine - Starting Servlet Engine: Apache Tomcat/8.5.31 log
2018-08-06 18:32:37  [localhost-startStop-1] INFO  o.a.c.core.AprLifecycleListener - The APR based Apache Tomcat Native library which allows optimal performance in production environments was not found on the java.library.path: [C:\Program Files\Java\jre1.8.0_161\bin;C:\WINDOWS\Sun\Java\bin;C:\WINDOWS\system32;C:\WINDOWS;C:\Program Files\Docker\Docker\Resources\bin;C:\ProgramData\Oracle\Java\javapath;C:\Program Files (x86)\Intel\iCLS Client\;C:\Program Files\Intel\iCLS Client\;C:\WINDOWS\system32;C:\WINDOWS;C:\WINDOWS\System32\Wbem;C:\WINDOWS\System32\WindowsPowerShell\v1.0\;C:\Program Files (x86)\Intel\Intel(R) Management Engine Components\DAL;C:\Program Files\Intel\Intel(R) Management Engine Components\DAL;C:\Program Files (x86)\Intel\Intel(R) Management Engine Components\IPT;C:\Program Files\Intel\Intel(R) Management Engine Components\IPT;C:\Program Files\Git\cmd;C:\Program Files\Java\jdk1.8.0_161\bin;C:\Program Files\youtubedl;C:\Program Files\PuTTY\;C:\mongodb\bin;C:\Program Files\MySQL\MySQL Utilities 1.6\;C:\Program Files\dotnet\;C:\Program Files\Microsoft SQL Server\130\Tools\Binn\;C:\Go\bin;C:\WINDOWS\System32\OpenSSH\;C:\apache-maven-3.5.3\bin;C:\Program Files\Amazon\AWSCLI\;C:\Program Files\Amazon\AWSCLI\bin\;C:\Program Files\nodejs\;C:\gradle-4.8.1\bin;;C:\Program Files\Microsoft VS Code\bin;C:\Users\ravishankar\AppData\Local\Programs\Python\Python36\Scripts\;C:\Users\ravishankar\AppData\Local\Programs\Python\Python36\;C:\Users\ravishankar\AppData\Local\Microsoft\WindowsApps;;C:\Program Files\Microsoft VS Code\bin;C:\Users\ravishankar\AppData\Roaming\npm;.] log
2018-08-06 18:32:37  [localhost-startStop-1] INFO  o.a.c.c.C.[Tomcat].[localhost].[/] - Initializing Spring embedded WebApplicationContext log
2018-08-06 18:32:37  [localhost-startStop-1] INFO  o.s.web.context.ContextLoader - Root WebApplicationContext: initialization completed in 975 ms prepareWebApplicationContext
2018-08-06 18:32:37  [localhost-startStop-1] INFO  o.s.b.w.s.ServletRegistrationBean - Servlet dispatcherServlet mapped to [/] addRegistration
2018-08-06 18:32:37  [localhost-startStop-1] INFO  o.s.b.w.s.FilterRegistrationBean - Mapping filter: 'characterEncodingFilter' to: [/*] configure
2018-08-06 18:32:37  [localhost-startStop-1] INFO  o.s.b.w.s.FilterRegistrationBean - Mapping filter: 'hiddenHttpMethodFilter' to: [/*] configure
2018-08-06 18:32:37  [localhost-startStop-1] INFO  o.s.b.w.s.FilterRegistrationBean - Mapping filter: 'httpPutFormContentFilter' to: [/*] configure
2018-08-06 18:32:37  [localhost-startStop-1] INFO  o.s.b.w.s.FilterRegistrationBean - Mapping filter: 'requestContextFilter' to: [/*] configure
2018-08-06 18:32:37  [localhost-startStop-1] INFO  o.s.b.w.s.FilterRegistrationBean - Mapping filter: 'MDCFilter' to: [/*] configure
2018-08-06 18:32:38  [main] INFO  org.mongodb.driver.cluster - Cluster created with settings {hosts=[127.0.0.1:27017], mode=MULTIPLE, requiredClusterType=UNKNOWN, serverSelectionTimeout='30000 ms', maxWaitQueueSize=500} info
2018-08-06 18:32:38  [main] INFO  org.mongodb.driver.cluster - Adding discovered server 127.0.0.1:27017 to client view of cluster info
2018-08-06 18:32:38  [cluster-ClusterId{value='5b6846eee3a41358e4cfc159', description='null'}-127.0.0.1:27017] INFO  org.mongodb.driver.connection - Opened connection [connectionId{localValue:1, serverValue:107}] to 127.0.0.1:27017 info
2018-08-06 18:32:38  [cluster-ClusterId{value='5b6846eee3a41358e4cfc159', description='null'}-127.0.0.1:27017] INFO  org.mongodb.driver.cluster - Monitor thread successfully connected to server with description ServerDescription{address=127.0.0.1:27017, type=STANDALONE, state=CONNECTED, ok=true, version=ServerVersion{versionList=[3, 6, 0]}, minWireVersion=0, maxWireVersion=6, maxDocumentSize=16777216, logicalSessionTimeoutMinutes=30, roundTripTimeNanos=2411700} info
2018-08-06 18:32:38  [cluster-ClusterId{value='5b6846eee3a41358e4cfc159', description='null'}-127.0.0.1:27017] INFO  org.mongodb.driver.cluster - Discovered cluster type of STANDALONE info
2018-08-06 18:32:38  [main] INFO  o.s.w.s.h.SimpleUrlHandlerMapping - Mapped URL path [/**/favicon.ico] onto handler of type [class org.springframework.web.servlet.resource.ResourceHttpRequestHandler] registerHandler
2018-08-06 18:32:38  [main] INFO  o.s.w.s.m.m.a.RequestMappingHandlerAdapter - Looking for @ControllerAdvice: org.springframework.boot.web.servlet.context.AnnotationConfigServletWebServerApplicationContext@3f197a46: startup date [Mon Aug 06 18:32:36 IST 2018]; root of context hierarchy initControllerAdviceCache
2018-08-06 18:32:38  [main] INFO  o.s.w.s.m.m.a.RequestMappingHandlerMapping - Mapped "{[/fulfillment/api/proposalservices/saveproposaldata],methods=[POST]}" onto public com.mli.matrix.proposal.models.OutputResponse com.mli.matrix.proposal.controller.ProposalController.saveProposalForm(com.mli.matrix.proposal.models.InputRequest) throws com.mli.matrix.proposal.exception.BaseException register
2018-08-06 18:32:38  [main] INFO  o.s.w.s.m.m.a.RequestMappingHandlerMapping - Mapped "{[/error]}" onto public org.springframework.http.ResponseEntity<java.util.Map<java.lang.String, java.lang.Object>> org.springframework.boot.autoconfigure.web.servlet.error.BasicErrorController.error(javax.servlet.http.HttpServletRequest) register
2018-08-06 18:32:38  [main] INFO  o.s.w.s.m.m.a.RequestMappingHandlerMapping - Mapped "{[/error],produces=[text/html]}" onto public org.springframework.web.servlet.ModelAndView org.springframework.boot.autoconfigure.web.servlet.error.BasicErrorController.errorHtml(javax.servlet.http.HttpServletRequest,javax.servlet.http.HttpServletResponse) register
2018-08-06 18:32:38  [main] INFO  o.s.w.s.h.SimpleUrlHandlerMapping - Mapped URL path [/webjars/**] onto handler of type [class org.springframework.web.servlet.resource.ResourceHttpRequestHandler] registerHandler
2018-08-06 18:32:38  [main] INFO  o.s.w.s.h.SimpleUrlHandlerMapping - Mapped URL path [/**] onto handler of type [class org.springframework.web.servlet.resource.ResourceHttpRequestHandler] registerHandler
2018-08-06 18:32:38  [main] INFO  o.s.w.s.m.m.a.ExceptionHandlerExceptionResolver - Detected @ExceptionHandler methods in centralizedExceptionHandler initExceptionHandlerAdviceCache
2018-08-06 18:32:39  [main] INFO  o.s.j.e.a.AnnotationMBeanExporter - Registering beans for JMX exposure on startup afterSingletonsInstantiated
2018-08-06 18:32:39  [main] INFO  o.a.coyote.http11.Http11NioProtocol - Starting ProtocolHandler ["http-nio-8081"] log
2018-08-06 18:32:39  [main] INFO  o.a.tomcat.util.net.NioSelectorPool - Using a shared selector for servlet write/read log
2018-08-06 18:32:39  [main] INFO  o.s.b.w.e.tomcat.TomcatWebServer - Tomcat started on port(s): 8081 (http) with context path '' start
2018-08-06 18:32:39  [main] INFO  c.m.m.proposal.ProposalApplication - Started ProposalApplication in 3.002 seconds (JVM running for 3.683) logStarted
2018-08-06 18:32:56  [http-nio-8081-exec-2] INFO  o.a.c.c.C.[Tomcat].[localhost].[/] - Initializing Spring FrameworkServlet 'dispatcherServlet' log
2018-08-06 18:32:56  [http-nio-8081-exec-2] INFO  o.s.web.servlet.DispatcherServlet - FrameworkServlet 'dispatcherServlet': initialization started initServletBean
2018-08-06 18:32:56  [http-nio-8081-exec-2] INFO  o.s.web.servlet.DispatcherServlet - FrameworkServlet 'dispatcherServlet': initialization completed in 21 ms initServletBean
2018-08-06 18:32:56 02496773-fb55-4b17-9c78-3bd4b435ebb2 [http-nio-8081-exec-2] INFO  c.m.m.p.c.ProposalController - Request with requestId 02496773-fb55-4b17-9c78-3bd4b435ebb2 is being processed saveProposalForm
2018-08-06 18:32:56 02496773-fb55-4b17-9c78-3bd4b435ebb2 [http-nio-8081-exec-2] ERROR c.m.m.p.c.ProposalController - Error occurred for request object InputRequest [request=Request [metadata=Metadata [env=dev, requestId=1234567890], requestData=RequestData [requestPayload=RequestPayload [proposalDetails=null]]]] saveProposalForm
2018-08-06 18:32:56 02496773-fb55-4b17-9c78-3bd4b435ebb2 [http-nio-8081-exec-2] ERROR c.m.m.p.e.CentralizedExceptionHandler - Stack trace [com.mli.matrix.proposal.controller.ProposalController.saveProposalForm(ProposalController.java:60), sun.reflect.NativeMethodAccessorImpl.invoke0(Native Method), sun.reflect.NativeMethodAccessorImpl.invoke(Unknown Source), sun.reflect.DelegatingMethodAccessorImpl.invoke(Unknown Source), java.lang.reflect.Method.invoke(Unknown Source), org.springframework.web.method.support.InvocableHandlerMethod.doInvoke(InvocableHandlerMethod.java:209), org.springframework.web.method.support.InvocableHandlerMethod.invokeForRequest(InvocableHandlerMethod.java:136), org.springframework.web.servlet.mvc.method.annotation.ServletInvocableHandlerMethod.invokeAndHandle(ServletInvocableHandlerMethod.java:102), org.springframework.web.servlet.mvc.method.annotation.RequestMappingHandlerAdapter.invokeHandlerMethod(RequestMappingHandlerAdapter.java:877), org.springframework.web.servlet.mvc.method.annotation.RequestMappingHandlerAdapter.handleInternal(RequestMappingHandlerAdapter.java:783), org.springframework.web.servlet.mvc.method.AbstractHandlerMethodAdapter.handle(AbstractHandlerMethodAdapter.java:87), org.springframework.web.servlet.DispatcherServlet.doDispatch(DispatcherServlet.java:991), org.springframework.web.servlet.DispatcherServlet.doService(DispatcherServlet.java:925), org.springframework.web.servlet.FrameworkServlet.processRequest(FrameworkServlet.java:974), org.springframework.web.servlet.FrameworkServlet.doPost(FrameworkServlet.java:877), javax.servlet.http.HttpServlet.service(HttpServlet.java:661), org.springframework.web.servlet.FrameworkServlet.service(FrameworkServlet.java:851), javax.servlet.http.HttpServlet.service(HttpServlet.java:742), org.apache.catalina.core.ApplicationFilterChain.internalDoFilter(ApplicationFilterChain.java:231), org.apache.catalina.core.ApplicationFilterChain.doFilter(ApplicationFilterChain.java:166), org.apache.tomcat.websocket.server.WsFilter.doFilter(WsFilter.java:52), org.apache.catalina.core.ApplicationFilterChain.internalDoFilter(ApplicationFilterChain.java:193), org.apache.catalina.core.ApplicationFilterChain.doFilter(ApplicationFilterChain.java:166), com.mli.matrix.proposal.filter.MDCFilter.doFilter(MDCFilter.java:44), org.apache.catalina.core.ApplicationFilterChain.internalDoFilter(ApplicationFilterChain.java:193), org.apache.catalina.core.ApplicationFilterChain.doFilter(ApplicationFilterChain.java:166), org.springframework.web.filter.RequestContextFilter.doFilterInternal(RequestContextFilter.java:99), org.springframework.web.filter.OncePerRequestFilter.doFilter(OncePerRequestFilter.java:107), org.apache.catalina.core.ApplicationFilterChain.internalDoFilter(ApplicationFilterChain.java:193), org.apache.catalina.core.ApplicationFilterChain.doFilter(ApplicationFilterChain.java:166), org.springframework.web.filter.HttpPutFormContentFilter.doFilterInternal(HttpPutFormContentFilter.java:109), org.springframework.web.filter.OncePerRequestFilter.doFilter(OncePerRequestFilter.java:107), org.apache.catalina.core.ApplicationFilterChain.internalDoFilter(ApplicationFilterChain.java:193), org.apache.catalina.core.ApplicationFilterChain.doFilter(ApplicationFilterChain.java:166), org.springframework.web.filter.HiddenHttpMethodFilter.doFilterInternal(HiddenHttpMethodFilter.java:93), org.springframework.web.filter.OncePerRequestFilter.doFilter(OncePerRequestFilter.java:107), org.apache.catalina.core.ApplicationFilterChain.internalDoFilter(ApplicationFilterChain.java:193), org.apache.catalina.core.ApplicationFilterChain.doFilter(ApplicationFilterChain.java:166), org.springframework.web.filter.CharacterEncodingFilter.doFilterInternal(CharacterEncodingFilter.java:200), org.springframework.web.filter.OncePerRequestFilter.doFilter(OncePerRequestFilter.java:107), org.apache.catalina.core.ApplicationFilterChain.internalDoFilter(ApplicationFilterChain.java:193), org.apache.catalina.core.ApplicationFilterChain.doFilter(ApplicationFilterChain.java:166), org.apache.catalina.core.StandardWrapperValve.invoke(StandardWrapperValve.java:198), org.apache.catalina.core.StandardContextValve.invoke(StandardContextValve.java:96), org.apache.catalina.authenticator.AuthenticatorBase.invoke(AuthenticatorBase.java:496), org.apache.catalina.core.StandardHostValve.invoke(StandardHostValve.java:140), org.apache.catalina.valves.ErrorReportValve.invoke(ErrorReportValve.java:81), org.apache.catalina.core.StandardEngineValve.invoke(StandardEngineValve.java:87), org.apache.catalina.connector.CoyoteAdapter.service(CoyoteAdapter.java:342), org.apache.coyote.http11.Http11Processor.service(Http11Processor.java:803), org.apache.coyote.AbstractProcessorLight.process(AbstractProcessorLight.java:66), org.apache.coyote.AbstractProtocol$ConnectionHandler.process(AbstractProtocol.java:790), org.apache.tomcat.util.net.NioEndpoint$SocketProcessor.doRun(NioEndpoint.java:1468), org.apache.tomcat.util.net.SocketProcessorBase.run(SocketProcessorBase.java:49), java.util.concurrent.ThreadPoolExecutor.runWorker(Unknown Source), java.util.concurrent.ThreadPoolExecutor$Worker.run(Unknown Source), org.apache.tomcat.util.threads.TaskThread$WrappingRunnable.run(TaskThread.java:61), java.lang.Thread.run(Unknown Source)] handleBaseExceptions
2018-08-06 18:32:56 02496773-fb55-4b17-9c78-3bd4b435ebb2 [http-nio-8081-exec-2] ERROR c.m.m.p.e.CentralizedExceptionHandler - error occurred in serving request 02496773-fb55-4b17-9c78-3bd4b435ebb2 handleBaseExceptions
2018-08-06 18:32:56 02496773-fb55-4b17-9c78-3bd4b435ebb2 [http-nio-8081-exec-2] ERROR c.m.m.p.e.CentralizedExceptionHandler - Response object OutputResponse [response=Response [metadata=null, responseData=null]] for request 02496773-fb55-4b17-9c78-3bd4b435ebb2 handleBaseExceptions
2018-08-06 18:32:56 02496773-fb55-4b17-9c78-3bd4b435ebb2 [http-nio-8081-exec-2] INFO  c.m.matrix.proposal.filter.MDCFilter - Response status 400 doFilter
2018-08-06 18:34:27 6bd96e4a-6c44-4247-b3f0-93bdf7cbbfb8 [http-nio-8081-exec-4] INFO  c.m.m.p.c.ProposalController - Request with requestId 6bd96e4a-6c44-4247-b3f0-93bdf7cbbfb8 is being processed saveProposalForm
2018-08-06 18:34:27 6bd96e4a-6c44-4247-b3f0-93bdf7cbbfb8 [http-nio-8081-exec-4] INFO  c.m.m.p.c.ProposalController - Saving the proposal data of request 6bd96e4a-6c44-4247-b3f0-93bdf7cbbfb8 with proposalNumber null saveProposalDetail
2018-08-06 18:34:27 6bd96e4a-6c44-4247-b3f0-93bdf7cbbfb8 [http-nio-8081-exec-4] INFO  org.mongodb.driver.connection - Opened connection [connectionId{localValue:2, serverValue:108}] to 127.0.0.1:27017 info
2018-08-06 18:34:27 6bd96e4a-6c44-4247-b3f0-93bdf7cbbfb8 [http-nio-8081-exec-4] INFO  c.m.m.p.c.ProposalController - Time 0 took to process the request 6bd96e4a-6c44-4247-b3f0-93bdf7cbbfb8 saveProposalForm
2018-08-06 18:34:27 6bd96e4a-6c44-4247-b3f0-93bdf7cbbfb8 [http-nio-8081-exec-4] INFO  c.m.matrix.proposal.filter.MDCFilter - Response status 200 doFilter
2018-08-06 18:41:48  [RMI TCP Connection(2)-127.0.0.1] INFO  o.s.b.a.SpringApplicationAdminMXBeanRegistrar$SpringApplicationAdmin - Application shutdown requested. shutdown
2018-08-06 18:41:48  [RMI TCP Connection(2)-127.0.0.1] INFO  o.s.b.w.s.c.AnnotationConfigServletWebServerApplicationContext - Closing org.springframework.boot.web.servlet.context.AnnotationConfigServletWebServerApplicationContext@3f197a46: startup date [Mon Aug 06 18:32:36 IST 2018]; root of context hierarchy doClose
2018-08-06 18:41:48  [RMI TCP Connection(2)-127.0.0.1] INFO  o.s.j.e.a.AnnotationMBeanExporter - Unregistering JMX-exposed beans on shutdown destroy
2018-08-06 18:41:48  [RMI TCP Connection(2)-127.0.0.1] INFO  org.mongodb.driver.connection - Closed connection [connectionId{localValue:2, serverValue:108}] to 127.0.0.1:27017 because the pool has been closed. info
2018-08-06 20:22:48  [main] INFO  c.m.m.proposal.ProposalApplication - Starting ProposalApplication on MONO-HYD-LAP-5 with PID 23648 (C:\Users\ravishankar\workspace-sts\Proposal-MS\target\classes started by ravishankar in C:\Users\ravishankar\workspace-sts\Proposal-MS) logStarting
2018-08-06 20:22:48  [main] INFO  c.m.m.proposal.ProposalApplication - The following profiles are active: dev logStartupProfileInfo
2018-08-06 20:22:48  [main] INFO  o.s.b.w.s.c.AnnotationConfigServletWebServerApplicationContext - Refreshing org.springframework.boot.web.servlet.context.AnnotationConfigServletWebServerApplicationContext@6ca8564a: startup date [Mon Aug 06 20:22:48 IST 2018]; root of context hierarchy prepareRefresh
2018-08-06 20:22:49  [main] INFO  o.s.b.w.e.tomcat.TomcatWebServer - Tomcat initialized with port(s): 8080 (http) initialize
2018-08-06 20:22:49  [main] INFO  o.a.coyote.http11.Http11NioProtocol - Initializing ProtocolHandler ["http-nio-8080"] log
2018-08-06 20:22:49  [main] INFO  o.a.catalina.core.StandardService - Starting service [Tomcat] log
2018-08-06 20:22:49  [main] INFO  o.a.catalina.core.StandardEngine - Starting Servlet Engine: Apache Tomcat/8.5.31 log
2018-08-06 20:22:49  [localhost-startStop-1] INFO  o.a.c.core.AprLifecycleListener - The APR based Apache Tomcat Native library which allows optimal performance in production environments was not found on the java.library.path: [C:\Program Files\Java\jre1.8.0_161\bin;C:\WINDOWS\Sun\Java\bin;C:\WINDOWS\system32;C:\WINDOWS;C:\Program Files\Docker\Docker\Resources\bin;C:\ProgramData\Oracle\Java\javapath;C:\Program Files (x86)\Intel\iCLS Client\;C:\Program Files\Intel\iCLS Client\;C:\WINDOWS\system32;C:\WINDOWS;C:\WINDOWS\System32\Wbem;C:\WINDOWS\System32\WindowsPowerShell\v1.0\;C:\Program Files (x86)\Intel\Intel(R) Management Engine Components\DAL;C:\Program Files\Intel\Intel(R) Management Engine Components\DAL;C:\Program Files (x86)\Intel\Intel(R) Management Engine Components\IPT;C:\Program Files\Intel\Intel(R) Management Engine Components\IPT;C:\Program Files\Git\cmd;C:\Program Files\Java\jdk1.8.0_161\bin;C:\Program Files\youtubedl;C:\Program Files\PuTTY\;C:\mongodb\bin;C:\Program Files\MySQL\MySQL Utilities 1.6\;C:\Program Files\dotnet\;C:\Program Files\Microsoft SQL Server\130\Tools\Binn\;C:\Go\bin;C:\WINDOWS\System32\OpenSSH\;C:\apache-maven-3.5.3\bin;C:\Program Files\Amazon\AWSCLI\;C:\Program Files\Amazon\AWSCLI\bin\;C:\Program Files\nodejs\;C:\gradle-4.8.1\bin;;C:\Program Files\Microsoft VS Code\bin;C:\Users\ravishankar\AppData\Local\Programs\Python\Python36\Scripts\;C:\Users\ravishankar\AppData\Local\Programs\Python\Python36\;C:\Users\ravishankar\AppData\Local\Microsoft\WindowsApps;;C:\Program Files\Microsoft VS Code\bin;C:\Users\ravishankar\AppData\Roaming\npm;.] log
2018-08-06 20:22:49  [localhost-startStop-1] INFO  o.a.c.c.C.[Tomcat].[localhost].[/] - Initializing Spring embedded WebApplicationContext log
2018-08-06 20:22:49  [localhost-startStop-1] INFO  o.s.web.context.ContextLoader - Root WebApplicationContext: initialization completed in 1048 ms prepareWebApplicationContext
2018-08-06 20:22:50  [localhost-startStop-1] INFO  o.s.b.w.s.ServletRegistrationBean - Servlet dispatcherServlet mapped to [/] addRegistration
2018-08-06 20:22:50  [localhost-startStop-1] INFO  o.s.b.w.s.FilterRegistrationBean - Mapping filter: 'characterEncodingFilter' to: [/*] configure
2018-08-06 20:22:50  [localhost-startStop-1] INFO  o.s.b.w.s.FilterRegistrationBean - Mapping filter: 'hiddenHttpMethodFilter' to: [/*] configure
2018-08-06 20:22:50  [localhost-startStop-1] INFO  o.s.b.w.s.FilterRegistrationBean - Mapping filter: 'httpPutFormContentFilter' to: [/*] configure
2018-08-06 20:22:50  [localhost-startStop-1] INFO  o.s.b.w.s.FilterRegistrationBean - Mapping filter: 'requestContextFilter' to: [/*] configure
2018-08-06 20:22:50  [localhost-startStop-1] INFO  o.s.b.w.s.FilterRegistrationBean - Mapping filter: 'MDCFilter' to: [/*] configure
2018-08-06 20:22:50  [main] INFO  org.mongodb.driver.cluster - Cluster created with settings {hosts=[10.100.250.31:28017, 10.100.250.62:28018], mode=MULTIPLE, requiredClusterType=REPLICA_SET, serverSelectionTimeout='30000 ms', maxWaitQueueSize=500, requiredReplicaSetName='devreplset'} info
2018-08-06 20:22:50  [main] INFO  org.mongodb.driver.cluster - Adding discovered server 10.100.250.31:28017 to client view of cluster info
2018-08-06 20:22:50  [main] INFO  org.mongodb.driver.cluster - Adding discovered server 10.100.250.62:28018 to client view of cluster info
2018-08-06 20:22:51  [cluster-ClusterId{value='5b6860c2a7fa3a5c6041fc36', description='null'}-10.100.250.31:28017] INFO  org.mongodb.driver.connection - Opened connection [connectionId{localValue:2, serverValue:9}] to 10.100.250.31:28017 info
2018-08-06 20:22:51  [cluster-ClusterId{value='5b6860c2a7fa3a5c6041fc36', description='null'}-10.100.250.31:28017] INFO  org.mongodb.driver.cluster - Monitor thread successfully connected to server with description ServerDescription{address=10.100.250.31:28017, type=REPLICA_SET_SECONDARY, state=CONNECTED, ok=true, version=ServerVersion{versionList=[3, 6, 4]}, minWireVersion=0, maxWireVersion=6, maxDocumentSize=16777216, logicalSessionTimeoutMinutes=30, roundTripTimeNanos=35306200, setName='devreplset', canonicalAddress=10.100.250.31:28017, hosts=[10.100.250.31:28017, 10.100.250.62:28017], passives=[], arbiters=[10.100.250.219:28017], primary='10.100.250.62:28017', tagSet=TagSet{[]}, electionId=null, setVersion=3, lastWriteDate=Mon Aug 06 20:22:31 IST 2018, lastUpdateTimeNanos=764382350017200} info
2018-08-06 20:22:51  [cluster-ClusterId{value='5b6860c2a7fa3a5c6041fc36', description='null'}-10.100.250.31:28017] INFO  org.mongodb.driver.cluster - Adding discovered server 10.100.250.62:28017 to client view of cluster info
2018-08-06 20:22:51  [cluster-ClusterId{value='5b6860c2a7fa3a5c6041fc36', description='null'}-10.100.250.31:28017] INFO  org.mongodb.driver.cluster - Adding discovered server 10.100.250.219:28017 to client view of cluster info
2018-08-06 20:22:51  [main] INFO  o.s.w.s.h.SimpleUrlHandlerMapping - Mapped URL path [/**/favicon.ico] onto handler of type [class org.springframework.web.servlet.resource.ResourceHttpRequestHandler] registerHandler
2018-08-06 20:22:51  [cluster-ClusterId{value='5b6860c2a7fa3a5c6041fc36', description='null'}-10.100.250.219:28017] INFO  org.mongodb.driver.connection - Opened connection [connectionId{localValue:4, serverValue:5}] to 10.100.250.219:28017 info
2018-08-06 20:22:51  [cluster-ClusterId{value='5b6860c2a7fa3a5c6041fc36', description='null'}-10.100.250.219:28017] INFO  org.mongodb.driver.cluster - Monitor thread successfully connected to server with description ServerDescription{address=10.100.250.219:28017, type=REPLICA_SET_ARBITER, state=CONNECTED, ok=true, version=ServerVersion{versionList=[3, 6, 4]}, minWireVersion=0, maxWireVersion=6, maxDocumentSize=16777216, logicalSessionTimeoutMinutes=null, roundTripTimeNanos=33772100, setName='devreplset', canonicalAddress=10.100.250.219:28017, hosts=[10.100.250.31:28017, 10.100.250.62:28017], passives=[], arbiters=[10.100.250.219:28017], primary='10.100.250.62:28017', tagSet=TagSet{[]}, electionId=null, setVersion=3, lastWriteDate=Mon Aug 06 20:22:21 IST 2018, lastUpdateTimeNanos=764382523348300} info
2018-08-06 20:22:51  [main] INFO  o.s.w.s.m.m.a.RequestMappingHandlerAdapter - Looking for @ControllerAdvice: org.springframework.boot.web.servlet.context.AnnotationConfigServletWebServerApplicationContext@6ca8564a: startup date [Mon Aug 06 20:22:48 IST 2018]; root of context hierarchy initControllerAdviceCache
2018-08-06 20:22:51  [cluster-ClusterId{value='5b6860c2a7fa3a5c6041fc36', description='null'}-10.100.250.62:28017] INFO  org.mongodb.driver.connection - Opened connection [connectionId{localValue:3, serverValue:308}] to 10.100.250.62:28017 info
2018-08-06 20:22:51  [main] INFO  o.s.w.s.m.m.a.RequestMappingHandlerMapping - Mapped "{[/fulfillment/api/proposalservices/saveproposaldata],methods=[POST]}" onto public com.mli.matrix.proposal.models.OutputResponse com.mli.matrix.proposal.controller.ProposalController.saveProposalForm(com.mli.matrix.proposal.models.InputRequest) throws com.mli.matrix.proposal.exception.BaseException register
2018-08-06 20:22:51  [main] INFO  o.s.w.s.m.m.a.RequestMappingHandlerMapping - Mapped "{[/error]}" onto public org.springframework.http.ResponseEntity<java.util.Map<java.lang.String, java.lang.Object>> org.springframework.boot.autoconfigure.web.servlet.error.BasicErrorController.error(javax.servlet.http.HttpServletRequest) register
2018-08-06 20:22:51  [main] INFO  o.s.w.s.m.m.a.RequestMappingHandlerMapping - Mapped "{[/error],produces=[text/html]}" onto public org.springframework.web.servlet.ModelAndView org.springframework.boot.autoconfigure.web.servlet.error.BasicErrorController.errorHtml(javax.servlet.http.HttpServletRequest,javax.servlet.http.HttpServletResponse) register
2018-08-06 20:22:51  [main] INFO  o.s.w.s.h.SimpleUrlHandlerMapping - Mapped URL path [/webjars/**] onto handler of type [class org.springframework.web.servlet.resource.ResourceHttpRequestHandler] registerHandler
2018-08-06 20:22:51  [main] INFO  o.s.w.s.h.SimpleUrlHandlerMapping - Mapped URL path [/**] onto handler of type [class org.springframework.web.servlet.resource.ResourceHttpRequestHandler] registerHandler
2018-08-06 20:22:51  [cluster-ClusterId{value='5b6860c2a7fa3a5c6041fc36', description='null'}-10.100.250.62:28017] INFO  org.mongodb.driver.cluster - Monitor thread successfully connected to server with description ServerDescription{address=10.100.250.62:28017, type=REPLICA_SET_PRIMARY, state=CONNECTED, ok=true, version=ServerVersion{versionList=[3, 6, 4]}, minWireVersion=0, maxWireVersion=6, maxDocumentSize=16777216, logicalSessionTimeoutMinutes=30, roundTripTimeNanos=34877800, setName='devreplset', canonicalAddress=10.100.250.62:28017, hosts=[10.100.250.31:28017, 10.100.250.62:28017], passives=[], arbiters=[10.100.250.219:28017], primary='10.100.250.62:28017', tagSet=TagSet{[]}, electionId=7fffffff0000000000000006, setVersion=3, lastWriteDate=Mon Aug 06 20:22:31 IST 2018, lastUpdateTimeNanos=764382647550200} info
2018-08-06 20:22:51  [cluster-ClusterId{value='5b6860c2a7fa3a5c6041fc36', description='null'}-10.100.250.62:28017] INFO  org.mongodb.driver.cluster - Server 10.100.250.62:28018 is no longer a member of the replica set.  Removing from client view of cluster. info
2018-08-06 20:22:51  [cluster-ClusterId{value='5b6860c2a7fa3a5c6041fc36', description='null'}-10.100.250.62:28017] INFO  org.mongodb.driver.cluster - Setting max election id to 7fffffff0000000000000006 from replica set primary 10.100.250.62:28017 info
2018-08-06 20:22:51  [cluster-ClusterId{value='5b6860c2a7fa3a5c6041fc36', description='null'}-10.100.250.62:28017] INFO  org.mongodb.driver.cluster - Setting max set version to 3 from replica set primary 10.100.250.62:28017 info
2018-08-06 20:22:51  [cluster-ClusterId{value='5b6860c2a7fa3a5c6041fc36', description='null'}-10.100.250.62:28017] INFO  org.mongodb.driver.cluster - Discovered replica set primary 10.100.250.62:28017 info
2018-08-06 20:22:51  [main] INFO  o.s.w.s.m.m.a.ExceptionHandlerExceptionResolver - Detected @ExceptionHandler methods in centralizedExceptionHandler initExceptionHandlerAdviceCache
2018-08-06 20:22:51  [main] INFO  o.s.j.e.a.AnnotationMBeanExporter - Registering beans for JMX exposure on startup afterSingletonsInstantiated
2018-08-06 20:22:51  [main] INFO  o.a.coyote.http11.Http11NioProtocol - Starting ProtocolHandler ["http-nio-8080"] log
2018-08-06 20:22:51  [main] ERROR o.a.catalina.core.StandardService - Failed to start connector [Connector[HTTP/1.1-8080]] log
org.apache.catalina.LifecycleException: Failed to start component [Connector[HTTP/1.1-8080]]
	at org.apache.catalina.util.LifecycleBase.start(LifecycleBase.java:167)
	at org.apache.catalina.core.StandardService.addConnector(StandardService.java:225)
	at org.springframework.boot.web.embedded.tomcat.TomcatWebServer.addPreviouslyRemovedConnectors(TomcatWebServer.java:256)
	at org.springframework.boot.web.embedded.tomcat.TomcatWebServer.start(TomcatWebServer.java:198)
	at org.springframework.boot.web.servlet.context.ServletWebServerApplicationContext.startWebServer(ServletWebServerApplicationContext.java:300)
	at org.springframework.boot.web.servlet.context.ServletWebServerApplicationContext.finishRefresh(ServletWebServerApplicationContext.java:162)
	at org.springframework.context.support.AbstractApplicationContext.refresh(AbstractApplicationContext.java:553)
	at org.springframework.boot.web.servlet.context.ServletWebServerApplicationContext.refresh(ServletWebServerApplicationContext.java:140)
	at org.springframework.boot.SpringApplication.refresh(SpringApplication.java:759)
	at org.springframework.boot.SpringApplication.refreshContext(SpringApplication.java:395)
	at org.springframework.boot.SpringApplication.run(SpringApplication.java:327)
	at org.springframework.boot.SpringApplication.run(SpringApplication.java:1255)
	at org.springframework.boot.SpringApplication.run(SpringApplication.java:1243)
	at com.mli.matrix.proposal.ProposalApplication.main(ProposalApplication.java:10)
Caused by: org.apache.catalina.LifecycleException: Protocol handler start failed
	at org.apache.catalina.connector.Connector.startInternal(Connector.java:1020)
	at org.apache.catalina.util.LifecycleBase.start(LifecycleBase.java:150)
	... 13 common frames omitted
Caused by: java.net.BindException: Address already in use: bind
	at sun.nio.ch.Net.bind0(Native Method)
	at sun.nio.ch.Net.bind(Unknown Source)
	at sun.nio.ch.Net.bind(Unknown Source)
	at sun.nio.ch.ServerSocketChannelImpl.bind(Unknown Source)
	at sun.nio.ch.ServerSocketAdaptor.bind(Unknown Source)
	at org.apache.tomcat.util.net.NioEndpoint.bind(NioEndpoint.java:210)
	at org.apache.tomcat.util.net.AbstractEndpoint.start(AbstractEndpoint.java:1150)
	at org.apache.coyote.AbstractProtocol.start(AbstractProtocol.java:591)
	at org.apache.catalina.connector.Connector.startInternal(Connector.java:1018)
	... 14 common frames omitted
2018-08-06 20:22:51  [main] INFO  o.a.coyote.http11.Http11NioProtocol - Pausing ProtocolHandler ["http-nio-8080"] log
2018-08-06 20:22:51  [main] INFO  o.a.catalina.core.StandardService - Stopping service [Tomcat] log
2018-08-06 20:22:51  [main] INFO  o.apache.catalina.util.LifecycleBase - The stop() method was called on component [StandardServer[-1]] after stop() had already been called. The second call will be ignored. log
2018-08-06 20:22:51  [main] INFO  o.a.coyote.http11.Http11NioProtocol - Stopping ProtocolHandler ["http-nio-8080"] log
2018-08-06 20:22:51  [main] INFO  o.a.coyote.http11.Http11NioProtocol - Destroying ProtocolHandler ["http-nio-8080"] log
2018-08-06 20:22:51  [main] INFO  o.s.b.a.l.ConditionEvaluationReportLoggingListener - 

Error starting ApplicationContext. To display the conditions report re-run your application with 'debug' enabled. logAutoConfigurationReport
2018-08-06 20:22:51  [main] ERROR o.s.b.d.LoggingFailureAnalysisReporter - 

***************************
APPLICATION FAILED TO START
***************************

Description:

The Tomcat connector configured to listen on port 8080 failed to start. The port may already be in use or the connector may be misconfigured.

Action:

Verify the connector's configuration, identify and stop any process that's listening on port 8080, or configure this application to listen on another port.
 report
2018-08-06 20:22:51  [main] INFO  o.s.b.w.s.c.AnnotationConfigServletWebServerApplicationContext - Closing org.springframework.boot.web.servlet.context.AnnotationConfigServletWebServerApplicationContext@6ca8564a: startup date [Mon Aug 06 20:22:48 IST 2018]; root of context hierarchy doClose
2018-08-06 20:22:51  [main] INFO  o.s.j.e.a.AnnotationMBeanExporter - Unregistering JMX-exposed beans on shutdown destroy
2018-08-06 20:23:35  [main] INFO  c.m.m.proposal.ProposalApplication - Starting ProposalApplication on MONO-HYD-LAP-5 with PID 22008 (C:\Users\ravishankar\workspace-sts\Proposal-MS\target\classes started by ravishankar in C:\Users\ravishankar\workspace-sts\Proposal-MS) logStarting
2018-08-06 20:23:35  [main] INFO  c.m.m.proposal.ProposalApplication - The following profiles are active: dev logStartupProfileInfo
2018-08-06 20:23:35  [main] INFO  o.s.b.w.s.c.AnnotationConfigServletWebServerApplicationContext - Refreshing org.springframework.boot.web.servlet.context.AnnotationConfigServletWebServerApplicationContext@48ae9b55: startup date [Mon Aug 06 20:23:35 IST 2018]; root of context hierarchy prepareRefresh
2018-08-06 20:23:36  [main] INFO  o.s.b.w.e.tomcat.TomcatWebServer - Tomcat initialized with port(s): 8080 (http) initialize
2018-08-06 20:23:36  [main] INFO  o.a.coyote.http11.Http11NioProtocol - Initializing ProtocolHandler ["http-nio-8080"] log
2018-08-06 20:23:36  [main] INFO  o.a.catalina.core.StandardService - Starting service [Tomcat] log
2018-08-06 20:23:36  [main] INFO  o.a.catalina.core.StandardEngine - Starting Servlet Engine: Apache Tomcat/8.5.31 log
2018-08-06 20:23:36  [localhost-startStop-1] INFO  o.a.c.core.AprLifecycleListener - The APR based Apache Tomcat Native library which allows optimal performance in production environments was not found on the java.library.path: [C:\Program Files\Java\jre1.8.0_161\bin;C:\WINDOWS\Sun\Java\bin;C:\WINDOWS\system32;C:\WINDOWS;C:\Program Files\Docker\Docker\Resources\bin;C:\ProgramData\Oracle\Java\javapath;C:\Program Files (x86)\Intel\iCLS Client\;C:\Program Files\Intel\iCLS Client\;C:\WINDOWS\system32;C:\WINDOWS;C:\WINDOWS\System32\Wbem;C:\WINDOWS\System32\WindowsPowerShell\v1.0\;C:\Program Files (x86)\Intel\Intel(R) Management Engine Components\DAL;C:\Program Files\Intel\Intel(R) Management Engine Components\DAL;C:\Program Files (x86)\Intel\Intel(R) Management Engine Components\IPT;C:\Program Files\Intel\Intel(R) Management Engine Components\IPT;C:\Program Files\Git\cmd;C:\Program Files\Java\jdk1.8.0_161\bin;C:\Program Files\youtubedl;C:\Program Files\PuTTY\;C:\mongodb\bin;C:\Program Files\MySQL\MySQL Utilities 1.6\;C:\Program Files\dotnet\;C:\Program Files\Microsoft SQL Server\130\Tools\Binn\;C:\Go\bin;C:\WINDOWS\System32\OpenSSH\;C:\apache-maven-3.5.3\bin;C:\Program Files\Amazon\AWSCLI\;C:\Program Files\Amazon\AWSCLI\bin\;C:\Program Files\nodejs\;C:\gradle-4.8.1\bin;;C:\Program Files\Microsoft VS Code\bin;C:\Users\ravishankar\AppData\Local\Programs\Python\Python36\Scripts\;C:\Users\ravishankar\AppData\Local\Programs\Python\Python36\;C:\Users\ravishankar\AppData\Local\Microsoft\WindowsApps;;C:\Program Files\Microsoft VS Code\bin;C:\Users\ravishankar\AppData\Roaming\npm;.] log
2018-08-06 20:23:36  [localhost-startStop-1] INFO  o.a.c.c.C.[Tomcat].[localhost].[/] - Initializing Spring embedded WebApplicationContext log
2018-08-06 20:23:36  [localhost-startStop-1] INFO  o.s.web.context.ContextLoader - Root WebApplicationContext: initialization completed in 1087 ms prepareWebApplicationContext
2018-08-06 20:23:36  [localhost-startStop-1] INFO  o.s.b.w.s.ServletRegistrationBean - Servlet dispatcherServlet mapped to [/] addRegistration
2018-08-06 20:23:36  [localhost-startStop-1] INFO  o.s.b.w.s.FilterRegistrationBean - Mapping filter: 'characterEncodingFilter' to: [/*] configure
2018-08-06 20:23:36  [localhost-startStop-1] INFO  o.s.b.w.s.FilterRegistrationBean - Mapping filter: 'hiddenHttpMethodFilter' to: [/*] configure
2018-08-06 20:23:36  [localhost-startStop-1] INFO  o.s.b.w.s.FilterRegistrationBean - Mapping filter: 'httpPutFormContentFilter' to: [/*] configure
2018-08-06 20:23:36  [localhost-startStop-1] INFO  o.s.b.w.s.FilterRegistrationBean - Mapping filter: 'requestContextFilter' to: [/*] configure
2018-08-06 20:23:36  [localhost-startStop-1] INFO  o.s.b.w.s.FilterRegistrationBean - Mapping filter: 'MDCFilter' to: [/*] configure
2018-08-06 20:23:37  [main] INFO  org.mongodb.driver.cluster - Cluster created with settings {hosts=[10.100.250.31:28017, 10.100.250.62:28018], mode=MULTIPLE, requiredClusterType=REPLICA_SET, serverSelectionTimeout='30000 ms', maxWaitQueueSize=500, requiredReplicaSetName='devreplset'} info
2018-08-06 20:23:37  [main] INFO  org.mongodb.driver.cluster - Adding discovered server 10.100.250.31:28017 to client view of cluster info
2018-08-06 20:23:37  [main] INFO  org.mongodb.driver.cluster - Adding discovered server 10.100.250.62:28018 to client view of cluster info
2018-08-06 20:23:38  [cluster-ClusterId{value='5b6860f1a7fa3a55f872b574', description='null'}-10.100.250.31:28017] INFO  org.mongodb.driver.connection - Opened connection [connectionId{localValue:1, serverValue:10}] to 10.100.250.31:28017 info
2018-08-06 20:23:38  [cluster-ClusterId{value='5b6860f1a7fa3a55f872b574', description='null'}-10.100.250.31:28017] INFO  org.mongodb.driver.cluster - Monitor thread successfully connected to server with description ServerDescription{address=10.100.250.31:28017, type=REPLICA_SET_SECONDARY, state=CONNECTED, ok=true, version=ServerVersion{versionList=[3, 6, 4]}, minWireVersion=0, maxWireVersion=6, maxDocumentSize=16777216, logicalSessionTimeoutMinutes=30, roundTripTimeNanos=35389000, setName='devreplset', canonicalAddress=10.100.250.31:28017, hosts=[10.100.250.31:28017, 10.100.250.62:28017], passives=[], arbiters=[10.100.250.219:28017], primary='10.100.250.62:28017', tagSet=TagSet{[]}, electionId=null, setVersion=3, lastWriteDate=Mon Aug 06 20:23:11 IST 2018, lastUpdateTimeNanos=764429383938000} info
2018-08-06 20:23:38  [cluster-ClusterId{value='5b6860f1a7fa3a55f872b574', description='null'}-10.100.250.31:28017] INFO  org.mongodb.driver.cluster - Adding discovered server 10.100.250.62:28017 to client view of cluster info
2018-08-06 20:23:38  [cluster-ClusterId{value='5b6860f1a7fa3a55f872b574', description='null'}-10.100.250.31:28017] INFO  org.mongodb.driver.cluster - Adding discovered server 10.100.250.219:28017 to client view of cluster info
2018-08-06 20:23:38  [main] INFO  o.s.w.s.h.SimpleUrlHandlerMapping - Mapped URL path [/**/favicon.ico] onto handler of type [class org.springframework.web.servlet.resource.ResourceHttpRequestHandler] registerHandler
2018-08-06 20:23:38  [cluster-ClusterId{value='5b6860f1a7fa3a55f872b574', description='null'}-10.100.250.219:28017] INFO  org.mongodb.driver.connection - Opened connection [connectionId{localValue:4, serverValue:6}] to 10.100.250.219:28017 info
2018-08-06 20:23:38  [cluster-ClusterId{value='5b6860f1a7fa3a55f872b574', description='null'}-10.100.250.219:28017] INFO  org.mongodb.driver.cluster - Monitor thread successfully connected to server with description ServerDescription{address=10.100.250.219:28017, type=REPLICA_SET_ARBITER, state=CONNECTED, ok=true, version=ServerVersion{versionList=[3, 6, 4]}, minWireVersion=0, maxWireVersion=6, maxDocumentSize=16777216, logicalSessionTimeoutMinutes=null, roundTripTimeNanos=33533700, setName='devreplset', canonicalAddress=10.100.250.219:28017, hosts=[10.100.250.31:28017, 10.100.250.62:28017], passives=[], arbiters=[10.100.250.219:28017], primary='10.100.250.62:28017', tagSet=TagSet{[]}, electionId=null, setVersion=3, lastWriteDate=Mon Aug 06 20:23:11 IST 2018, lastUpdateTimeNanos=764429558739100} info
2018-08-06 20:23:38  [cluster-ClusterId{value='5b6860f1a7fa3a55f872b574', description='null'}-10.100.250.62:28017] INFO  org.mongodb.driver.connection - Opened connection [connectionId{localValue:3, serverValue:309}] to 10.100.250.62:28017 info
2018-08-06 20:23:38  [cluster-ClusterId{value='5b6860f1a7fa3a55f872b574', description='null'}-10.100.250.62:28017] INFO  org.mongodb.driver.cluster - Monitor thread successfully connected to server with description ServerDescription{address=10.100.250.62:28017, type=REPLICA_SET_PRIMARY, state=CONNECTED, ok=true, version=ServerVersion{versionList=[3, 6, 4]}, minWireVersion=0, maxWireVersion=6, maxDocumentSize=16777216, logicalSessionTimeoutMinutes=30, roundTripTimeNanos=35447300, setName='devreplset', canonicalAddress=10.100.250.62:28017, hosts=[10.100.250.31:28017, 10.100.250.62:28017], passives=[], arbiters=[10.100.250.219:28017], primary='10.100.250.62:28017', tagSet=TagSet{[]}, electionId=7fffffff0000000000000006, setVersion=3, lastWriteDate=Mon Aug 06 20:23:11 IST 2018, lastUpdateTimeNanos=764429686675700} info
2018-08-06 20:23:38  [cluster-ClusterId{value='5b6860f1a7fa3a55f872b574', description='null'}-10.100.250.62:28017] INFO  org.mongodb.driver.cluster - Server 10.100.250.62:28018 is no longer a member of the replica set.  Removing from client view of cluster. info
2018-08-06 20:23:38  [cluster-ClusterId{value='5b6860f1a7fa3a55f872b574', description='null'}-10.100.250.62:28017] INFO  org.mongodb.driver.cluster - Setting max election id to 7fffffff0000000000000006 from replica set primary 10.100.250.62:28017 info
2018-08-06 20:23:38  [cluster-ClusterId{value='5b6860f1a7fa3a55f872b574', description='null'}-10.100.250.62:28017] INFO  org.mongodb.driver.cluster - Setting max set version to 3 from replica set primary 10.100.250.62:28017 info
2018-08-06 20:23:38  [cluster-ClusterId{value='5b6860f1a7fa3a55f872b574', description='null'}-10.100.250.62:28017] INFO  org.mongodb.driver.cluster - Discovered replica set primary 10.100.250.62:28017 info
2018-08-06 20:23:38  [main] INFO  o.s.w.s.m.m.a.RequestMappingHandlerAdapter - Looking for @ControllerAdvice: org.springframework.boot.web.servlet.context.AnnotationConfigServletWebServerApplicationContext@48ae9b55: startup date [Mon Aug 06 20:23:35 IST 2018]; root of context hierarchy initControllerAdviceCache
2018-08-06 20:23:38  [main] INFO  o.s.w.s.m.m.a.RequestMappingHandlerMapping - Mapped "{[/fulfillment/api/proposalservices/saveproposaldata],methods=[POST]}" onto public com.mli.matrix.proposal.models.OutputResponse com.mli.matrix.proposal.controller.ProposalController.saveProposalForm(com.mli.matrix.proposal.models.InputRequest) throws com.mli.matrix.proposal.exception.BaseException register
2018-08-06 20:23:38  [main] INFO  o.s.w.s.m.m.a.RequestMappingHandlerMapping - Mapped "{[/error]}" onto public org.springframework.http.ResponseEntity<java.util.Map<java.lang.String, java.lang.Object>> org.springframework.boot.autoconfigure.web.servlet.error.BasicErrorController.error(javax.servlet.http.HttpServletRequest) register
2018-08-06 20:23:38  [main] INFO  o.s.w.s.m.m.a.RequestMappingHandlerMapping - Mapped "{[/error],produces=[text/html]}" onto public org.springframework.web.servlet.ModelAndView org.springframework.boot.autoconfigure.web.servlet.error.BasicErrorController.errorHtml(javax.servlet.http.HttpServletRequest,javax.servlet.http.HttpServletResponse) register
2018-08-06 20:23:38  [main] INFO  o.s.w.s.h.SimpleUrlHandlerMapping - Mapped URL path [/webjars/**] onto handler of type [class org.springframework.web.servlet.resource.ResourceHttpRequestHandler] registerHandler
2018-08-06 20:23:38  [main] INFO  o.s.w.s.h.SimpleUrlHandlerMapping - Mapped URL path [/**] onto handler of type [class org.springframework.web.servlet.resource.ResourceHttpRequestHandler] registerHandler
2018-08-06 20:23:38  [main] INFO  o.s.w.s.m.m.a.ExceptionHandlerExceptionResolver - Detected @ExceptionHandler methods in centralizedExceptionHandler initExceptionHandlerAdviceCache
2018-08-06 20:23:38  [main] INFO  o.s.j.e.a.AnnotationMBeanExporter - Registering beans for JMX exposure on startup afterSingletonsInstantiated
2018-08-06 20:23:38  [main] INFO  o.a.coyote.http11.Http11NioProtocol - Starting ProtocolHandler ["http-nio-8080"] log
2018-08-06 20:23:38  [main] ERROR o.a.catalina.core.StandardService - Failed to start connector [Connector[HTTP/1.1-8080]] log
org.apache.catalina.LifecycleException: Failed to start component [Connector[HTTP/1.1-8080]]
	at org.apache.catalina.util.LifecycleBase.start(LifecycleBase.java:167)
	at org.apache.catalina.core.StandardService.addConnector(StandardService.java:225)
	at org.springframework.boot.web.embedded.tomcat.TomcatWebServer.addPreviouslyRemovedConnectors(TomcatWebServer.java:256)
	at org.springframework.boot.web.embedded.tomcat.TomcatWebServer.start(TomcatWebServer.java:198)
	at org.springframework.boot.web.servlet.context.ServletWebServerApplicationContext.startWebServer(ServletWebServerApplicationContext.java:300)
	at org.springframework.boot.web.servlet.context.ServletWebServerApplicationContext.finishRefresh(ServletWebServerApplicationContext.java:162)
	at org.springframework.context.support.AbstractApplicationContext.refresh(AbstractApplicationContext.java:553)
	at org.springframework.boot.web.servlet.context.ServletWebServerApplicationContext.refresh(ServletWebServerApplicationContext.java:140)
	at org.springframework.boot.SpringApplication.refresh(SpringApplication.java:759)
	at org.springframework.boot.SpringApplication.refreshContext(SpringApplication.java:395)
	at org.springframework.boot.SpringApplication.run(SpringApplication.java:327)
	at org.springframework.boot.SpringApplication.run(SpringApplication.java:1255)
	at org.springframework.boot.SpringApplication.run(SpringApplication.java:1243)
	at com.mli.matrix.proposal.ProposalApplication.main(ProposalApplication.java:10)
Caused by: org.apache.catalina.LifecycleException: Protocol handler start failed
	at org.apache.catalina.connector.Connector.startInternal(Connector.java:1020)
	at org.apache.catalina.util.LifecycleBase.start(LifecycleBase.java:150)
	... 13 common frames omitted
Caused by: java.net.BindException: Address already in use: bind
	at sun.nio.ch.Net.bind0(Native Method)
	at sun.nio.ch.Net.bind(Unknown Source)
	at sun.nio.ch.Net.bind(Unknown Source)
	at sun.nio.ch.ServerSocketChannelImpl.bind(Unknown Source)
	at sun.nio.ch.ServerSocketAdaptor.bind(Unknown Source)
	at org.apache.tomcat.util.net.NioEndpoint.bind(NioEndpoint.java:210)
	at org.apache.tomcat.util.net.AbstractEndpoint.start(AbstractEndpoint.java:1150)
	at org.apache.coyote.AbstractProtocol.start(AbstractProtocol.java:591)
	at org.apache.catalina.connector.Connector.startInternal(Connector.java:1018)
	... 14 common frames omitted
2018-08-06 20:23:38  [main] INFO  o.a.coyote.http11.Http11NioProtocol - Pausing ProtocolHandler ["http-nio-8080"] log
2018-08-06 20:23:38  [main] INFO  o.a.catalina.core.StandardService - Stopping service [Tomcat] log
2018-08-06 20:23:38  [main] INFO  o.apache.catalina.util.LifecycleBase - The stop() method was called on component [StandardServer[-1]] after stop() had already been called. The second call will be ignored. log
2018-08-06 20:23:38  [main] INFO  o.a.coyote.http11.Http11NioProtocol - Stopping ProtocolHandler ["http-nio-8080"] log
2018-08-06 20:23:38  [main] INFO  o.a.coyote.http11.Http11NioProtocol - Destroying ProtocolHandler ["http-nio-8080"] log
2018-08-06 20:23:38  [main] INFO  o.s.b.a.l.ConditionEvaluationReportLoggingListener - 

Error starting ApplicationContext. To display the conditions report re-run your application with 'debug' enabled. logAutoConfigurationReport
2018-08-06 20:23:38  [main] ERROR o.s.b.d.LoggingFailureAnalysisReporter - 

***************************
APPLICATION FAILED TO START
***************************

Description:

The Tomcat connector configured to listen on port 8080 failed to start. The port may already be in use or the connector may be misconfigured.

Action:

Verify the connector's configuration, identify and stop any process that's listening on port 8080, or configure this application to listen on another port.
 report
2018-08-06 20:23:38  [main] INFO  o.s.b.w.s.c.AnnotationConfigServletWebServerApplicationContext - Closing org.springframework.boot.web.servlet.context.AnnotationConfigServletWebServerApplicationContext@48ae9b55: startup date [Mon Aug 06 20:23:35 IST 2018]; root of context hierarchy doClose
2018-08-06 20:23:38  [main] INFO  o.s.j.e.a.AnnotationMBeanExporter - Unregistering JMX-exposed beans on shutdown destroy
2018-08-06 20:26:18  [main] INFO  c.m.m.proposal.ProposalApplication - Starting ProposalApplication on MONO-HYD-LAP-5 with PID 22052 (C:\Users\ravishankar\workspace-sts\Proposal-MS\target\classes started by ravishankar in C:\Users\ravishankar\workspace-sts\Proposal-MS) logStarting
2018-08-06 20:26:18  [main] INFO  c.m.m.proposal.ProposalApplication - The following profiles are active: dev logStartupProfileInfo
2018-08-06 20:26:18  [main] INFO  o.s.b.w.s.c.AnnotationConfigServletWebServerApplicationContext - Refreshing org.springframework.boot.web.servlet.context.AnnotationConfigServletWebServerApplicationContext@1725dc0f: startup date [Mon Aug 06 20:26:18 IST 2018]; root of context hierarchy prepareRefresh
2018-08-06 20:26:19  [main] INFO  o.s.b.w.e.tomcat.TomcatWebServer - Tomcat initialized with port(s): 8080 (http) initialize
2018-08-06 20:26:19  [main] INFO  o.a.coyote.http11.Http11NioProtocol - Initializing ProtocolHandler ["http-nio-8080"] log
2018-08-06 20:26:19  [main] INFO  o.a.catalina.core.StandardService - Starting service [Tomcat] log
2018-08-06 20:26:19  [main] INFO  o.a.catalina.core.StandardEngine - Starting Servlet Engine: Apache Tomcat/8.5.31 log
2018-08-06 20:26:19  [localhost-startStop-1] INFO  o.a.c.core.AprLifecycleListener - The APR based Apache Tomcat Native library which allows optimal performance in production environments was not found on the java.library.path: [C:\Program Files\Java\jre1.8.0_161\bin;C:\WINDOWS\Sun\Java\bin;C:\WINDOWS\system32;C:\WINDOWS;C:\Program Files\Docker\Docker\Resources\bin;C:\ProgramData\Oracle\Java\javapath;C:\Program Files (x86)\Intel\iCLS Client\;C:\Program Files\Intel\iCLS Client\;C:\WINDOWS\system32;C:\WINDOWS;C:\WINDOWS\System32\Wbem;C:\WINDOWS\System32\WindowsPowerShell\v1.0\;C:\Program Files (x86)\Intel\Intel(R) Management Engine Components\DAL;C:\Program Files\Intel\Intel(R) Management Engine Components\DAL;C:\Program Files (x86)\Intel\Intel(R) Management Engine Components\IPT;C:\Program Files\Intel\Intel(R) Management Engine Components\IPT;C:\Program Files\Git\cmd;C:\Program Files\Java\jdk1.8.0_161\bin;C:\Program Files\youtubedl;C:\Program Files\PuTTY\;C:\mongodb\bin;C:\Program Files\MySQL\MySQL Utilities 1.6\;C:\Program Files\dotnet\;C:\Program Files\Microsoft SQL Server\130\Tools\Binn\;C:\Go\bin;C:\WINDOWS\System32\OpenSSH\;C:\apache-maven-3.5.3\bin;C:\Program Files\Amazon\AWSCLI\;C:\Program Files\Amazon\AWSCLI\bin\;C:\Program Files\nodejs\;C:\gradle-4.8.1\bin;;C:\Program Files\Microsoft VS Code\bin;C:\Users\ravishankar\AppData\Local\Programs\Python\Python36\Scripts\;C:\Users\ravishankar\AppData\Local\Programs\Python\Python36\;C:\Users\ravishankar\AppData\Local\Microsoft\WindowsApps;;C:\Program Files\Microsoft VS Code\bin;C:\Users\ravishankar\AppData\Roaming\npm;.] log
2018-08-06 20:26:19  [localhost-startStop-1] INFO  o.a.c.c.C.[Tomcat].[localhost].[/] - Initializing Spring embedded WebApplicationContext log
2018-08-06 20:26:19  [localhost-startStop-1] INFO  o.s.web.context.ContextLoader - Root WebApplicationContext: initialization completed in 1009 ms prepareWebApplicationContext
2018-08-06 20:26:19  [localhost-startStop-1] INFO  o.s.b.w.s.ServletRegistrationBean - Servlet dispatcherServlet mapped to [/] addRegistration
2018-08-06 20:26:19  [localhost-startStop-1] INFO  o.s.b.w.s.FilterRegistrationBean - Mapping filter: 'characterEncodingFilter' to: [/*] configure
2018-08-06 20:26:19  [localhost-startStop-1] INFO  o.s.b.w.s.FilterRegistrationBean - Mapping filter: 'hiddenHttpMethodFilter' to: [/*] configure
2018-08-06 20:26:19  [localhost-startStop-1] INFO  o.s.b.w.s.FilterRegistrationBean - Mapping filter: 'httpPutFormContentFilter' to: [/*] configure
2018-08-06 20:26:19  [localhost-startStop-1] INFO  o.s.b.w.s.FilterRegistrationBean - Mapping filter: 'requestContextFilter' to: [/*] configure
2018-08-06 20:26:19  [localhost-startStop-1] INFO  o.s.b.w.s.FilterRegistrationBean - Mapping filter: 'MDCFilter' to: [/*] configure
2018-08-06 20:26:20  [main] INFO  org.mongodb.driver.cluster - Cluster created with settings {hosts=[10.100.250.31:28017, 10.100.250.62:28018], mode=MULTIPLE, requiredClusterType=REPLICA_SET, serverSelectionTimeout='30000 ms', maxWaitQueueSize=500, requiredReplicaSetName='devreplset'} info
2018-08-06 20:26:20  [main] INFO  org.mongodb.driver.cluster - Adding discovered server 10.100.250.31:28017 to client view of cluster info
2018-08-06 20:26:20  [main] INFO  org.mongodb.driver.cluster - Adding discovered server 10.100.250.62:28018 to client view of cluster info
2018-08-06 20:26:20  [cluster-ClusterId{value='5b686194a7fa3a562446a7e0', description='null'}-10.100.250.31:28017] INFO  org.mongodb.driver.connection - Opened connection [connectionId{localValue:2, serverValue:12}] to 10.100.250.31:28017 info
2018-08-06 20:26:20  [cluster-ClusterId{value='5b686194a7fa3a562446a7e0', description='null'}-10.100.250.31:28017] INFO  org.mongodb.driver.cluster - Monitor thread successfully connected to server with description ServerDescription{address=10.100.250.31:28017, type=REPLICA_SET_SECONDARY, state=CONNECTED, ok=true, version=ServerVersion{versionList=[3, 6, 4]}, minWireVersion=0, maxWireVersion=6, maxDocumentSize=16777216, logicalSessionTimeoutMinutes=30, roundTripTimeNanos=35754900, setName='devreplset', canonicalAddress=10.100.250.31:28017, hosts=[10.100.250.31:28017, 10.100.250.62:28017], passives=[], arbiters=[10.100.250.219:28017], primary='10.100.250.62:28017', tagSet=TagSet{[]}, electionId=null, setVersion=3, lastWriteDate=Mon Aug 06 20:25:51 IST 2018, lastUpdateTimeNanos=764591577475700} info
2018-08-06 20:26:20  [cluster-ClusterId{value='5b686194a7fa3a562446a7e0', description='null'}-10.100.250.31:28017] INFO  org.mongodb.driver.cluster - Adding discovered server 10.100.250.62:28017 to client view of cluster info
2018-08-06 20:26:20  [cluster-ClusterId{value='5b686194a7fa3a562446a7e0', description='null'}-10.100.250.31:28017] INFO  org.mongodb.driver.cluster - Adding discovered server 10.100.250.219:28017 to client view of cluster info
2018-08-06 20:26:20  [main] INFO  o.s.w.s.h.SimpleUrlHandlerMapping - Mapped URL path [/**/favicon.ico] onto handler of type [class org.springframework.web.servlet.resource.ResourceHttpRequestHandler] registerHandler
2018-08-06 20:26:20  [cluster-ClusterId{value='5b686194a7fa3a562446a7e0', description='null'}-10.100.250.219:28017] INFO  org.mongodb.driver.connection - Opened connection [connectionId{localValue:4, serverValue:8}] to 10.100.250.219:28017 info
2018-08-06 20:26:20  [cluster-ClusterId{value='5b686194a7fa3a562446a7e0', description='null'}-10.100.250.219:28017] INFO  org.mongodb.driver.cluster - Monitor thread successfully connected to server with description ServerDescription{address=10.100.250.219:28017, type=REPLICA_SET_ARBITER, state=CONNECTED, ok=true, version=ServerVersion{versionList=[3, 6, 4]}, minWireVersion=0, maxWireVersion=6, maxDocumentSize=16777216, logicalSessionTimeoutMinutes=null, roundTripTimeNanos=33607400, setName='devreplset', canonicalAddress=10.100.250.219:28017, hosts=[10.100.250.31:28017, 10.100.250.62:28017], passives=[], arbiters=[10.100.250.219:28017], primary='10.100.250.62:28017', tagSet=TagSet{[]}, electionId=null, setVersion=3, lastWriteDate=Mon Aug 06 20:25:51 IST 2018, lastUpdateTimeNanos=764591749926900} info
2018-08-06 20:26:20  [main] INFO  o.s.w.s.m.m.a.RequestMappingHandlerAdapter - Looking for @ControllerAdvice: org.springframework.boot.web.servlet.context.AnnotationConfigServletWebServerApplicationContext@1725dc0f: startup date [Mon Aug 06 20:26:18 IST 2018]; root of context hierarchy initControllerAdviceCache
2018-08-06 20:26:20  [cluster-ClusterId{value='5b686194a7fa3a562446a7e0', description='null'}-10.100.250.62:28017] INFO  org.mongodb.driver.connection - Opened connection [connectionId{localValue:3, serverValue:323}] to 10.100.250.62:28017 info
2018-08-06 20:26:20  [main] INFO  o.s.w.s.m.m.a.RequestMappingHandlerMapping - Mapped "{[/fulfillment/api/proposalservices/saveproposaldata],methods=[POST]}" onto public com.mli.matrix.proposal.models.OutputResponse com.mli.matrix.proposal.controller.ProposalController.saveProposalForm(com.mli.matrix.proposal.models.InputRequest) throws com.mli.matrix.proposal.exception.BaseException register
2018-08-06 20:26:20  [main] INFO  o.s.w.s.m.m.a.RequestMappingHandlerMapping - Mapped "{[/error]}" onto public org.springframework.http.ResponseEntity<java.util.Map<java.lang.String, java.lang.Object>> org.springframework.boot.autoconfigure.web.servlet.error.BasicErrorController.error(javax.servlet.http.HttpServletRequest) register
2018-08-06 20:26:20  [main] INFO  o.s.w.s.m.m.a.RequestMappingHandlerMapping - Mapped "{[/error],produces=[text/html]}" onto public org.springframework.web.servlet.ModelAndView org.springframework.boot.autoconfigure.web.servlet.error.BasicErrorController.errorHtml(javax.servlet.http.HttpServletRequest,javax.servlet.http.HttpServletResponse) register
2018-08-06 20:26:20  [cluster-ClusterId{value='5b686194a7fa3a562446a7e0', description='null'}-10.100.250.62:28017] INFO  org.mongodb.driver.cluster - Monitor thread successfully connected to server with description ServerDescription{address=10.100.250.62:28017, type=REPLICA_SET_PRIMARY, state=CONNECTED, ok=true, version=ServerVersion{versionList=[3, 6, 4]}, minWireVersion=0, maxWireVersion=6, maxDocumentSize=16777216, logicalSessionTimeoutMinutes=30, roundTripTimeNanos=35357700, setName='devreplset', canonicalAddress=10.100.250.62:28017, hosts=[10.100.250.31:28017, 10.100.250.62:28017], passives=[], arbiters=[10.100.250.219:28017], primary='10.100.250.62:28017', tagSet=TagSet{[]}, electionId=7fffffff0000000000000006, setVersion=3, lastWriteDate=Mon Aug 06 20:25:51 IST 2018, lastUpdateTimeNanos=764591879729900} info
2018-08-06 20:26:20  [cluster-ClusterId{value='5b686194a7fa3a562446a7e0', description='null'}-10.100.250.62:28017] INFO  org.mongodb.driver.cluster - Server 10.100.250.62:28018 is no longer a member of the replica set.  Removing from client view of cluster. info
2018-08-06 20:26:20  [cluster-ClusterId{value='5b686194a7fa3a562446a7e0', description='null'}-10.100.250.62:28017] INFO  org.mongodb.driver.cluster - Setting max election id to 7fffffff0000000000000006 from replica set primary 10.100.250.62:28017 info
2018-08-06 20:26:20  [cluster-ClusterId{value='5b686194a7fa3a562446a7e0', description='null'}-10.100.250.62:28017] INFO  org.mongodb.driver.cluster - Setting max set version to 3 from replica set primary 10.100.250.62:28017 info
2018-08-06 20:26:20  [cluster-ClusterId{value='5b686194a7fa3a562446a7e0', description='null'}-10.100.250.62:28017] INFO  org.mongodb.driver.cluster - Discovered replica set primary 10.100.250.62:28017 info
2018-08-06 20:26:20  [main] INFO  o.s.w.s.h.SimpleUrlHandlerMapping - Mapped URL path [/webjars/**] onto handler of type [class org.springframework.web.servlet.resource.ResourceHttpRequestHandler] registerHandler
2018-08-06 20:26:20  [main] INFO  o.s.w.s.h.SimpleUrlHandlerMapping - Mapped URL path [/**] onto handler of type [class org.springframework.web.servlet.resource.ResourceHttpRequestHandler] registerHandler
2018-08-06 20:26:20  [main] INFO  o.s.w.s.m.m.a.ExceptionHandlerExceptionResolver - Detected @ExceptionHandler methods in centralizedExceptionHandler initExceptionHandlerAdviceCache
2018-08-06 20:26:20  [main] INFO  o.s.j.e.a.AnnotationMBeanExporter - Registering beans for JMX exposure on startup afterSingletonsInstantiated
2018-08-06 20:26:20  [main] INFO  o.a.coyote.http11.Http11NioProtocol - Starting ProtocolHandler ["http-nio-8080"] log
2018-08-06 20:26:20  [main] ERROR o.a.catalina.core.StandardService - Failed to start connector [Connector[HTTP/1.1-8080]] log
org.apache.catalina.LifecycleException: Failed to start component [Connector[HTTP/1.1-8080]]
	at org.apache.catalina.util.LifecycleBase.start(LifecycleBase.java:167)
	at org.apache.catalina.core.StandardService.addConnector(StandardService.java:225)
	at org.springframework.boot.web.embedded.tomcat.TomcatWebServer.addPreviouslyRemovedConnectors(TomcatWebServer.java:256)
	at org.springframework.boot.web.embedded.tomcat.TomcatWebServer.start(TomcatWebServer.java:198)
	at org.springframework.boot.web.servlet.context.ServletWebServerApplicationContext.startWebServer(ServletWebServerApplicationContext.java:300)
	at org.springframework.boot.web.servlet.context.ServletWebServerApplicationContext.finishRefresh(ServletWebServerApplicationContext.java:162)
	at org.springframework.context.support.AbstractApplicationContext.refresh(AbstractApplicationContext.java:553)
	at org.springframework.boot.web.servlet.context.ServletWebServerApplicationContext.refresh(ServletWebServerApplicationContext.java:140)
	at org.springframework.boot.SpringApplication.refresh(SpringApplication.java:759)
	at org.springframework.boot.SpringApplication.refreshContext(SpringApplication.java:395)
	at org.springframework.boot.SpringApplication.run(SpringApplication.java:327)
	at org.springframework.boot.SpringApplication.run(SpringApplication.java:1255)
	at org.springframework.boot.SpringApplication.run(SpringApplication.java:1243)
	at com.mli.matrix.proposal.ProposalApplication.main(ProposalApplication.java:10)
Caused by: org.apache.catalina.LifecycleException: Protocol handler start failed
	at org.apache.catalina.connector.Connector.startInternal(Connector.java:1020)
	at org.apache.catalina.util.LifecycleBase.start(LifecycleBase.java:150)
	... 13 common frames omitted
Caused by: java.net.BindException: Address already in use: bind
	at sun.nio.ch.Net.bind0(Native Method)
	at sun.nio.ch.Net.bind(Unknown Source)
	at sun.nio.ch.Net.bind(Unknown Source)
	at sun.nio.ch.ServerSocketChannelImpl.bind(Unknown Source)
	at sun.nio.ch.ServerSocketAdaptor.bind(Unknown Source)
	at org.apache.tomcat.util.net.NioEndpoint.bind(NioEndpoint.java:210)
	at org.apache.tomcat.util.net.AbstractEndpoint.start(AbstractEndpoint.java:1150)
	at org.apache.coyote.AbstractProtocol.start(AbstractProtocol.java:591)
	at org.apache.catalina.connector.Connector.startInternal(Connector.java:1018)
	... 14 common frames omitted
2018-08-06 20:26:20  [main] INFO  o.a.coyote.http11.Http11NioProtocol - Pausing ProtocolHandler ["http-nio-8080"] log
2018-08-06 20:26:20  [main] INFO  o.a.catalina.core.StandardService - Stopping service [Tomcat] log
2018-08-06 20:26:20  [main] INFO  o.apache.catalina.util.LifecycleBase - The stop() method was called on component [StandardServer[-1]] after stop() had already been called. The second call will be ignored. log
2018-08-06 20:26:20  [main] INFO  o.a.coyote.http11.Http11NioProtocol - Stopping ProtocolHandler ["http-nio-8080"] log
2018-08-06 20:26:20  [main] INFO  o.a.coyote.http11.Http11NioProtocol - Destroying ProtocolHandler ["http-nio-8080"] log
2018-08-06 20:26:20  [main] INFO  o.s.b.a.l.ConditionEvaluationReportLoggingListener - 

Error starting ApplicationContext. To display the conditions report re-run your application with 'debug' enabled. logAutoConfigurationReport
2018-08-06 20:26:20  [main] ERROR o.s.b.d.LoggingFailureAnalysisReporter - 

***************************
APPLICATION FAILED TO START
***************************

Description:

The Tomcat connector configured to listen on port 8080 failed to start. The port may already be in use or the connector may be misconfigured.

Action:

Verify the connector's configuration, identify and stop any process that's listening on port 8080, or configure this application to listen on another port.
 report
2018-08-06 20:26:20  [main] INFO  o.s.b.w.s.c.AnnotationConfigServletWebServerApplicationContext - Closing org.springframework.boot.web.servlet.context.AnnotationConfigServletWebServerApplicationContext@1725dc0f: startup date [Mon Aug 06 20:26:18 IST 2018]; root of context hierarchy doClose
2018-08-06 20:26:20  [main] INFO  o.s.j.e.a.AnnotationMBeanExporter - Unregistering JMX-exposed beans on shutdown destroy
2018-08-06 20:26:32  [main] INFO  c.m.m.proposal.ProposalApplication - Starting ProposalApplication on MONO-HYD-LAP-5 with PID 15868 (C:\Users\ravishankar\workspace-sts\Proposal-MS\target\classes started by ravishankar in C:\Users\ravishankar\workspace-sts\Proposal-MS) logStarting
2018-08-06 20:26:32  [main] INFO  c.m.m.proposal.ProposalApplication - The following profiles are active: dev logStartupProfileInfo
2018-08-06 20:26:32  [main] INFO  o.s.b.w.s.c.AnnotationConfigServletWebServerApplicationContext - Refreshing org.springframework.boot.web.servlet.context.AnnotationConfigServletWebServerApplicationContext@57c758ac: startup date [Mon Aug 06 20:26:32 IST 2018]; root of context hierarchy prepareRefresh
2018-08-06 20:26:33  [main] INFO  o.s.b.w.e.tomcat.TomcatWebServer - Tomcat initialized with port(s): 8080 (http) initialize
2018-08-06 20:26:33  [main] INFO  o.a.coyote.http11.Http11NioProtocol - Initializing ProtocolHandler ["http-nio-8080"] log
2018-08-06 20:26:33  [main] INFO  o.a.catalina.core.StandardService - Starting service [Tomcat] log
2018-08-06 20:26:33  [main] INFO  o.a.catalina.core.StandardEngine - Starting Servlet Engine: Apache Tomcat/8.5.31 log
2018-08-06 20:26:33  [localhost-startStop-1] INFO  o.a.c.core.AprLifecycleListener - The APR based Apache Tomcat Native library which allows optimal performance in production environments was not found on the java.library.path: [C:\Program Files\Java\jre1.8.0_161\bin;C:\WINDOWS\Sun\Java\bin;C:\WINDOWS\system32;C:\WINDOWS;C:\Program Files\Docker\Docker\Resources\bin;C:\ProgramData\Oracle\Java\javapath;C:\Program Files (x86)\Intel\iCLS Client\;C:\Program Files\Intel\iCLS Client\;C:\WINDOWS\system32;C:\WINDOWS;C:\WINDOWS\System32\Wbem;C:\WINDOWS\System32\WindowsPowerShell\v1.0\;C:\Program Files (x86)\Intel\Intel(R) Management Engine Components\DAL;C:\Program Files\Intel\Intel(R) Management Engine Components\DAL;C:\Program Files (x86)\Intel\Intel(R) Management Engine Components\IPT;C:\Program Files\Intel\Intel(R) Management Engine Components\IPT;C:\Program Files\Git\cmd;C:\Program Files\Java\jdk1.8.0_161\bin;C:\Program Files\youtubedl;C:\Program Files\PuTTY\;C:\mongodb\bin;C:\Program Files\MySQL\MySQL Utilities 1.6\;C:\Program Files\dotnet\;C:\Program Files\Microsoft SQL Server\130\Tools\Binn\;C:\Go\bin;C:\WINDOWS\System32\OpenSSH\;C:\apache-maven-3.5.3\bin;C:\Program Files\Amazon\AWSCLI\;C:\Program Files\Amazon\AWSCLI\bin\;C:\Program Files\nodejs\;C:\gradle-4.8.1\bin;;C:\Program Files\Microsoft VS Code\bin;C:\Users\ravishankar\AppData\Local\Programs\Python\Python36\Scripts\;C:\Users\ravishankar\AppData\Local\Programs\Python\Python36\;C:\Users\ravishankar\AppData\Local\Microsoft\WindowsApps;;C:\Program Files\Microsoft VS Code\bin;C:\Users\ravishankar\AppData\Roaming\npm;.] log
2018-08-06 20:26:33  [localhost-startStop-1] INFO  o.a.c.c.C.[Tomcat].[localhost].[/] - Initializing Spring embedded WebApplicationContext log
2018-08-06 20:26:33  [localhost-startStop-1] INFO  o.s.web.context.ContextLoader - Root WebApplicationContext: initialization completed in 997 ms prepareWebApplicationContext
2018-08-06 20:26:33  [localhost-startStop-1] INFO  o.s.b.w.s.ServletRegistrationBean - Servlet dispatcherServlet mapped to [/] addRegistration
2018-08-06 20:26:33  [localhost-startStop-1] INFO  o.s.b.w.s.FilterRegistrationBean - Mapping filter: 'characterEncodingFilter' to: [/*] configure
2018-08-06 20:26:33  [localhost-startStop-1] INFO  o.s.b.w.s.FilterRegistrationBean - Mapping filter: 'hiddenHttpMethodFilter' to: [/*] configure
2018-08-06 20:26:33  [localhost-startStop-1] INFO  o.s.b.w.s.FilterRegistrationBean - Mapping filter: 'httpPutFormContentFilter' to: [/*] configure
2018-08-06 20:26:33  [localhost-startStop-1] INFO  o.s.b.w.s.FilterRegistrationBean - Mapping filter: 'requestContextFilter' to: [/*] configure
2018-08-06 20:26:33  [localhost-startStop-1] INFO  o.s.b.w.s.FilterRegistrationBean - Mapping filter: 'MDCFilter' to: [/*] configure
2018-08-06 20:26:34  [main] INFO  org.mongodb.driver.cluster - Cluster created with settings {hosts=[10.100.250.31:28017, 10.100.250.62:28018], mode=MULTIPLE, requiredClusterType=REPLICA_SET, serverSelectionTimeout='30000 ms', maxWaitQueueSize=500, requiredReplicaSetName='devreplset'} info
2018-08-06 20:26:34  [main] INFO  org.mongodb.driver.cluster - Adding discovered server 10.100.250.31:28017 to client view of cluster info
2018-08-06 20:26:34  [main] INFO  org.mongodb.driver.cluster - Adding discovered server 10.100.250.62:28018 to client view of cluster info
2018-08-06 20:26:35  [cluster-ClusterId{value='5b6861a2a7fa3a3dfc66cbb3', description='null'}-10.100.250.31:28017] INFO  org.mongodb.driver.connection - Opened connection [connectionId{localValue:2, serverValue:13}] to 10.100.250.31:28017 info
2018-08-06 20:26:35  [cluster-ClusterId{value='5b6861a2a7fa3a3dfc66cbb3', description='null'}-10.100.250.31:28017] INFO  org.mongodb.driver.cluster - Monitor thread successfully connected to server with description ServerDescription{address=10.100.250.31:28017, type=REPLICA_SET_SECONDARY, state=CONNECTED, ok=true, version=ServerVersion{versionList=[3, 6, 4]}, minWireVersion=0, maxWireVersion=6, maxDocumentSize=16777216, logicalSessionTimeoutMinutes=30, roundTripTimeNanos=35686100, setName='devreplset', canonicalAddress=10.100.250.31:28017, hosts=[10.100.250.31:28017, 10.100.250.62:28017], passives=[], arbiters=[10.100.250.219:28017], primary='10.100.250.62:28017', tagSet=TagSet{[]}, electionId=null, setVersion=3, lastWriteDate=Mon Aug 06 20:26:11 IST 2018, lastUpdateTimeNanos=764606177322800} info
2018-08-06 20:26:35  [cluster-ClusterId{value='5b6861a2a7fa3a3dfc66cbb3', description='null'}-10.100.250.31:28017] INFO  org.mongodb.driver.cluster - Adding discovered server 10.100.250.62:28017 to client view of cluster info
2018-08-06 20:26:35  [cluster-ClusterId{value='5b6861a2a7fa3a3dfc66cbb3', description='null'}-10.100.250.31:28017] INFO  org.mongodb.driver.cluster - Adding discovered server 10.100.250.219:28017 to client view of cluster info
2018-08-06 20:26:35  [main] INFO  o.s.w.s.h.SimpleUrlHandlerMapping - Mapped URL path [/**/favicon.ico] onto handler of type [class org.springframework.web.servlet.resource.ResourceHttpRequestHandler] registerHandler
2018-08-06 20:26:35  [cluster-ClusterId{value='5b6861a2a7fa3a3dfc66cbb3', description='null'}-10.100.250.219:28017] INFO  org.mongodb.driver.connection - Opened connection [connectionId{localValue:4, serverValue:9}] to 10.100.250.219:28017 info
2018-08-06 20:26:35  [cluster-ClusterId{value='5b6861a2a7fa3a3dfc66cbb3', description='null'}-10.100.250.219:28017] INFO  org.mongodb.driver.cluster - Monitor thread successfully connected to server with description ServerDescription{address=10.100.250.219:28017, type=REPLICA_SET_ARBITER, state=CONNECTED, ok=true, version=ServerVersion{versionList=[3, 6, 4]}, minWireVersion=0, maxWireVersion=6, maxDocumentSize=16777216, logicalSessionTimeoutMinutes=null, roundTripTimeNanos=33700000, setName='devreplset', canonicalAddress=10.100.250.219:28017, hosts=[10.100.250.31:28017, 10.100.250.62:28017], passives=[], arbiters=[10.100.250.219:28017], primary='10.100.250.62:28017', tagSet=TagSet{[]}, electionId=null, setVersion=3, lastWriteDate=Mon Aug 06 20:26:11 IST 2018, lastUpdateTimeNanos=764606349684400} info
2018-08-06 20:26:35  [main] INFO  o.s.w.s.m.m.a.RequestMappingHandlerAdapter - Looking for @ControllerAdvice: org.springframework.boot.web.servlet.context.AnnotationConfigServletWebServerApplicationContext@57c758ac: startup date [Mon Aug 06 20:26:32 IST 2018]; root of context hierarchy initControllerAdviceCache
2018-08-06 20:26:35  [cluster-ClusterId{value='5b6861a2a7fa3a3dfc66cbb3', description='null'}-10.100.250.62:28017] INFO  org.mongodb.driver.connection - Opened connection [connectionId{localValue:3, serverValue:324}] to 10.100.250.62:28017 info
2018-08-06 20:26:35  [main] INFO  o.s.w.s.m.m.a.RequestMappingHandlerMapping - Mapped "{[/fulfillment/api/proposalservices/saveproposaldata],methods=[POST]}" onto public com.mli.matrix.proposal.models.OutputResponse com.mli.matrix.proposal.controller.ProposalController.saveProposalForm(com.mli.matrix.proposal.models.InputRequest) throws com.mli.matrix.proposal.exception.BaseException register
2018-08-06 20:26:35  [main] INFO  o.s.w.s.m.m.a.RequestMappingHandlerMapping - Mapped "{[/error]}" onto public org.springframework.http.ResponseEntity<java.util.Map<java.lang.String, java.lang.Object>> org.springframework.boot.autoconfigure.web.servlet.error.BasicErrorController.error(javax.servlet.http.HttpServletRequest) register
2018-08-06 20:26:35  [main] INFO  o.s.w.s.m.m.a.RequestMappingHandlerMapping - Mapped "{[/error],produces=[text/html]}" onto public org.springframework.web.servlet.ModelAndView org.springframework.boot.autoconfigure.web.servlet.error.BasicErrorController.errorHtml(javax.servlet.http.HttpServletRequest,javax.servlet.http.HttpServletResponse) register
2018-08-06 20:26:35  [main] INFO  o.s.w.s.h.SimpleUrlHandlerMapping - Mapped URL path [/webjars/**] onto handler of type [class org.springframework.web.servlet.resource.ResourceHttpRequestHandler] registerHandler
2018-08-06 20:26:35  [main] INFO  o.s.w.s.h.SimpleUrlHandlerMapping - Mapped URL path [/**] onto handler of type [class org.springframework.web.servlet.resource.ResourceHttpRequestHandler] registerHandler
2018-08-06 20:26:35  [cluster-ClusterId{value='5b6861a2a7fa3a3dfc66cbb3', description='null'}-10.100.250.62:28017] INFO  org.mongodb.driver.cluster - Monitor thread successfully connected to server with description ServerDescription{address=10.100.250.62:28017, type=REPLICA_SET_PRIMARY, state=CONNECTED, ok=true, version=ServerVersion{versionList=[3, 6, 4]}, minWireVersion=0, maxWireVersion=6, maxDocumentSize=16777216, logicalSessionTimeoutMinutes=30, roundTripTimeNanos=35026600, setName='devreplset', canonicalAddress=10.100.250.62:28017, hosts=[10.100.250.31:28017, 10.100.250.62:28017], passives=[], arbiters=[10.100.250.219:28017], primary='10.100.250.62:28017', tagSet=TagSet{[]}, electionId=7fffffff0000000000000006, setVersion=3, lastWriteDate=Mon Aug 06 20:26:11 IST 2018, lastUpdateTimeNanos=764606472862200} info
2018-08-06 20:26:35  [cluster-ClusterId{value='5b6861a2a7fa3a3dfc66cbb3', description='null'}-10.100.250.62:28017] INFO  org.mongodb.driver.cluster - Server 10.100.250.62:28018 is no longer a member of the replica set.  Removing from client view of cluster. info
2018-08-06 20:26:35  [cluster-ClusterId{value='5b6861a2a7fa3a3dfc66cbb3', description='null'}-10.100.250.62:28017] INFO  org.mongodb.driver.cluster - Setting max election id to 7fffffff0000000000000006 from replica set primary 10.100.250.62:28017 info
2018-08-06 20:26:35  [cluster-ClusterId{value='5b6861a2a7fa3a3dfc66cbb3', description='null'}-10.100.250.62:28017] INFO  org.mongodb.driver.cluster - Setting max set version to 3 from replica set primary 10.100.250.62:28017 info
2018-08-06 20:26:35  [cluster-ClusterId{value='5b6861a2a7fa3a3dfc66cbb3', description='null'}-10.100.250.62:28017] INFO  org.mongodb.driver.cluster - Discovered replica set primary 10.100.250.62:28017 info
2018-08-06 20:26:35  [main] INFO  o.s.w.s.m.m.a.ExceptionHandlerExceptionResolver - Detected @ExceptionHandler methods in centralizedExceptionHandler initExceptionHandlerAdviceCache
2018-08-06 20:26:35  [main] INFO  o.s.j.e.a.AnnotationMBeanExporter - Registering beans for JMX exposure on startup afterSingletonsInstantiated
2018-08-06 20:26:35  [main] INFO  o.a.coyote.http11.Http11NioProtocol - Starting ProtocolHandler ["http-nio-8080"] log
2018-08-06 20:26:35  [main] ERROR o.a.catalina.core.StandardService - Failed to start connector [Connector[HTTP/1.1-8080]] log
org.apache.catalina.LifecycleException: Failed to start component [Connector[HTTP/1.1-8080]]
	at org.apache.catalina.util.LifecycleBase.start(LifecycleBase.java:167)
	at org.apache.catalina.core.StandardService.addConnector(StandardService.java:225)
	at org.springframework.boot.web.embedded.tomcat.TomcatWebServer.addPreviouslyRemovedConnectors(TomcatWebServer.java:256)
	at org.springframework.boot.web.embedded.tomcat.TomcatWebServer.start(TomcatWebServer.java:198)
	at org.springframework.boot.web.servlet.context.ServletWebServerApplicationContext.startWebServer(ServletWebServerApplicationContext.java:300)
	at org.springframework.boot.web.servlet.context.ServletWebServerApplicationContext.finishRefresh(ServletWebServerApplicationContext.java:162)
	at org.springframework.context.support.AbstractApplicationContext.refresh(AbstractApplicationContext.java:553)
	at org.springframework.boot.web.servlet.context.ServletWebServerApplicationContext.refresh(ServletWebServerApplicationContext.java:140)
	at org.springframework.boot.SpringApplication.refresh(SpringApplication.java:759)
	at org.springframework.boot.SpringApplication.refreshContext(SpringApplication.java:395)
	at org.springframework.boot.SpringApplication.run(SpringApplication.java:327)
	at org.springframework.boot.SpringApplication.run(SpringApplication.java:1255)
	at org.springframework.boot.SpringApplication.run(SpringApplication.java:1243)
	at com.mli.matrix.proposal.ProposalApplication.main(ProposalApplication.java:10)
Caused by: org.apache.catalina.LifecycleException: Protocol handler start failed
	at org.apache.catalina.connector.Connector.startInternal(Connector.java:1020)
	at org.apache.catalina.util.LifecycleBase.start(LifecycleBase.java:150)
	... 13 common frames omitted
Caused by: java.net.BindException: Address already in use: bind
	at sun.nio.ch.Net.bind0(Native Method)
	at sun.nio.ch.Net.bind(Unknown Source)
	at sun.nio.ch.Net.bind(Unknown Source)
	at sun.nio.ch.ServerSocketChannelImpl.bind(Unknown Source)
	at sun.nio.ch.ServerSocketAdaptor.bind(Unknown Source)
	at org.apache.tomcat.util.net.NioEndpoint.bind(NioEndpoint.java:210)
	at org.apache.tomcat.util.net.AbstractEndpoint.start(AbstractEndpoint.java:1150)
	at org.apache.coyote.AbstractProtocol.start(AbstractProtocol.java:591)
	at org.apache.catalina.connector.Connector.startInternal(Connector.java:1018)
	... 14 common frames omitted
2018-08-06 20:26:35  [main] INFO  o.a.coyote.http11.Http11NioProtocol - Pausing ProtocolHandler ["http-nio-8080"] log
2018-08-06 20:26:35  [main] INFO  o.a.catalina.core.StandardService - Stopping service [Tomcat] log
2018-08-06 20:26:35  [main] INFO  o.apache.catalina.util.LifecycleBase - The stop() method was called on component [StandardServer[-1]] after stop() had already been called. The second call will be ignored. log
2018-08-06 20:26:35  [main] INFO  o.a.coyote.http11.Http11NioProtocol - Stopping ProtocolHandler ["http-nio-8080"] log
2018-08-06 20:26:35  [main] INFO  o.a.coyote.http11.Http11NioProtocol - Destroying ProtocolHandler ["http-nio-8080"] log
2018-08-06 20:26:35  [main] INFO  o.s.b.a.l.ConditionEvaluationReportLoggingListener - 

Error starting ApplicationContext. To display the conditions report re-run your application with 'debug' enabled. logAutoConfigurationReport
2018-08-06 20:26:35  [main] ERROR o.s.b.d.LoggingFailureAnalysisReporter - 

***************************
APPLICATION FAILED TO START
***************************

Description:

The Tomcat connector configured to listen on port 8080 failed to start. The port may already be in use or the connector may be misconfigured.

Action:

Verify the connector's configuration, identify and stop any process that's listening on port 8080, or configure this application to listen on another port.
 report
2018-08-06 20:26:35  [main] INFO  o.s.b.w.s.c.AnnotationConfigServletWebServerApplicationContext - Closing org.springframework.boot.web.servlet.context.AnnotationConfigServletWebServerApplicationContext@57c758ac: startup date [Mon Aug 06 20:26:32 IST 2018]; root of context hierarchy doClose
2018-08-06 20:26:35  [main] INFO  o.s.j.e.a.AnnotationMBeanExporter - Unregistering JMX-exposed beans on shutdown destroy
2018-08-06 20:28:11  [main] INFO  c.m.m.proposal.ProposalApplication - Starting ProposalApplication on MONO-HYD-LAP-5 with PID 20152 (C:\Users\ravishankar\workspace-sts\Proposal-MS\target\classes started by ravishankar in C:\Users\ravishankar\workspace-sts\Proposal-MS) logStarting
2018-08-06 20:28:11  [main] INFO  c.m.m.proposal.ProposalApplication - The following profiles are active: dev logStartupProfileInfo
2018-08-06 20:28:11  [main] INFO  o.s.b.w.s.c.AnnotationConfigServletWebServerApplicationContext - Refreshing org.springframework.boot.web.servlet.context.AnnotationConfigServletWebServerApplicationContext@4ac3c60d: startup date [Mon Aug 06 20:28:11 IST 2018]; root of context hierarchy prepareRefresh
2018-08-06 20:28:12  [main] INFO  o.s.b.w.e.tomcat.TomcatWebServer - Tomcat initialized with port(s): 8080 (http) initialize
2018-08-06 20:28:12  [main] INFO  o.a.coyote.http11.Http11NioProtocol - Initializing ProtocolHandler ["http-nio-8080"] log
2018-08-06 20:28:12  [main] INFO  o.a.catalina.core.StandardService - Starting service [Tomcat] log
2018-08-06 20:28:12  [main] INFO  o.a.catalina.core.StandardEngine - Starting Servlet Engine: Apache Tomcat/8.5.31 log
2018-08-06 20:28:12  [localhost-startStop-1] INFO  o.a.c.core.AprLifecycleListener - The APR based Apache Tomcat Native library which allows optimal performance in production environments was not found on the java.library.path: [C:\Program Files\Java\jre1.8.0_161\bin;C:\WINDOWS\Sun\Java\bin;C:\WINDOWS\system32;C:\WINDOWS;C:\Program Files\Docker\Docker\Resources\bin;C:\ProgramData\Oracle\Java\javapath;C:\Program Files (x86)\Intel\iCLS Client\;C:\Program Files\Intel\iCLS Client\;C:\WINDOWS\system32;C:\WINDOWS;C:\WINDOWS\System32\Wbem;C:\WINDOWS\System32\WindowsPowerShell\v1.0\;C:\Program Files (x86)\Intel\Intel(R) Management Engine Components\DAL;C:\Program Files\Intel\Intel(R) Management Engine Components\DAL;C:\Program Files (x86)\Intel\Intel(R) Management Engine Components\IPT;C:\Program Files\Intel\Intel(R) Management Engine Components\IPT;C:\Program Files\Git\cmd;C:\Program Files\Java\jdk1.8.0_161\bin;C:\Program Files\youtubedl;C:\Program Files\PuTTY\;C:\mongodb\bin;C:\Program Files\MySQL\MySQL Utilities 1.6\;C:\Program Files\dotnet\;C:\Program Files\Microsoft SQL Server\130\Tools\Binn\;C:\Go\bin;C:\WINDOWS\System32\OpenSSH\;C:\apache-maven-3.5.3\bin;C:\Program Files\Amazon\AWSCLI\;C:\Program Files\Amazon\AWSCLI\bin\;C:\Program Files\nodejs\;C:\gradle-4.8.1\bin;;C:\Program Files\Microsoft VS Code\bin;C:\Users\ravishankar\AppData\Local\Programs\Python\Python36\Scripts\;C:\Users\ravishankar\AppData\Local\Programs\Python\Python36\;C:\Users\ravishankar\AppData\Local\Microsoft\WindowsApps;;C:\Program Files\Microsoft VS Code\bin;C:\Users\ravishankar\AppData\Roaming\npm;.] log
2018-08-06 20:28:12  [localhost-startStop-1] INFO  o.a.c.c.C.[Tomcat].[localhost].[/] - Initializing Spring embedded WebApplicationContext log
2018-08-06 20:28:12  [localhost-startStop-1] INFO  o.s.web.context.ContextLoader - Root WebApplicationContext: initialization completed in 1019 ms prepareWebApplicationContext
2018-08-06 20:28:12  [localhost-startStop-1] INFO  o.s.b.w.s.ServletRegistrationBean - Servlet dispatcherServlet mapped to [/] addRegistration
2018-08-06 20:28:12  [localhost-startStop-1] INFO  o.s.b.w.s.FilterRegistrationBean - Mapping filter: 'characterEncodingFilter' to: [/*] configure
2018-08-06 20:28:12  [localhost-startStop-1] INFO  o.s.b.w.s.FilterRegistrationBean - Mapping filter: 'hiddenHttpMethodFilter' to: [/*] configure
2018-08-06 20:28:12  [localhost-startStop-1] INFO  o.s.b.w.s.FilterRegistrationBean - Mapping filter: 'httpPutFormContentFilter' to: [/*] configure
2018-08-06 20:28:12  [localhost-startStop-1] INFO  o.s.b.w.s.FilterRegistrationBean - Mapping filter: 'requestContextFilter' to: [/*] configure
2018-08-06 20:28:12  [localhost-startStop-1] INFO  o.s.b.w.s.FilterRegistrationBean - Mapping filter: 'MDCFilter' to: [/*] configure
2018-08-06 20:28:13  [main] INFO  org.mongodb.driver.cluster - Cluster created with settings {hosts=[10.100.250.31:28017, 10.100.250.62:28018], mode=MULTIPLE, requiredClusterType=REPLICA_SET, serverSelectionTimeout='30000 ms', maxWaitQueueSize=500, requiredReplicaSetName='devreplset'} info
2018-08-06 20:28:13  [main] INFO  org.mongodb.driver.cluster - Adding discovered server 10.100.250.31:28017 to client view of cluster info
2018-08-06 20:28:13  [main] INFO  org.mongodb.driver.cluster - Adding discovered server 10.100.250.62:28018 to client view of cluster info
2018-08-06 20:28:14  [cluster-ClusterId{value='5b686205a7fa3a4eb8fdbd73', description='null'}-10.100.250.31:28017] INFO  org.mongodb.driver.connection - Opened connection [connectionId{localValue:1, serverValue:14}] to 10.100.250.31:28017 info
2018-08-06 20:28:14  [cluster-ClusterId{value='5b686205a7fa3a4eb8fdbd73', description='null'}-10.100.250.31:28017] INFO  org.mongodb.driver.cluster - Monitor thread successfully connected to server with description ServerDescription{address=10.100.250.31:28017, type=REPLICA_SET_SECONDARY, state=CONNECTED, ok=true, version=ServerVersion{versionList=[3, 6, 4]}, minWireVersion=0, maxWireVersion=6, maxDocumentSize=16777216, logicalSessionTimeoutMinutes=30, roundTripTimeNanos=35305900, setName='devreplset', canonicalAddress=10.100.250.31:28017, hosts=[10.100.250.31:28017, 10.100.250.62:28017], passives=[], arbiters=[10.100.250.219:28017], primary='10.100.250.62:28017', tagSet=TagSet{[]}, electionId=null, setVersion=3, lastWriteDate=Mon Aug 06 20:27:51 IST 2018, lastUpdateTimeNanos=764705198379100} info
2018-08-06 20:28:14  [cluster-ClusterId{value='5b686205a7fa3a4eb8fdbd73', description='null'}-10.100.250.31:28017] INFO  org.mongodb.driver.cluster - Adding discovered server 10.100.250.62:28017 to client view of cluster info
2018-08-06 20:28:14  [cluster-ClusterId{value='5b686205a7fa3a4eb8fdbd73', description='null'}-10.100.250.31:28017] INFO  org.mongodb.driver.cluster - Adding discovered server 10.100.250.219:28017 to client view of cluster info
2018-08-06 20:28:14  [main] INFO  o.s.w.s.h.SimpleUrlHandlerMapping - Mapped URL path [/**/favicon.ico] onto handler of type [class org.springframework.web.servlet.resource.ResourceHttpRequestHandler] registerHandler
2018-08-06 20:28:14  [cluster-ClusterId{value='5b686205a7fa3a4eb8fdbd73', description='null'}-10.100.250.219:28017] INFO  org.mongodb.driver.connection - Opened connection [connectionId{localValue:4, serverValue:10}] to 10.100.250.219:28017 info
2018-08-06 20:28:14  [cluster-ClusterId{value='5b686205a7fa3a4eb8fdbd73', description='null'}-10.100.250.219:28017] INFO  org.mongodb.driver.cluster - Monitor thread successfully connected to server with description ServerDescription{address=10.100.250.219:28017, type=REPLICA_SET_ARBITER, state=CONNECTED, ok=true, version=ServerVersion{versionList=[3, 6, 4]}, minWireVersion=0, maxWireVersion=6, maxDocumentSize=16777216, logicalSessionTimeoutMinutes=null, roundTripTimeNanos=33592500, setName='devreplset', canonicalAddress=10.100.250.219:28017, hosts=[10.100.250.31:28017, 10.100.250.62:28017], passives=[], arbiters=[10.100.250.219:28017], primary='10.100.250.62:28017', tagSet=TagSet{[]}, electionId=null, setVersion=3, lastWriteDate=Mon Aug 06 20:27:51 IST 2018, lastUpdateTimeNanos=764705370657400} info
2018-08-06 20:28:14  [main] INFO  o.s.w.s.m.m.a.RequestMappingHandlerAdapter - Looking for @ControllerAdvice: org.springframework.boot.web.servlet.context.AnnotationConfigServletWebServerApplicationContext@4ac3c60d: startup date [Mon Aug 06 20:28:11 IST 2018]; root of context hierarchy initControllerAdviceCache
2018-08-06 20:28:14  [cluster-ClusterId{value='5b686205a7fa3a4eb8fdbd73', description='null'}-10.100.250.62:28017] INFO  org.mongodb.driver.connection - Opened connection [connectionId{localValue:3, serverValue:325}] to 10.100.250.62:28017 info
2018-08-06 20:28:14  [main] INFO  o.s.w.s.m.m.a.RequestMappingHandlerMapping - Mapped "{[/fulfillment/api/proposalservices/saveproposaldata],methods=[POST]}" onto public com.mli.matrix.proposal.models.OutputResponse com.mli.matrix.proposal.controller.ProposalController.saveProposalForm(com.mli.matrix.proposal.models.InputRequest) throws com.mli.matrix.proposal.exception.BaseException register
2018-08-06 20:28:14  [main] INFO  o.s.w.s.m.m.a.RequestMappingHandlerMapping - Mapped "{[/error]}" onto public org.springframework.http.ResponseEntity<java.util.Map<java.lang.String, java.lang.Object>> org.springframework.boot.autoconfigure.web.servlet.error.BasicErrorController.error(javax.servlet.http.HttpServletRequest) register
2018-08-06 20:28:14  [main] INFO  o.s.w.s.m.m.a.RequestMappingHandlerMapping - Mapped "{[/error],produces=[text/html]}" onto public org.springframework.web.servlet.ModelAndView org.springframework.boot.autoconfigure.web.servlet.error.BasicErrorController.errorHtml(javax.servlet.http.HttpServletRequest,javax.servlet.http.HttpServletResponse) register
2018-08-06 20:28:14  [cluster-ClusterId{value='5b686205a7fa3a4eb8fdbd73', description='null'}-10.100.250.62:28017] INFO  org.mongodb.driver.cluster - Monitor thread successfully connected to server with description ServerDescription{address=10.100.250.62:28017, type=REPLICA_SET_PRIMARY, state=CONNECTED, ok=true, version=ServerVersion{versionList=[3, 6, 4]}, minWireVersion=0, maxWireVersion=6, maxDocumentSize=16777216, logicalSessionTimeoutMinutes=30, roundTripTimeNanos=35252600, setName='devreplset', canonicalAddress=10.100.250.62:28017, hosts=[10.100.250.31:28017, 10.100.250.62:28017], passives=[], arbiters=[10.100.250.219:28017], primary='10.100.250.62:28017', tagSet=TagSet{[]}, electionId=7fffffff0000000000000006, setVersion=3, lastWriteDate=Mon Aug 06 20:27:51 IST 2018, lastUpdateTimeNanos=764705494742900} info
2018-08-06 20:28:14  [cluster-ClusterId{value='5b686205a7fa3a4eb8fdbd73', description='null'}-10.100.250.62:28017] INFO  org.mongodb.driver.cluster - Server 10.100.250.62:28018 is no longer a member of the replica set.  Removing from client view of cluster. info
2018-08-06 20:28:14  [main] INFO  o.s.w.s.h.SimpleUrlHandlerMapping - Mapped URL path [/webjars/**] onto handler of type [class org.springframework.web.servlet.resource.ResourceHttpRequestHandler] registerHandler
2018-08-06 20:28:14  [main] INFO  o.s.w.s.h.SimpleUrlHandlerMapping - Mapped URL path [/**] onto handler of type [class org.springframework.web.servlet.resource.ResourceHttpRequestHandler] registerHandler
2018-08-06 20:28:14  [cluster-ClusterId{value='5b686205a7fa3a4eb8fdbd73', description='null'}-10.100.250.62:28017] INFO  org.mongodb.driver.cluster - Setting max election id to 7fffffff0000000000000006 from replica set primary 10.100.250.62:28017 info
2018-08-06 20:28:14  [cluster-ClusterId{value='5b686205a7fa3a4eb8fdbd73', description='null'}-10.100.250.62:28017] INFO  org.mongodb.driver.cluster - Setting max set version to 3 from replica set primary 10.100.250.62:28017 info
2018-08-06 20:28:14  [cluster-ClusterId{value='5b686205a7fa3a4eb8fdbd73', description='null'}-10.100.250.62:28017] INFO  org.mongodb.driver.cluster - Discovered replica set primary 10.100.250.62:28017 info
2018-08-06 20:28:14  [main] INFO  o.s.w.s.m.m.a.ExceptionHandlerExceptionResolver - Detected @ExceptionHandler methods in centralizedExceptionHandler initExceptionHandlerAdviceCache
2018-08-06 20:28:14  [main] INFO  o.s.j.e.a.AnnotationMBeanExporter - Registering beans for JMX exposure on startup afterSingletonsInstantiated
2018-08-06 20:28:14  [main] INFO  o.a.coyote.http11.Http11NioProtocol - Starting ProtocolHandler ["http-nio-8080"] log
2018-08-06 20:28:14  [main] INFO  o.a.tomcat.util.net.NioSelectorPool - Using a shared selector for servlet write/read log
2018-08-06 20:28:14  [main] INFO  o.s.b.w.e.tomcat.TomcatWebServer - Tomcat started on port(s): 8080 (http) with context path '' start
2018-08-06 20:28:14  [main] INFO  c.m.m.proposal.ProposalApplication - Started ProposalApplication in 3.172 seconds (JVM running for 3.826) logStarted
2018-08-06 20:28:19  [http-nio-8080-exec-1] INFO  o.a.c.c.C.[Tomcat].[localhost].[/] - Initializing Spring FrameworkServlet 'dispatcherServlet' log
2018-08-06 20:28:19  [http-nio-8080-exec-1] INFO  o.s.web.servlet.DispatcherServlet - FrameworkServlet 'dispatcherServlet': initialization started initServletBean
2018-08-06 20:28:19  [http-nio-8080-exec-1] INFO  o.s.web.servlet.DispatcherServlet - FrameworkServlet 'dispatcherServlet': initialization completed in 18 ms initServletBean
2018-08-06 20:28:19 af2c0333-c6aa-45db-b7bf-fb66ad5454bc [http-nio-8080-exec-1] INFO  c.m.m.p.c.ProposalController - Request with requestId af2c0333-c6aa-45db-b7bf-fb66ad5454bc is being processed saveProposalForm
2018-08-06 20:28:19 af2c0333-c6aa-45db-b7bf-fb66ad5454bc [http-nio-8080-exec-1] INFO  c.m.m.p.c.ProposalController - Saving the proposal data of request af2c0333-c6aa-45db-b7bf-fb66ad5454bc with proposalNumber null saveProposalDetail
2018-08-06 20:28:19 af2c0333-c6aa-45db-b7bf-fb66ad5454bc [http-nio-8080-exec-1] INFO  org.mongodb.driver.connection - Opened connection [connectionId{localValue:5, serverValue:326}] to 10.100.250.62:28017 info
2018-08-06 20:28:19 af2c0333-c6aa-45db-b7bf-fb66ad5454bc [http-nio-8080-exec-1] INFO  c.m.m.p.c.ProposalController - Time 0 took to process the request af2c0333-c6aa-45db-b7bf-fb66ad5454bc saveProposalForm
2018-08-06 20:28:19 af2c0333-c6aa-45db-b7bf-fb66ad5454bc [http-nio-8080-exec-1] INFO  c.m.matrix.proposal.filter.MDCFilter - Response status 200 doFilter
2018-08-06 20:32:57  [RMI TCP Connection(2)-127.0.0.1] INFO  o.s.b.a.SpringApplicationAdminMXBeanRegistrar$SpringApplicationAdmin - Application shutdown requested. shutdown
2018-08-06 20:32:57  [RMI TCP Connection(2)-127.0.0.1] INFO  o.s.b.w.s.c.AnnotationConfigServletWebServerApplicationContext - Closing org.springframework.boot.web.servlet.context.AnnotationConfigServletWebServerApplicationContext@4ac3c60d: startup date [Mon Aug 06 20:28:11 IST 2018]; root of context hierarchy doClose
2018-08-06 20:32:57  [RMI TCP Connection(2)-127.0.0.1] INFO  o.s.j.e.a.AnnotationMBeanExporter - Unregistering JMX-exposed beans on shutdown destroy
2018-08-06 20:32:57  [RMI TCP Connection(2)-127.0.0.1] INFO  org.mongodb.driver.connection - Closed connection [connectionId{localValue:5, serverValue:326}] to 10.100.250.62:28017 because the pool has been closed. info
2018-08-06 22:34:25  [main] INFO  c.m.m.proposal.ProposalApplication - Starting ProposalApplication on MONO-HYD-LAP-5 with PID 22968 (C:\Users\ravishankar\workspace-sts\Proposal-MS\target\classes started by ravishankar in C:\Users\ravishankar\workspace-sts\Proposal-MS) logStarting
2018-08-06 22:34:25  [main] INFO  c.m.m.proposal.ProposalApplication - The following profiles are active: dev logStartupProfileInfo
2018-08-06 22:34:25  [main] INFO  o.s.b.w.s.c.AnnotationConfigServletWebServerApplicationContext - Refreshing org.springframework.boot.web.servlet.context.AnnotationConfigServletWebServerApplicationContext@c267ef4: startup date [Mon Aug 06 22:34:25 IST 2018]; root of context hierarchy prepareRefresh
2018-08-06 22:34:26  [main] INFO  o.s.b.w.e.tomcat.TomcatWebServer - Tomcat initialized with port(s): 8080 (http) initialize
2018-08-06 22:34:26  [main] INFO  o.a.coyote.http11.Http11NioProtocol - Initializing ProtocolHandler ["http-nio-8080"] log
2018-08-06 22:34:26  [main] INFO  o.a.catalina.core.StandardService - Starting service [Tomcat] log
2018-08-06 22:34:26  [main] INFO  o.a.catalina.core.StandardEngine - Starting Servlet Engine: Apache Tomcat/8.5.31 log
2018-08-06 22:34:26  [localhost-startStop-1] INFO  o.a.c.core.AprLifecycleListener - The APR based Apache Tomcat Native library which allows optimal performance in production environments was not found on the java.library.path: [C:\Program Files\Java\jre1.8.0_161\bin;C:\WINDOWS\Sun\Java\bin;C:\WINDOWS\system32;C:\WINDOWS;C:\Program Files\Docker\Docker\Resources\bin;C:\ProgramData\Oracle\Java\javapath;C:\Program Files (x86)\Intel\iCLS Client\;C:\Program Files\Intel\iCLS Client\;C:\WINDOWS\system32;C:\WINDOWS;C:\WINDOWS\System32\Wbem;C:\WINDOWS\System32\WindowsPowerShell\v1.0\;C:\Program Files (x86)\Intel\Intel(R) Management Engine Components\DAL;C:\Program Files\Intel\Intel(R) Management Engine Components\DAL;C:\Program Files (x86)\Intel\Intel(R) Management Engine Components\IPT;C:\Program Files\Intel\Intel(R) Management Engine Components\IPT;C:\Program Files\Git\cmd;C:\Program Files\Java\jdk1.8.0_161\bin;C:\Program Files\youtubedl;C:\Program Files\PuTTY\;C:\mongodb\bin;C:\Program Files\MySQL\MySQL Utilities 1.6\;C:\Program Files\dotnet\;C:\Program Files\Microsoft SQL Server\130\Tools\Binn\;C:\Go\bin;C:\WINDOWS\System32\OpenSSH\;C:\apache-maven-3.5.3\bin;C:\Program Files\Amazon\AWSCLI\;C:\Program Files\Amazon\AWSCLI\bin\;C:\Program Files\nodejs\;C:\gradle-4.8.1\bin;;C:\Program Files\Microsoft VS Code\bin;C:\Users\ravishankar\AppData\Local\Programs\Python\Python36\Scripts\;C:\Users\ravishankar\AppData\Local\Programs\Python\Python36\;C:\Users\ravishankar\AppData\Local\Microsoft\WindowsApps;;C:\Program Files\Microsoft VS Code\bin;C:\Users\ravishankar\AppData\Roaming\npm;.] log
2018-08-06 22:34:26  [localhost-startStop-1] INFO  o.a.c.c.C.[Tomcat].[localhost].[/] - Initializing Spring embedded WebApplicationContext log
2018-08-06 22:34:26  [localhost-startStop-1] INFO  o.s.web.context.ContextLoader - Root WebApplicationContext: initialization completed in 1113 ms prepareWebApplicationContext
2018-08-06 22:34:27  [localhost-startStop-1] INFO  o.s.b.w.s.ServletRegistrationBean - Servlet dispatcherServlet mapped to [/] addRegistration
2018-08-06 22:34:27  [localhost-startStop-1] INFO  o.s.b.w.s.FilterRegistrationBean - Mapping filter: 'characterEncodingFilter' to: [/*] configure
2018-08-06 22:34:27  [localhost-startStop-1] INFO  o.s.b.w.s.FilterRegistrationBean - Mapping filter: 'hiddenHttpMethodFilter' to: [/*] configure
2018-08-06 22:34:27  [localhost-startStop-1] INFO  o.s.b.w.s.FilterRegistrationBean - Mapping filter: 'httpPutFormContentFilter' to: [/*] configure
2018-08-06 22:34:27  [localhost-startStop-1] INFO  o.s.b.w.s.FilterRegistrationBean - Mapping filter: 'requestContextFilter' to: [/*] configure
2018-08-06 22:34:27  [localhost-startStop-1] INFO  o.s.b.w.s.FilterRegistrationBean - Mapping filter: 'MDCFilter' to: [/*] configure
2018-08-06 22:34:28  [main] INFO  org.mongodb.driver.cluster - Cluster created with settings {hosts=[10.100.250.31:28017, 10.100.250.62:28018], mode=MULTIPLE, requiredClusterType=REPLICA_SET, serverSelectionTimeout='30000 ms', maxWaitQueueSize=500, requiredReplicaSetName='devreplset'} info
2018-08-06 22:34:28  [main] INFO  org.mongodb.driver.cluster - Adding discovered server 10.100.250.31:28017 to client view of cluster info
2018-08-06 22:34:28  [main] INFO  org.mongodb.driver.cluster - Adding discovered server 10.100.250.62:28018 to client view of cluster info
2018-08-06 22:34:28  [main] INFO  o.s.w.s.h.SimpleUrlHandlerMapping - Mapped URL path [/**/favicon.ico] onto handler of type [class org.springframework.web.servlet.resource.ResourceHttpRequestHandler] registerHandler
2018-08-06 22:34:28  [main] INFO  o.s.w.s.m.m.a.RequestMappingHandlerAdapter - Looking for @ControllerAdvice: org.springframework.boot.web.servlet.context.AnnotationConfigServletWebServerApplicationContext@c267ef4: startup date [Mon Aug 06 22:34:25 IST 2018]; root of context hierarchy initControllerAdviceCache
2018-08-06 22:34:28  [main] INFO  o.s.w.s.m.m.a.RequestMappingHandlerMapping - Mapped "{[/fulfillment/api/proposalservices/saveproposaldata],methods=[POST]}" onto public com.mli.matrix.proposal.models.OutputResponse com.mli.matrix.proposal.controller.ProposalController.saveProposalForm(com.mli.matrix.proposal.models.InputRequest) throws com.mli.matrix.proposal.exception.BaseException register
2018-08-06 22:34:28  [main] INFO  o.s.w.s.m.m.a.RequestMappingHandlerMapping - Mapped "{[/error]}" onto public org.springframework.http.ResponseEntity<java.util.Map<java.lang.String, java.lang.Object>> org.springframework.boot.autoconfigure.web.servlet.error.BasicErrorController.error(javax.servlet.http.HttpServletRequest) register
2018-08-06 22:34:28  [main] INFO  o.s.w.s.m.m.a.RequestMappingHandlerMapping - Mapped "{[/error],produces=[text/html]}" onto public org.springframework.web.servlet.ModelAndView org.springframework.boot.autoconfigure.web.servlet.error.BasicErrorController.errorHtml(javax.servlet.http.HttpServletRequest,javax.servlet.http.HttpServletResponse) register
2018-08-06 22:34:28  [main] INFO  o.s.w.s.h.SimpleUrlHandlerMapping - Mapped URL path [/webjars/**] onto handler of type [class org.springframework.web.servlet.resource.ResourceHttpRequestHandler] registerHandler
2018-08-06 22:34:28  [main] INFO  o.s.w.s.h.SimpleUrlHandlerMapping - Mapped URL path [/**] onto handler of type [class org.springframework.web.servlet.resource.ResourceHttpRequestHandler] registerHandler
2018-08-06 22:34:28  [main] INFO  o.s.w.s.m.m.a.ExceptionHandlerExceptionResolver - Detected @ExceptionHandler methods in centralizedExceptionHandler initExceptionHandlerAdviceCache
2018-08-06 22:34:28  [main] INFO  o.s.j.e.a.AnnotationMBeanExporter - Registering beans for JMX exposure on startup afterSingletonsInstantiated
2018-08-06 22:34:29  [main] INFO  o.a.coyote.http11.Http11NioProtocol - Starting ProtocolHandler ["http-nio-8080"] log
2018-08-06 22:34:29  [main] INFO  o.a.tomcat.util.net.NioSelectorPool - Using a shared selector for servlet write/read log
2018-08-06 22:34:29  [main] INFO  o.s.b.w.e.tomcat.TomcatWebServer - Tomcat started on port(s): 8080 (http) with context path '' start
2018-08-06 22:34:29  [main] INFO  c.m.m.proposal.ProposalApplication - Started ProposalApplication in 3.545 seconds (JVM running for 4.334) logStarted
2018-08-06 22:34:39  [http-nio-8080-exec-2] INFO  o.a.c.c.C.[Tomcat].[localhost].[/] - Initializing Spring FrameworkServlet 'dispatcherServlet' log
2018-08-06 22:34:39  [http-nio-8080-exec-2] INFO  o.s.web.servlet.DispatcherServlet - FrameworkServlet 'dispatcherServlet': initialization started initServletBean
2018-08-06 22:34:39  [http-nio-8080-exec-2] INFO  o.s.web.servlet.DispatcherServlet - FrameworkServlet 'dispatcherServlet': initialization completed in 26 ms initServletBean
2018-08-06 22:34:39 80e3f367-0616-4b8c-a64a-a5e6025c272c [http-nio-8080-exec-2] INFO  c.m.m.p.c.ProposalController - Request with requestId 80e3f367-0616-4b8c-a64a-a5e6025c272c is being processed saveProposalForm
2018-08-06 22:34:39 80e3f367-0616-4b8c-a64a-a5e6025c272c [http-nio-8080-exec-2] ERROR c.m.m.p.c.ProposalController - Error occurred for request object InputRequest [request=Request [metadata=Metadata [env=dev, requestId=1234567890], requestData=RequestData [requestPayload=RequestPayload [proposalDetails=null]]]] saveProposalForm
2018-08-06 22:34:39 80e3f367-0616-4b8c-a64a-a5e6025c272c [http-nio-8080-exec-2] ERROR c.m.m.p.e.CentralizedExceptionHandler - Stack trace [com.mli.matrix.proposal.controller.ProposalController.saveProposalForm(ProposalController.java:60), sun.reflect.NativeMethodAccessorImpl.invoke0(Native Method), sun.reflect.NativeMethodAccessorImpl.invoke(Unknown Source), sun.reflect.DelegatingMethodAccessorImpl.invoke(Unknown Source), java.lang.reflect.Method.invoke(Unknown Source), org.springframework.web.method.support.InvocableHandlerMethod.doInvoke(InvocableHandlerMethod.java:209), org.springframework.web.method.support.InvocableHandlerMethod.invokeForRequest(InvocableHandlerMethod.java:136), org.springframework.web.servlet.mvc.method.annotation.ServletInvocableHandlerMethod.invokeAndHandle(ServletInvocableHandlerMethod.java:102), org.springframework.web.servlet.mvc.method.annotation.RequestMappingHandlerAdapter.invokeHandlerMethod(RequestMappingHandlerAdapter.java:877), org.springframework.web.servlet.mvc.method.annotation.RequestMappingHandlerAdapter.handleInternal(RequestMappingHandlerAdapter.java:783), org.springframework.web.servlet.mvc.method.AbstractHandlerMethodAdapter.handle(AbstractHandlerMethodAdapter.java:87), org.springframework.web.servlet.DispatcherServlet.doDispatch(DispatcherServlet.java:991), org.springframework.web.servlet.DispatcherServlet.doService(DispatcherServlet.java:925), org.springframework.web.servlet.FrameworkServlet.processRequest(FrameworkServlet.java:974), org.springframework.web.servlet.FrameworkServlet.doPost(FrameworkServlet.java:877), javax.servlet.http.HttpServlet.service(HttpServlet.java:661), org.springframework.web.servlet.FrameworkServlet.service(FrameworkServlet.java:851), javax.servlet.http.HttpServlet.service(HttpServlet.java:742), org.apache.catalina.core.ApplicationFilterChain.internalDoFilter(ApplicationFilterChain.java:231), org.apache.catalina.core.ApplicationFilterChain.doFilter(ApplicationFilterChain.java:166), org.apache.tomcat.websocket.server.WsFilter.doFilter(WsFilter.java:52), org.apache.catalina.core.ApplicationFilterChain.internalDoFilter(ApplicationFilterChain.java:193), org.apache.catalina.core.ApplicationFilterChain.doFilter(ApplicationFilterChain.java:166), com.mli.matrix.proposal.filter.MDCFilter.doFilter(MDCFilter.java:44), org.apache.catalina.core.ApplicationFilterChain.internalDoFilter(ApplicationFilterChain.java:193), org.apache.catalina.core.ApplicationFilterChain.doFilter(ApplicationFilterChain.java:166), org.springframework.web.filter.RequestContextFilter.doFilterInternal(RequestContextFilter.java:99), org.springframework.web.filter.OncePerRequestFilter.doFilter(OncePerRequestFilter.java:107), org.apache.catalina.core.ApplicationFilterChain.internalDoFilter(ApplicationFilterChain.java:193), org.apache.catalina.core.ApplicationFilterChain.doFilter(ApplicationFilterChain.java:166), org.springframework.web.filter.HttpPutFormContentFilter.doFilterInternal(HttpPutFormContentFilter.java:109), org.springframework.web.filter.OncePerRequestFilter.doFilter(OncePerRequestFilter.java:107), org.apache.catalina.core.ApplicationFilterChain.internalDoFilter(ApplicationFilterChain.java:193), org.apache.catalina.core.ApplicationFilterChain.doFilter(ApplicationFilterChain.java:166), org.springframework.web.filter.HiddenHttpMethodFilter.doFilterInternal(HiddenHttpMethodFilter.java:93), org.springframework.web.filter.OncePerRequestFilter.doFilter(OncePerRequestFilter.java:107), org.apache.catalina.core.ApplicationFilterChain.internalDoFilter(ApplicationFilterChain.java:193), org.apache.catalina.core.ApplicationFilterChain.doFilter(ApplicationFilterChain.java:166), org.springframework.web.filter.CharacterEncodingFilter.doFilterInternal(CharacterEncodingFilter.java:200), org.springframework.web.filter.OncePerRequestFilter.doFilter(OncePerRequestFilter.java:107), org.apache.catalina.core.ApplicationFilterChain.internalDoFilter(ApplicationFilterChain.java:193), org.apache.catalina.core.ApplicationFilterChain.doFilter(ApplicationFilterChain.java:166), org.apache.catalina.core.StandardWrapperValve.invoke(StandardWrapperValve.java:198), org.apache.catalina.core.StandardContextValve.invoke(StandardContextValve.java:96), org.apache.catalina.authenticator.AuthenticatorBase.invoke(AuthenticatorBase.java:496), org.apache.catalina.core.StandardHostValve.invoke(StandardHostValve.java:140), org.apache.catalina.valves.ErrorReportValve.invoke(ErrorReportValve.java:81), org.apache.catalina.core.StandardEngineValve.invoke(StandardEngineValve.java:87), org.apache.catalina.connector.CoyoteAdapter.service(CoyoteAdapter.java:342), org.apache.coyote.http11.Http11Processor.service(Http11Processor.java:803), org.apache.coyote.AbstractProcessorLight.process(AbstractProcessorLight.java:66), org.apache.coyote.AbstractProtocol$ConnectionHandler.process(AbstractProtocol.java:790), org.apache.tomcat.util.net.NioEndpoint$SocketProcessor.doRun(NioEndpoint.java:1468), org.apache.tomcat.util.net.SocketProcessorBase.run(SocketProcessorBase.java:49), java.util.concurrent.ThreadPoolExecutor.runWorker(Unknown Source), java.util.concurrent.ThreadPoolExecutor$Worker.run(Unknown Source), org.apache.tomcat.util.threads.TaskThread$WrappingRunnable.run(TaskThread.java:61), java.lang.Thread.run(Unknown Source)] handleBaseExceptions
2018-08-06 22:34:39 80e3f367-0616-4b8c-a64a-a5e6025c272c [http-nio-8080-exec-2] ERROR c.m.m.p.e.CentralizedExceptionHandler - error occurred in serving request 80e3f367-0616-4b8c-a64a-a5e6025c272c handleBaseExceptions
2018-08-06 22:34:39 80e3f367-0616-4b8c-a64a-a5e6025c272c [http-nio-8080-exec-2] ERROR c.m.m.p.e.CentralizedExceptionHandler - Response object OutputResponse [response=Response [metadata=null, responseData=null]] for request 80e3f367-0616-4b8c-a64a-a5e6025c272c handleBaseExceptions
2018-08-06 22:34:39 80e3f367-0616-4b8c-a64a-a5e6025c272c [http-nio-8080-exec-2] INFO  c.m.matrix.proposal.filter.MDCFilter - Response status 400 doFilter
2018-08-06 22:34:48  [cluster-ClusterId{value='5b687f9c9b696559b8fbd7eb', description='null'}-10.100.250.31:28017] INFO  org.mongodb.driver.cluster - Exception in monitor thread while connecting to server 10.100.250.31:28017 info
com.mongodb.MongoSocketOpenException: Exception opening socket
	at com.mongodb.connection.SocketStream.open(SocketStream.java:62)
	at com.mongodb.connection.InternalStreamConnection.open(InternalStreamConnection.java:126)
	at com.mongodb.connection.DefaultServerMonitor$ServerMonitorRunnable.run(DefaultServerMonitor.java:114)
	at java.lang.Thread.run(Unknown Source)
Caused by: java.net.SocketTimeoutException: connect timed out
	at java.net.DualStackPlainSocketImpl.waitForConnect(Native Method)
	at java.net.DualStackPlainSocketImpl.socketConnect(Unknown Source)
	at java.net.AbstractPlainSocketImpl.doConnect(Unknown Source)
	at java.net.AbstractPlainSocketImpl.connectToAddress(Unknown Source)
	at java.net.AbstractPlainSocketImpl.connect(Unknown Source)
	at java.net.PlainSocketImpl.connect(Unknown Source)
	at java.net.SocksSocketImpl.connect(Unknown Source)
	at java.net.Socket.connect(Unknown Source)
	at com.mongodb.connection.SocketStreamHelper.initialize(SocketStreamHelper.java:59)
	at com.mongodb.connection.SocketStream.open(SocketStream.java:57)
	... 3 common frames omitted
2018-08-06 22:34:48  [cluster-ClusterId{value='5b687f9c9b696559b8fbd7eb', description='null'}-10.100.250.62:28018] INFO  org.mongodb.driver.cluster - Exception in monitor thread while connecting to server 10.100.250.62:28018 info
com.mongodb.MongoSocketOpenException: Exception opening socket
	at com.mongodb.connection.SocketStream.open(SocketStream.java:62)
	at com.mongodb.connection.InternalStreamConnection.open(InternalStreamConnection.java:126)
	at com.mongodb.connection.DefaultServerMonitor$ServerMonitorRunnable.run(DefaultServerMonitor.java:114)
	at java.lang.Thread.run(Unknown Source)
Caused by: java.net.SocketTimeoutException: connect timed out
	at java.net.DualStackPlainSocketImpl.waitForConnect(Native Method)
	at java.net.DualStackPlainSocketImpl.socketConnect(Unknown Source)
	at java.net.AbstractPlainSocketImpl.doConnect(Unknown Source)
	at java.net.AbstractPlainSocketImpl.connectToAddress(Unknown Source)
	at java.net.AbstractPlainSocketImpl.connect(Unknown Source)
	at java.net.PlainSocketImpl.connect(Unknown Source)
	at java.net.SocksSocketImpl.connect(Unknown Source)
	at java.net.Socket.connect(Unknown Source)
	at com.mongodb.connection.SocketStreamHelper.initialize(SocketStreamHelper.java:59)
	at com.mongodb.connection.SocketStream.open(SocketStream.java:57)
	... 3 common frames omitted
2018-08-06 22:35:27  [RMI TCP Connection(2)-127.0.0.1] INFO  o.s.b.a.SpringApplicationAdminMXBeanRegistrar$SpringApplicationAdmin - Application shutdown requested. shutdown
2018-08-06 22:35:27  [RMI TCP Connection(2)-127.0.0.1] INFO  o.s.b.w.s.c.AnnotationConfigServletWebServerApplicationContext - Closing org.springframework.boot.web.servlet.context.AnnotationConfigServletWebServerApplicationContext@c267ef4: startup date [Mon Aug 06 22:34:25 IST 2018]; root of context hierarchy doClose
2018-08-06 22:35:27  [RMI TCP Connection(2)-127.0.0.1] INFO  o.s.j.e.a.AnnotationMBeanExporter - Unregistering JMX-exposed beans on shutdown destroy
2018-08-06 22:35:54  [main] INFO  c.m.m.proposal.ProposalApplication - Starting ProposalApplication on MONO-HYD-LAP-5 with PID 24484 (C:\Users\ravishankar\workspace-sts\Proposal-MS\target\classes started by ravishankar in C:\Users\ravishankar\workspace-sts\Proposal-MS) logStarting
2018-08-06 22:35:54  [main] INFO  c.m.m.proposal.ProposalApplication - The following profiles are active: dev logStartupProfileInfo
2018-08-06 22:35:54  [main] INFO  o.s.b.w.s.c.AnnotationConfigServletWebServerApplicationContext - Refreshing org.springframework.boot.web.servlet.context.AnnotationConfigServletWebServerApplicationContext@30ee2816: startup date [Mon Aug 06 22:35:54 IST 2018]; root of context hierarchy prepareRefresh
2018-08-06 22:35:56  [main] INFO  o.s.b.w.e.tomcat.TomcatWebServer - Tomcat initialized with port(s): 8080 (http) initialize
2018-08-06 22:35:56  [main] INFO  o.a.coyote.http11.Http11NioProtocol - Initializing ProtocolHandler ["http-nio-8080"] log
2018-08-06 22:35:56  [main] INFO  o.a.catalina.core.StandardService - Starting service [Tomcat] log
2018-08-06 22:35:56  [main] INFO  o.a.catalina.core.StandardEngine - Starting Servlet Engine: Apache Tomcat/8.5.31 log
2018-08-06 22:35:56  [localhost-startStop-1] INFO  o.a.c.core.AprLifecycleListener - The APR based Apache Tomcat Native library which allows optimal performance in production environments was not found on the java.library.path: [C:\Program Files\Java\jre1.8.0_161\bin;C:\WINDOWS\Sun\Java\bin;C:\WINDOWS\system32;C:\WINDOWS;C:\Program Files\Docker\Docker\Resources\bin;C:\ProgramData\Oracle\Java\javapath;C:\Program Files (x86)\Intel\iCLS Client\;C:\Program Files\Intel\iCLS Client\;C:\WINDOWS\system32;C:\WINDOWS;C:\WINDOWS\System32\Wbem;C:\WINDOWS\System32\WindowsPowerShell\v1.0\;C:\Program Files (x86)\Intel\Intel(R) Management Engine Components\DAL;C:\Program Files\Intel\Intel(R) Management Engine Components\DAL;C:\Program Files (x86)\Intel\Intel(R) Management Engine Components\IPT;C:\Program Files\Intel\Intel(R) Management Engine Components\IPT;C:\Program Files\Git\cmd;C:\Program Files\Java\jdk1.8.0_161\bin;C:\Program Files\youtubedl;C:\Program Files\PuTTY\;C:\mongodb\bin;C:\Program Files\MySQL\MySQL Utilities 1.6\;C:\Program Files\dotnet\;C:\Program Files\Microsoft SQL Server\130\Tools\Binn\;C:\Go\bin;C:\WINDOWS\System32\OpenSSH\;C:\apache-maven-3.5.3\bin;C:\Program Files\Amazon\AWSCLI\;C:\Program Files\Amazon\AWSCLI\bin\;C:\Program Files\nodejs\;C:\gradle-4.8.1\bin;;C:\Program Files\Microsoft VS Code\bin;C:\Users\ravishankar\AppData\Local\Programs\Python\Python36\Scripts\;C:\Users\ravishankar\AppData\Local\Programs\Python\Python36\;C:\Users\ravishankar\AppData\Local\Microsoft\WindowsApps;;C:\Program Files\Microsoft VS Code\bin;C:\Users\ravishankar\AppData\Roaming\npm;.] log
2018-08-06 22:35:56  [localhost-startStop-1] INFO  o.a.c.c.C.[Tomcat].[localhost].[/] - Initializing Spring embedded WebApplicationContext log
2018-08-06 22:35:56  [localhost-startStop-1] INFO  o.s.web.context.ContextLoader - Root WebApplicationContext: initialization completed in 1439 ms prepareWebApplicationContext
2018-08-06 22:35:56  [localhost-startStop-1] INFO  o.s.b.w.s.ServletRegistrationBean - Servlet dispatcherServlet mapped to [/] addRegistration
2018-08-06 22:35:56  [localhost-startStop-1] INFO  o.s.b.w.s.FilterRegistrationBean - Mapping filter: 'characterEncodingFilter' to: [/*] configure
2018-08-06 22:35:56  [localhost-startStop-1] INFO  o.s.b.w.s.FilterRegistrationBean - Mapping filter: 'hiddenHttpMethodFilter' to: [/*] configure
2018-08-06 22:35:56  [localhost-startStop-1] INFO  o.s.b.w.s.FilterRegistrationBean - Mapping filter: 'httpPutFormContentFilter' to: [/*] configure
2018-08-06 22:35:56  [localhost-startStop-1] INFO  o.s.b.w.s.FilterRegistrationBean - Mapping filter: 'requestContextFilter' to: [/*] configure
2018-08-06 22:35:56  [localhost-startStop-1] INFO  o.s.b.w.s.FilterRegistrationBean - Mapping filter: 'MDCFilter' to: [/*] configure
2018-08-06 22:35:57  [main] INFO  org.mongodb.driver.cluster - Cluster created with settings {hosts=[127.0.0.1:27017], mode=MULTIPLE, requiredClusterType=UNKNOWN, serverSelectionTimeout='30000 ms', maxWaitQueueSize=500} info
2018-08-06 22:35:57  [main] INFO  org.mongodb.driver.cluster - Adding discovered server 127.0.0.1:27017 to client view of cluster info
2018-08-06 22:35:57  [cluster-ClusterId{value='5b687ff59b69655fa4b0cae1', description='null'}-127.0.0.1:27017] INFO  org.mongodb.driver.connection - Opened connection [connectionId{localValue:1, serverValue:19}] to 127.0.0.1:27017 info
2018-08-06 22:35:57  [cluster-ClusterId{value='5b687ff59b69655fa4b0cae1', description='null'}-127.0.0.1:27017] INFO  org.mongodb.driver.cluster - Monitor thread successfully connected to server with description ServerDescription{address=127.0.0.1:27017, type=STANDALONE, state=CONNECTED, ok=true, version=ServerVersion{versionList=[3, 6, 0]}, minWireVersion=0, maxWireVersion=6, maxDocumentSize=16777216, logicalSessionTimeoutMinutes=30, roundTripTimeNanos=2101700} info
2018-08-06 22:35:57  [cluster-ClusterId{value='5b687ff59b69655fa4b0cae1', description='null'}-127.0.0.1:27017] INFO  org.mongodb.driver.cluster - Discovered cluster type of STANDALONE info
2018-08-06 22:35:57  [main] INFO  o.s.w.s.h.SimpleUrlHandlerMapping - Mapped URL path [/**/favicon.ico] onto handler of type [class org.springframework.web.servlet.resource.ResourceHttpRequestHandler] registerHandler
2018-08-06 22:35:58  [main] INFO  o.s.w.s.m.m.a.RequestMappingHandlerAdapter - Looking for @ControllerAdvice: org.springframework.boot.web.servlet.context.AnnotationConfigServletWebServerApplicationContext@30ee2816: startup date [Mon Aug 06 22:35:54 IST 2018]; root of context hierarchy initControllerAdviceCache
2018-08-06 22:35:58  [main] INFO  o.s.w.s.m.m.a.RequestMappingHandlerMapping - Mapped "{[/fulfillment/api/proposalservices/saveproposaldata],methods=[POST]}" onto public com.mli.matrix.proposal.models.OutputResponse com.mli.matrix.proposal.controller.ProposalController.saveProposalForm(com.mli.matrix.proposal.models.InputRequest) throws com.mli.matrix.proposal.exception.BaseException register
2018-08-06 22:35:58  [main] INFO  o.s.w.s.m.m.a.RequestMappingHandlerMapping - Mapped "{[/error]}" onto public org.springframework.http.ResponseEntity<java.util.Map<java.lang.String, java.lang.Object>> org.springframework.boot.autoconfigure.web.servlet.error.BasicErrorController.error(javax.servlet.http.HttpServletRequest) register
2018-08-06 22:35:58  [main] INFO  o.s.w.s.m.m.a.RequestMappingHandlerMapping - Mapped "{[/error],produces=[text/html]}" onto public org.springframework.web.servlet.ModelAndView org.springframework.boot.autoconfigure.web.servlet.error.BasicErrorController.errorHtml(javax.servlet.http.HttpServletRequest,javax.servlet.http.HttpServletResponse) register
2018-08-06 22:35:58  [main] INFO  o.s.w.s.h.SimpleUrlHandlerMapping - Mapped URL path [/webjars/**] onto handler of type [class org.springframework.web.servlet.resource.ResourceHttpRequestHandler] registerHandler
2018-08-06 22:35:58  [main] INFO  o.s.w.s.h.SimpleUrlHandlerMapping - Mapped URL path [/**] onto handler of type [class org.springframework.web.servlet.resource.ResourceHttpRequestHandler] registerHandler
2018-08-06 22:35:58  [main] INFO  o.s.w.s.m.m.a.ExceptionHandlerExceptionResolver - Detected @ExceptionHandler methods in centralizedExceptionHandler initExceptionHandlerAdviceCache
2018-08-06 22:35:58  [main] INFO  o.s.j.e.a.AnnotationMBeanExporter - Registering beans for JMX exposure on startup afterSingletonsInstantiated
2018-08-06 22:35:58  [main] INFO  o.a.coyote.http11.Http11NioProtocol - Starting ProtocolHandler ["http-nio-8080"] log
2018-08-06 22:35:58  [main] INFO  o.a.tomcat.util.net.NioSelectorPool - Using a shared selector for servlet write/read log
2018-08-06 22:35:58  [main] INFO  o.s.b.w.e.tomcat.TomcatWebServer - Tomcat started on port(s): 8080 (http) with context path '' start
2018-08-06 22:35:58  [main] INFO  c.m.m.proposal.ProposalApplication - Started ProposalApplication in 4.163 seconds (JVM running for 5.003) logStarted
2018-08-06 22:36:10  [http-nio-8080-exec-2] INFO  o.a.c.c.C.[Tomcat].[localhost].[/] - Initializing Spring FrameworkServlet 'dispatcherServlet' log
2018-08-06 22:36:10  [http-nio-8080-exec-2] INFO  o.s.web.servlet.DispatcherServlet - FrameworkServlet 'dispatcherServlet': initialization started initServletBean
2018-08-06 22:36:10  [http-nio-8080-exec-2] INFO  o.s.web.servlet.DispatcherServlet - FrameworkServlet 'dispatcherServlet': initialization completed in 37 ms initServletBean
2018-08-06 22:36:10 fada36b5-fe71-46b6-a81e-631715c1902f [http-nio-8080-exec-2] INFO  c.m.m.p.c.ProposalController - Request with requestId fada36b5-fe71-46b6-a81e-631715c1902f is being processed saveProposalForm
2018-08-06 22:36:10 fada36b5-fe71-46b6-a81e-631715c1902f [http-nio-8080-exec-2] ERROR c.m.m.p.c.ProposalController - Error occurred for request object InputRequest [request=Request [metadata=Metadata [env=dev, requestId=1234567890], requestData=RequestData [requestPayload=RequestPayload [proposalDetails=null]]]] saveProposalForm
2018-08-06 22:36:10 fada36b5-fe71-46b6-a81e-631715c1902f [http-nio-8080-exec-2] ERROR c.m.m.p.e.CentralizedExceptionHandler - Stack trace [com.mli.matrix.proposal.controller.ProposalController.saveProposalForm(ProposalController.java:60), sun.reflect.NativeMethodAccessorImpl.invoke0(Native Method), sun.reflect.NativeMethodAccessorImpl.invoke(Unknown Source), sun.reflect.DelegatingMethodAccessorImpl.invoke(Unknown Source), java.lang.reflect.Method.invoke(Unknown Source), org.springframework.web.method.support.InvocableHandlerMethod.doInvoke(InvocableHandlerMethod.java:209), org.springframework.web.method.support.InvocableHandlerMethod.invokeForRequest(InvocableHandlerMethod.java:136), org.springframework.web.servlet.mvc.method.annotation.ServletInvocableHandlerMethod.invokeAndHandle(ServletInvocableHandlerMethod.java:102), org.springframework.web.servlet.mvc.method.annotation.RequestMappingHandlerAdapter.invokeHandlerMethod(RequestMappingHandlerAdapter.java:877), org.springframework.web.servlet.mvc.method.annotation.RequestMappingHandlerAdapter.handleInternal(RequestMappingHandlerAdapter.java:783), org.springframework.web.servlet.mvc.method.AbstractHandlerMethodAdapter.handle(AbstractHandlerMethodAdapter.java:87), org.springframework.web.servlet.DispatcherServlet.doDispatch(DispatcherServlet.java:991), org.springframework.web.servlet.DispatcherServlet.doService(DispatcherServlet.java:925), org.springframework.web.servlet.FrameworkServlet.processRequest(FrameworkServlet.java:974), org.springframework.web.servlet.FrameworkServlet.doPost(FrameworkServlet.java:877), javax.servlet.http.HttpServlet.service(HttpServlet.java:661), org.springframework.web.servlet.FrameworkServlet.service(FrameworkServlet.java:851), javax.servlet.http.HttpServlet.service(HttpServlet.java:742), org.apache.catalina.core.ApplicationFilterChain.internalDoFilter(ApplicationFilterChain.java:231), org.apache.catalina.core.ApplicationFilterChain.doFilter(ApplicationFilterChain.java:166), org.apache.tomcat.websocket.server.WsFilter.doFilter(WsFilter.java:52), org.apache.catalina.core.ApplicationFilterChain.internalDoFilter(ApplicationFilterChain.java:193), org.apache.catalina.core.ApplicationFilterChain.doFilter(ApplicationFilterChain.java:166), com.mli.matrix.proposal.filter.MDCFilter.doFilter(MDCFilter.java:44), org.apache.catalina.core.ApplicationFilterChain.internalDoFilter(ApplicationFilterChain.java:193), org.apache.catalina.core.ApplicationFilterChain.doFilter(ApplicationFilterChain.java:166), org.springframework.web.filter.RequestContextFilter.doFilterInternal(RequestContextFilter.java:99), org.springframework.web.filter.OncePerRequestFilter.doFilter(OncePerRequestFilter.java:107), org.apache.catalina.core.ApplicationFilterChain.internalDoFilter(ApplicationFilterChain.java:193), org.apache.catalina.core.ApplicationFilterChain.doFilter(ApplicationFilterChain.java:166), org.springframework.web.filter.HttpPutFormContentFilter.doFilterInternal(HttpPutFormContentFilter.java:109), org.springframework.web.filter.OncePerRequestFilter.doFilter(OncePerRequestFilter.java:107), org.apache.catalina.core.ApplicationFilterChain.internalDoFilter(ApplicationFilterChain.java:193), org.apache.catalina.core.ApplicationFilterChain.doFilter(ApplicationFilterChain.java:166), org.springframework.web.filter.HiddenHttpMethodFilter.doFilterInternal(HiddenHttpMethodFilter.java:93), org.springframework.web.filter.OncePerRequestFilter.doFilter(OncePerRequestFilter.java:107), org.apache.catalina.core.ApplicationFilterChain.internalDoFilter(ApplicationFilterChain.java:193), org.apache.catalina.core.ApplicationFilterChain.doFilter(ApplicationFilterChain.java:166), org.springframework.web.filter.CharacterEncodingFilter.doFilterInternal(CharacterEncodingFilter.java:200), org.springframework.web.filter.OncePerRequestFilter.doFilter(OncePerRequestFilter.java:107), org.apache.catalina.core.ApplicationFilterChain.internalDoFilter(ApplicationFilterChain.java:193), org.apache.catalina.core.ApplicationFilterChain.doFilter(ApplicationFilterChain.java:166), org.apache.catalina.core.StandardWrapperValve.invoke(StandardWrapperValve.java:198), org.apache.catalina.core.StandardContextValve.invoke(StandardContextValve.java:96), org.apache.catalina.authenticator.AuthenticatorBase.invoke(AuthenticatorBase.java:496), org.apache.catalina.core.StandardHostValve.invoke(StandardHostValve.java:140), org.apache.catalina.valves.ErrorReportValve.invoke(ErrorReportValve.java:81), org.apache.catalina.core.StandardEngineValve.invoke(StandardEngineValve.java:87), org.apache.catalina.connector.CoyoteAdapter.service(CoyoteAdapter.java:342), org.apache.coyote.http11.Http11Processor.service(Http11Processor.java:803), org.apache.coyote.AbstractProcessorLight.process(AbstractProcessorLight.java:66), org.apache.coyote.AbstractProtocol$ConnectionHandler.process(AbstractProtocol.java:790), org.apache.tomcat.util.net.NioEndpoint$SocketProcessor.doRun(NioEndpoint.java:1468), org.apache.tomcat.util.net.SocketProcessorBase.run(SocketProcessorBase.java:49), java.util.concurrent.ThreadPoolExecutor.runWorker(Unknown Source), java.util.concurrent.ThreadPoolExecutor$Worker.run(Unknown Source), org.apache.tomcat.util.threads.TaskThread$WrappingRunnable.run(TaskThread.java:61), java.lang.Thread.run(Unknown Source)] handleBaseExceptions
2018-08-06 22:36:10 fada36b5-fe71-46b6-a81e-631715c1902f [http-nio-8080-exec-2] ERROR c.m.m.p.e.CentralizedExceptionHandler - error occurred in serving request fada36b5-fe71-46b6-a81e-631715c1902f handleBaseExceptions
2018-08-06 22:36:10 fada36b5-fe71-46b6-a81e-631715c1902f [http-nio-8080-exec-2] ERROR c.m.m.p.e.CentralizedExceptionHandler - Response object OutputResponse [response=Response [metadata=null, responseData=null]] for request fada36b5-fe71-46b6-a81e-631715c1902f handleBaseExceptions
2018-08-06 22:36:10 fada36b5-fe71-46b6-a81e-631715c1902f [http-nio-8080-exec-2] INFO  c.m.matrix.proposal.filter.MDCFilter - Response status 400 doFilter
2018-08-06 22:36:30 ea56c9a0-32e0-4c7b-9dfd-aa818042cc31 [http-nio-8080-exec-4] INFO  c.m.m.p.c.ProposalController - Request with requestId ea56c9a0-32e0-4c7b-9dfd-aa818042cc31 is being processed saveProposalForm
2018-08-06 22:36:30 ea56c9a0-32e0-4c7b-9dfd-aa818042cc31 [http-nio-8080-exec-4] ERROR c.m.m.p.c.ProposalController - Error occurred for request object InputRequest [request=Request [metadata=Metadata [env=dev, requestId=1234567890], requestData=RequestData [requestPayload=RequestPayload [proposalDetails=null]]]] saveProposalForm
2018-08-06 22:36:30 ea56c9a0-32e0-4c7b-9dfd-aa818042cc31 [http-nio-8080-exec-4] ERROR c.m.m.p.e.CentralizedExceptionHandler - Stack trace [com.mli.matrix.proposal.controller.ProposalController.saveProposalForm(ProposalController.java:60), sun.reflect.NativeMethodAccessorImpl.invoke0(Native Method), sun.reflect.NativeMethodAccessorImpl.invoke(Unknown Source), sun.reflect.DelegatingMethodAccessorImpl.invoke(Unknown Source), java.lang.reflect.Method.invoke(Unknown Source), org.springframework.web.method.support.InvocableHandlerMethod.doInvoke(InvocableHandlerMethod.java:209), org.springframework.web.method.support.InvocableHandlerMethod.invokeForRequest(InvocableHandlerMethod.java:136), org.springframework.web.servlet.mvc.method.annotation.ServletInvocableHandlerMethod.invokeAndHandle(ServletInvocableHandlerMethod.java:102), org.springframework.web.servlet.mvc.method.annotation.RequestMappingHandlerAdapter.invokeHandlerMethod(RequestMappingHandlerAdapter.java:877), org.springframework.web.servlet.mvc.method.annotation.RequestMappingHandlerAdapter.handleInternal(RequestMappingHandlerAdapter.java:783), org.springframework.web.servlet.mvc.method.AbstractHandlerMethodAdapter.handle(AbstractHandlerMethodAdapter.java:87), org.springframework.web.servlet.DispatcherServlet.doDispatch(DispatcherServlet.java:991), org.springframework.web.servlet.DispatcherServlet.doService(DispatcherServlet.java:925), org.springframework.web.servlet.FrameworkServlet.processRequest(FrameworkServlet.java:974), org.springframework.web.servlet.FrameworkServlet.doPost(FrameworkServlet.java:877), javax.servlet.http.HttpServlet.service(HttpServlet.java:661), org.springframework.web.servlet.FrameworkServlet.service(FrameworkServlet.java:851), javax.servlet.http.HttpServlet.service(HttpServlet.java:742), org.apache.catalina.core.ApplicationFilterChain.internalDoFilter(ApplicationFilterChain.java:231), org.apache.catalina.core.ApplicationFilterChain.doFilter(ApplicationFilterChain.java:166), org.apache.tomcat.websocket.server.WsFilter.doFilter(WsFilter.java:52), org.apache.catalina.core.ApplicationFilterChain.internalDoFilter(ApplicationFilterChain.java:193), org.apache.catalina.core.ApplicationFilterChain.doFilter(ApplicationFilterChain.java:166), com.mli.matrix.proposal.filter.MDCFilter.doFilter(MDCFilter.java:44), org.apache.catalina.core.ApplicationFilterChain.internalDoFilter(ApplicationFilterChain.java:193), org.apache.catalina.core.ApplicationFilterChain.doFilter(ApplicationFilterChain.java:166), org.springframework.web.filter.RequestContextFilter.doFilterInternal(RequestContextFilter.java:99), org.springframework.web.filter.OncePerRequestFilter.doFilter(OncePerRequestFilter.java:107), org.apache.catalina.core.ApplicationFilterChain.internalDoFilter(ApplicationFilterChain.java:193), org.apache.catalina.core.ApplicationFilterChain.doFilter(ApplicationFilterChain.java:166), org.springframework.web.filter.HttpPutFormContentFilter.doFilterInternal(HttpPutFormContentFilter.java:109), org.springframework.web.filter.OncePerRequestFilter.doFilter(OncePerRequestFilter.java:107), org.apache.catalina.core.ApplicationFilterChain.internalDoFilter(ApplicationFilterChain.java:193), org.apache.catalina.core.ApplicationFilterChain.doFilter(ApplicationFilterChain.java:166), org.springframework.web.filter.HiddenHttpMethodFilter.doFilterInternal(HiddenHttpMethodFilter.java:93), org.springframework.web.filter.OncePerRequestFilter.doFilter(OncePerRequestFilter.java:107), org.apache.catalina.core.ApplicationFilterChain.internalDoFilter(ApplicationFilterChain.java:193), org.apache.catalina.core.ApplicationFilterChain.doFilter(ApplicationFilterChain.java:166), org.springframework.web.filter.CharacterEncodingFilter.doFilterInternal(CharacterEncodingFilter.java:200), org.springframework.web.filter.OncePerRequestFilter.doFilter(OncePerRequestFilter.java:107), org.apache.catalina.core.ApplicationFilterChain.internalDoFilter(ApplicationFilterChain.java:193), org.apache.catalina.core.ApplicationFilterChain.doFilter(ApplicationFilterChain.java:166), org.apache.catalina.core.StandardWrapperValve.invoke(StandardWrapperValve.java:198), org.apache.catalina.core.StandardContextValve.invoke(StandardContextValve.java:96), org.apache.catalina.authenticator.AuthenticatorBase.invoke(AuthenticatorBase.java:496), org.apache.catalina.core.StandardHostValve.invoke(StandardHostValve.java:140), org.apache.catalina.valves.ErrorReportValve.invoke(ErrorReportValve.java:81), org.apache.catalina.core.StandardEngineValve.invoke(StandardEngineValve.java:87), org.apache.catalina.connector.CoyoteAdapter.service(CoyoteAdapter.java:342), org.apache.coyote.http11.Http11Processor.service(Http11Processor.java:803), org.apache.coyote.AbstractProcessorLight.process(AbstractProcessorLight.java:66), org.apache.coyote.AbstractProtocol$ConnectionHandler.process(AbstractProtocol.java:790), org.apache.tomcat.util.net.NioEndpoint$SocketProcessor.doRun(NioEndpoint.java:1468), org.apache.tomcat.util.net.SocketProcessorBase.run(SocketProcessorBase.java:49), java.util.concurrent.ThreadPoolExecutor.runWorker(Unknown Source), java.util.concurrent.ThreadPoolExecutor$Worker.run(Unknown Source), org.apache.tomcat.util.threads.TaskThread$WrappingRunnable.run(TaskThread.java:61), java.lang.Thread.run(Unknown Source)] handleBaseExceptions
2018-08-06 22:36:30 ea56c9a0-32e0-4c7b-9dfd-aa818042cc31 [http-nio-8080-exec-4] ERROR c.m.m.p.e.CentralizedExceptionHandler - error occurred in serving request ea56c9a0-32e0-4c7b-9dfd-aa818042cc31 handleBaseExceptions
2018-08-06 22:36:30 ea56c9a0-32e0-4c7b-9dfd-aa818042cc31 [http-nio-8080-exec-4] ERROR c.m.m.p.e.CentralizedExceptionHandler - Response object OutputResponse [response=Response [metadata=null, responseData=null]] for request ea56c9a0-32e0-4c7b-9dfd-aa818042cc31 handleBaseExceptions
2018-08-06 22:36:30 ea56c9a0-32e0-4c7b-9dfd-aa818042cc31 [http-nio-8080-exec-4] INFO  c.m.matrix.proposal.filter.MDCFilter - Response status 400 doFilter
2018-08-06 22:37:33  [RMI TCP Connection(2)-127.0.0.1] INFO  o.s.b.a.SpringApplicationAdminMXBeanRegistrar$SpringApplicationAdmin - Application shutdown requested. shutdown
2018-08-06 22:37:33  [RMI TCP Connection(2)-127.0.0.1] INFO  o.s.b.w.s.c.AnnotationConfigServletWebServerApplicationContext - Closing org.springframework.boot.web.servlet.context.AnnotationConfigServletWebServerApplicationContext@30ee2816: startup date [Mon Aug 06 22:35:54 IST 2018]; root of context hierarchy doClose
2018-08-06 22:37:33  [RMI TCP Connection(2)-127.0.0.1] INFO  o.s.j.e.a.AnnotationMBeanExporter - Unregistering JMX-exposed beans on shutdown destroy
2018-08-06 22:37:36  [main] INFO  c.m.m.proposal.ProposalApplication - Starting ProposalApplication on MONO-HYD-LAP-5 with PID 18140 (C:\Users\ravishankar\workspace-sts\Proposal-MS\target\classes started by ravishankar in C:\Users\ravishankar\workspace-sts\Proposal-MS) logStarting
2018-08-06 22:37:36  [main] INFO  c.m.m.proposal.ProposalApplication - The following profiles are active: dev logStartupProfileInfo
2018-08-06 22:37:36  [main] INFO  o.s.b.w.s.c.AnnotationConfigServletWebServerApplicationContext - Refreshing org.springframework.boot.web.servlet.context.AnnotationConfigServletWebServerApplicationContext@7a69b07: startup date [Mon Aug 06 22:37:36 IST 2018]; root of context hierarchy prepareRefresh
2018-08-06 22:37:37  [main] INFO  o.s.b.w.e.tomcat.TomcatWebServer - Tomcat initialized with port(s): 8080 (http) initialize
2018-08-06 22:37:37  [main] INFO  o.a.coyote.http11.Http11NioProtocol - Initializing ProtocolHandler ["http-nio-8080"] log
2018-08-06 22:37:37  [main] INFO  o.a.catalina.core.StandardService - Starting service [Tomcat] log
2018-08-06 22:37:37  [main] INFO  o.a.catalina.core.StandardEngine - Starting Servlet Engine: Apache Tomcat/8.5.31 log
2018-08-06 22:37:37  [localhost-startStop-1] INFO  o.a.c.core.AprLifecycleListener - The APR based Apache Tomcat Native library which allows optimal performance in production environments was not found on the java.library.path: [C:\Program Files\Java\jre1.8.0_161\bin;C:\WINDOWS\Sun\Java\bin;C:\WINDOWS\system32;C:\WINDOWS;C:\Program Files\Docker\Docker\Resources\bin;C:\ProgramData\Oracle\Java\javapath;C:\Program Files (x86)\Intel\iCLS Client\;C:\Program Files\Intel\iCLS Client\;C:\WINDOWS\system32;C:\WINDOWS;C:\WINDOWS\System32\Wbem;C:\WINDOWS\System32\WindowsPowerShell\v1.0\;C:\Program Files (x86)\Intel\Intel(R) Management Engine Components\DAL;C:\Program Files\Intel\Intel(R) Management Engine Components\DAL;C:\Program Files (x86)\Intel\Intel(R) Management Engine Components\IPT;C:\Program Files\Intel\Intel(R) Management Engine Components\IPT;C:\Program Files\Git\cmd;C:\Program Files\Java\jdk1.8.0_161\bin;C:\Program Files\youtubedl;C:\Program Files\PuTTY\;C:\mongodb\bin;C:\Program Files\MySQL\MySQL Utilities 1.6\;C:\Program Files\dotnet\;C:\Program Files\Microsoft SQL Server\130\Tools\Binn\;C:\Go\bin;C:\WINDOWS\System32\OpenSSH\;C:\apache-maven-3.5.3\bin;C:\Program Files\Amazon\AWSCLI\;C:\Program Files\Amazon\AWSCLI\bin\;C:\Program Files\nodejs\;C:\gradle-4.8.1\bin;;C:\Program Files\Microsoft VS Code\bin;C:\Users\ravishankar\AppData\Local\Programs\Python\Python36\Scripts\;C:\Users\ravishankar\AppData\Local\Programs\Python\Python36\;C:\Users\ravishankar\AppData\Local\Microsoft\WindowsApps;;C:\Program Files\Microsoft VS Code\bin;C:\Users\ravishankar\AppData\Roaming\npm;.] log
2018-08-06 22:37:37  [localhost-startStop-1] INFO  o.a.c.c.C.[Tomcat].[localhost].[/] - Initializing Spring embedded WebApplicationContext log
2018-08-06 22:37:37  [localhost-startStop-1] INFO  o.s.web.context.ContextLoader - Root WebApplicationContext: initialization completed in 1194 ms prepareWebApplicationContext
2018-08-06 22:37:37  [localhost-startStop-1] INFO  o.s.b.w.s.ServletRegistrationBean - Servlet dispatcherServlet mapped to [/] addRegistration
2018-08-06 22:37:37  [localhost-startStop-1] INFO  o.s.b.w.s.FilterRegistrationBean - Mapping filter: 'characterEncodingFilter' to: [/*] configure
2018-08-06 22:37:37  [localhost-startStop-1] INFO  o.s.b.w.s.FilterRegistrationBean - Mapping filter: 'hiddenHttpMethodFilter' to: [/*] configure
2018-08-06 22:37:37  [localhost-startStop-1] INFO  o.s.b.w.s.FilterRegistrationBean - Mapping filter: 'httpPutFormContentFilter' to: [/*] configure
2018-08-06 22:37:37  [localhost-startStop-1] INFO  o.s.b.w.s.FilterRegistrationBean - Mapping filter: 'requestContextFilter' to: [/*] configure
2018-08-06 22:37:37  [localhost-startStop-1] INFO  o.s.b.w.s.FilterRegistrationBean - Mapping filter: 'MDCFilter' to: [/*] configure
2018-08-06 22:37:38  [main] INFO  org.mongodb.driver.cluster - Cluster created with settings {hosts=[127.0.0.1:27017], mode=MULTIPLE, requiredClusterType=UNKNOWN, serverSelectionTimeout='30000 ms', maxWaitQueueSize=500} info
2018-08-06 22:37:38  [main] INFO  org.mongodb.driver.cluster - Adding discovered server 127.0.0.1:27017 to client view of cluster info
2018-08-06 22:37:38  [cluster-ClusterId{value='5b68805a9b696546dca4fcc9', description='null'}-127.0.0.1:27017] INFO  org.mongodb.driver.connection - Opened connection [connectionId{localValue:1, serverValue:20}] to 127.0.0.1:27017 info
2018-08-06 22:37:38  [cluster-ClusterId{value='5b68805a9b696546dca4fcc9', description='null'}-127.0.0.1:27017] INFO  org.mongodb.driver.cluster - Monitor thread successfully connected to server with description ServerDescription{address=127.0.0.1:27017, type=STANDALONE, state=CONNECTED, ok=true, version=ServerVersion{versionList=[3, 6, 0]}, minWireVersion=0, maxWireVersion=6, maxDocumentSize=16777216, logicalSessionTimeoutMinutes=30, roundTripTimeNanos=2147500} info
2018-08-06 22:37:38  [cluster-ClusterId{value='5b68805a9b696546dca4fcc9', description='null'}-127.0.0.1:27017] INFO  org.mongodb.driver.cluster - Discovered cluster type of STANDALONE info
2018-08-06 22:37:39  [main] INFO  o.s.w.s.h.SimpleUrlHandlerMapping - Mapped URL path [/**/favicon.ico] onto handler of type [class org.springframework.web.servlet.resource.ResourceHttpRequestHandler] registerHandler
2018-08-06 22:37:39  [main] INFO  o.s.w.s.m.m.a.RequestMappingHandlerAdapter - Looking for @ControllerAdvice: org.springframework.boot.web.servlet.context.AnnotationConfigServletWebServerApplicationContext@7a69b07: startup date [Mon Aug 06 22:37:36 IST 2018]; root of context hierarchy initControllerAdviceCache
2018-08-06 22:37:39  [main] INFO  o.s.w.s.m.m.a.RequestMappingHandlerMapping - Mapped "{[/fulfillment/api/proposalservices/saveproposaldata],methods=[POST]}" onto public com.mli.matrix.proposal.models.OutputResponse com.mli.matrix.proposal.controller.ProposalController.saveProposalForm(com.mli.matrix.proposal.models.InputRequest) throws com.mli.matrix.proposal.exception.BaseException register
2018-08-06 22:37:39  [main] INFO  o.s.w.s.m.m.a.RequestMappingHandlerMapping - Mapped "{[/error]}" onto public org.springframework.http.ResponseEntity<java.util.Map<java.lang.String, java.lang.Object>> org.springframework.boot.autoconfigure.web.servlet.error.BasicErrorController.error(javax.servlet.http.HttpServletRequest) register
2018-08-06 22:37:39  [main] INFO  o.s.w.s.m.m.a.RequestMappingHandlerMapping - Mapped "{[/error],produces=[text/html]}" onto public org.springframework.web.servlet.ModelAndView org.springframework.boot.autoconfigure.web.servlet.error.BasicErrorController.errorHtml(javax.servlet.http.HttpServletRequest,javax.servlet.http.HttpServletResponse) register
2018-08-06 22:37:39  [main] INFO  o.s.w.s.h.SimpleUrlHandlerMapping - Mapped URL path [/webjars/**] onto handler of type [class org.springframework.web.servlet.resource.ResourceHttpRequestHandler] registerHandler
2018-08-06 22:37:39  [main] INFO  o.s.w.s.h.SimpleUrlHandlerMapping - Mapped URL path [/**] onto handler of type [class org.springframework.web.servlet.resource.ResourceHttpRequestHandler] registerHandler
2018-08-06 22:37:39  [main] INFO  o.s.w.s.m.m.a.ExceptionHandlerExceptionResolver - Detected @ExceptionHandler methods in centralizedExceptionHandler initExceptionHandlerAdviceCache
2018-08-06 22:37:39  [main] INFO  o.s.j.e.a.AnnotationMBeanExporter - Registering beans for JMX exposure on startup afterSingletonsInstantiated
2018-08-06 22:37:39  [main] INFO  o.a.coyote.http11.Http11NioProtocol - Starting ProtocolHandler ["http-nio-8080"] log
2018-08-06 22:37:39  [main] INFO  o.a.tomcat.util.net.NioSelectorPool - Using a shared selector for servlet write/read log
2018-08-06 22:37:39  [main] INFO  o.s.b.w.e.tomcat.TomcatWebServer - Tomcat started on port(s): 8080 (http) with context path '' start
2018-08-06 22:37:39  [main] INFO  c.m.m.proposal.ProposalApplication - Started ProposalApplication in 3.478 seconds (JVM running for 4.204) logStarted
2018-08-06 22:37:46  [http-nio-8080-exec-1] INFO  o.a.c.c.C.[Tomcat].[localhost].[/] - Initializing Spring FrameworkServlet 'dispatcherServlet' log
2018-08-06 22:37:46  [http-nio-8080-exec-1] INFO  o.s.web.servlet.DispatcherServlet - FrameworkServlet 'dispatcherServlet': initialization started initServletBean
2018-08-06 22:37:46  [http-nio-8080-exec-1] INFO  o.s.web.servlet.DispatcherServlet - FrameworkServlet 'dispatcherServlet': initialization completed in 26 ms initServletBean
2018-08-06 22:37:46 b97ac41b-bf17-4c8f-ad2f-f9b7a1b3b634 [http-nio-8080-exec-1] INFO  c.m.m.p.c.ProposalController - Request with requestId b97ac41b-bf17-4c8f-ad2f-f9b7a1b3b634 is being processed saveProposalForm
2018-08-06 22:37:46 b97ac41b-bf17-4c8f-ad2f-f9b7a1b3b634 [http-nio-8080-exec-1] ERROR c.m.m.p.c.ProposalController - Error occurred for request object InputRequest [request=Request [metadata=Metadata [env=dev, requestId=1234567890], requestData=RequestData [requestPayload=RequestPayload [proposalDetails=null]]]] saveProposalForm
2018-08-06 22:37:46 b97ac41b-bf17-4c8f-ad2f-f9b7a1b3b634 [http-nio-8080-exec-1] ERROR c.m.m.p.e.CentralizedExceptionHandler - Stack trace [com.mli.matrix.proposal.controller.ProposalController.saveProposalForm(ProposalController.java:60), sun.reflect.NativeMethodAccessorImpl.invoke0(Native Method), sun.reflect.NativeMethodAccessorImpl.invoke(Unknown Source), sun.reflect.DelegatingMethodAccessorImpl.invoke(Unknown Source), java.lang.reflect.Method.invoke(Unknown Source), org.springframework.web.method.support.InvocableHandlerMethod.doInvoke(InvocableHandlerMethod.java:209), org.springframework.web.method.support.InvocableHandlerMethod.invokeForRequest(InvocableHandlerMethod.java:136), org.springframework.web.servlet.mvc.method.annotation.ServletInvocableHandlerMethod.invokeAndHandle(ServletInvocableHandlerMethod.java:102), org.springframework.web.servlet.mvc.method.annotation.RequestMappingHandlerAdapter.invokeHandlerMethod(RequestMappingHandlerAdapter.java:877), org.springframework.web.servlet.mvc.method.annotation.RequestMappingHandlerAdapter.handleInternal(RequestMappingHandlerAdapter.java:783), org.springframework.web.servlet.mvc.method.AbstractHandlerMethodAdapter.handle(AbstractHandlerMethodAdapter.java:87), org.springframework.web.servlet.DispatcherServlet.doDispatch(DispatcherServlet.java:991), org.springframework.web.servlet.DispatcherServlet.doService(DispatcherServlet.java:925), org.springframework.web.servlet.FrameworkServlet.processRequest(FrameworkServlet.java:974), org.springframework.web.servlet.FrameworkServlet.doPost(FrameworkServlet.java:877), javax.servlet.http.HttpServlet.service(HttpServlet.java:661), org.springframework.web.servlet.FrameworkServlet.service(FrameworkServlet.java:851), javax.servlet.http.HttpServlet.service(HttpServlet.java:742), org.apache.catalina.core.ApplicationFilterChain.internalDoFilter(ApplicationFilterChain.java:231), org.apache.catalina.core.ApplicationFilterChain.doFilter(ApplicationFilterChain.java:166), org.apache.tomcat.websocket.server.WsFilter.doFilter(WsFilter.java:52), org.apache.catalina.core.ApplicationFilterChain.internalDoFilter(ApplicationFilterChain.java:193), org.apache.catalina.core.ApplicationFilterChain.doFilter(ApplicationFilterChain.java:166), com.mli.matrix.proposal.filter.MDCFilter.doFilter(MDCFilter.java:44), org.apache.catalina.core.ApplicationFilterChain.internalDoFilter(ApplicationFilterChain.java:193), org.apache.catalina.core.ApplicationFilterChain.doFilter(ApplicationFilterChain.java:166), org.springframework.web.filter.RequestContextFilter.doFilterInternal(RequestContextFilter.java:99), org.springframework.web.filter.OncePerRequestFilter.doFilter(OncePerRequestFilter.java:107), org.apache.catalina.core.ApplicationFilterChain.internalDoFilter(ApplicationFilterChain.java:193), org.apache.catalina.core.ApplicationFilterChain.doFilter(ApplicationFilterChain.java:166), org.springframework.web.filter.HttpPutFormContentFilter.doFilterInternal(HttpPutFormContentFilter.java:109), org.springframework.web.filter.OncePerRequestFilter.doFilter(OncePerRequestFilter.java:107), org.apache.catalina.core.ApplicationFilterChain.internalDoFilter(ApplicationFilterChain.java:193), org.apache.catalina.core.ApplicationFilterChain.doFilter(ApplicationFilterChain.java:166), org.springframework.web.filter.HiddenHttpMethodFilter.doFilterInternal(HiddenHttpMethodFilter.java:93), org.springframework.web.filter.OncePerRequestFilter.doFilter(OncePerRequestFilter.java:107), org.apache.catalina.core.ApplicationFilterChain.internalDoFilter(ApplicationFilterChain.java:193), org.apache.catalina.core.ApplicationFilterChain.doFilter(ApplicationFilterChain.java:166), org.springframework.web.filter.CharacterEncodingFilter.doFilterInternal(CharacterEncodingFilter.java:200), org.springframework.web.filter.OncePerRequestFilter.doFilter(OncePerRequestFilter.java:107), org.apache.catalina.core.ApplicationFilterChain.internalDoFilter(ApplicationFilterChain.java:193), org.apache.catalina.core.ApplicationFilterChain.doFilter(ApplicationFilterChain.java:166), org.apache.catalina.core.StandardWrapperValve.invoke(StandardWrapperValve.java:198), org.apache.catalina.core.StandardContextValve.invoke(StandardContextValve.java:96), org.apache.catalina.authenticator.AuthenticatorBase.invoke(AuthenticatorBase.java:496), org.apache.catalina.core.StandardHostValve.invoke(StandardHostValve.java:140), org.apache.catalina.valves.ErrorReportValve.invoke(ErrorReportValve.java:81), org.apache.catalina.core.StandardEngineValve.invoke(StandardEngineValve.java:87), org.apache.catalina.connector.CoyoteAdapter.service(CoyoteAdapter.java:342), org.apache.coyote.http11.Http11Processor.service(Http11Processor.java:803), org.apache.coyote.AbstractProcessorLight.process(AbstractProcessorLight.java:66), org.apache.coyote.AbstractProtocol$ConnectionHandler.process(AbstractProtocol.java:790), org.apache.tomcat.util.net.NioEndpoint$SocketProcessor.doRun(NioEndpoint.java:1468), org.apache.tomcat.util.net.SocketProcessorBase.run(SocketProcessorBase.java:49), java.util.concurrent.ThreadPoolExecutor.runWorker(Unknown Source), java.util.concurrent.ThreadPoolExecutor$Worker.run(Unknown Source), org.apache.tomcat.util.threads.TaskThread$WrappingRunnable.run(TaskThread.java:61), java.lang.Thread.run(Unknown Source)] handleBaseExceptions
2018-08-06 22:37:46 b97ac41b-bf17-4c8f-ad2f-f9b7a1b3b634 [http-nio-8080-exec-1] ERROR c.m.m.p.e.CentralizedExceptionHandler - error occurred in serving request b97ac41b-bf17-4c8f-ad2f-f9b7a1b3b634 handleBaseExceptions
2018-08-06 22:37:46 b97ac41b-bf17-4c8f-ad2f-f9b7a1b3b634 [http-nio-8080-exec-1] ERROR c.m.m.p.e.CentralizedExceptionHandler - Response object OutputResponse [response=Response [metadata=null, responseData=null]] for request b97ac41b-bf17-4c8f-ad2f-f9b7a1b3b634 handleBaseExceptions
2018-08-06 22:37:46 b97ac41b-bf17-4c8f-ad2f-f9b7a1b3b634 [http-nio-8080-exec-1] INFO  c.m.matrix.proposal.filter.MDCFilter - Response status 400 doFilter
2018-08-07 10:09:51  [RMI TCP Connection(2)-127.0.0.1] INFO  o.s.b.a.SpringApplicationAdminMXBeanRegistrar$SpringApplicationAdmin - Application shutdown requested. shutdown
2018-08-07 10:09:51  [RMI TCP Connection(2)-127.0.0.1] INFO  o.s.b.w.s.c.AnnotationConfigServletWebServerApplicationContext - Closing org.springframework.boot.web.servlet.context.AnnotationConfigServletWebServerApplicationContext@7a69b07: startup date [Mon Aug 06 22:37:36 IST 2018]; root of context hierarchy doClose
2018-08-07 10:09:51  [RMI TCP Connection(2)-127.0.0.1] INFO  o.s.j.e.a.AnnotationMBeanExporter - Unregistering JMX-exposed beans on shutdown destroy
2018-08-07 11:09:49  [main] INFO  c.m.m.proposal.ProposalApplication - Starting ProposalApplication on MONO-HYD-LAP-5 with PID 19108 (C:\Users\ravishankar\workspace-sts\Proposal-MS\target\classes started by ravishankar in C:\Users\ravishankar\workspace-sts\Proposal-MS) logStarting
2018-08-07 11:09:49  [main] INFO  c.m.m.proposal.ProposalApplication - The following profiles are active: dev logStartupProfileInfo
2018-08-07 11:09:49  [main] INFO  o.s.b.w.s.c.AnnotationConfigServletWebServerApplicationContext - Refreshing org.springframework.boot.web.servlet.context.AnnotationConfigServletWebServerApplicationContext@1139b2f3: startup date [Tue Aug 07 11:09:49 IST 2018]; root of context hierarchy prepareRefresh
2018-08-07 11:09:51  [main] INFO  o.s.b.w.e.tomcat.TomcatWebServer - Tomcat initialized with port(s): 8080 (http) initialize
2018-08-07 11:09:51  [main] INFO  o.a.coyote.http11.Http11NioProtocol - Initializing ProtocolHandler ["http-nio-8080"] log
2018-08-07 11:09:51  [main] INFO  o.a.catalina.core.StandardService - Starting service [Tomcat] log
2018-08-07 11:09:51  [main] INFO  o.a.catalina.core.StandardEngine - Starting Servlet Engine: Apache Tomcat/8.5.31 log
2018-08-07 11:09:51  [localhost-startStop-1] INFO  o.a.c.core.AprLifecycleListener - The APR based Apache Tomcat Native library which allows optimal performance in production environments was not found on the java.library.path: [C:\Program Files\Java\jre1.8.0_161\bin;C:\WINDOWS\Sun\Java\bin;C:\WINDOWS\system32;C:\WINDOWS;C:\Program Files\Docker\Docker\Resources\bin;C:\ProgramData\Oracle\Java\javapath;C:\Program Files (x86)\Intel\iCLS Client\;C:\Program Files\Intel\iCLS Client\;C:\WINDOWS\system32;C:\WINDOWS;C:\WINDOWS\System32\Wbem;C:\WINDOWS\System32\WindowsPowerShell\v1.0\;C:\Program Files (x86)\Intel\Intel(R) Management Engine Components\DAL;C:\Program Files\Intel\Intel(R) Management Engine Components\DAL;C:\Program Files (x86)\Intel\Intel(R) Management Engine Components\IPT;C:\Program Files\Intel\Intel(R) Management Engine Components\IPT;C:\Program Files\Git\cmd;C:\Program Files\Java\jdk1.8.0_161\bin;C:\Program Files\youtubedl;C:\Program Files\PuTTY\;C:\mongodb\bin;C:\Program Files\MySQL\MySQL Utilities 1.6\;C:\Program Files\dotnet\;C:\Program Files\Microsoft SQL Server\130\Tools\Binn\;C:\Go\bin;C:\WINDOWS\System32\OpenSSH\;C:\apache-maven-3.5.3\bin;C:\Program Files\Amazon\AWSCLI\;C:\Program Files\Amazon\AWSCLI\bin\;C:\Program Files\nodejs\;C:\gradle-4.8.1\bin;;C:\Program Files\Microsoft VS Code\bin;C:\Users\ravishankar\AppData\Local\Programs\Python\Python36\Scripts\;C:\Users\ravishankar\AppData\Local\Programs\Python\Python36\;C:\Users\ravishankar\AppData\Local\Microsoft\WindowsApps;;C:\Program Files\Microsoft VS Code\bin;C:\Users\ravishankar\AppData\Roaming\npm;.] log
2018-08-07 11:09:51  [localhost-startStop-1] INFO  o.a.c.c.C.[Tomcat].[localhost].[/] - Initializing Spring embedded WebApplicationContext log
2018-08-07 11:09:51  [localhost-startStop-1] INFO  o.s.web.context.ContextLoader - Root WebApplicationContext: initialization completed in 1240 ms prepareWebApplicationContext
2018-08-07 11:09:51  [localhost-startStop-1] INFO  o.s.b.w.s.ServletRegistrationBean - Servlet dispatcherServlet mapped to [/] addRegistration
2018-08-07 11:09:51  [localhost-startStop-1] INFO  o.s.b.w.s.FilterRegistrationBean - Mapping filter: 'characterEncodingFilter' to: [/*] configure
2018-08-07 11:09:51  [localhost-startStop-1] INFO  o.s.b.w.s.FilterRegistrationBean - Mapping filter: 'hiddenHttpMethodFilter' to: [/*] configure
2018-08-07 11:09:51  [localhost-startStop-1] INFO  o.s.b.w.s.FilterRegistrationBean - Mapping filter: 'httpPutFormContentFilter' to: [/*] configure
2018-08-07 11:09:51  [localhost-startStop-1] INFO  o.s.b.w.s.FilterRegistrationBean - Mapping filter: 'requestContextFilter' to: [/*] configure
2018-08-07 11:09:51  [localhost-startStop-1] INFO  o.s.b.w.s.FilterRegistrationBean - Mapping filter: 'MDCFilter' to: [/*] configure
2018-08-07 11:09:52  [main] INFO  org.mongodb.driver.cluster - Cluster created with settings {hosts=[127.0.0.1:27017], mode=MULTIPLE, requiredClusterType=UNKNOWN, serverSelectionTimeout='30000 ms', maxWaitQueueSize=500} info
2018-08-07 11:09:52  [main] INFO  org.mongodb.driver.cluster - Adding discovered server 127.0.0.1:27017 to client view of cluster info
2018-08-07 11:09:52  [cluster-ClusterId{value='5b6930a85ec5c24aa48e0c68', description='null'}-127.0.0.1:27017] INFO  org.mongodb.driver.connection - Opened connection [connectionId{localValue:1, serverValue:21}] to 127.0.0.1:27017 info
2018-08-07 11:09:52  [cluster-ClusterId{value='5b6930a85ec5c24aa48e0c68', description='null'}-127.0.0.1:27017] INFO  org.mongodb.driver.cluster - Monitor thread successfully connected to server with description ServerDescription{address=127.0.0.1:27017, type=STANDALONE, state=CONNECTED, ok=true, version=ServerVersion{versionList=[3, 6, 0]}, minWireVersion=0, maxWireVersion=6, maxDocumentSize=16777216, logicalSessionTimeoutMinutes=30, roundTripTimeNanos=1950400} info
2018-08-07 11:09:52  [cluster-ClusterId{value='5b6930a85ec5c24aa48e0c68', description='null'}-127.0.0.1:27017] INFO  org.mongodb.driver.cluster - Discovered cluster type of STANDALONE info
2018-08-07 11:09:52  [main] INFO  o.s.w.s.h.SimpleUrlHandlerMapping - Mapped URL path [/**/favicon.ico] onto handler of type [class org.springframework.web.servlet.resource.ResourceHttpRequestHandler] registerHandler
2018-08-07 11:09:52  [main] INFO  o.s.w.s.m.m.a.RequestMappingHandlerAdapter - Looking for @ControllerAdvice: org.springframework.boot.web.servlet.context.AnnotationConfigServletWebServerApplicationContext@1139b2f3: startup date [Tue Aug 07 11:09:49 IST 2018]; root of context hierarchy initControllerAdviceCache
2018-08-07 11:09:52  [main] INFO  o.s.w.s.m.m.a.RequestMappingHandlerMapping - Mapped "{[/fulfillment/api/proposalservices/saveproposaldata],methods=[POST]}" onto public com.mli.matrix.proposal.models.OutputResponse com.mli.matrix.proposal.controller.ProposalController.saveProposalForm(com.mli.matrix.proposal.models.InputRequest) throws com.mli.matrix.proposal.exception.BaseException register
2018-08-07 11:09:52  [main] INFO  o.s.w.s.m.m.a.RequestMappingHandlerMapping - Mapped "{[/error]}" onto public org.springframework.http.ResponseEntity<java.util.Map<java.lang.String, java.lang.Object>> org.springframework.boot.autoconfigure.web.servlet.error.BasicErrorController.error(javax.servlet.http.HttpServletRequest) register
2018-08-07 11:09:52  [main] INFO  o.s.w.s.m.m.a.RequestMappingHandlerMapping - Mapped "{[/error],produces=[text/html]}" onto public org.springframework.web.servlet.ModelAndView org.springframework.boot.autoconfigure.web.servlet.error.BasicErrorController.errorHtml(javax.servlet.http.HttpServletRequest,javax.servlet.http.HttpServletResponse) register
2018-08-07 11:09:52  [main] INFO  o.s.w.s.h.SimpleUrlHandlerMapping - Mapped URL path [/webjars/**] onto handler of type [class org.springframework.web.servlet.resource.ResourceHttpRequestHandler] registerHandler
2018-08-07 11:09:52  [main] INFO  o.s.w.s.h.SimpleUrlHandlerMapping - Mapped URL path [/**] onto handler of type [class org.springframework.web.servlet.resource.ResourceHttpRequestHandler] registerHandler
2018-08-07 11:09:52  [main] INFO  o.s.w.s.m.m.a.ExceptionHandlerExceptionResolver - Detected @ExceptionHandler methods in centralizedExceptionHandler initExceptionHandlerAdviceCache
2018-08-07 11:09:53  [main] INFO  o.s.j.e.a.AnnotationMBeanExporter - Registering beans for JMX exposure on startup afterSingletonsInstantiated
2018-08-07 11:09:53  [main] INFO  o.a.coyote.http11.Http11NioProtocol - Starting ProtocolHandler ["http-nio-8080"] log
2018-08-07 11:09:53  [main] INFO  o.a.tomcat.util.net.NioSelectorPool - Using a shared selector for servlet write/read log
2018-08-07 11:09:53  [main] INFO  o.s.b.w.e.tomcat.TomcatWebServer - Tomcat started on port(s): 8080 (http) with context path '' start
2018-08-07 11:09:53  [main] INFO  c.m.m.proposal.ProposalApplication - Started ProposalApplication in 3.555 seconds (JVM running for 4.814) logStarted
2018-08-07 11:10:00  [http-nio-8080-exec-1] INFO  o.a.c.c.C.[Tomcat].[localhost].[/] - Initializing Spring FrameworkServlet 'dispatcherServlet' log
2018-08-07 11:10:00  [http-nio-8080-exec-1] INFO  o.s.web.servlet.DispatcherServlet - FrameworkServlet 'dispatcherServlet': initialization started initServletBean
2018-08-07 11:10:00  [http-nio-8080-exec-1] INFO  o.s.web.servlet.DispatcherServlet - FrameworkServlet 'dispatcherServlet': initialization completed in 21 ms initServletBean
2018-08-07 11:10:00 65dbb415-27d0-4e2a-aedf-356769206dbf [http-nio-8080-exec-1] INFO  c.m.m.p.c.ProposalController - Request with requestId 65dbb415-27d0-4e2a-aedf-356769206dbf is being processed saveProposalForm
2018-08-07 11:10:00 65dbb415-27d0-4e2a-aedf-356769206dbf [http-nio-8080-exec-1] ERROR c.m.m.p.c.ProposalController - Error occurred for request object InputRequest [request=Request [metadata=Metadata [env=dev, requestId=1234567890], requestData=RequestData [requestPayload=RequestPayload [proposalDetails=null]]]] saveProposalForm
2018-08-07 11:10:00 65dbb415-27d0-4e2a-aedf-356769206dbf [http-nio-8080-exec-1] ERROR c.m.m.p.e.CentralizedExceptionHandler - Stack trace [com.mli.matrix.proposal.controller.ProposalController.saveProposalForm(ProposalController.java:62), sun.reflect.NativeMethodAccessorImpl.invoke0(Native Method), sun.reflect.NativeMethodAccessorImpl.invoke(Unknown Source), sun.reflect.DelegatingMethodAccessorImpl.invoke(Unknown Source), java.lang.reflect.Method.invoke(Unknown Source), org.springframework.web.method.support.InvocableHandlerMethod.doInvoke(InvocableHandlerMethod.java:209), org.springframework.web.method.support.InvocableHandlerMethod.invokeForRequest(InvocableHandlerMethod.java:136), org.springframework.web.servlet.mvc.method.annotation.ServletInvocableHandlerMethod.invokeAndHandle(ServletInvocableHandlerMethod.java:102), org.springframework.web.servlet.mvc.method.annotation.RequestMappingHandlerAdapter.invokeHandlerMethod(RequestMappingHandlerAdapter.java:877), org.springframework.web.servlet.mvc.method.annotation.RequestMappingHandlerAdapter.handleInternal(RequestMappingHandlerAdapter.java:783), org.springframework.web.servlet.mvc.method.AbstractHandlerMethodAdapter.handle(AbstractHandlerMethodAdapter.java:87), org.springframework.web.servlet.DispatcherServlet.doDispatch(DispatcherServlet.java:991), org.springframework.web.servlet.DispatcherServlet.doService(DispatcherServlet.java:925), org.springframework.web.servlet.FrameworkServlet.processRequest(FrameworkServlet.java:974), org.springframework.web.servlet.FrameworkServlet.doPost(FrameworkServlet.java:877), javax.servlet.http.HttpServlet.service(HttpServlet.java:661), org.springframework.web.servlet.FrameworkServlet.service(FrameworkServlet.java:851), javax.servlet.http.HttpServlet.service(HttpServlet.java:742), org.apache.catalina.core.ApplicationFilterChain.internalDoFilter(ApplicationFilterChain.java:231), org.apache.catalina.core.ApplicationFilterChain.doFilter(ApplicationFilterChain.java:166), org.apache.tomcat.websocket.server.WsFilter.doFilter(WsFilter.java:52), org.apache.catalina.core.ApplicationFilterChain.internalDoFilter(ApplicationFilterChain.java:193), org.apache.catalina.core.ApplicationFilterChain.doFilter(ApplicationFilterChain.java:166), com.mli.matrix.proposal.filter.MDCFilter.doFilter(MDCFilter.java:44), org.apache.catalina.core.ApplicationFilterChain.internalDoFilter(ApplicationFilterChain.java:193), org.apache.catalina.core.ApplicationFilterChain.doFilter(ApplicationFilterChain.java:166), org.springframework.web.filter.RequestContextFilter.doFilterInternal(RequestContextFilter.java:99), org.springframework.web.filter.OncePerRequestFilter.doFilter(OncePerRequestFilter.java:107), org.apache.catalina.core.ApplicationFilterChain.internalDoFilter(ApplicationFilterChain.java:193), org.apache.catalina.core.ApplicationFilterChain.doFilter(ApplicationFilterChain.java:166), org.springframework.web.filter.HttpPutFormContentFilter.doFilterInternal(HttpPutFormContentFilter.java:109), org.springframework.web.filter.OncePerRequestFilter.doFilter(OncePerRequestFilter.java:107), org.apache.catalina.core.ApplicationFilterChain.internalDoFilter(ApplicationFilterChain.java:193), org.apache.catalina.core.ApplicationFilterChain.doFilter(ApplicationFilterChain.java:166), org.springframework.web.filter.HiddenHttpMethodFilter.doFilterInternal(HiddenHttpMethodFilter.java:93), org.springframework.web.filter.OncePerRequestFilter.doFilter(OncePerRequestFilter.java:107), org.apache.catalina.core.ApplicationFilterChain.internalDoFilter(ApplicationFilterChain.java:193), org.apache.catalina.core.ApplicationFilterChain.doFilter(ApplicationFilterChain.java:166), org.springframework.web.filter.CharacterEncodingFilter.doFilterInternal(CharacterEncodingFilter.java:200), org.springframework.web.filter.OncePerRequestFilter.doFilter(OncePerRequestFilter.java:107), org.apache.catalina.core.ApplicationFilterChain.internalDoFilter(ApplicationFilterChain.java:193), org.apache.catalina.core.ApplicationFilterChain.doFilter(ApplicationFilterChain.java:166), org.apache.catalina.core.StandardWrapperValve.invoke(StandardWrapperValve.java:198), org.apache.catalina.core.StandardContextValve.invoke(StandardContextValve.java:96), org.apache.catalina.authenticator.AuthenticatorBase.invoke(AuthenticatorBase.java:496), org.apache.catalina.core.StandardHostValve.invoke(StandardHostValve.java:140), org.apache.catalina.valves.ErrorReportValve.invoke(ErrorReportValve.java:81), org.apache.catalina.core.StandardEngineValve.invoke(StandardEngineValve.java:87), org.apache.catalina.connector.CoyoteAdapter.service(CoyoteAdapter.java:342), org.apache.coyote.http11.Http11Processor.service(Http11Processor.java:803), org.apache.coyote.AbstractProcessorLight.process(AbstractProcessorLight.java:66), org.apache.coyote.AbstractProtocol$ConnectionHandler.process(AbstractProtocol.java:790), org.apache.tomcat.util.net.NioEndpoint$SocketProcessor.doRun(NioEndpoint.java:1468), org.apache.tomcat.util.net.SocketProcessorBase.run(SocketProcessorBase.java:49), java.util.concurrent.ThreadPoolExecutor.runWorker(Unknown Source), java.util.concurrent.ThreadPoolExecutor$Worker.run(Unknown Source), org.apache.tomcat.util.threads.TaskThread$WrappingRunnable.run(TaskThread.java:61), java.lang.Thread.run(Unknown Source)] handleBaseExceptions
2018-08-07 11:10:00 65dbb415-27d0-4e2a-aedf-356769206dbf [http-nio-8080-exec-1] ERROR c.m.m.p.e.CentralizedExceptionHandler - error occurred in serving request 65dbb415-27d0-4e2a-aedf-356769206dbf handleBaseExceptions
2018-08-07 11:10:00 65dbb415-27d0-4e2a-aedf-356769206dbf [http-nio-8080-exec-1] ERROR c.m.m.p.e.CentralizedExceptionHandler - Response object OutputResponse [response=Response [metadata=null, responseData=null]] for request 65dbb415-27d0-4e2a-aedf-356769206dbf handleBaseExceptions
2018-08-07 11:10:00 65dbb415-27d0-4e2a-aedf-356769206dbf [http-nio-8080-exec-1] INFO  c.m.matrix.proposal.filter.MDCFilter - Response status 400 doFilter
2018-08-07 11:10:40  [RMI TCP Connection(2)-127.0.0.1] INFO  o.s.b.a.SpringApplicationAdminMXBeanRegistrar$SpringApplicationAdmin - Application shutdown requested. shutdown
2018-08-07 11:10:40  [RMI TCP Connection(2)-127.0.0.1] INFO  o.s.b.w.s.c.AnnotationConfigServletWebServerApplicationContext - Closing org.springframework.boot.web.servlet.context.AnnotationConfigServletWebServerApplicationContext@1139b2f3: startup date [Tue Aug 07 11:09:49 IST 2018]; root of context hierarchy doClose
2018-08-07 11:10:40  [RMI TCP Connection(2)-127.0.0.1] INFO  o.s.j.e.a.AnnotationMBeanExporter - Unregistering JMX-exposed beans on shutdown destroy
2018-08-07 11:10:43  [main] INFO  c.m.m.proposal.ProposalApplication - Starting ProposalApplication on MONO-HYD-LAP-5 with PID 1852 (C:\Users\ravishankar\workspace-sts\Proposal-MS\target\classes started by ravishankar in C:\Users\ravishankar\workspace-sts\Proposal-MS) logStarting
2018-08-07 11:10:43  [main] INFO  c.m.m.proposal.ProposalApplication - The following profiles are active: dev logStartupProfileInfo
2018-08-07 11:10:43  [main] INFO  o.s.b.w.s.c.AnnotationConfigServletWebServerApplicationContext - Refreshing org.springframework.boot.web.servlet.context.AnnotationConfigServletWebServerApplicationContext@48ae9b55: startup date [Tue Aug 07 11:10:43 IST 2018]; root of context hierarchy prepareRefresh
2018-08-07 11:10:44  [main] INFO  o.s.b.w.e.tomcat.TomcatWebServer - Tomcat initialized with port(s): 8080 (http) initialize
2018-08-07 11:10:44  [main] INFO  o.a.coyote.http11.Http11NioProtocol - Initializing ProtocolHandler ["http-nio-8080"] log
2018-08-07 11:10:44  [main] INFO  o.a.catalina.core.StandardService - Starting service [Tomcat] log
2018-08-07 11:10:44  [main] INFO  o.a.catalina.core.StandardEngine - Starting Servlet Engine: Apache Tomcat/8.5.31 log
2018-08-07 11:10:44  [localhost-startStop-1] INFO  o.a.c.core.AprLifecycleListener - The APR based Apache Tomcat Native library which allows optimal performance in production environments was not found on the java.library.path: [C:\Program Files\Java\jre1.8.0_161\bin;C:\WINDOWS\Sun\Java\bin;C:\WINDOWS\system32;C:\WINDOWS;C:\Program Files\Docker\Docker\Resources\bin;C:\ProgramData\Oracle\Java\javapath;C:\Program Files (x86)\Intel\iCLS Client\;C:\Program Files\Intel\iCLS Client\;C:\WINDOWS\system32;C:\WINDOWS;C:\WINDOWS\System32\Wbem;C:\WINDOWS\System32\WindowsPowerShell\v1.0\;C:\Program Files (x86)\Intel\Intel(R) Management Engine Components\DAL;C:\Program Files\Intel\Intel(R) Management Engine Components\DAL;C:\Program Files (x86)\Intel\Intel(R) Management Engine Components\IPT;C:\Program Files\Intel\Intel(R) Management Engine Components\IPT;C:\Program Files\Git\cmd;C:\Program Files\Java\jdk1.8.0_161\bin;C:\Program Files\youtubedl;C:\Program Files\PuTTY\;C:\mongodb\bin;C:\Program Files\MySQL\MySQL Utilities 1.6\;C:\Program Files\dotnet\;C:\Program Files\Microsoft SQL Server\130\Tools\Binn\;C:\Go\bin;C:\WINDOWS\System32\OpenSSH\;C:\apache-maven-3.5.3\bin;C:\Program Files\Amazon\AWSCLI\;C:\Program Files\Amazon\AWSCLI\bin\;C:\Program Files\nodejs\;C:\gradle-4.8.1\bin;;C:\Program Files\Microsoft VS Code\bin;C:\Users\ravishankar\AppData\Local\Programs\Python\Python36\Scripts\;C:\Users\ravishankar\AppData\Local\Programs\Python\Python36\;C:\Users\ravishankar\AppData\Local\Microsoft\WindowsApps;;C:\Program Files\Microsoft VS Code\bin;C:\Users\ravishankar\AppData\Roaming\npm;.] log
2018-08-07 11:10:44  [localhost-startStop-1] INFO  o.a.c.c.C.[Tomcat].[localhost].[/] - Initializing Spring embedded WebApplicationContext log
2018-08-07 11:10:44  [localhost-startStop-1] INFO  o.s.web.context.ContextLoader - Root WebApplicationContext: initialization completed in 969 ms prepareWebApplicationContext
2018-08-07 11:10:44  [localhost-startStop-1] INFO  o.s.b.w.s.ServletRegistrationBean - Servlet dispatcherServlet mapped to [/] addRegistration
2018-08-07 11:10:44  [localhost-startStop-1] INFO  o.s.b.w.s.FilterRegistrationBean - Mapping filter: 'characterEncodingFilter' to: [/*] configure
2018-08-07 11:10:44  [localhost-startStop-1] INFO  o.s.b.w.s.FilterRegistrationBean - Mapping filter: 'hiddenHttpMethodFilter' to: [/*] configure
2018-08-07 11:10:44  [localhost-startStop-1] INFO  o.s.b.w.s.FilterRegistrationBean - Mapping filter: 'httpPutFormContentFilter' to: [/*] configure
2018-08-07 11:10:44  [localhost-startStop-1] INFO  o.s.b.w.s.FilterRegistrationBean - Mapping filter: 'requestContextFilter' to: [/*] configure
2018-08-07 11:10:44  [localhost-startStop-1] INFO  o.s.b.w.s.FilterRegistrationBean - Mapping filter: 'MDCFilter' to: [/*] configure
2018-08-07 11:10:45  [main] INFO  org.mongodb.driver.cluster - Cluster created with settings {hosts=[127.0.0.1:27017], mode=MULTIPLE, requiredClusterType=UNKNOWN, serverSelectionTimeout='30000 ms', maxWaitQueueSize=500} info
2018-08-07 11:10:45  [main] INFO  org.mongodb.driver.cluster - Adding discovered server 127.0.0.1:27017 to client view of cluster info
2018-08-07 11:10:45  [cluster-ClusterId{value='5b6930dd5ec5c2073cd0d44f', description='null'}-127.0.0.1:27017] INFO  org.mongodb.driver.connection - Opened connection [connectionId{localValue:1, serverValue:22}] to 127.0.0.1:27017 info
2018-08-07 11:10:45  [cluster-ClusterId{value='5b6930dd5ec5c2073cd0d44f', description='null'}-127.0.0.1:27017] INFO  org.mongodb.driver.cluster - Monitor thread successfully connected to server with description ServerDescription{address=127.0.0.1:27017, type=STANDALONE, state=CONNECTED, ok=true, version=ServerVersion{versionList=[3, 6, 0]}, minWireVersion=0, maxWireVersion=6, maxDocumentSize=16777216, logicalSessionTimeoutMinutes=30, roundTripTimeNanos=2073300} info
2018-08-07 11:10:45  [cluster-ClusterId{value='5b6930dd5ec5c2073cd0d44f', description='null'}-127.0.0.1:27017] INFO  org.mongodb.driver.cluster - Discovered cluster type of STANDALONE info
2018-08-07 11:10:45  [main] INFO  o.s.w.s.h.SimpleUrlHandlerMapping - Mapped URL path [/**/favicon.ico] onto handler of type [class org.springframework.web.servlet.resource.ResourceHttpRequestHandler] registerHandler
2018-08-07 11:10:45  [main] INFO  o.s.w.s.m.m.a.RequestMappingHandlerAdapter - Looking for @ControllerAdvice: org.springframework.boot.web.servlet.context.AnnotationConfigServletWebServerApplicationContext@48ae9b55: startup date [Tue Aug 07 11:10:43 IST 2018]; root of context hierarchy initControllerAdviceCache
2018-08-07 11:10:45  [main] INFO  o.s.w.s.m.m.a.RequestMappingHandlerMapping - Mapped "{[/fulfillment/api/proposalservices/saveproposaldata],methods=[POST]}" onto public com.mli.matrix.proposal.models.OutputResponse com.mli.matrix.proposal.controller.ProposalController.saveProposalForm(com.mli.matrix.proposal.models.InputRequest) throws com.mli.matrix.proposal.exception.BaseException register
2018-08-07 11:10:45  [main] INFO  o.s.w.s.m.m.a.RequestMappingHandlerMapping - Mapped "{[/error]}" onto public org.springframework.http.ResponseEntity<java.util.Map<java.lang.String, java.lang.Object>> org.springframework.boot.autoconfigure.web.servlet.error.BasicErrorController.error(javax.servlet.http.HttpServletRequest) register
2018-08-07 11:10:45  [main] INFO  o.s.w.s.m.m.a.RequestMappingHandlerMapping - Mapped "{[/error],produces=[text/html]}" onto public org.springframework.web.servlet.ModelAndView org.springframework.boot.autoconfigure.web.servlet.error.BasicErrorController.errorHtml(javax.servlet.http.HttpServletRequest,javax.servlet.http.HttpServletResponse) register
2018-08-07 11:10:45  [main] INFO  o.s.w.s.h.SimpleUrlHandlerMapping - Mapped URL path [/webjars/**] onto handler of type [class org.springframework.web.servlet.resource.ResourceHttpRequestHandler] registerHandler
2018-08-07 11:10:45  [main] INFO  o.s.w.s.h.SimpleUrlHandlerMapping - Mapped URL path [/**] onto handler of type [class org.springframework.web.servlet.resource.ResourceHttpRequestHandler] registerHandler
2018-08-07 11:10:45  [main] INFO  o.s.w.s.m.m.a.ExceptionHandlerExceptionResolver - Detected @ExceptionHandler methods in centralizedExceptionHandler initExceptionHandlerAdviceCache
2018-08-07 11:10:46  [main] INFO  o.s.j.e.a.AnnotationMBeanExporter - Registering beans for JMX exposure on startup afterSingletonsInstantiated
2018-08-07 11:10:46  [main] INFO  o.a.coyote.http11.Http11NioProtocol - Starting ProtocolHandler ["http-nio-8080"] log
2018-08-07 11:10:46  [main] INFO  o.a.tomcat.util.net.NioSelectorPool - Using a shared selector for servlet write/read log
2018-08-07 11:10:46  [main] INFO  o.s.b.w.e.tomcat.TomcatWebServer - Tomcat started on port(s): 8080 (http) with context path '' start
2018-08-07 11:10:46  [main] INFO  c.m.m.proposal.ProposalApplication - Started ProposalApplication in 3.137 seconds (JVM running for 3.803) logStarted
2018-08-07 11:10:49  [http-nio-8080-exec-1] INFO  o.a.c.c.C.[Tomcat].[localhost].[/] - Initializing Spring FrameworkServlet 'dispatcherServlet' log
2018-08-07 11:10:49  [http-nio-8080-exec-1] INFO  o.s.web.servlet.DispatcherServlet - FrameworkServlet 'dispatcherServlet': initialization started initServletBean
2018-08-07 11:10:49  [http-nio-8080-exec-1] INFO  o.s.web.servlet.DispatcherServlet - FrameworkServlet 'dispatcherServlet': initialization completed in 19 ms initServletBean
2018-08-07 11:10:49 ed9f9e4f-30e8-4401-8450-3a4d5b440416 [http-nio-8080-exec-1] INFO  c.m.m.p.c.ProposalController - Request with requestId ed9f9e4f-30e8-4401-8450-3a4d5b440416 is being processed saveProposalForm
2018-08-07 11:10:49 ed9f9e4f-30e8-4401-8450-3a4d5b440416 [http-nio-8080-exec-1] ERROR c.m.m.p.c.ProposalController - Error occurred for request object InputRequest [request=Request [metadata=Metadata [env=dev, requestId=1234567890], requestData=RequestData [requestPayload=RequestPayload [proposalDetails=null]]]] saveProposalForm
2018-08-07 11:10:49 ed9f9e4f-30e8-4401-8450-3a4d5b440416 [http-nio-8080-exec-1] ERROR c.m.m.p.e.CentralizedExceptionHandler - Stack trace [com.mli.matrix.proposal.controller.ProposalController.saveProposalForm(ProposalController.java:62), sun.reflect.NativeMethodAccessorImpl.invoke0(Native Method), sun.reflect.NativeMethodAccessorImpl.invoke(Unknown Source), sun.reflect.DelegatingMethodAccessorImpl.invoke(Unknown Source), java.lang.reflect.Method.invoke(Unknown Source), org.springframework.web.method.support.InvocableHandlerMethod.doInvoke(InvocableHandlerMethod.java:209), org.springframework.web.method.support.InvocableHandlerMethod.invokeForRequest(InvocableHandlerMethod.java:136), org.springframework.web.servlet.mvc.method.annotation.ServletInvocableHandlerMethod.invokeAndHandle(ServletInvocableHandlerMethod.java:102), org.springframework.web.servlet.mvc.method.annotation.RequestMappingHandlerAdapter.invokeHandlerMethod(RequestMappingHandlerAdapter.java:877), org.springframework.web.servlet.mvc.method.annotation.RequestMappingHandlerAdapter.handleInternal(RequestMappingHandlerAdapter.java:783), org.springframework.web.servlet.mvc.method.AbstractHandlerMethodAdapter.handle(AbstractHandlerMethodAdapter.java:87), org.springframework.web.servlet.DispatcherServlet.doDispatch(DispatcherServlet.java:991), org.springframework.web.servlet.DispatcherServlet.doService(DispatcherServlet.java:925), org.springframework.web.servlet.FrameworkServlet.processRequest(FrameworkServlet.java:974), org.springframework.web.servlet.FrameworkServlet.doPost(FrameworkServlet.java:877), javax.servlet.http.HttpServlet.service(HttpServlet.java:661), org.springframework.web.servlet.FrameworkServlet.service(FrameworkServlet.java:851), javax.servlet.http.HttpServlet.service(HttpServlet.java:742), org.apache.catalina.core.ApplicationFilterChain.internalDoFilter(ApplicationFilterChain.java:231), org.apache.catalina.core.ApplicationFilterChain.doFilter(ApplicationFilterChain.java:166), org.apache.tomcat.websocket.server.WsFilter.doFilter(WsFilter.java:52), org.apache.catalina.core.ApplicationFilterChain.internalDoFilter(ApplicationFilterChain.java:193), org.apache.catalina.core.ApplicationFilterChain.doFilter(ApplicationFilterChain.java:166), com.mli.matrix.proposal.filter.MDCFilter.doFilter(MDCFilter.java:44), org.apache.catalina.core.ApplicationFilterChain.internalDoFilter(ApplicationFilterChain.java:193), org.apache.catalina.core.ApplicationFilterChain.doFilter(ApplicationFilterChain.java:166), org.springframework.web.filter.RequestContextFilter.doFilterInternal(RequestContextFilter.java:99), org.springframework.web.filter.OncePerRequestFilter.doFilter(OncePerRequestFilter.java:107), org.apache.catalina.core.ApplicationFilterChain.internalDoFilter(ApplicationFilterChain.java:193), org.apache.catalina.core.ApplicationFilterChain.doFilter(ApplicationFilterChain.java:166), org.springframework.web.filter.HttpPutFormContentFilter.doFilterInternal(HttpPutFormContentFilter.java:109), org.springframework.web.filter.OncePerRequestFilter.doFilter(OncePerRequestFilter.java:107), org.apache.catalina.core.ApplicationFilterChain.internalDoFilter(ApplicationFilterChain.java:193), org.apache.catalina.core.ApplicationFilterChain.doFilter(ApplicationFilterChain.java:166), org.springframework.web.filter.HiddenHttpMethodFilter.doFilterInternal(HiddenHttpMethodFilter.java:93), org.springframework.web.filter.OncePerRequestFilter.doFilter(OncePerRequestFilter.java:107), org.apache.catalina.core.ApplicationFilterChain.internalDoFilter(ApplicationFilterChain.java:193), org.apache.catalina.core.ApplicationFilterChain.doFilter(ApplicationFilterChain.java:166), org.springframework.web.filter.CharacterEncodingFilter.doFilterInternal(CharacterEncodingFilter.java:200), org.springframework.web.filter.OncePerRequestFilter.doFilter(OncePerRequestFilter.java:107), org.apache.catalina.core.ApplicationFilterChain.internalDoFilter(ApplicationFilterChain.java:193), org.apache.catalina.core.ApplicationFilterChain.doFilter(ApplicationFilterChain.java:166), org.apache.catalina.core.StandardWrapperValve.invoke(StandardWrapperValve.java:198), org.apache.catalina.core.StandardContextValve.invoke(StandardContextValve.java:96), org.apache.catalina.authenticator.AuthenticatorBase.invoke(AuthenticatorBase.java:496), org.apache.catalina.core.StandardHostValve.invoke(StandardHostValve.java:140), org.apache.catalina.valves.ErrorReportValve.invoke(ErrorReportValve.java:81), org.apache.catalina.core.StandardEngineValve.invoke(StandardEngineValve.java:87), org.apache.catalina.connector.CoyoteAdapter.service(CoyoteAdapter.java:342), org.apache.coyote.http11.Http11Processor.service(Http11Processor.java:803), org.apache.coyote.AbstractProcessorLight.process(AbstractProcessorLight.java:66), org.apache.coyote.AbstractProtocol$ConnectionHandler.process(AbstractProtocol.java:790), org.apache.tomcat.util.net.NioEndpoint$SocketProcessor.doRun(NioEndpoint.java:1468), org.apache.tomcat.util.net.SocketProcessorBase.run(SocketProcessorBase.java:49), java.util.concurrent.ThreadPoolExecutor.runWorker(Unknown Source), java.util.concurrent.ThreadPoolExecutor$Worker.run(Unknown Source), org.apache.tomcat.util.threads.TaskThread$WrappingRunnable.run(TaskThread.java:61), java.lang.Thread.run(Unknown Source)] handleBaseExceptions
2018-08-07 11:10:49 ed9f9e4f-30e8-4401-8450-3a4d5b440416 [http-nio-8080-exec-1] ERROR c.m.m.p.e.CentralizedExceptionHandler - error occurred in serving request ed9f9e4f-30e8-4401-8450-3a4d5b440416 handleBaseExceptions
2018-08-07 11:10:49 ed9f9e4f-30e8-4401-8450-3a4d5b440416 [http-nio-8080-exec-1] ERROR c.m.m.p.e.CentralizedExceptionHandler - Response object OutputResponse [response=Response [metadata=null, responseData=null]] for request ed9f9e4f-30e8-4401-8450-3a4d5b440416 handleBaseExceptions
2018-08-07 11:10:49 ed9f9e4f-30e8-4401-8450-3a4d5b440416 [http-nio-8080-exec-1] INFO  c.m.matrix.proposal.filter.MDCFilter - Response status 400 doFilter
2018-08-07 11:14:23  [RMI TCP Connection(2)-127.0.0.1] INFO  o.s.b.a.SpringApplicationAdminMXBeanRegistrar$SpringApplicationAdmin - Application shutdown requested. shutdown
2018-08-07 11:14:23  [RMI TCP Connection(2)-127.0.0.1] INFO  o.s.b.w.s.c.AnnotationConfigServletWebServerApplicationContext - Closing org.springframework.boot.web.servlet.context.AnnotationConfigServletWebServerApplicationContext@48ae9b55: startup date [Tue Aug 07 11:10:43 IST 2018]; root of context hierarchy doClose
2018-08-07 11:14:23  [RMI TCP Connection(2)-127.0.0.1] INFO  o.s.j.e.a.AnnotationMBeanExporter - Unregistering JMX-exposed beans on shutdown destroy
2018-08-07 11:14:26  [main] INFO  c.m.m.proposal.ProposalApplication - Starting ProposalApplication on MONO-HYD-LAP-5 with PID 7908 (C:\Users\ravishankar\workspace-sts\Proposal-MS\target\classes started by ravishankar in C:\Users\ravishankar\workspace-sts\Proposal-MS) logStarting
2018-08-07 11:14:26  [main] INFO  c.m.m.proposal.ProposalApplication - The following profiles are active: dev logStartupProfileInfo
2018-08-07 11:14:26  [main] INFO  o.s.b.w.s.c.AnnotationConfigServletWebServerApplicationContext - Refreshing org.springframework.boot.web.servlet.context.AnnotationConfigServletWebServerApplicationContext@50b472aa: startup date [Tue Aug 07 11:14:26 IST 2018]; root of context hierarchy prepareRefresh
2018-08-07 11:14:27  [main] INFO  o.s.b.w.e.tomcat.TomcatWebServer - Tomcat initialized with port(s): 8080 (http) initialize
2018-08-07 11:14:27  [main] INFO  o.a.coyote.http11.Http11NioProtocol - Initializing ProtocolHandler ["http-nio-8080"] log
2018-08-07 11:14:27  [main] INFO  o.a.catalina.core.StandardService - Starting service [Tomcat] log
2018-08-07 11:14:27  [main] INFO  o.a.catalina.core.StandardEngine - Starting Servlet Engine: Apache Tomcat/8.5.31 log
2018-08-07 11:14:27  [localhost-startStop-1] INFO  o.a.c.core.AprLifecycleListener - The APR based Apache Tomcat Native library which allows optimal performance in production environments was not found on the java.library.path: [C:\Program Files\Java\jre1.8.0_161\bin;C:\WINDOWS\Sun\Java\bin;C:\WINDOWS\system32;C:\WINDOWS;C:\Program Files\Docker\Docker\Resources\bin;C:\ProgramData\Oracle\Java\javapath;C:\Program Files (x86)\Intel\iCLS Client\;C:\Program Files\Intel\iCLS Client\;C:\WINDOWS\system32;C:\WINDOWS;C:\WINDOWS\System32\Wbem;C:\WINDOWS\System32\WindowsPowerShell\v1.0\;C:\Program Files (x86)\Intel\Intel(R) Management Engine Components\DAL;C:\Program Files\Intel\Intel(R) Management Engine Components\DAL;C:\Program Files (x86)\Intel\Intel(R) Management Engine Components\IPT;C:\Program Files\Intel\Intel(R) Management Engine Components\IPT;C:\Program Files\Git\cmd;C:\Program Files\Java\jdk1.8.0_161\bin;C:\Program Files\youtubedl;C:\Program Files\PuTTY\;C:\mongodb\bin;C:\Program Files\MySQL\MySQL Utilities 1.6\;C:\Program Files\dotnet\;C:\Program Files\Microsoft SQL Server\130\Tools\Binn\;C:\Go\bin;C:\WINDOWS\System32\OpenSSH\;C:\apache-maven-3.5.3\bin;C:\Program Files\Amazon\AWSCLI\;C:\Program Files\Amazon\AWSCLI\bin\;C:\Program Files\nodejs\;C:\gradle-4.8.1\bin;;C:\Program Files\Microsoft VS Code\bin;C:\Users\ravishankar\AppData\Local\Programs\Python\Python36\Scripts\;C:\Users\ravishankar\AppData\Local\Programs\Python\Python36\;C:\Users\ravishankar\AppData\Local\Microsoft\WindowsApps;;C:\Program Files\Microsoft VS Code\bin;C:\Users\ravishankar\AppData\Roaming\npm;.] log
2018-08-07 11:14:27  [localhost-startStop-1] INFO  o.a.c.c.C.[Tomcat].[localhost].[/] - Initializing Spring embedded WebApplicationContext log
2018-08-07 11:14:27  [localhost-startStop-1] INFO  o.s.web.context.ContextLoader - Root WebApplicationContext: initialization completed in 985 ms prepareWebApplicationContext
2018-08-07 11:14:27  [localhost-startStop-1] INFO  o.s.b.w.s.ServletRegistrationBean - Servlet dispatcherServlet mapped to [/] addRegistration
2018-08-07 11:14:27  [localhost-startStop-1] INFO  o.s.b.w.s.FilterRegistrationBean - Mapping filter: 'characterEncodingFilter' to: [/*] configure
2018-08-07 11:14:27  [localhost-startStop-1] INFO  o.s.b.w.s.FilterRegistrationBean - Mapping filter: 'hiddenHttpMethodFilter' to: [/*] configure
2018-08-07 11:14:27  [localhost-startStop-1] INFO  o.s.b.w.s.FilterRegistrationBean - Mapping filter: 'httpPutFormContentFilter' to: [/*] configure
2018-08-07 11:14:27  [localhost-startStop-1] INFO  o.s.b.w.s.FilterRegistrationBean - Mapping filter: 'requestContextFilter' to: [/*] configure
2018-08-07 11:14:27  [localhost-startStop-1] INFO  o.s.b.w.s.FilterRegistrationBean - Mapping filter: 'MDCFilter' to: [/*] configure
2018-08-07 11:14:28  [main] INFO  org.mongodb.driver.cluster - Cluster created with settings {hosts=[127.0.0.1:27017], mode=MULTIPLE, requiredClusterType=UNKNOWN, serverSelectionTimeout='30000 ms', maxWaitQueueSize=500} info
2018-08-07 11:14:28  [main] INFO  org.mongodb.driver.cluster - Adding discovered server 127.0.0.1:27017 to client view of cluster info
2018-08-07 11:14:28  [cluster-ClusterId{value='5b6931bc5ec5c21ee46774fd', description='null'}-127.0.0.1:27017] INFO  org.mongodb.driver.connection - Opened connection [connectionId{localValue:1, serverValue:23}] to 127.0.0.1:27017 info
2018-08-07 11:14:28  [cluster-ClusterId{value='5b6931bc5ec5c21ee46774fd', description='null'}-127.0.0.1:27017] INFO  org.mongodb.driver.cluster - Monitor thread successfully connected to server with description ServerDescription{address=127.0.0.1:27017, type=STANDALONE, state=CONNECTED, ok=true, version=ServerVersion{versionList=[3, 6, 0]}, minWireVersion=0, maxWireVersion=6, maxDocumentSize=16777216, logicalSessionTimeoutMinutes=30, roundTripTimeNanos=2002000} info
2018-08-07 11:14:28  [cluster-ClusterId{value='5b6931bc5ec5c21ee46774fd', description='null'}-127.0.0.1:27017] INFO  org.mongodb.driver.cluster - Discovered cluster type of STANDALONE info
2018-08-07 11:14:28  [main] WARN  o.s.b.w.s.c.AnnotationConfigServletWebServerApplicationContext - Exception encountered during context initialization - cancelling refresh attempt: org.springframework.beans.factory.UnsatisfiedDependencyException: Error creating bean with name 'proposalController': Unsatisfied dependency expressed through field 'outputResponse'; nested exception is org.springframework.beans.factory.NoSuchBeanDefinitionException: No qualifying bean of type 'com.mli.matrix.proposal.models.OutputResponse' available: expected at least 1 bean which qualifies as autowire candidate. Dependency annotations: {@org.springframework.beans.factory.annotation.Autowired(required=true)} refresh
2018-08-07 11:14:28  [main] INFO  o.a.catalina.core.StandardService - Stopping service [Tomcat] log
2018-08-07 11:14:28  [main] INFO  o.s.b.a.l.ConditionEvaluationReportLoggingListener - 

Error starting ApplicationContext. To display the conditions report re-run your application with 'debug' enabled. logAutoConfigurationReport
2018-08-07 11:14:28  [main] ERROR o.s.b.d.LoggingFailureAnalysisReporter - 

***************************
APPLICATION FAILED TO START
***************************

Description:

Field outputResponse in com.mli.matrix.proposal.controller.ProposalController required a bean of type 'com.mli.matrix.proposal.models.OutputResponse' that could not be found.


Action:

Consider defining a bean of type 'com.mli.matrix.proposal.models.OutputResponse' in your configuration.
 report
2018-08-07 17:09:01  [main] INFO  c.m.m.proposal.ProposalApplication - Starting ProposalApplication on MONO-HYD-LAP-5 with PID 42908 (C:\Users\ravishankar\workspace-sts\Proposal-MS\target\classes started by ravishankar in C:\Users\ravishankar\workspace-sts\Proposal-MS) logStarting
2018-08-07 17:09:01  [main] INFO  c.m.m.proposal.ProposalApplication - The following profiles are active: dev logStartupProfileInfo
2018-08-07 17:09:01  [main] INFO  o.s.b.w.s.c.AnnotationConfigServletWebServerApplicationContext - Refreshing org.springframework.boot.web.servlet.context.AnnotationConfigServletWebServerApplicationContext@9225652: startup date [Tue Aug 07 17:09:01 IST 2018]; root of context hierarchy prepareRefresh
2018-08-07 17:09:03  [main] INFO  o.s.b.w.e.tomcat.TomcatWebServer - Tomcat initialized with port(s): 8081 (http) initialize
2018-08-07 17:09:03  [main] INFO  o.a.coyote.http11.Http11NioProtocol - Initializing ProtocolHandler ["http-nio-8081"] log
2018-08-07 17:09:03  [main] INFO  o.a.catalina.core.StandardService - Starting service [Tomcat] log
2018-08-07 17:09:03  [main] INFO  o.a.catalina.core.StandardEngine - Starting Servlet Engine: Apache Tomcat/8.5.31 log
2018-08-07 17:09:03  [localhost-startStop-1] INFO  o.a.c.core.AprLifecycleListener - The APR based Apache Tomcat Native library which allows optimal performance in production environments was not found on the java.library.path: [C:\Program Files\Java\jre1.8.0_161\bin;C:\WINDOWS\Sun\Java\bin;C:\WINDOWS\system32;C:\WINDOWS;C:\Program Files\Docker\Docker\Resources\bin;C:\ProgramData\Oracle\Java\javapath;C:\Program Files (x86)\Intel\iCLS Client\;C:\Program Files\Intel\iCLS Client\;C:\WINDOWS\system32;C:\WINDOWS;C:\WINDOWS\System32\Wbem;C:\WINDOWS\System32\WindowsPowerShell\v1.0\;C:\Program Files (x86)\Intel\Intel(R) Management Engine Components\DAL;C:\Program Files\Intel\Intel(R) Management Engine Components\DAL;C:\Program Files (x86)\Intel\Intel(R) Management Engine Components\IPT;C:\Program Files\Intel\Intel(R) Management Engine Components\IPT;C:\Program Files\Git\cmd;C:\Program Files\Java\jdk1.8.0_161\bin;C:\Program Files\youtubedl;C:\Program Files\PuTTY\;C:\mongodb\bin;C:\Program Files\MySQL\MySQL Utilities 1.6\;C:\Program Files\dotnet\;C:\Program Files\Microsoft SQL Server\130\Tools\Binn\;C:\Go\bin;C:\WINDOWS\System32\OpenSSH\;C:\apache-maven-3.5.3\bin;C:\Program Files\Amazon\AWSCLI\;C:\Program Files\Amazon\AWSCLI\bin\;C:\Program Files\nodejs\;C:\gradle-4.8.1\bin;;C:\Program Files\Microsoft VS Code\bin;C:\Users\ravishankar\AppData\Local\Programs\Python\Python36\Scripts\;C:\Users\ravishankar\AppData\Local\Programs\Python\Python36\;C:\Users\ravishankar\AppData\Local\Microsoft\WindowsApps;;C:\Program Files\Microsoft VS Code\bin;C:\Users\ravishankar\AppData\Roaming\npm;.] log
2018-08-07 17:09:03  [localhost-startStop-1] INFO  o.a.c.c.C.[Tomcat].[localhost].[/] - Initializing Spring embedded WebApplicationContext log
2018-08-07 17:09:03  [localhost-startStop-1] INFO  o.s.web.context.ContextLoader - Root WebApplicationContext: initialization completed in 1360 ms prepareWebApplicationContext
2018-08-07 17:09:03  [localhost-startStop-1] INFO  o.s.b.w.s.ServletRegistrationBean - Servlet dispatcherServlet mapped to [/] addRegistration
2018-08-07 17:09:03  [localhost-startStop-1] INFO  o.s.b.w.s.FilterRegistrationBean - Mapping filter: 'characterEncodingFilter' to: [/*] configure
2018-08-07 17:09:03  [localhost-startStop-1] INFO  o.s.b.w.s.FilterRegistrationBean - Mapping filter: 'hiddenHttpMethodFilter' to: [/*] configure
2018-08-07 17:09:03  [localhost-startStop-1] INFO  o.s.b.w.s.FilterRegistrationBean - Mapping filter: 'httpPutFormContentFilter' to: [/*] configure
2018-08-07 17:09:03  [localhost-startStop-1] INFO  o.s.b.w.s.FilterRegistrationBean - Mapping filter: 'requestContextFilter' to: [/*] configure
2018-08-07 17:09:03  [localhost-startStop-1] INFO  o.s.b.w.s.FilterRegistrationBean - Mapping filter: 'MDCFilter' to: [/*] configure
2018-08-07 17:09:04  [main] INFO  org.mongodb.driver.cluster - Cluster created with settings {hosts=[127.0.0.1:27017], mode=MULTIPLE, requiredClusterType=UNKNOWN, serverSelectionTimeout='30000 ms', maxWaitQueueSize=500} info
2018-08-07 17:09:04  [main] INFO  org.mongodb.driver.cluster - Adding discovered server 127.0.0.1:27017 to client view of cluster info
2018-08-07 17:09:04  [cluster-ClusterId{value='5b6984d85ec5c2a79cc0a193', description='null'}-127.0.0.1:27017] INFO  org.mongodb.driver.connection - Opened connection [connectionId{localValue:1, serverValue:42}] to 127.0.0.1:27017 info
2018-08-07 17:09:04  [cluster-ClusterId{value='5b6984d85ec5c2a79cc0a193', description='null'}-127.0.0.1:27017] INFO  org.mongodb.driver.cluster - Monitor thread successfully connected to server with description ServerDescription{address=127.0.0.1:27017, type=STANDALONE, state=CONNECTED, ok=true, version=ServerVersion{versionList=[3, 6, 0]}, minWireVersion=0, maxWireVersion=6, maxDocumentSize=16777216, logicalSessionTimeoutMinutes=30, roundTripTimeNanos=2157200} info
2018-08-07 17:09:04  [cluster-ClusterId{value='5b6984d85ec5c2a79cc0a193', description='null'}-127.0.0.1:27017] INFO  org.mongodb.driver.cluster - Discovered cluster type of STANDALONE info
2018-08-07 17:09:04  [main] INFO  o.s.w.s.h.SimpleUrlHandlerMapping - Mapped URL path [/**/favicon.ico] onto handler of type [class org.springframework.web.servlet.resource.ResourceHttpRequestHandler] registerHandler
2018-08-07 17:09:04  [main] INFO  o.s.w.s.m.m.a.RequestMappingHandlerAdapter - Looking for @ControllerAdvice: org.springframework.boot.web.servlet.context.AnnotationConfigServletWebServerApplicationContext@9225652: startup date [Tue Aug 07 17:09:01 IST 2018]; root of context hierarchy initControllerAdviceCache
2018-08-07 17:09:04  [main] INFO  o.s.w.s.m.m.a.RequestMappingHandlerMapping - Mapped "{[/fulfillment/api/proposalservices/saveproposaldata],methods=[POST]}" onto public com.mli.matrix.proposal.models.OutputResponse com.mli.matrix.proposal.controller.ProposalController.saveProposalForm(com.mli.matrix.proposal.models.InputRequest) throws com.mli.matrix.proposal.exception.BaseException register
2018-08-07 17:09:04  [main] INFO  o.s.w.s.m.m.a.RequestMappingHandlerMapping - Mapped "{[/error]}" onto public org.springframework.http.ResponseEntity<java.util.Map<java.lang.String, java.lang.Object>> org.springframework.boot.autoconfigure.web.servlet.error.BasicErrorController.error(javax.servlet.http.HttpServletRequest) register
2018-08-07 17:09:04  [main] INFO  o.s.w.s.m.m.a.RequestMappingHandlerMapping - Mapped "{[/error],produces=[text/html]}" onto public org.springframework.web.servlet.ModelAndView org.springframework.boot.autoconfigure.web.servlet.error.BasicErrorController.errorHtml(javax.servlet.http.HttpServletRequest,javax.servlet.http.HttpServletResponse) register
2018-08-07 17:09:05  [main] INFO  o.s.w.s.h.SimpleUrlHandlerMapping - Mapped URL path [/webjars/**] onto handler of type [class org.springframework.web.servlet.resource.ResourceHttpRequestHandler] registerHandler
2018-08-07 17:09:05  [main] INFO  o.s.w.s.h.SimpleUrlHandlerMapping - Mapped URL path [/**] onto handler of type [class org.springframework.web.servlet.resource.ResourceHttpRequestHandler] registerHandler
2018-08-07 17:09:05  [main] INFO  o.s.w.s.m.m.a.ExceptionHandlerExceptionResolver - Detected @ExceptionHandler methods in centralizedExceptionHandler initExceptionHandlerAdviceCache
2018-08-07 17:09:05  [main] INFO  o.s.j.e.a.AnnotationMBeanExporter - Registering beans for JMX exposure on startup afterSingletonsInstantiated
2018-08-07 17:09:05  [main] INFO  o.a.coyote.http11.Http11NioProtocol - Starting ProtocolHandler ["http-nio-8081"] log
2018-08-07 17:09:05  [main] INFO  o.a.tomcat.util.net.NioSelectorPool - Using a shared selector for servlet write/read log
2018-08-07 17:09:05  [main] INFO  o.s.b.w.e.tomcat.TomcatWebServer - Tomcat started on port(s): 8081 (http) with context path '' start
2018-08-07 17:09:05  [main] INFO  c.m.m.proposal.ProposalApplication - Started ProposalApplication in 3.847 seconds (JVM running for 5.342) logStarted
2018-08-07 17:10:19  [http-nio-8081-exec-2] INFO  o.a.c.c.C.[Tomcat].[localhost].[/] - Initializing Spring FrameworkServlet 'dispatcherServlet' log
2018-08-07 17:10:19  [http-nio-8081-exec-2] INFO  o.s.web.servlet.DispatcherServlet - FrameworkServlet 'dispatcherServlet': initialization started initServletBean
2018-08-07 17:10:19  [http-nio-8081-exec-2] INFO  o.s.web.servlet.DispatcherServlet - FrameworkServlet 'dispatcherServlet': initialization completed in 20 ms initServletBean
2018-08-07 17:10:19 7084643c-1da6-4931-bcf3-7211530f2752 [http-nio-8081-exec-2] INFO  c.m.m.p.c.ProposalController - Request with requestId 7084643c-1da6-4931-bcf3-7211530f2752 is being processed saveProposalForm
2018-08-07 17:10:19 7084643c-1da6-4931-bcf3-7211530f2752 [http-nio-8081-exec-2] INFO  c.m.m.p.c.ProposalController - Saving the proposal data of request 7084643c-1da6-4931-bcf3-7211530f2752 with proposalNumber null saveProposalDetail
2018-08-07 17:10:19 7084643c-1da6-4931-bcf3-7211530f2752 [http-nio-8081-exec-2] INFO  org.mongodb.driver.connection - Opened connection [connectionId{localValue:2, serverValue:43}] to 127.0.0.1:27017 info
2018-08-07 17:10:19 7084643c-1da6-4931-bcf3-7211530f2752 [http-nio-8081-exec-2] INFO  c.m.m.p.c.ProposalController - Time 0 took to process the request 7084643c-1da6-4931-bcf3-7211530f2752 saveProposalForm
2018-08-07 17:10:19 7084643c-1da6-4931-bcf3-7211530f2752 [http-nio-8081-exec-2] INFO  c.m.matrix.proposal.filter.MDCFilter - Response status 200 doFilter
2018-08-07 17:10:51 30f4fa0c-7c0e-446b-b48c-0c7cd3b51a17 [http-nio-8081-exec-3] INFO  c.m.m.p.c.ProposalController - Request with requestId 30f4fa0c-7c0e-446b-b48c-0c7cd3b51a17 is being processed saveProposalForm
2018-08-07 17:10:51 30f4fa0c-7c0e-446b-b48c-0c7cd3b51a17 [http-nio-8081-exec-3] INFO  c.m.m.p.c.ProposalController - Saving the proposal data of request 30f4fa0c-7c0e-446b-b48c-0c7cd3b51a17 with proposalNumber  saveProposalDetail
2018-08-07 17:10:51 30f4fa0c-7c0e-446b-b48c-0c7cd3b51a17 [http-nio-8081-exec-3] INFO  c.m.m.p.c.ProposalController - Time 0 took to process the request 30f4fa0c-7c0e-446b-b48c-0c7cd3b51a17 saveProposalForm
2018-08-07 17:10:51 30f4fa0c-7c0e-446b-b48c-0c7cd3b51a17 [http-nio-8081-exec-3] INFO  c.m.matrix.proposal.filter.MDCFilter - Response status 200 doFilter
2018-08-07 17:11:34 cced1878-81b4-488c-a6c1-8dd9fb73b22e [http-nio-8081-exec-4] INFO  c.m.m.p.c.ProposalController - Request with requestId cced1878-81b4-488c-a6c1-8dd9fb73b22e is being processed saveProposalForm
2018-08-07 17:11:34 cced1878-81b4-488c-a6c1-8dd9fb73b22e [http-nio-8081-exec-4] INFO  c.m.m.p.c.ProposalController - Saving the proposal data of request cced1878-81b4-488c-a6c1-8dd9fb73b22e with proposalNumber null saveProposalDetail
2018-08-07 17:11:34 cced1878-81b4-488c-a6c1-8dd9fb73b22e [http-nio-8081-exec-4] INFO  c.m.m.p.c.ProposalController - Time 0 took to process the request cced1878-81b4-488c-a6c1-8dd9fb73b22e saveProposalForm
2018-08-07 17:11:34 cced1878-81b4-488c-a6c1-8dd9fb73b22e [http-nio-8081-exec-4] INFO  c.m.matrix.proposal.filter.MDCFilter - Response status 200 doFilter
2018-08-07 17:12:45 732f03f2-99c2-4851-adc2-533a2dc29240 [http-nio-8081-exec-7] INFO  c.m.m.p.c.ProposalController - Request with requestId 732f03f2-99c2-4851-adc2-533a2dc29240 is being processed saveProposalForm
2018-08-07 17:12:45 732f03f2-99c2-4851-adc2-533a2dc29240 [http-nio-8081-exec-7] INFO  c.m.m.p.c.ProposalController - Saving the proposal data of request 732f03f2-99c2-4851-adc2-533a2dc29240 with proposalNumber null saveProposalDetail
2018-08-07 17:12:46 732f03f2-99c2-4851-adc2-533a2dc29240 [http-nio-8081-exec-7] INFO  c.m.m.p.c.ProposalController - Time 0 took to process the request 732f03f2-99c2-4851-adc2-533a2dc29240 saveProposalForm
2018-08-07 17:12:46 732f03f2-99c2-4851-adc2-533a2dc29240 [http-nio-8081-exec-7] INFO  c.m.matrix.proposal.filter.MDCFilter - Response status 200 doFilter
2018-08-07 18:13:57  [RMI TCP Connection(2)-127.0.0.1] INFO  o.s.b.a.SpringApplicationAdminMXBeanRegistrar$SpringApplicationAdmin - Application shutdown requested. shutdown
2018-08-07 18:13:57  [RMI TCP Connection(2)-127.0.0.1] INFO  o.s.b.w.s.c.AnnotationConfigServletWebServerApplicationContext - Closing org.springframework.boot.web.servlet.context.AnnotationConfigServletWebServerApplicationContext@9225652: startup date [Tue Aug 07 17:09:01 IST 2018]; root of context hierarchy doClose
2018-08-07 18:13:57  [RMI TCP Connection(2)-127.0.0.1] INFO  o.s.j.e.a.AnnotationMBeanExporter - Unregistering JMX-exposed beans on shutdown destroy
2018-08-07 18:13:57  [RMI TCP Connection(2)-127.0.0.1] INFO  org.mongodb.driver.connection - Closed connection [connectionId{localValue:2, serverValue:43}] to 127.0.0.1:27017 because the pool has been closed. info
2018-08-07 18:14:51  [main] INFO  c.m.m.proposal.ProposalApplication - Starting ProposalApplication on MONO-HYD-LAP-5 with PID 29032 (C:\Users\ravishankar\workspace-sts\Proposal-MS\target\classes started by ravishankar in C:\Users\ravishankar\workspace-sts\Proposal-MS) logStarting
2018-08-07 18:14:51  [main] INFO  c.m.m.proposal.ProposalApplication - The following profiles are active: dev logStartupProfileInfo
2018-08-07 18:14:51  [main] INFO  o.s.b.w.s.c.AnnotationConfigServletWebServerApplicationContext - Refreshing org.springframework.boot.web.servlet.context.AnnotationConfigServletWebServerApplicationContext@64cd705f: startup date [Tue Aug 07 18:14:51 IST 2018]; root of context hierarchy prepareRefresh
2018-08-07 18:14:52  [main] INFO  o.s.b.w.e.tomcat.TomcatWebServer - Tomcat initialized with port(s): 8081 (http) initialize
2018-08-07 18:14:52  [main] INFO  o.a.coyote.http11.Http11NioProtocol - Initializing ProtocolHandler ["http-nio-8081"] log
2018-08-07 18:14:52  [main] INFO  o.a.catalina.core.StandardService - Starting service [Tomcat] log
2018-08-07 18:14:52  [main] INFO  o.a.catalina.core.StandardEngine - Starting Servlet Engine: Apache Tomcat/8.5.31 log
2018-08-07 18:14:52  [localhost-startStop-1] INFO  o.a.c.core.AprLifecycleListener - The APR based Apache Tomcat Native library which allows optimal performance in production environments was not found on the java.library.path: [C:\Program Files\Java\jre1.8.0_161\bin;C:\WINDOWS\Sun\Java\bin;C:\WINDOWS\system32;C:\WINDOWS;C:\Program Files\Docker\Docker\Resources\bin;C:\ProgramData\Oracle\Java\javapath;C:\Program Files (x86)\Intel\iCLS Client\;C:\Program Files\Intel\iCLS Client\;C:\WINDOWS\system32;C:\WINDOWS;C:\WINDOWS\System32\Wbem;C:\WINDOWS\System32\WindowsPowerShell\v1.0\;C:\Program Files (x86)\Intel\Intel(R) Management Engine Components\DAL;C:\Program Files\Intel\Intel(R) Management Engine Components\DAL;C:\Program Files (x86)\Intel\Intel(R) Management Engine Components\IPT;C:\Program Files\Intel\Intel(R) Management Engine Components\IPT;C:\Program Files\Git\cmd;C:\Program Files\Java\jdk1.8.0_161\bin;C:\Program Files\youtubedl;C:\Program Files\PuTTY\;C:\mongodb\bin;C:\Program Files\MySQL\MySQL Utilities 1.6\;C:\Program Files\dotnet\;C:\Program Files\Microsoft SQL Server\130\Tools\Binn\;C:\Go\bin;C:\WINDOWS\System32\OpenSSH\;C:\apache-maven-3.5.3\bin;C:\Program Files\Amazon\AWSCLI\;C:\Program Files\Amazon\AWSCLI\bin\;C:\Program Files\nodejs\;C:\gradle-4.8.1\bin;;C:\Program Files\Microsoft VS Code\bin;C:\Users\ravishankar\AppData\Local\Programs\Python\Python36\Scripts\;C:\Users\ravishankar\AppData\Local\Programs\Python\Python36\;C:\Users\ravishankar\AppData\Local\Microsoft\WindowsApps;;C:\Program Files\Microsoft VS Code\bin;C:\Users\ravishankar\AppData\Roaming\npm;.] log
2018-08-07 18:14:52  [localhost-startStop-1] INFO  o.a.c.c.C.[Tomcat].[localhost].[/] - Initializing Spring embedded WebApplicationContext log
2018-08-07 18:14:52  [localhost-startStop-1] INFO  o.s.web.context.ContextLoader - Root WebApplicationContext: initialization completed in 1005 ms prepareWebApplicationContext
2018-08-07 18:14:52  [localhost-startStop-1] INFO  o.s.b.w.s.ServletRegistrationBean - Servlet dispatcherServlet mapped to [/] addRegistration
2018-08-07 18:14:52  [localhost-startStop-1] INFO  o.s.b.w.s.FilterRegistrationBean - Mapping filter: 'characterEncodingFilter' to: [/*] configure
2018-08-07 18:14:52  [localhost-startStop-1] INFO  o.s.b.w.s.FilterRegistrationBean - Mapping filter: 'hiddenHttpMethodFilter' to: [/*] configure
2018-08-07 18:14:52  [localhost-startStop-1] INFO  o.s.b.w.s.FilterRegistrationBean - Mapping filter: 'httpPutFormContentFilter' to: [/*] configure
2018-08-07 18:14:52  [localhost-startStop-1] INFO  o.s.b.w.s.FilterRegistrationBean - Mapping filter: 'requestContextFilter' to: [/*] configure
2018-08-07 18:14:52  [localhost-startStop-1] INFO  o.s.b.w.s.FilterRegistrationBean - Mapping filter: 'MDCFilter' to: [/*] configure
2018-08-07 18:14:52  [main] WARN  o.s.b.w.s.c.AnnotationConfigServletWebServerApplicationContext - Exception encountered during context initialization - cancelling refresh attempt: org.springframework.beans.factory.UnsatisfiedDependencyException: Error creating bean with name 'proposalController': Unsatisfied dependency expressed through field 'proposalService'; nested exception is org.springframework.beans.factory.UnsatisfiedDependencyException: Error creating bean with name 'proposalSeviceImpl': Unsatisfied dependency expressed through field 'sequenceService'; nested exception is org.springframework.beans.factory.NoSuchBeanDefinitionException: No qualifying bean of type 'com.mli.matrix.proposal.service.SequenceService' available: expected at least 1 bean which qualifies as autowire candidate. Dependency annotations: {@org.springframework.beans.factory.annotation.Autowired(required=true)} refresh
2018-08-07 18:14:52  [main] INFO  o.a.catalina.core.StandardService - Stopping service [Tomcat] log
2018-08-07 18:14:52  [main] INFO  o.s.b.a.l.ConditionEvaluationReportLoggingListener - 

Error starting ApplicationContext. To display the conditions report re-run your application with 'debug' enabled. logAutoConfigurationReport
2018-08-07 18:14:53  [main] ERROR o.s.b.d.LoggingFailureAnalysisReporter - 

***************************
APPLICATION FAILED TO START
***************************

Description:

Field sequenceService in com.mli.matrix.proposal.service.impl.ProposalSeviceImpl required a bean of type 'com.mli.matrix.proposal.service.SequenceService' that could not be found.


Action:

Consider defining a bean of type 'com.mli.matrix.proposal.service.SequenceService' in your configuration.
 report
2018-08-07 18:18:24  [main] INFO  c.m.m.proposal.ProposalApplication - Starting ProposalApplication on MONO-HYD-LAP-5 with PID 24848 (C:\Users\ravishankar\workspace-sts\Proposal-MS\target\classes started by ravishankar in C:\Users\ravishankar\workspace-sts\Proposal-MS) logStarting
2018-08-07 18:18:24  [main] INFO  c.m.m.proposal.ProposalApplication - The following profiles are active: dev logStartupProfileInfo
2018-08-07 18:18:24  [main] INFO  o.s.b.w.s.c.AnnotationConfigServletWebServerApplicationContext - Refreshing org.springframework.boot.web.servlet.context.AnnotationConfigServletWebServerApplicationContext@6580cfdd: startup date [Tue Aug 07 18:18:24 IST 2018]; root of context hierarchy prepareRefresh
2018-08-07 18:18:25  [main] INFO  o.s.b.w.e.tomcat.TomcatWebServer - Tomcat initialized with port(s): 8081 (http) initialize
2018-08-07 18:18:25  [main] INFO  o.a.coyote.http11.Http11NioProtocol - Initializing ProtocolHandler ["http-nio-8081"] log
2018-08-07 18:18:25  [main] INFO  o.a.catalina.core.StandardService - Starting service [Tomcat] log
2018-08-07 18:18:25  [main] INFO  o.a.catalina.core.StandardEngine - Starting Servlet Engine: Apache Tomcat/8.5.31 log
2018-08-07 18:18:25  [localhost-startStop-1] INFO  o.a.c.core.AprLifecycleListener - The APR based Apache Tomcat Native library which allows optimal performance in production environments was not found on the java.library.path: [C:\Program Files\Java\jre1.8.0_161\bin;C:\WINDOWS\Sun\Java\bin;C:\WINDOWS\system32;C:\WINDOWS;C:\Program Files\Docker\Docker\Resources\bin;C:\ProgramData\Oracle\Java\javapath;C:\Program Files (x86)\Intel\iCLS Client\;C:\Program Files\Intel\iCLS Client\;C:\WINDOWS\system32;C:\WINDOWS;C:\WINDOWS\System32\Wbem;C:\WINDOWS\System32\WindowsPowerShell\v1.0\;C:\Program Files (x86)\Intel\Intel(R) Management Engine Components\DAL;C:\Program Files\Intel\Intel(R) Management Engine Components\DAL;C:\Program Files (x86)\Intel\Intel(R) Management Engine Components\IPT;C:\Program Files\Intel\Intel(R) Management Engine Components\IPT;C:\Program Files\Git\cmd;C:\Program Files\Java\jdk1.8.0_161\bin;C:\Program Files\youtubedl;C:\Program Files\PuTTY\;C:\mongodb\bin;C:\Program Files\MySQL\MySQL Utilities 1.6\;C:\Program Files\dotnet\;C:\Program Files\Microsoft SQL Server\130\Tools\Binn\;C:\Go\bin;C:\WINDOWS\System32\OpenSSH\;C:\apache-maven-3.5.3\bin;C:\Program Files\Amazon\AWSCLI\;C:\Program Files\Amazon\AWSCLI\bin\;C:\Program Files\nodejs\;C:\gradle-4.8.1\bin;;C:\Program Files\Microsoft VS Code\bin;C:\Users\ravishankar\AppData\Local\Programs\Python\Python36\Scripts\;C:\Users\ravishankar\AppData\Local\Programs\Python\Python36\;C:\Users\ravishankar\AppData\Local\Microsoft\WindowsApps;;C:\Program Files\Microsoft VS Code\bin;C:\Users\ravishankar\AppData\Roaming\npm;.] log
2018-08-07 18:18:25  [localhost-startStop-1] INFO  o.a.c.c.C.[Tomcat].[localhost].[/] - Initializing Spring embedded WebApplicationContext log
2018-08-07 18:18:25  [localhost-startStop-1] INFO  o.s.web.context.ContextLoader - Root WebApplicationContext: initialization completed in 1009 ms prepareWebApplicationContext
2018-08-07 18:18:25  [localhost-startStop-1] INFO  o.s.b.w.s.ServletRegistrationBean - Servlet dispatcherServlet mapped to [/] addRegistration
2018-08-07 18:18:25  [localhost-startStop-1] INFO  o.s.b.w.s.FilterRegistrationBean - Mapping filter: 'characterEncodingFilter' to: [/*] configure
2018-08-07 18:18:25  [localhost-startStop-1] INFO  o.s.b.w.s.FilterRegistrationBean - Mapping filter: 'hiddenHttpMethodFilter' to: [/*] configure
2018-08-07 18:18:25  [localhost-startStop-1] INFO  o.s.b.w.s.FilterRegistrationBean - Mapping filter: 'httpPutFormContentFilter' to: [/*] configure
2018-08-07 18:18:25  [localhost-startStop-1] INFO  o.s.b.w.s.FilterRegistrationBean - Mapping filter: 'requestContextFilter' to: [/*] configure
2018-08-07 18:18:25  [localhost-startStop-1] INFO  o.s.b.w.s.FilterRegistrationBean - Mapping filter: 'MDCFilter' to: [/*] configure
2018-08-07 18:18:26  [main] INFO  org.mongodb.driver.cluster - Cluster created with settings {hosts=[127.0.0.1:27017], mode=MULTIPLE, requiredClusterType=UNKNOWN, serverSelectionTimeout='30000 ms', maxWaitQueueSize=500} info
2018-08-07 18:18:26  [main] INFO  org.mongodb.driver.cluster - Adding discovered server 127.0.0.1:27017 to client view of cluster info
2018-08-07 18:18:26  [cluster-ClusterId{value='5b69951a5ec5c26110c96b67', description='null'}-127.0.0.1:27017] INFO  org.mongodb.driver.connection - Opened connection [connectionId{localValue:1, serverValue:44}] to 127.0.0.1:27017 info
2018-08-07 18:18:26  [cluster-ClusterId{value='5b69951a5ec5c26110c96b67', description='null'}-127.0.0.1:27017] INFO  org.mongodb.driver.cluster - Monitor thread successfully connected to server with description ServerDescription{address=127.0.0.1:27017, type=STANDALONE, state=CONNECTED, ok=true, version=ServerVersion{versionList=[3, 6, 0]}, minWireVersion=0, maxWireVersion=6, maxDocumentSize=16777216, logicalSessionTimeoutMinutes=30, roundTripTimeNanos=2673800} info
2018-08-07 18:18:26  [cluster-ClusterId{value='5b69951a5ec5c26110c96b67', description='null'}-127.0.0.1:27017] INFO  org.mongodb.driver.cluster - Discovered cluster type of STANDALONE info
2018-08-07 18:18:26  [main] INFO  o.s.w.s.h.SimpleUrlHandlerMapping - Mapped URL path [/**/favicon.ico] onto handler of type [class org.springframework.web.servlet.resource.ResourceHttpRequestHandler] registerHandler
2018-08-07 18:18:26  [main] INFO  o.s.w.s.m.m.a.RequestMappingHandlerAdapter - Looking for @ControllerAdvice: org.springframework.boot.web.servlet.context.AnnotationConfigServletWebServerApplicationContext@6580cfdd: startup date [Tue Aug 07 18:18:24 IST 2018]; root of context hierarchy initControllerAdviceCache
2018-08-07 18:18:26  [main] INFO  o.s.w.s.m.m.a.RequestMappingHandlerMapping - Mapped "{[/fulfillment/api/proposalservices/saveproposaldata],methods=[POST]}" onto public com.mli.matrix.proposal.models.OutputResponse com.mli.matrix.proposal.controller.ProposalController.saveProposalForm(com.mli.matrix.proposal.models.InputRequest) throws com.mli.matrix.proposal.exception.UserHandledException register
2018-08-07 18:18:26  [main] INFO  o.s.w.s.m.m.a.RequestMappingHandlerMapping - Mapped "{[/error]}" onto public org.springframework.http.ResponseEntity<java.util.Map<java.lang.String, java.lang.Object>> org.springframework.boot.autoconfigure.web.servlet.error.BasicErrorController.error(javax.servlet.http.HttpServletRequest) register
2018-08-07 18:18:26  [main] INFO  o.s.w.s.m.m.a.RequestMappingHandlerMapping - Mapped "{[/error],produces=[text/html]}" onto public org.springframework.web.servlet.ModelAndView org.springframework.boot.autoconfigure.web.servlet.error.BasicErrorController.errorHtml(javax.servlet.http.HttpServletRequest,javax.servlet.http.HttpServletResponse) register
2018-08-07 18:18:26  [main] INFO  o.s.w.s.h.SimpleUrlHandlerMapping - Mapped URL path [/webjars/**] onto handler of type [class org.springframework.web.servlet.resource.ResourceHttpRequestHandler] registerHandler
2018-08-07 18:18:26  [main] INFO  o.s.w.s.h.SimpleUrlHandlerMapping - Mapped URL path [/**] onto handler of type [class org.springframework.web.servlet.resource.ResourceHttpRequestHandler] registerHandler
2018-08-07 18:18:26  [main] INFO  o.s.w.s.m.m.a.ExceptionHandlerExceptionResolver - Detected @ExceptionHandler methods in centralizedExceptionHandler initExceptionHandlerAdviceCache
2018-08-07 18:18:27  [main] INFO  o.s.j.e.a.AnnotationMBeanExporter - Registering beans for JMX exposure on startup afterSingletonsInstantiated
2018-08-07 18:18:27  [main] INFO  o.a.coyote.http11.Http11NioProtocol - Starting ProtocolHandler ["http-nio-8081"] log
2018-08-07 18:18:27  [main] INFO  o.a.tomcat.util.net.NioSelectorPool - Using a shared selector for servlet write/read log
2018-08-07 18:18:27  [main] INFO  o.s.b.w.e.tomcat.TomcatWebServer - Tomcat started on port(s): 8081 (http) with context path '' start
2018-08-07 18:18:27  [main] INFO  c.m.m.proposal.ProposalApplication - Started ProposalApplication in 3.244 seconds (JVM running for 4.186) logStarted
2018-08-07 18:18:56  [http-nio-8081-exec-2] INFO  o.a.c.c.C.[Tomcat].[localhost].[/] - Initializing Spring FrameworkServlet 'dispatcherServlet' log
2018-08-07 18:18:56  [http-nio-8081-exec-2] INFO  o.s.web.servlet.DispatcherServlet - FrameworkServlet 'dispatcherServlet': initialization started initServletBean
2018-08-07 18:18:56  [http-nio-8081-exec-2] INFO  o.s.web.servlet.DispatcherServlet - FrameworkServlet 'dispatcherServlet': initialization completed in 20 ms initServletBean
2018-08-07 18:18:56 99c7de8c-6e6f-4aaa-ab15-aafb80e92155 [http-nio-8081-exec-2] INFO  c.m.m.p.c.ProposalController - Request with requestId 99c7de8c-6e6f-4aaa-ab15-aafb80e92155 is being processed saveProposalForm
2018-08-07 18:18:56 99c7de8c-6e6f-4aaa-ab15-aafb80e92155 [http-nio-8081-exec-2] INFO  c.m.m.p.c.ProposalController - Saving the proposal data of request 99c7de8c-6e6f-4aaa-ab15-aafb80e92155 with proposalNumber null saveProposalDetail
2018-08-07 18:18:56 99c7de8c-6e6f-4aaa-ab15-aafb80e92155 [http-nio-8081-exec-2] INFO  org.mongodb.driver.connection - Opened connection [connectionId{localValue:2, serverValue:45}] to 127.0.0.1:27017 info
2018-08-07 18:18:56 99c7de8c-6e6f-4aaa-ab15-aafb80e92155 [http-nio-8081-exec-2] INFO  c.m.m.p.c.ProposalController - Time 0 took to process the request 99c7de8c-6e6f-4aaa-ab15-aafb80e92155 saveProposalForm
2018-08-07 18:18:56 99c7de8c-6e6f-4aaa-ab15-aafb80e92155 [http-nio-8081-exec-2] INFO  c.m.matrix.proposal.filter.MDCFilter - Response status 200 doFilter
2018-08-07 18:19:23 9359df77-1b66-4752-9d59-88c762fedd9f [http-nio-8081-exec-3] INFO  c.m.m.p.c.ProposalController - Request with requestId 9359df77-1b66-4752-9d59-88c762fedd9f is being processed saveProposalForm
2018-08-07 18:19:23 9359df77-1b66-4752-9d59-88c762fedd9f [http-nio-8081-exec-3] INFO  c.m.m.p.c.ProposalController - Saving the proposal data of request 9359df77-1b66-4752-9d59-88c762fedd9f with proposalNumber null saveProposalDetail
2018-08-07 18:19:23 9359df77-1b66-4752-9d59-88c762fedd9f [http-nio-8081-exec-3] INFO  c.m.m.p.c.ProposalController - Time 0 took to process the request 9359df77-1b66-4752-9d59-88c762fedd9f saveProposalForm
2018-08-07 18:19:23 9359df77-1b66-4752-9d59-88c762fedd9f [http-nio-8081-exec-3] INFO  c.m.matrix.proposal.filter.MDCFilter - Response status 200 doFilter
2018-08-07 18:21:18  [RMI TCP Connection(2)-127.0.0.1] INFO  o.s.b.a.SpringApplicationAdminMXBeanRegistrar$SpringApplicationAdmin - Application shutdown requested. shutdown
2018-08-07 18:21:18  [RMI TCP Connection(2)-127.0.0.1] INFO  o.s.b.w.s.c.AnnotationConfigServletWebServerApplicationContext - Closing org.springframework.boot.web.servlet.context.AnnotationConfigServletWebServerApplicationContext@6580cfdd: startup date [Tue Aug 07 18:18:24 IST 2018]; root of context hierarchy doClose
2018-08-07 18:21:18  [RMI TCP Connection(2)-127.0.0.1] INFO  o.s.j.e.a.AnnotationMBeanExporter - Unregistering JMX-exposed beans on shutdown destroy
2018-08-07 18:21:18  [RMI TCP Connection(2)-127.0.0.1] INFO  org.mongodb.driver.connection - Closed connection [connectionId{localValue:2, serverValue:45}] to 127.0.0.1:27017 because the pool has been closed. info
2018-08-07 18:21:21  [main] INFO  c.m.m.proposal.ProposalApplication - Starting ProposalApplication on MONO-HYD-LAP-5 with PID 32788 (C:\Users\ravishankar\workspace-sts\Proposal-MS\target\classes started by ravishankar in C:\Users\ravishankar\workspace-sts\Proposal-MS) logStarting
2018-08-07 18:21:21  [main] INFO  c.m.m.proposal.ProposalApplication - The following profiles are active: dev logStartupProfileInfo
2018-08-07 18:21:21  [main] INFO  o.s.b.w.s.c.AnnotationConfigServletWebServerApplicationContext - Refreshing org.springframework.boot.web.servlet.context.AnnotationConfigServletWebServerApplicationContext@5e82df6a: startup date [Tue Aug 07 18:21:21 IST 2018]; root of context hierarchy prepareRefresh
2018-08-07 18:21:22  [main] INFO  o.s.b.w.e.tomcat.TomcatWebServer - Tomcat initialized with port(s): 8081 (http) initialize
2018-08-07 18:21:22  [main] INFO  o.a.coyote.http11.Http11NioProtocol - Initializing ProtocolHandler ["http-nio-8081"] log
2018-08-07 18:21:22  [main] INFO  o.a.catalina.core.StandardService - Starting service [Tomcat] log
2018-08-07 18:21:22  [main] INFO  o.a.catalina.core.StandardEngine - Starting Servlet Engine: Apache Tomcat/8.5.31 log
2018-08-07 18:21:22  [localhost-startStop-1] INFO  o.a.c.core.AprLifecycleListener - The APR based Apache Tomcat Native library which allows optimal performance in production environments was not found on the java.library.path: [C:\Program Files\Java\jre1.8.0_161\bin;C:\WINDOWS\Sun\Java\bin;C:\WINDOWS\system32;C:\WINDOWS;C:\Program Files\Docker\Docker\Resources\bin;C:\ProgramData\Oracle\Java\javapath;C:\Program Files (x86)\Intel\iCLS Client\;C:\Program Files\Intel\iCLS Client\;C:\WINDOWS\system32;C:\WINDOWS;C:\WINDOWS\System32\Wbem;C:\WINDOWS\System32\WindowsPowerShell\v1.0\;C:\Program Files (x86)\Intel\Intel(R) Management Engine Components\DAL;C:\Program Files\Intel\Intel(R) Management Engine Components\DAL;C:\Program Files (x86)\Intel\Intel(R) Management Engine Components\IPT;C:\Program Files\Intel\Intel(R) Management Engine Components\IPT;C:\Program Files\Git\cmd;C:\Program Files\Java\jdk1.8.0_161\bin;C:\Program Files\youtubedl;C:\Program Files\PuTTY\;C:\mongodb\bin;C:\Program Files\MySQL\MySQL Utilities 1.6\;C:\Program Files\dotnet\;C:\Program Files\Microsoft SQL Server\130\Tools\Binn\;C:\Go\bin;C:\WINDOWS\System32\OpenSSH\;C:\apache-maven-3.5.3\bin;C:\Program Files\Amazon\AWSCLI\;C:\Program Files\Amazon\AWSCLI\bin\;C:\Program Files\nodejs\;C:\gradle-4.8.1\bin;;C:\Program Files\Microsoft VS Code\bin;C:\Users\ravishankar\AppData\Local\Programs\Python\Python36\Scripts\;C:\Users\ravishankar\AppData\Local\Programs\Python\Python36\;C:\Users\ravishankar\AppData\Local\Microsoft\WindowsApps;;C:\Program Files\Microsoft VS Code\bin;C:\Users\ravishankar\AppData\Roaming\npm;.] log
2018-08-07 18:21:22  [localhost-startStop-1] INFO  o.a.c.c.C.[Tomcat].[localhost].[/] - Initializing Spring embedded WebApplicationContext log
2018-08-07 18:21:22  [localhost-startStop-1] INFO  o.s.web.context.ContextLoader - Root WebApplicationContext: initialization completed in 1021 ms prepareWebApplicationContext
2018-08-07 18:21:22  [localhost-startStop-1] INFO  o.s.b.w.s.ServletRegistrationBean - Servlet dispatcherServlet mapped to [/] addRegistration
2018-08-07 18:21:22  [localhost-startStop-1] INFO  o.s.b.w.s.FilterRegistrationBean - Mapping filter: 'characterEncodingFilter' to: [/*] configure
2018-08-07 18:21:22  [localhost-startStop-1] INFO  o.s.b.w.s.FilterRegistrationBean - Mapping filter: 'hiddenHttpMethodFilter' to: [/*] configure
2018-08-07 18:21:22  [localhost-startStop-1] INFO  o.s.b.w.s.FilterRegistrationBean - Mapping filter: 'httpPutFormContentFilter' to: [/*] configure
2018-08-07 18:21:22  [localhost-startStop-1] INFO  o.s.b.w.s.FilterRegistrationBean - Mapping filter: 'requestContextFilter' to: [/*] configure
2018-08-07 18:21:22  [localhost-startStop-1] INFO  o.s.b.w.s.FilterRegistrationBean - Mapping filter: 'MDCFilter' to: [/*] configure
2018-08-07 18:21:23  [main] INFO  org.mongodb.driver.cluster - Cluster created with settings {hosts=[127.0.0.1:27017], mode=MULTIPLE, requiredClusterType=UNKNOWN, serverSelectionTimeout='30000 ms', maxWaitQueueSize=500} info
2018-08-07 18:21:23  [main] INFO  org.mongodb.driver.cluster - Adding discovered server 127.0.0.1:27017 to client view of cluster info
2018-08-07 18:21:23  [cluster-ClusterId{value='5b6995cb5ec5c28014d71604', description='null'}-127.0.0.1:27017] INFO  org.mongodb.driver.connection - Opened connection [connectionId{localValue:1, serverValue:46}] to 127.0.0.1:27017 info
2018-08-07 18:21:23  [cluster-ClusterId{value='5b6995cb5ec5c28014d71604', description='null'}-127.0.0.1:27017] INFO  org.mongodb.driver.cluster - Monitor thread successfully connected to server with description ServerDescription{address=127.0.0.1:27017, type=STANDALONE, state=CONNECTED, ok=true, version=ServerVersion{versionList=[3, 6, 0]}, minWireVersion=0, maxWireVersion=6, maxDocumentSize=16777216, logicalSessionTimeoutMinutes=30, roundTripTimeNanos=2494400} info
2018-08-07 18:21:23  [cluster-ClusterId{value='5b6995cb5ec5c28014d71604', description='null'}-127.0.0.1:27017] INFO  org.mongodb.driver.cluster - Discovered cluster type of STANDALONE info
2018-08-07 18:21:23  [main] INFO  o.s.w.s.h.SimpleUrlHandlerMapping - Mapped URL path [/**/favicon.ico] onto handler of type [class org.springframework.web.servlet.resource.ResourceHttpRequestHandler] registerHandler
2018-08-07 18:21:23  [main] INFO  o.s.w.s.m.m.a.RequestMappingHandlerAdapter - Looking for @ControllerAdvice: org.springframework.boot.web.servlet.context.AnnotationConfigServletWebServerApplicationContext@5e82df6a: startup date [Tue Aug 07 18:21:21 IST 2018]; root of context hierarchy initControllerAdviceCache
2018-08-07 18:21:23  [main] INFO  o.s.w.s.m.m.a.RequestMappingHandlerMapping - Mapped "{[/fulfillment/api/proposalservices/saveproposaldata],methods=[POST]}" onto public com.mli.matrix.proposal.models.OutputResponse com.mli.matrix.proposal.controller.ProposalController.saveProposalForm(com.mli.matrix.proposal.models.InputRequest) throws com.mli.matrix.proposal.exception.UserHandledException register
2018-08-07 18:21:23  [main] INFO  o.s.w.s.m.m.a.RequestMappingHandlerMapping - Mapped "{[/error]}" onto public org.springframework.http.ResponseEntity<java.util.Map<java.lang.String, java.lang.Object>> org.springframework.boot.autoconfigure.web.servlet.error.BasicErrorController.error(javax.servlet.http.HttpServletRequest) register
2018-08-07 18:21:23  [main] INFO  o.s.w.s.m.m.a.RequestMappingHandlerMapping - Mapped "{[/error],produces=[text/html]}" onto public org.springframework.web.servlet.ModelAndView org.springframework.boot.autoconfigure.web.servlet.error.BasicErrorController.errorHtml(javax.servlet.http.HttpServletRequest,javax.servlet.http.HttpServletResponse) register
2018-08-07 18:21:23  [main] INFO  o.s.w.s.h.SimpleUrlHandlerMapping - Mapped URL path [/webjars/**] onto handler of type [class org.springframework.web.servlet.resource.ResourceHttpRequestHandler] registerHandler
2018-08-07 18:21:23  [main] INFO  o.s.w.s.h.SimpleUrlHandlerMapping - Mapped URL path [/**] onto handler of type [class org.springframework.web.servlet.resource.ResourceHttpRequestHandler] registerHandler
2018-08-07 18:21:23  [main] INFO  o.s.w.s.m.m.a.ExceptionHandlerExceptionResolver - Detected @ExceptionHandler methods in centralizedExceptionHandler initExceptionHandlerAdviceCache
2018-08-07 18:21:24  [main] INFO  o.s.j.e.a.AnnotationMBeanExporter - Registering beans for JMX exposure on startup afterSingletonsInstantiated
2018-08-07 18:21:24  [main] INFO  o.a.coyote.http11.Http11NioProtocol - Starting ProtocolHandler ["http-nio-8081"] log
2018-08-07 18:21:24  [main] INFO  o.a.tomcat.util.net.NioSelectorPool - Using a shared selector for servlet write/read log
2018-08-07 18:21:24  [main] INFO  o.s.b.w.e.tomcat.TomcatWebServer - Tomcat started on port(s): 8081 (http) with context path '' start
2018-08-07 18:21:24  [main] INFO  c.m.m.proposal.ProposalApplication - Started ProposalApplication in 3.087 seconds (JVM running for 3.725) logStarted
2018-08-07 18:21:30  [http-nio-8081-exec-2] INFO  o.a.c.c.C.[Tomcat].[localhost].[/] - Initializing Spring FrameworkServlet 'dispatcherServlet' log
2018-08-07 18:21:30  [http-nio-8081-exec-2] INFO  o.s.web.servlet.DispatcherServlet - FrameworkServlet 'dispatcherServlet': initialization started initServletBean
2018-08-07 18:21:30  [http-nio-8081-exec-2] INFO  o.s.web.servlet.DispatcherServlet - FrameworkServlet 'dispatcherServlet': initialization completed in 20 ms initServletBean
2018-08-07 18:21:30 41e1e9d6-fc11-4a19-8952-14eeb2b2b6e0 [http-nio-8081-exec-2] INFO  c.m.m.p.c.ProposalController - Request with requestId 41e1e9d6-fc11-4a19-8952-14eeb2b2b6e0 is being processed saveProposalForm
2018-08-07 18:21:30 41e1e9d6-fc11-4a19-8952-14eeb2b2b6e0 [http-nio-8081-exec-2] INFO  c.m.m.p.c.ProposalController - Saving the proposal data of request 41e1e9d6-fc11-4a19-8952-14eeb2b2b6e0 with proposalNumber null saveProposalDetail
2018-08-07 18:21:30 41e1e9d6-fc11-4a19-8952-14eeb2b2b6e0 [http-nio-8081-exec-2] INFO  org.mongodb.driver.connection - Opened connection [connectionId{localValue:2, serverValue:47}] to 127.0.0.1:27017 info
2018-08-07 18:21:30 41e1e9d6-fc11-4a19-8952-14eeb2b2b6e0 [http-nio-8081-exec-2] INFO  c.m.m.p.c.ProposalController - Time 0 took to process the request 41e1e9d6-fc11-4a19-8952-14eeb2b2b6e0 saveProposalForm
2018-08-07 18:21:30 41e1e9d6-fc11-4a19-8952-14eeb2b2b6e0 [http-nio-8081-exec-2] INFO  c.m.matrix.proposal.filter.MDCFilter - Response status 200 doFilter
2018-08-07 18:21:32 d1ebd08c-05e2-4c6b-9871-6df72b448bfc [http-nio-8081-exec-3] INFO  c.m.m.p.c.ProposalController - Request with requestId d1ebd08c-05e2-4c6b-9871-6df72b448bfc is being processed saveProposalForm
2018-08-07 18:21:32 d1ebd08c-05e2-4c6b-9871-6df72b448bfc [http-nio-8081-exec-3] INFO  c.m.m.p.c.ProposalController - Saving the proposal data of request d1ebd08c-05e2-4c6b-9871-6df72b448bfc with proposalNumber null saveProposalDetail
2018-08-07 18:21:32 d1ebd08c-05e2-4c6b-9871-6df72b448bfc [http-nio-8081-exec-3] INFO  c.m.m.p.c.ProposalController - Time 0 took to process the request d1ebd08c-05e2-4c6b-9871-6df72b448bfc saveProposalForm
2018-08-07 18:21:32 d1ebd08c-05e2-4c6b-9871-6df72b448bfc [http-nio-8081-exec-3] INFO  c.m.matrix.proposal.filter.MDCFilter - Response status 200 doFilter
2018-08-07 18:32:03 0f01351c-12ba-45ad-809c-f056f756358d [http-nio-8081-exec-7] INFO  c.m.m.p.c.ProposalController - Request with requestId 0f01351c-12ba-45ad-809c-f056f756358d is being processed saveProposalForm
2018-08-07 18:32:03 0f01351c-12ba-45ad-809c-f056f756358d [http-nio-8081-exec-7] INFO  c.m.m.p.c.ProposalController - Saving the proposal data of request 0f01351c-12ba-45ad-809c-f056f756358d with proposalNumber null saveProposalDetail
2018-08-07 18:32:03 0f01351c-12ba-45ad-809c-f056f756358d [http-nio-8081-exec-7] INFO  c.m.m.p.c.ProposalController - Time 0 took to process the request 0f01351c-12ba-45ad-809c-f056f756358d saveProposalForm
2018-08-07 18:32:03 0f01351c-12ba-45ad-809c-f056f756358d [http-nio-8081-exec-7] INFO  c.m.matrix.proposal.filter.MDCFilter - Response status 200 doFilter
2018-08-07 18:32:21 bdce95cb-cffb-4e46-972c-341d47a68738 [http-nio-8081-exec-6] INFO  c.m.m.p.c.ProposalController - Request with requestId bdce95cb-cffb-4e46-972c-341d47a68738 is being processed saveProposalForm
2018-08-07 18:32:21 bdce95cb-cffb-4e46-972c-341d47a68738 [http-nio-8081-exec-6] INFO  c.m.m.p.c.ProposalController - Saving the proposal data of request bdce95cb-cffb-4e46-972c-341d47a68738 with proposalNumber null saveProposalDetail
2018-08-07 18:32:21 bdce95cb-cffb-4e46-972c-341d47a68738 [http-nio-8081-exec-6] INFO  c.m.m.p.c.ProposalController - Time 0 took to process the request bdce95cb-cffb-4e46-972c-341d47a68738 saveProposalForm
2018-08-07 18:32:21 bdce95cb-cffb-4e46-972c-341d47a68738 [http-nio-8081-exec-6] INFO  c.m.matrix.proposal.filter.MDCFilter - Response status 200 doFilter
2018-08-07 20:15:06  [RMI TCP Connection(2)-127.0.0.1] INFO  o.s.b.a.SpringApplicationAdminMXBeanRegistrar$SpringApplicationAdmin - Application shutdown requested. shutdown
2018-08-07 20:15:06  [RMI TCP Connection(2)-127.0.0.1] INFO  o.s.b.w.s.c.AnnotationConfigServletWebServerApplicationContext - Closing org.springframework.boot.web.servlet.context.AnnotationConfigServletWebServerApplicationContext@5e82df6a: startup date [Tue Aug 07 18:21:21 IST 2018]; root of context hierarchy doClose
2018-08-07 20:15:06  [RMI TCP Connection(2)-127.0.0.1] INFO  o.s.j.e.a.AnnotationMBeanExporter - Unregistering JMX-exposed beans on shutdown destroy
2018-08-07 20:15:06  [RMI TCP Connection(2)-127.0.0.1] INFO  org.mongodb.driver.connection - Closed connection [connectionId{localValue:2, serverValue:47}] to 127.0.0.1:27017 because the pool has been closed. info
2018-08-07 20:15:10  [main] INFO  c.m.m.proposal.ProposalApplication - Starting ProposalApplication on MONO-HYD-LAP-5 with PID 40072 (C:\Users\ravishankar\workspace-sts\Proposal-MS\target\classes started by ravishankar in C:\Users\ravishankar\workspace-sts\Proposal-MS) logStarting
2018-08-07 20:15:10  [main] INFO  c.m.m.proposal.ProposalApplication - The following profiles are active: dev logStartupProfileInfo
2018-08-07 20:15:10  [main] INFO  o.s.b.w.s.c.AnnotationConfigServletWebServerApplicationContext - Refreshing org.springframework.boot.web.servlet.context.AnnotationConfigServletWebServerApplicationContext@2667f029: startup date [Tue Aug 07 20:15:10 IST 2018]; root of context hierarchy prepareRefresh
2018-08-07 20:15:11  [main] INFO  o.s.b.w.e.tomcat.TomcatWebServer - Tomcat initialized with port(s): 8081 (http) initialize
2018-08-07 20:15:11  [main] INFO  o.a.coyote.http11.Http11NioProtocol - Initializing ProtocolHandler ["http-nio-8081"] log
2018-08-07 20:15:11  [main] INFO  o.a.catalina.core.StandardService - Starting service [Tomcat] log
2018-08-07 20:15:11  [main] INFO  o.a.catalina.core.StandardEngine - Starting Servlet Engine: Apache Tomcat/8.5.31 log
2018-08-07 20:15:11  [localhost-startStop-1] INFO  o.a.c.core.AprLifecycleListener - The APR based Apache Tomcat Native library which allows optimal performance in production environments was not found on the java.library.path: [C:\Program Files\Java\jre1.8.0_161\bin;C:\WINDOWS\Sun\Java\bin;C:\WINDOWS\system32;C:\WINDOWS;C:\Program Files\Docker\Docker\Resources\bin;C:\ProgramData\Oracle\Java\javapath;C:\Program Files (x86)\Intel\iCLS Client\;C:\Program Files\Intel\iCLS Client\;C:\WINDOWS\system32;C:\WINDOWS;C:\WINDOWS\System32\Wbem;C:\WINDOWS\System32\WindowsPowerShell\v1.0\;C:\Program Files (x86)\Intel\Intel(R) Management Engine Components\DAL;C:\Program Files\Intel\Intel(R) Management Engine Components\DAL;C:\Program Files (x86)\Intel\Intel(R) Management Engine Components\IPT;C:\Program Files\Intel\Intel(R) Management Engine Components\IPT;C:\Program Files\Git\cmd;C:\Program Files\Java\jdk1.8.0_161\bin;C:\Program Files\youtubedl;C:\Program Files\PuTTY\;C:\mongodb\bin;C:\Program Files\MySQL\MySQL Utilities 1.6\;C:\Program Files\dotnet\;C:\Program Files\Microsoft SQL Server\130\Tools\Binn\;C:\Go\bin;C:\WINDOWS\System32\OpenSSH\;C:\apache-maven-3.5.3\bin;C:\Program Files\Amazon\AWSCLI\;C:\Program Files\Amazon\AWSCLI\bin\;C:\Program Files\nodejs\;C:\gradle-4.8.1\bin;;C:\Program Files\Microsoft VS Code\bin;C:\Users\ravishankar\AppData\Local\Programs\Python\Python36\Scripts\;C:\Users\ravishankar\AppData\Local\Programs\Python\Python36\;C:\Users\ravishankar\AppData\Local\Microsoft\WindowsApps;;C:\Program Files\Microsoft VS Code\bin;C:\Users\ravishankar\AppData\Roaming\npm;.] log
2018-08-07 20:15:11  [localhost-startStop-1] INFO  o.a.c.c.C.[Tomcat].[localhost].[/] - Initializing Spring embedded WebApplicationContext log
2018-08-07 20:15:11  [localhost-startStop-1] INFO  o.s.web.context.ContextLoader - Root WebApplicationContext: initialization completed in 1099 ms prepareWebApplicationContext
2018-08-07 20:15:11  [localhost-startStop-1] INFO  o.s.b.w.s.ServletRegistrationBean - Servlet dispatcherServlet mapped to [/] addRegistration
2018-08-07 20:15:11  [localhost-startStop-1] INFO  o.s.b.w.s.FilterRegistrationBean - Mapping filter: 'characterEncodingFilter' to: [/*] configure
2018-08-07 20:15:11  [localhost-startStop-1] INFO  o.s.b.w.s.FilterRegistrationBean - Mapping filter: 'hiddenHttpMethodFilter' to: [/*] configure
2018-08-07 20:15:11  [localhost-startStop-1] INFO  o.s.b.w.s.FilterRegistrationBean - Mapping filter: 'httpPutFormContentFilter' to: [/*] configure
2018-08-07 20:15:11  [localhost-startStop-1] INFO  o.s.b.w.s.FilterRegistrationBean - Mapping filter: 'requestContextFilter' to: [/*] configure
2018-08-07 20:15:11  [localhost-startStop-1] INFO  o.s.b.w.s.FilterRegistrationBean - Mapping filter: 'MDCFilter' to: [/*] configure
2018-08-07 20:15:12  [main] INFO  org.mongodb.driver.cluster - Cluster created with settings {hosts=[127.0.0.1:27017], mode=MULTIPLE, requiredClusterType=UNKNOWN, serverSelectionTimeout='30000 ms', maxWaitQueueSize=500} info
2018-08-07 20:15:12  [main] INFO  org.mongodb.driver.cluster - Adding discovered server 127.0.0.1:27017 to client view of cluster info
2018-08-07 20:15:12  [cluster-ClusterId{value='5b69b0785ec5c29c88e07936', description='null'}-127.0.0.1:27017] INFO  org.mongodb.driver.connection - Opened connection [connectionId{localValue:1, serverValue:48}] to 127.0.0.1:27017 info
2018-08-07 20:15:12  [cluster-ClusterId{value='5b69b0785ec5c29c88e07936', description='null'}-127.0.0.1:27017] INFO  org.mongodb.driver.cluster - Monitor thread successfully connected to server with description ServerDescription{address=127.0.0.1:27017, type=STANDALONE, state=CONNECTED, ok=true, version=ServerVersion{versionList=[3, 6, 0]}, minWireVersion=0, maxWireVersion=6, maxDocumentSize=16777216, logicalSessionTimeoutMinutes=30, roundTripTimeNanos=2827700} info
2018-08-07 20:15:12  [cluster-ClusterId{value='5b69b0785ec5c29c88e07936', description='null'}-127.0.0.1:27017] INFO  org.mongodb.driver.cluster - Discovered cluster type of STANDALONE info
2018-08-07 20:15:13  [main] INFO  o.s.w.s.h.SimpleUrlHandlerMapping - Mapped URL path [/**/favicon.ico] onto handler of type [class org.springframework.web.servlet.resource.ResourceHttpRequestHandler] registerHandler
2018-08-07 20:15:13  [main] INFO  o.s.w.s.m.m.a.RequestMappingHandlerAdapter - Looking for @ControllerAdvice: org.springframework.boot.web.servlet.context.AnnotationConfigServletWebServerApplicationContext@2667f029: startup date [Tue Aug 07 20:15:10 IST 2018]; root of context hierarchy initControllerAdviceCache
2018-08-07 20:15:13  [main] INFO  o.s.w.s.m.m.a.RequestMappingHandlerMapping - Mapped "{[/fulfillment/api/proposalservices/saveproposaldata],methods=[POST]}" onto public com.mli.matrix.proposal.models.OutputResponse com.mli.matrix.proposal.controller.ProposalController.saveProposalForm(com.mli.matrix.proposal.models.InputRequest) throws com.mli.matrix.proposal.exception.UserHandledException register
2018-08-07 20:15:13  [main] INFO  o.s.w.s.m.m.a.RequestMappingHandlerMapping - Mapped "{[/error]}" onto public org.springframework.http.ResponseEntity<java.util.Map<java.lang.String, java.lang.Object>> org.springframework.boot.autoconfigure.web.servlet.error.BasicErrorController.error(javax.servlet.http.HttpServletRequest) register
2018-08-07 20:15:13  [main] INFO  o.s.w.s.m.m.a.RequestMappingHandlerMapping - Mapped "{[/error],produces=[text/html]}" onto public org.springframework.web.servlet.ModelAndView org.springframework.boot.autoconfigure.web.servlet.error.BasicErrorController.errorHtml(javax.servlet.http.HttpServletRequest,javax.servlet.http.HttpServletResponse) register
2018-08-07 20:15:13  [main] INFO  o.s.w.s.h.SimpleUrlHandlerMapping - Mapped URL path [/webjars/**] onto handler of type [class org.springframework.web.servlet.resource.ResourceHttpRequestHandler] registerHandler
2018-08-07 20:15:13  [main] INFO  o.s.w.s.h.SimpleUrlHandlerMapping - Mapped URL path [/**] onto handler of type [class org.springframework.web.servlet.resource.ResourceHttpRequestHandler] registerHandler
2018-08-07 20:15:13  [main] INFO  o.s.w.s.m.m.a.ExceptionHandlerExceptionResolver - Detected @ExceptionHandler methods in centralizedExceptionHandler initExceptionHandlerAdviceCache
2018-08-07 20:15:13  [main] INFO  o.s.j.e.a.AnnotationMBeanExporter - Registering beans for JMX exposure on startup afterSingletonsInstantiated
2018-08-07 20:15:13  [main] INFO  o.a.coyote.http11.Http11NioProtocol - Starting ProtocolHandler ["http-nio-8081"] log
2018-08-07 20:15:13  [main] INFO  o.a.tomcat.util.net.NioSelectorPool - Using a shared selector for servlet write/read log
2018-08-07 20:15:13  [main] INFO  o.s.b.w.e.tomcat.TomcatWebServer - Tomcat started on port(s): 8081 (http) with context path '' start
2018-08-07 20:15:13  [main] INFO  c.m.m.proposal.ProposalApplication - Started ProposalApplication in 3.31 seconds (JVM running for 4.542) logStarted
2018-08-07 20:15:19  [http-nio-8081-exec-2] INFO  o.a.c.c.C.[Tomcat].[localhost].[/] - Initializing Spring FrameworkServlet 'dispatcherServlet' log
2018-08-07 20:15:19  [http-nio-8081-exec-2] INFO  o.s.web.servlet.DispatcherServlet - FrameworkServlet 'dispatcherServlet': initialization started initServletBean
2018-08-07 20:15:19  [http-nio-8081-exec-2] INFO  o.s.web.servlet.DispatcherServlet - FrameworkServlet 'dispatcherServlet': initialization completed in 21 ms initServletBean
2018-08-07 20:15:19 11eecebc-fde0-4738-84a9-88b659558897 [http-nio-8081-exec-2] INFO  c.m.m.p.c.ProposalController - Request with requestId 11eecebc-fde0-4738-84a9-88b659558897 is being processed saveProposalForm
2018-08-07 20:15:19 11eecebc-fde0-4738-84a9-88b659558897 [http-nio-8081-exec-2] INFO  c.m.m.p.c.ProposalController - Saving the proposal data of request 11eecebc-fde0-4738-84a9-88b659558897 with proposalNumber 5b69984b5ec5c28014d71607 saveProposalDetail
2018-08-07 20:15:19 11eecebc-fde0-4738-84a9-88b659558897 [http-nio-8081-exec-2] INFO  org.mongodb.driver.connection - Opened connection [connectionId{localValue:2, serverValue:49}] to 127.0.0.1:27017 info
2018-08-07 20:15:19 11eecebc-fde0-4738-84a9-88b659558897 [http-nio-8081-exec-2] INFO  c.m.m.p.c.ProposalController - Time 0 took to process the request 11eecebc-fde0-4738-84a9-88b659558897 saveProposalForm
2018-08-07 20:15:19 11eecebc-fde0-4738-84a9-88b659558897 [http-nio-8081-exec-2] INFO  c.m.matrix.proposal.filter.MDCFilter - Response status 200 doFilter
2018-08-07 20:25:11 a41f19ba-a6cc-4418-a076-48f7d9b1b333 [http-nio-8081-exec-5] INFO  c.m.m.p.c.ProposalController - Request with requestId a41f19ba-a6cc-4418-a076-48f7d9b1b333 is being processed saveProposalForm
2018-08-07 20:25:11 a41f19ba-a6cc-4418-a076-48f7d9b1b333 [http-nio-8081-exec-5] INFO  c.m.m.p.c.ProposalController - Saving the proposal data of request a41f19ba-a6cc-4418-a076-48f7d9b1b333 with proposalNumber null saveProposalDetail
2018-08-07 20:25:11 a41f19ba-a6cc-4418-a076-48f7d9b1b333 [http-nio-8081-exec-5] INFO  c.m.m.p.c.ProposalController - Time 0 took to process the request a41f19ba-a6cc-4418-a076-48f7d9b1b333 saveProposalForm
2018-08-07 20:25:11 a41f19ba-a6cc-4418-a076-48f7d9b1b333 [http-nio-8081-exec-5] INFO  c.m.matrix.proposal.filter.MDCFilter - Response status 200 doFilter
2018-08-07 20:25:46 d97604d4-97b4-4f1b-b331-2cd69ec07ea8 [http-nio-8081-exec-6] INFO  c.m.m.p.c.ProposalController - Request with requestId d97604d4-97b4-4f1b-b331-2cd69ec07ea8 is being processed saveProposalForm
2018-08-07 20:25:46 d97604d4-97b4-4f1b-b331-2cd69ec07ea8 [http-nio-8081-exec-6] INFO  c.m.m.p.c.ProposalController - Saving the proposal data of request d97604d4-97b4-4f1b-b331-2cd69ec07ea8 with proposalNumber 5b69b2cf5ec5c29c88e07937 saveProposalDetail
2018-08-07 20:25:46 d97604d4-97b4-4f1b-b331-2cd69ec07ea8 [http-nio-8081-exec-6] INFO  c.m.m.p.c.ProposalController - Time 0 took to process the request d97604d4-97b4-4f1b-b331-2cd69ec07ea8 saveProposalForm
2018-08-07 20:25:46 d97604d4-97b4-4f1b-b331-2cd69ec07ea8 [http-nio-8081-exec-6] INFO  c.m.matrix.proposal.filter.MDCFilter - Response status 200 doFilter
2018-08-07 20:26:56  [RMI TCP Connection(2)-127.0.0.1] INFO  o.s.b.a.SpringApplicationAdminMXBeanRegistrar$SpringApplicationAdmin - Application shutdown requested. shutdown
2018-08-07 20:26:56  [RMI TCP Connection(2)-127.0.0.1] INFO  o.s.b.w.s.c.AnnotationConfigServletWebServerApplicationContext - Closing org.springframework.boot.web.servlet.context.AnnotationConfigServletWebServerApplicationContext@2667f029: startup date [Tue Aug 07 20:15:10 IST 2018]; root of context hierarchy doClose
2018-08-07 20:26:56  [RMI TCP Connection(2)-127.0.0.1] INFO  o.s.j.e.a.AnnotationMBeanExporter - Unregistering JMX-exposed beans on shutdown destroy
2018-08-07 20:26:56  [RMI TCP Connection(2)-127.0.0.1] INFO  org.mongodb.driver.connection - Closed connection [connectionId{localValue:2, serverValue:49}] to 127.0.0.1:27017 because the pool has been closed. info
2018-08-07 20:26:59  [main] INFO  c.m.m.proposal.ProposalApplication - Starting ProposalApplication on MONO-HYD-LAP-5 with PID 45356 (C:\Users\ravishankar\workspace-sts\Proposal-MS\target\classes started by ravishankar in C:\Users\ravishankar\workspace-sts\Proposal-MS) logStarting
2018-08-07 20:26:59  [main] INFO  c.m.m.proposal.ProposalApplication - The following profiles are active: dev logStartupProfileInfo
2018-08-07 20:26:59  [main] INFO  o.s.b.w.s.c.AnnotationConfigServletWebServerApplicationContext - Refreshing org.springframework.boot.web.servlet.context.AnnotationConfigServletWebServerApplicationContext@5e82df6a: startup date [Tue Aug 07 20:26:59 IST 2018]; root of context hierarchy prepareRefresh
2018-08-07 20:27:00  [main] INFO  o.s.b.w.e.tomcat.TomcatWebServer - Tomcat initialized with port(s): 8081 (http) initialize
2018-08-07 20:27:00  [main] INFO  o.a.coyote.http11.Http11NioProtocol - Initializing ProtocolHandler ["http-nio-8081"] log
2018-08-07 20:27:00  [main] INFO  o.a.catalina.core.StandardService - Starting service [Tomcat] log
2018-08-07 20:27:00  [main] INFO  o.a.catalina.core.StandardEngine - Starting Servlet Engine: Apache Tomcat/8.5.31 log
2018-08-07 20:27:00  [localhost-startStop-1] INFO  o.a.c.core.AprLifecycleListener - The APR based Apache Tomcat Native library which allows optimal performance in production environments was not found on the java.library.path: [C:\Program Files\Java\jre1.8.0_161\bin;C:\WINDOWS\Sun\Java\bin;C:\WINDOWS\system32;C:\WINDOWS;C:\Program Files\Docker\Docker\Resources\bin;C:\ProgramData\Oracle\Java\javapath;C:\Program Files (x86)\Intel\iCLS Client\;C:\Program Files\Intel\iCLS Client\;C:\WINDOWS\system32;C:\WINDOWS;C:\WINDOWS\System32\Wbem;C:\WINDOWS\System32\WindowsPowerShell\v1.0\;C:\Program Files (x86)\Intel\Intel(R) Management Engine Components\DAL;C:\Program Files\Intel\Intel(R) Management Engine Components\DAL;C:\Program Files (x86)\Intel\Intel(R) Management Engine Components\IPT;C:\Program Files\Intel\Intel(R) Management Engine Components\IPT;C:\Program Files\Git\cmd;C:\Program Files\Java\jdk1.8.0_161\bin;C:\Program Files\youtubedl;C:\Program Files\PuTTY\;C:\mongodb\bin;C:\Program Files\MySQL\MySQL Utilities 1.6\;C:\Program Files\dotnet\;C:\Program Files\Microsoft SQL Server\130\Tools\Binn\;C:\Go\bin;C:\WINDOWS\System32\OpenSSH\;C:\apache-maven-3.5.3\bin;C:\Program Files\Amazon\AWSCLI\;C:\Program Files\Amazon\AWSCLI\bin\;C:\Program Files\nodejs\;C:\gradle-4.8.1\bin;;C:\Program Files\Microsoft VS Code\bin;C:\Users\ravishankar\AppData\Local\Programs\Python\Python36\Scripts\;C:\Users\ravishankar\AppData\Local\Programs\Python\Python36\;C:\Users\ravishankar\AppData\Local\Microsoft\WindowsApps;;C:\Program Files\Microsoft VS Code\bin;C:\Users\ravishankar\AppData\Roaming\npm;.] log
2018-08-07 20:27:00  [localhost-startStop-1] INFO  o.a.c.c.C.[Tomcat].[localhost].[/] - Initializing Spring embedded WebApplicationContext log
2018-08-07 20:27:00  [localhost-startStop-1] INFO  o.s.web.context.ContextLoader - Root WebApplicationContext: initialization completed in 1156 ms prepareWebApplicationContext
2018-08-07 20:27:00  [localhost-startStop-1] INFO  o.s.b.w.s.ServletRegistrationBean - Servlet dispatcherServlet mapped to [/] addRegistration
2018-08-07 20:27:00  [localhost-startStop-1] INFO  o.s.b.w.s.FilterRegistrationBean - Mapping filter: 'characterEncodingFilter' to: [/*] configure
2018-08-07 20:27:00  [localhost-startStop-1] INFO  o.s.b.w.s.FilterRegistrationBean - Mapping filter: 'hiddenHttpMethodFilter' to: [/*] configure
2018-08-07 20:27:00  [localhost-startStop-1] INFO  o.s.b.w.s.FilterRegistrationBean - Mapping filter: 'httpPutFormContentFilter' to: [/*] configure
2018-08-07 20:27:00  [localhost-startStop-1] INFO  o.s.b.w.s.FilterRegistrationBean - Mapping filter: 'requestContextFilter' to: [/*] configure
2018-08-07 20:27:00  [localhost-startStop-1] INFO  o.s.b.w.s.FilterRegistrationBean - Mapping filter: 'MDCFilter' to: [/*] configure
2018-08-07 20:27:01  [main] INFO  org.mongodb.driver.cluster - Cluster created with settings {hosts=[127.0.0.1:27017], mode=MULTIPLE, requiredClusterType=UNKNOWN, serverSelectionTimeout='30000 ms', maxWaitQueueSize=500} info
2018-08-07 20:27:01  [main] INFO  org.mongodb.driver.cluster - Adding discovered server 127.0.0.1:27017 to client view of cluster info
2018-08-07 20:27:01  [cluster-ClusterId{value='5b69b33d620d55b12cb2cb09', description='null'}-127.0.0.1:27017] INFO  org.mongodb.driver.connection - Opened connection [connectionId{localValue:1, serverValue:50}] to 127.0.0.1:27017 info
2018-08-07 20:27:01  [cluster-ClusterId{value='5b69b33d620d55b12cb2cb09', description='null'}-127.0.0.1:27017] INFO  org.mongodb.driver.cluster - Monitor thread successfully connected to server with description ServerDescription{address=127.0.0.1:27017, type=STANDALONE, state=CONNECTED, ok=true, version=ServerVersion{versionList=[3, 6, 0]}, minWireVersion=0, maxWireVersion=6, maxDocumentSize=16777216, logicalSessionTimeoutMinutes=30, roundTripTimeNanos=2209100} info
2018-08-07 20:27:01  [cluster-ClusterId{value='5b69b33d620d55b12cb2cb09', description='null'}-127.0.0.1:27017] INFO  org.mongodb.driver.cluster - Discovered cluster type of STANDALONE info
2018-08-07 20:27:01  [main] INFO  o.s.w.s.h.SimpleUrlHandlerMapping - Mapped URL path [/**/favicon.ico] onto handler of type [class org.springframework.web.servlet.resource.ResourceHttpRequestHandler] registerHandler
2018-08-07 20:27:01  [main] INFO  o.s.w.s.m.m.a.RequestMappingHandlerAdapter - Looking for @ControllerAdvice: org.springframework.boot.web.servlet.context.AnnotationConfigServletWebServerApplicationContext@5e82df6a: startup date [Tue Aug 07 20:26:59 IST 2018]; root of context hierarchy initControllerAdviceCache
2018-08-07 20:27:01  [main] INFO  o.s.w.s.m.m.a.RequestMappingHandlerMapping - Mapped "{[/fulfillment/api/proposalservices/saveproposaldata],methods=[POST]}" onto public com.mli.matrix.proposal.models.OutputResponse com.mli.matrix.proposal.controller.ProposalController.saveProposalForm(com.mli.matrix.proposal.models.InputRequest) throws com.mli.matrix.proposal.exception.UserHandledException register
2018-08-07 20:27:01  [main] INFO  o.s.w.s.m.m.a.RequestMappingHandlerMapping - Mapped "{[/error]}" onto public org.springframework.http.ResponseEntity<java.util.Map<java.lang.String, java.lang.Object>> org.springframework.boot.autoconfigure.web.servlet.error.BasicErrorController.error(javax.servlet.http.HttpServletRequest) register
2018-08-07 20:27:01  [main] INFO  o.s.w.s.m.m.a.RequestMappingHandlerMapping - Mapped "{[/error],produces=[text/html]}" onto public org.springframework.web.servlet.ModelAndView org.springframework.boot.autoconfigure.web.servlet.error.BasicErrorController.errorHtml(javax.servlet.http.HttpServletRequest,javax.servlet.http.HttpServletResponse) register
2018-08-07 20:27:01  [main] INFO  o.s.w.s.h.SimpleUrlHandlerMapping - Mapped URL path [/webjars/**] onto handler of type [class org.springframework.web.servlet.resource.ResourceHttpRequestHandler] registerHandler
2018-08-07 20:27:01  [main] INFO  o.s.w.s.h.SimpleUrlHandlerMapping - Mapped URL path [/**] onto handler of type [class org.springframework.web.servlet.resource.ResourceHttpRequestHandler] registerHandler
2018-08-07 20:27:01  [main] INFO  o.s.w.s.m.m.a.ExceptionHandlerExceptionResolver - Detected @ExceptionHandler methods in centralizedExceptionHandler initExceptionHandlerAdviceCache
2018-08-07 20:27:02  [main] INFO  o.s.j.e.a.AnnotationMBeanExporter - Registering beans for JMX exposure on startup afterSingletonsInstantiated
2018-08-07 20:27:02  [main] INFO  o.a.coyote.http11.Http11NioProtocol - Starting ProtocolHandler ["http-nio-8081"] log
2018-08-07 20:27:02  [main] INFO  o.a.tomcat.util.net.NioSelectorPool - Using a shared selector for servlet write/read log
2018-08-07 20:27:02  [main] INFO  o.s.b.w.e.tomcat.TomcatWebServer - Tomcat started on port(s): 8081 (http) with context path '' start
2018-08-07 20:27:02  [main] INFO  c.m.m.proposal.ProposalApplication - Started ProposalApplication in 3.349 seconds (JVM running for 3.983) logStarted
2018-08-07 20:27:33  [http-nio-8081-exec-2] INFO  o.a.c.c.C.[Tomcat].[localhost].[/] - Initializing Spring FrameworkServlet 'dispatcherServlet' log
2018-08-07 20:27:33  [http-nio-8081-exec-2] INFO  o.s.web.servlet.DispatcherServlet - FrameworkServlet 'dispatcherServlet': initialization started initServletBean
2018-08-07 20:27:33  [http-nio-8081-exec-2] INFO  o.s.web.servlet.DispatcherServlet - FrameworkServlet 'dispatcherServlet': initialization completed in 18 ms initServletBean
2018-08-07 20:27:33 c1697c82-e889-4f0c-8873-5614d7147bf5 [http-nio-8081-exec-2] INFO  c.m.m.p.c.ProposalController - Request with requestId c1697c82-e889-4f0c-8873-5614d7147bf5 is being processed saveProposalForm
2018-08-07 20:27:33 c1697c82-e889-4f0c-8873-5614d7147bf5 [http-nio-8081-exec-2] INFO  c.m.m.p.c.ProposalController - Saving the proposal data of request c1697c82-e889-4f0c-8873-5614d7147bf5 with proposalNumber 5b69b2cf5ec5c29c88e07937 saveProposalDetail
2018-08-07 20:27:33 c1697c82-e889-4f0c-8873-5614d7147bf5 [http-nio-8081-exec-2] INFO  org.mongodb.driver.connection - Opened connection [connectionId{localValue:2, serverValue:51}] to 127.0.0.1:27017 info
2018-08-07 20:27:33 c1697c82-e889-4f0c-8873-5614d7147bf5 [http-nio-8081-exec-2] INFO  c.m.m.p.c.ProposalController - Time 0 took to process the request c1697c82-e889-4f0c-8873-5614d7147bf5 saveProposalForm
2018-08-07 20:27:33 c1697c82-e889-4f0c-8873-5614d7147bf5 [http-nio-8081-exec-2] INFO  c.m.matrix.proposal.filter.MDCFilter - Response status 200 doFilter
2018-08-07 21:06:40  [RMI TCP Connection(2)-127.0.0.1] INFO  o.s.b.a.SpringApplicationAdminMXBeanRegistrar$SpringApplicationAdmin - Application shutdown requested. shutdown
2018-08-07 21:06:40  [RMI TCP Connection(2)-127.0.0.1] INFO  o.s.b.w.s.c.AnnotationConfigServletWebServerApplicationContext - Closing org.springframework.boot.web.servlet.context.AnnotationConfigServletWebServerApplicationContext@5e82df6a: startup date [Tue Aug 07 20:26:59 IST 2018]; root of context hierarchy doClose
2018-08-07 21:06:40  [RMI TCP Connection(2)-127.0.0.1] INFO  o.s.j.e.a.AnnotationMBeanExporter - Unregistering JMX-exposed beans on shutdown destroy
2018-08-07 21:06:40  [RMI TCP Connection(2)-127.0.0.1] INFO  org.mongodb.driver.connection - Closed connection [connectionId{localValue:2, serverValue:51}] to 127.0.0.1:27017 because the pool has been closed. info
2018-08-08 10:02:46  [main] INFO  c.m.m.proposal.ProposalApplication - Starting ProposalApplication on MONO-HYD-LAP-5 with PID 6752 (C:\Users\ravishankar\workspace-sts\Proposal-MS\target\classes started by ravishankar in C:\Users\ravishankar\workspace-sts\Proposal-MS) logStarting
2018-08-08 10:02:46  [main] INFO  c.m.m.proposal.ProposalApplication - The following profiles are active: dev logStartupProfileInfo
2018-08-08 10:02:46  [main] INFO  o.s.b.w.s.c.AnnotationConfigServletWebServerApplicationContext - Refreshing org.springframework.boot.web.servlet.context.AnnotationConfigServletWebServerApplicationContext@31d7b7bf: startup date [Wed Aug 08 10:02:46 IST 2018]; root of context hierarchy prepareRefresh
2018-08-08 10:02:47  [main] INFO  o.s.b.w.e.tomcat.TomcatWebServer - Tomcat initialized with port(s): 8081 (http) initialize
2018-08-08 10:02:47  [main] INFO  o.a.coyote.http11.Http11NioProtocol - Initializing ProtocolHandler ["http-nio-8081"] log
2018-08-08 10:02:47  [main] INFO  o.a.catalina.core.StandardService - Starting service [Tomcat] log
2018-08-08 10:02:47  [main] INFO  o.a.catalina.core.StandardEngine - Starting Servlet Engine: Apache Tomcat/8.5.31 log
2018-08-08 10:02:47  [localhost-startStop-1] INFO  o.a.c.core.AprLifecycleListener - The APR based Apache Tomcat Native library which allows optimal performance in production environments was not found on the java.library.path: [C:\Program Files\Java\jre1.8.0_161\bin;C:\WINDOWS\Sun\Java\bin;C:\WINDOWS\system32;C:\WINDOWS;C:\Program Files\Docker\Docker\Resources\bin;C:\ProgramData\Oracle\Java\javapath;C:\Program Files (x86)\Intel\iCLS Client\;C:\Program Files\Intel\iCLS Client\;C:\WINDOWS\system32;C:\WINDOWS;C:\WINDOWS\System32\Wbem;C:\WINDOWS\System32\WindowsPowerShell\v1.0\;C:\Program Files (x86)\Intel\Intel(R) Management Engine Components\DAL;C:\Program Files\Intel\Intel(R) Management Engine Components\DAL;C:\Program Files (x86)\Intel\Intel(R) Management Engine Components\IPT;C:\Program Files\Intel\Intel(R) Management Engine Components\IPT;C:\Program Files\Git\cmd;C:\Program Files\Java\jdk1.8.0_161\bin;C:\Program Files\youtubedl;C:\Program Files\PuTTY\;C:\mongodb\bin;C:\Program Files\MySQL\MySQL Utilities 1.6\;C:\Program Files\dotnet\;C:\Program Files\Microsoft SQL Server\130\Tools\Binn\;C:\Go\bin;C:\WINDOWS\System32\OpenSSH\;C:\apache-maven-3.5.3\bin;C:\Program Files\Amazon\AWSCLI\;C:\Program Files\Amazon\AWSCLI\bin\;C:\Program Files\nodejs\;C:\gradle-4.8.1\bin;;C:\Program Files\Microsoft VS Code\bin;C:\Users\ravishankar\AppData\Local\Programs\Python\Python36\Scripts\;C:\Users\ravishankar\AppData\Local\Programs\Python\Python36\;C:\Users\ravishankar\AppData\Local\Microsoft\WindowsApps;;C:\Program Files\Microsoft VS Code\bin;C:\Users\ravishankar\AppData\Roaming\npm;.] log
2018-08-08 10:02:47  [localhost-startStop-1] INFO  o.a.c.c.C.[Tomcat].[localhost].[/] - Initializing Spring embedded WebApplicationContext log
2018-08-08 10:02:47  [localhost-startStop-1] INFO  o.s.web.context.ContextLoader - Root WebApplicationContext: initialization completed in 1281 ms prepareWebApplicationContext
2018-08-08 10:02:47  [localhost-startStop-1] INFO  o.s.b.w.s.ServletRegistrationBean - Servlet dispatcherServlet mapped to [/] addRegistration
2018-08-08 10:02:47  [localhost-startStop-1] INFO  o.s.b.w.s.FilterRegistrationBean - Mapping filter: 'characterEncodingFilter' to: [/*] configure
2018-08-08 10:02:47  [localhost-startStop-1] INFO  o.s.b.w.s.FilterRegistrationBean - Mapping filter: 'hiddenHttpMethodFilter' to: [/*] configure
2018-08-08 10:02:47  [localhost-startStop-1] INFO  o.s.b.w.s.FilterRegistrationBean - Mapping filter: 'httpPutFormContentFilter' to: [/*] configure
2018-08-08 10:02:47  [localhost-startStop-1] INFO  o.s.b.w.s.FilterRegistrationBean - Mapping filter: 'requestContextFilter' to: [/*] configure
2018-08-08 10:02:47  [localhost-startStop-1] INFO  o.s.b.w.s.FilterRegistrationBean - Mapping filter: 'MDCFilter' to: [/*] configure
2018-08-08 10:02:48  [main] INFO  org.mongodb.driver.cluster - Cluster created with settings {hosts=[127.0.0.1:27017], mode=MULTIPLE, requiredClusterType=UNKNOWN, serverSelectionTimeout='30000 ms', maxWaitQueueSize=500} info
2018-08-08 10:02:48  [main] INFO  org.mongodb.driver.cluster - Adding discovered server 127.0.0.1:27017 to client view of cluster info
2018-08-08 10:02:49  [cluster-ClusterId{value='5b6a7270a7fa3a1a60c7712b', description='null'}-127.0.0.1:27017] INFO  org.mongodb.driver.connection - Opened connection [connectionId{localValue:1, serverValue:53}] to 127.0.0.1:27017 info
2018-08-08 10:02:49  [cluster-ClusterId{value='5b6a7270a7fa3a1a60c7712b', description='null'}-127.0.0.1:27017] INFO  org.mongodb.driver.cluster - Monitor thread successfully connected to server with description ServerDescription{address=127.0.0.1:27017, type=STANDALONE, state=CONNECTED, ok=true, version=ServerVersion{versionList=[3, 6, 0]}, minWireVersion=0, maxWireVersion=6, maxDocumentSize=16777216, logicalSessionTimeoutMinutes=30, roundTripTimeNanos=2756700} info
2018-08-08 10:02:49  [cluster-ClusterId{value='5b6a7270a7fa3a1a60c7712b', description='null'}-127.0.0.1:27017] INFO  org.mongodb.driver.cluster - Discovered cluster type of STANDALONE info
2018-08-08 10:02:49  [main] INFO  o.s.w.s.h.SimpleUrlHandlerMapping - Mapped URL path [/**/favicon.ico] onto handler of type [class org.springframework.web.servlet.resource.ResourceHttpRequestHandler] registerHandler
2018-08-08 10:02:49  [main] INFO  o.s.w.s.m.m.a.RequestMappingHandlerAdapter - Looking for @ControllerAdvice: org.springframework.boot.web.servlet.context.AnnotationConfigServletWebServerApplicationContext@31d7b7bf: startup date [Wed Aug 08 10:02:46 IST 2018]; root of context hierarchy initControllerAdviceCache
2018-08-08 10:02:50  [main] INFO  o.s.w.s.m.m.a.RequestMappingHandlerMapping - Mapped "{[/fulfillment/api/proposalservices/saveproposaldata],methods=[POST]}" onto public com.mli.matrix.proposal.models.OutputResponse com.mli.matrix.proposal.controller.ProposalController.saveProposalForm(com.mli.matrix.proposal.models.InputRequest) throws com.mli.matrix.proposal.exception.UserHandledException register
2018-08-08 10:02:50  [main] INFO  o.s.w.s.m.m.a.RequestMappingHandlerMapping - Mapped "{[/error]}" onto public org.springframework.http.ResponseEntity<java.util.Map<java.lang.String, java.lang.Object>> org.springframework.boot.autoconfigure.web.servlet.error.BasicErrorController.error(javax.servlet.http.HttpServletRequest) register
2018-08-08 10:02:50  [main] INFO  o.s.w.s.m.m.a.RequestMappingHandlerMapping - Mapped "{[/error],produces=[text/html]}" onto public org.springframework.web.servlet.ModelAndView org.springframework.boot.autoconfigure.web.servlet.error.BasicErrorController.errorHtml(javax.servlet.http.HttpServletRequest,javax.servlet.http.HttpServletResponse) register
2018-08-08 10:02:50  [main] INFO  o.s.w.s.h.SimpleUrlHandlerMapping - Mapped URL path [/webjars/**] onto handler of type [class org.springframework.web.servlet.resource.ResourceHttpRequestHandler] registerHandler
2018-08-08 10:02:50  [main] INFO  o.s.w.s.h.SimpleUrlHandlerMapping - Mapped URL path [/**] onto handler of type [class org.springframework.web.servlet.resource.ResourceHttpRequestHandler] registerHandler
2018-08-08 10:02:50  [main] INFO  o.s.w.s.m.m.a.ExceptionHandlerExceptionResolver - Detected @ExceptionHandler methods in centralizedExceptionHandler initExceptionHandlerAdviceCache
2018-08-08 10:02:50  [main] INFO  o.s.j.e.a.AnnotationMBeanExporter - Registering beans for JMX exposure on startup afterSingletonsInstantiated
2018-08-08 10:02:50  [main] INFO  o.a.coyote.http11.Http11NioProtocol - Starting ProtocolHandler ["http-nio-8081"] log
2018-08-08 10:02:50  [main] INFO  o.a.tomcat.util.net.NioSelectorPool - Using a shared selector for servlet write/read log
2018-08-08 10:02:50  [main] INFO  o.s.b.w.e.tomcat.TomcatWebServer - Tomcat started on port(s): 8081 (http) with context path '' start
2018-08-08 10:02:50  [main] INFO  c.m.m.proposal.ProposalApplication - Started ProposalApplication in 4.177 seconds (JVM running for 5.131) logStarted
2018-08-08 10:04:09  [http-nio-8081-exec-1] INFO  o.a.c.c.C.[Tomcat].[localhost].[/] - Initializing Spring FrameworkServlet 'dispatcherServlet' log
2018-08-08 10:04:09  [http-nio-8081-exec-1] INFO  o.s.web.servlet.DispatcherServlet - FrameworkServlet 'dispatcherServlet': initialization started initServletBean
2018-08-08 10:04:09  [http-nio-8081-exec-1] INFO  o.s.web.servlet.DispatcherServlet - FrameworkServlet 'dispatcherServlet': initialization completed in 39 ms initServletBean
2018-08-08 10:04:10 61e61b7c-4465-4f23-9af5-1c44d5871bbf [http-nio-8081-exec-1] INFO  c.m.m.p.c.ProposalController - Request with requestId 61e61b7c-4465-4f23-9af5-1c44d5871bbf is being processed saveProposalForm
2018-08-08 10:04:10 61e61b7c-4465-4f23-9af5-1c44d5871bbf [http-nio-8081-exec-1] INFO  c.m.m.p.c.ProposalController - Saving the proposal data of request 61e61b7c-4465-4f23-9af5-1c44d5871bbf with proposalNumber 5b69b2cf5ec5c29c88e07937 saveProposalDetail
2018-08-08 10:04:10 61e61b7c-4465-4f23-9af5-1c44d5871bbf [http-nio-8081-exec-1] INFO  org.mongodb.driver.connection - Opened connection [connectionId{localValue:2, serverValue:58}] to 127.0.0.1:27017 info
2018-08-08 10:04:10 61e61b7c-4465-4f23-9af5-1c44d5871bbf [http-nio-8081-exec-1] INFO  c.m.m.p.c.ProposalController - Time 0 took to process the request 61e61b7c-4465-4f23-9af5-1c44d5871bbf saveProposalForm
2018-08-08 10:04:10 61e61b7c-4465-4f23-9af5-1c44d5871bbf [http-nio-8081-exec-1] INFO  c.m.matrix.proposal.filter.MDCFilter - Response status 200 doFilter
2018-08-08 10:04:52 c80db399-0a4e-42d7-becb-919e0ca2c6f3 [http-nio-8081-exec-3] INFO  c.m.m.p.c.ProposalController - Request with requestId c80db399-0a4e-42d7-becb-919e0ca2c6f3 is being processed saveProposalForm
2018-08-08 10:04:52 c80db399-0a4e-42d7-becb-919e0ca2c6f3 [http-nio-8081-exec-3] INFO  c.m.m.p.c.ProposalController - Saving the proposal data of request c80db399-0a4e-42d7-becb-919e0ca2c6f3 with proposalNumber 5b69b2cf5ec5c29c88e07937 saveProposalDetail
2018-08-08 10:04:52 c80db399-0a4e-42d7-becb-919e0ca2c6f3 [http-nio-8081-exec-3] INFO  c.m.m.p.c.ProposalController - Time 0 took to process the request c80db399-0a4e-42d7-becb-919e0ca2c6f3 saveProposalForm
2018-08-08 10:04:52 c80db399-0a4e-42d7-becb-919e0ca2c6f3 [http-nio-8081-exec-3] INFO  c.m.matrix.proposal.filter.MDCFilter - Response status 200 doFilter
2018-08-08 10:06:23 d76bd4aa-b163-44b7-a1b1-4c90c374008e [http-nio-8081-exec-6] INFO  c.m.m.p.c.ProposalController - Request with requestId d76bd4aa-b163-44b7-a1b1-4c90c374008e is being processed saveProposalForm
2018-08-08 10:06:23 d76bd4aa-b163-44b7-a1b1-4c90c374008e [http-nio-8081-exec-6] INFO  c.m.m.p.c.ProposalController - Saving the proposal data of request d76bd4aa-b163-44b7-a1b1-4c90c374008e with proposalNumber 5b69b2cf5ec5c29c88e07937 saveProposalDetail
2018-08-08 10:06:23 d76bd4aa-b163-44b7-a1b1-4c90c374008e [http-nio-8081-exec-6] INFO  c.m.m.p.c.ProposalController - Time 0 took to process the request d76bd4aa-b163-44b7-a1b1-4c90c374008e saveProposalForm
2018-08-08 10:06:23 d76bd4aa-b163-44b7-a1b1-4c90c374008e [http-nio-8081-exec-6] INFO  c.m.matrix.proposal.filter.MDCFilter - Response status 200 doFilter
2018-08-08 10:06:38 001b9771-875a-4587-a6d0-0038ca9bc7fc [http-nio-8081-exec-7] INFO  c.m.m.p.c.ProposalController - Request with requestId 001b9771-875a-4587-a6d0-0038ca9bc7fc is being processed saveProposalForm
2018-08-08 10:06:38 001b9771-875a-4587-a6d0-0038ca9bc7fc [http-nio-8081-exec-7] INFO  c.m.m.p.c.ProposalController - Saving the proposal data of request 001b9771-875a-4587-a6d0-0038ca9bc7fc with proposalNumber 5b69b2cf5ec5c29c88e07937 saveProposalDetail
2018-08-08 10:06:38 001b9771-875a-4587-a6d0-0038ca9bc7fc [http-nio-8081-exec-7] INFO  c.m.m.p.c.ProposalController - Time 0 took to process the request 001b9771-875a-4587-a6d0-0038ca9bc7fc saveProposalForm
2018-08-08 10:06:38 001b9771-875a-4587-a6d0-0038ca9bc7fc [http-nio-8081-exec-7] INFO  c.m.matrix.proposal.filter.MDCFilter - Response status 200 doFilter
2018-08-08 11:55:09  [RMI TCP Connection(2)-127.0.0.1] INFO  o.s.b.a.SpringApplicationAdminMXBeanRegistrar$SpringApplicationAdmin - Application shutdown requested. shutdown
2018-08-08 11:55:09  [RMI TCP Connection(2)-127.0.0.1] INFO  o.s.b.w.s.c.AnnotationConfigServletWebServerApplicationContext - Closing org.springframework.boot.web.servlet.context.AnnotationConfigServletWebServerApplicationContext@31d7b7bf: startup date [Wed Aug 08 10:02:46 IST 2018]; root of context hierarchy doClose
2018-08-08 11:55:09  [RMI TCP Connection(2)-127.0.0.1] INFO  o.s.j.e.a.AnnotationMBeanExporter - Unregistering JMX-exposed beans on shutdown destroy
2018-08-08 11:55:09  [RMI TCP Connection(2)-127.0.0.1] INFO  org.mongodb.driver.connection - Closed connection [connectionId{localValue:2, serverValue:58}] to 127.0.0.1:27017 because the pool has been closed. info
2018-08-08 11:57:10  [main] INFO  c.m.m.proposal.ProposalApplication - Starting ProposalApplication on MONO-HYD-LAP-5 with PID 32820 (C:\Users\ravishankar\workspace-sts\Proposal-MS\target\classes started by ravishankar in C:\Users\ravishankar\workspace-sts\Proposal-MS) logStarting
2018-08-08 11:57:10  [main] INFO  c.m.m.proposal.ProposalApplication - The following profiles are active: dev logStartupProfileInfo
2018-08-08 11:57:10  [main] INFO  o.s.b.w.s.c.AnnotationConfigServletWebServerApplicationContext - Refreshing org.springframework.boot.web.servlet.context.AnnotationConfigServletWebServerApplicationContext@31d7b7bf: startup date [Wed Aug 08 11:57:10 IST 2018]; root of context hierarchy prepareRefresh
2018-08-08 11:57:11  [main] INFO  o.s.b.w.e.tomcat.TomcatWebServer - Tomcat initialized with port(s): 8081 (http) initialize
2018-08-08 11:57:11  [main] INFO  o.a.coyote.http11.Http11NioProtocol - Initializing ProtocolHandler ["http-nio-8081"] log
2018-08-08 11:57:11  [main] INFO  o.a.catalina.core.StandardService - Starting service [Tomcat] log
2018-08-08 11:57:11  [main] INFO  o.a.catalina.core.StandardEngine - Starting Servlet Engine: Apache Tomcat/8.5.31 log
2018-08-08 11:57:11  [localhost-startStop-1] INFO  o.a.c.core.AprLifecycleListener - The APR based Apache Tomcat Native library which allows optimal performance in production environments was not found on the java.library.path: [C:\Program Files\Java\jre1.8.0_161\bin;C:\WINDOWS\Sun\Java\bin;C:\WINDOWS\system32;C:\WINDOWS;C:\Program Files\Docker\Docker\Resources\bin;C:\ProgramData\Oracle\Java\javapath;C:\Program Files (x86)\Intel\iCLS Client\;C:\Program Files\Intel\iCLS Client\;C:\WINDOWS\system32;C:\WINDOWS;C:\WINDOWS\System32\Wbem;C:\WINDOWS\System32\WindowsPowerShell\v1.0\;C:\Program Files (x86)\Intel\Intel(R) Management Engine Components\DAL;C:\Program Files\Intel\Intel(R) Management Engine Components\DAL;C:\Program Files (x86)\Intel\Intel(R) Management Engine Components\IPT;C:\Program Files\Intel\Intel(R) Management Engine Components\IPT;C:\Program Files\Git\cmd;C:\Program Files\Java\jdk1.8.0_161\bin;C:\Program Files\youtubedl;C:\Program Files\PuTTY\;C:\mongodb\bin;C:\Program Files\MySQL\MySQL Utilities 1.6\;C:\Program Files\dotnet\;C:\Program Files\Microsoft SQL Server\130\Tools\Binn\;C:\Go\bin;C:\WINDOWS\System32\OpenSSH\;C:\apache-maven-3.5.3\bin;C:\Program Files\Amazon\AWSCLI\;C:\Program Files\Amazon\AWSCLI\bin\;C:\Program Files\nodejs\;C:\gradle-4.8.1\bin;;C:\Program Files\Microsoft VS Code\bin;C:\Users\ravishankar\AppData\Local\Programs\Python\Python36\Scripts\;C:\Users\ravishankar\AppData\Local\Programs\Python\Python36\;C:\Users\ravishankar\AppData\Local\Microsoft\WindowsApps;;C:\Program Files\Microsoft VS Code\bin;C:\Users\ravishankar\AppData\Roaming\npm;.] log
2018-08-08 11:57:11  [localhost-startStop-1] INFO  o.a.c.c.C.[Tomcat].[localhost].[/] - Initializing Spring embedded WebApplicationContext log
2018-08-08 11:57:11  [localhost-startStop-1] INFO  o.s.web.context.ContextLoader - Root WebApplicationContext: initialization completed in 1064 ms prepareWebApplicationContext
2018-08-08 11:57:11  [localhost-startStop-1] INFO  o.s.b.w.s.ServletRegistrationBean - Servlet dispatcherServlet mapped to [/] addRegistration
2018-08-08 11:57:11  [localhost-startStop-1] INFO  o.s.b.w.s.FilterRegistrationBean - Mapping filter: 'characterEncodingFilter' to: [/*] configure
2018-08-08 11:57:11  [localhost-startStop-1] INFO  o.s.b.w.s.FilterRegistrationBean - Mapping filter: 'hiddenHttpMethodFilter' to: [/*] configure
2018-08-08 11:57:11  [localhost-startStop-1] INFO  o.s.b.w.s.FilterRegistrationBean - Mapping filter: 'httpPutFormContentFilter' to: [/*] configure
2018-08-08 11:57:11  [localhost-startStop-1] INFO  o.s.b.w.s.FilterRegistrationBean - Mapping filter: 'requestContextFilter' to: [/*] configure
2018-08-08 11:57:11  [localhost-startStop-1] INFO  o.s.b.w.s.FilterRegistrationBean - Mapping filter: 'MDCFilter' to: [/*] configure
2018-08-08 11:57:12  [main] INFO  org.mongodb.driver.cluster - Cluster created with settings {hosts=[127.0.0.1:27017], mode=MULTIPLE, requiredClusterType=UNKNOWN, serverSelectionTimeout='30000 ms', maxWaitQueueSize=500} info
2018-08-08 11:57:12  [main] INFO  org.mongodb.driver.cluster - Adding discovered server 127.0.0.1:27017 to client view of cluster info
2018-08-08 11:57:12  [cluster-ClusterId{value='5b6a8d40a7fa3a8034b84480', description='null'}-127.0.0.1:27017] INFO  org.mongodb.driver.connection - Opened connection [connectionId{localValue:1, serverValue:59}] to 127.0.0.1:27017 info
2018-08-08 11:57:12  [cluster-ClusterId{value='5b6a8d40a7fa3a8034b84480', description='null'}-127.0.0.1:27017] INFO  org.mongodb.driver.cluster - Monitor thread successfully connected to server with description ServerDescription{address=127.0.0.1:27017, type=STANDALONE, state=CONNECTED, ok=true, version=ServerVersion{versionList=[3, 6, 0]}, minWireVersion=0, maxWireVersion=6, maxDocumentSize=16777216, logicalSessionTimeoutMinutes=30, roundTripTimeNanos=2278800} info
2018-08-08 11:57:12  [cluster-ClusterId{value='5b6a8d40a7fa3a8034b84480', description='null'}-127.0.0.1:27017] INFO  org.mongodb.driver.cluster - Discovered cluster type of STANDALONE info
2018-08-08 11:57:12  [main] INFO  o.s.w.s.h.SimpleUrlHandlerMapping - Mapped URL path [/**/favicon.ico] onto handler of type [class org.springframework.web.servlet.resource.ResourceHttpRequestHandler] registerHandler
2018-08-08 11:57:12  [main] INFO  o.s.w.s.m.m.a.RequestMappingHandlerAdapter - Looking for @ControllerAdvice: org.springframework.boot.web.servlet.context.AnnotationConfigServletWebServerApplicationContext@31d7b7bf: startup date [Wed Aug 08 11:57:10 IST 2018]; root of context hierarchy initControllerAdviceCache
2018-08-08 11:57:13  [main] INFO  o.s.w.s.m.m.a.RequestMappingHandlerMapping - Mapped "{[/fulfillment/api/proposalservices/saveproposaldata],methods=[POST]}" onto public com.mli.matrix.proposal.models.OutputResponse com.mli.matrix.proposal.controller.ProposalController.saveProposalForm(com.mli.matrix.proposal.models.InputRequest) throws com.mli.matrix.proposal.exception.UserHandledException register
2018-08-08 11:57:13  [main] INFO  o.s.w.s.m.m.a.RequestMappingHandlerMapping - Mapped "{[/error]}" onto public org.springframework.http.ResponseEntity<java.util.Map<java.lang.String, java.lang.Object>> org.springframework.boot.autoconfigure.web.servlet.error.BasicErrorController.error(javax.servlet.http.HttpServletRequest) register
2018-08-08 11:57:13  [main] INFO  o.s.w.s.m.m.a.RequestMappingHandlerMapping - Mapped "{[/error],produces=[text/html]}" onto public org.springframework.web.servlet.ModelAndView org.springframework.boot.autoconfigure.web.servlet.error.BasicErrorController.errorHtml(javax.servlet.http.HttpServletRequest,javax.servlet.http.HttpServletResponse) register
2018-08-08 11:57:13  [main] INFO  o.s.w.s.h.SimpleUrlHandlerMapping - Mapped URL path [/webjars/**] onto handler of type [class org.springframework.web.servlet.resource.ResourceHttpRequestHandler] registerHandler
2018-08-08 11:57:13  [main] INFO  o.s.w.s.h.SimpleUrlHandlerMapping - Mapped URL path [/**] onto handler of type [class org.springframework.web.servlet.resource.ResourceHttpRequestHandler] registerHandler
2018-08-08 11:57:13  [main] INFO  o.s.w.s.m.m.a.ExceptionHandlerExceptionResolver - Detected @ExceptionHandler methods in centralizedExceptionHandler initExceptionHandlerAdviceCache
2018-08-08 11:57:13  [main] INFO  o.s.j.e.a.AnnotationMBeanExporter - Registering beans for JMX exposure on startup afterSingletonsInstantiated
2018-08-08 11:57:13  [main] INFO  o.a.coyote.http11.Http11NioProtocol - Starting ProtocolHandler ["http-nio-8081"] log
2018-08-08 11:57:13  [main] INFO  o.a.tomcat.util.net.NioSelectorPool - Using a shared selector for servlet write/read log
2018-08-08 11:57:13  [main] INFO  o.s.b.w.e.tomcat.TomcatWebServer - Tomcat started on port(s): 8081 (http) with context path '' start
2018-08-08 11:57:13  [main] INFO  c.m.m.proposal.ProposalApplication - Started ProposalApplication in 3.423 seconds (JVM running for 4.169) logStarted
2018-08-08 11:58:23  [http-nio-8081-exec-2] INFO  o.a.c.c.C.[Tomcat].[localhost].[/] - Initializing Spring FrameworkServlet 'dispatcherServlet' log
2018-08-08 11:58:23  [http-nio-8081-exec-2] INFO  o.s.web.servlet.DispatcherServlet - FrameworkServlet 'dispatcherServlet': initialization started initServletBean
2018-08-08 11:58:23  [http-nio-8081-exec-2] INFO  o.s.web.servlet.DispatcherServlet - FrameworkServlet 'dispatcherServlet': initialization completed in 25 ms initServletBean
2018-08-08 11:58:24 6a368384-5393-42ae-9c82-1beaa4e92e9b [http-nio-8081-exec-2] INFO  c.m.m.p.c.ProposalController - Request with requestId 6a368384-5393-42ae-9c82-1beaa4e92e9b is being processed saveProposalForm
2018-08-08 11:58:24 6a368384-5393-42ae-9c82-1beaa4e92e9b [http-nio-8081-exec-2] INFO  c.m.m.p.c.ProposalController - Saving the proposal data of request 6a368384-5393-42ae-9c82-1beaa4e92e9b with proposalNumber null saveProposalDetail
2018-08-08 11:58:24 6a368384-5393-42ae-9c82-1beaa4e92e9b [http-nio-8081-exec-2] INFO  org.mongodb.driver.connection - Opened connection [connectionId{localValue:2, serverValue:60}] to 127.0.0.1:27017 info
2018-08-08 11:58:24 6a368384-5393-42ae-9c82-1beaa4e92e9b [http-nio-8081-exec-2] INFO  c.m.m.p.c.ProposalController - Time 0 took to process the request 6a368384-5393-42ae-9c82-1beaa4e92e9b saveProposalForm
2018-08-08 11:58:24 6a368384-5393-42ae-9c82-1beaa4e92e9b [http-nio-8081-exec-2] INFO  c.m.matrix.proposal.filter.MDCFilter - Response status 200 doFilter
2018-08-08 12:04:23  [RMI TCP Connection(2)-127.0.0.1] INFO  o.s.b.a.SpringApplicationAdminMXBeanRegistrar$SpringApplicationAdmin - Application shutdown requested. shutdown
2018-08-08 12:04:23  [RMI TCP Connection(2)-127.0.0.1] INFO  o.s.b.w.s.c.AnnotationConfigServletWebServerApplicationContext - Closing org.springframework.boot.web.servlet.context.AnnotationConfigServletWebServerApplicationContext@31d7b7bf: startup date [Wed Aug 08 11:57:10 IST 2018]; root of context hierarchy doClose
2018-08-08 12:04:23  [RMI TCP Connection(2)-127.0.0.1] INFO  o.s.j.e.a.AnnotationMBeanExporter - Unregistering JMX-exposed beans on shutdown destroy
2018-08-08 12:04:23  [RMI TCP Connection(2)-127.0.0.1] INFO  org.mongodb.driver.connection - Closed connection [connectionId{localValue:2, serverValue:60}] to 127.0.0.1:27017 because the pool has been closed. info
2018-08-08 12:04:26  [main] INFO  c.m.m.proposal.ProposalApplication - Starting ProposalApplication on MONO-HYD-LAP-5 with PID 43056 (C:\Users\ravishankar\workspace-sts\Proposal-MS\target\classes started by ravishankar in C:\Users\ravishankar\workspace-sts\Proposal-MS) logStarting
2018-08-08 12:04:26  [main] INFO  c.m.m.proposal.ProposalApplication - The following profiles are active: dev logStartupProfileInfo
2018-08-08 12:04:26  [main] INFO  o.s.b.w.s.c.AnnotationConfigServletWebServerApplicationContext - Refreshing org.springframework.boot.web.servlet.context.AnnotationConfigServletWebServerApplicationContext@30ee2816: startup date [Wed Aug 08 12:04:26 IST 2018]; root of context hierarchy prepareRefresh
2018-08-08 12:04:27  [main] INFO  o.s.b.w.e.tomcat.TomcatWebServer - Tomcat initialized with port(s): 8081 (http) initialize
2018-08-08 12:04:27  [main] INFO  o.a.coyote.http11.Http11NioProtocol - Initializing ProtocolHandler ["http-nio-8081"] log
2018-08-08 12:04:27  [main] INFO  o.a.catalina.core.StandardService - Starting service [Tomcat] log
2018-08-08 12:04:27  [main] INFO  o.a.catalina.core.StandardEngine - Starting Servlet Engine: Apache Tomcat/8.5.31 log
2018-08-08 12:04:27  [localhost-startStop-1] INFO  o.a.c.core.AprLifecycleListener - The APR based Apache Tomcat Native library which allows optimal performance in production environments was not found on the java.library.path: [C:\Program Files\Java\jre1.8.0_161\bin;C:\WINDOWS\Sun\Java\bin;C:\WINDOWS\system32;C:\WINDOWS;C:\Program Files\Docker\Docker\Resources\bin;C:\ProgramData\Oracle\Java\javapath;C:\Program Files (x86)\Intel\iCLS Client\;C:\Program Files\Intel\iCLS Client\;C:\WINDOWS\system32;C:\WINDOWS;C:\WINDOWS\System32\Wbem;C:\WINDOWS\System32\WindowsPowerShell\v1.0\;C:\Program Files (x86)\Intel\Intel(R) Management Engine Components\DAL;C:\Program Files\Intel\Intel(R) Management Engine Components\DAL;C:\Program Files (x86)\Intel\Intel(R) Management Engine Components\IPT;C:\Program Files\Intel\Intel(R) Management Engine Components\IPT;C:\Program Files\Git\cmd;C:\Program Files\Java\jdk1.8.0_161\bin;C:\Program Files\youtubedl;C:\Program Files\PuTTY\;C:\mongodb\bin;C:\Program Files\MySQL\MySQL Utilities 1.6\;C:\Program Files\dotnet\;C:\Program Files\Microsoft SQL Server\130\Tools\Binn\;C:\Go\bin;C:\WINDOWS\System32\OpenSSH\;C:\apache-maven-3.5.3\bin;C:\Program Files\Amazon\AWSCLI\;C:\Program Files\Amazon\AWSCLI\bin\;C:\Program Files\nodejs\;C:\gradle-4.8.1\bin;;C:\Program Files\Microsoft VS Code\bin;C:\Users\ravishankar\AppData\Local\Programs\Python\Python36\Scripts\;C:\Users\ravishankar\AppData\Local\Programs\Python\Python36\;C:\Users\ravishankar\AppData\Local\Microsoft\WindowsApps;;C:\Program Files\Microsoft VS Code\bin;C:\Users\ravishankar\AppData\Roaming\npm;.] log
2018-08-08 12:04:27  [localhost-startStop-1] INFO  o.a.c.c.C.[Tomcat].[localhost].[/] - Initializing Spring embedded WebApplicationContext log
2018-08-08 12:04:27  [localhost-startStop-1] INFO  o.s.web.context.ContextLoader - Root WebApplicationContext: initialization completed in 1329 ms prepareWebApplicationContext
2018-08-08 12:04:27  [localhost-startStop-1] INFO  o.s.b.w.s.ServletRegistrationBean - Servlet dispatcherServlet mapped to [/] addRegistration
2018-08-08 12:04:27  [localhost-startStop-1] INFO  o.s.b.w.s.FilterRegistrationBean - Mapping filter: 'characterEncodingFilter' to: [/*] configure
2018-08-08 12:04:27  [localhost-startStop-1] INFO  o.s.b.w.s.FilterRegistrationBean - Mapping filter: 'hiddenHttpMethodFilter' to: [/*] configure
2018-08-08 12:04:27  [localhost-startStop-1] INFO  o.s.b.w.s.FilterRegistrationBean - Mapping filter: 'httpPutFormContentFilter' to: [/*] configure
2018-08-08 12:04:27  [localhost-startStop-1] INFO  o.s.b.w.s.FilterRegistrationBean - Mapping filter: 'requestContextFilter' to: [/*] configure
2018-08-08 12:04:27  [localhost-startStop-1] INFO  o.s.b.w.s.FilterRegistrationBean - Mapping filter: 'MDCFilter' to: [/*] configure
2018-08-08 12:04:28  [main] INFO  org.mongodb.driver.cluster - Cluster created with settings {hosts=[127.0.0.1:27017], mode=MULTIPLE, requiredClusterType=UNKNOWN, serverSelectionTimeout='30000 ms', maxWaitQueueSize=500} info
2018-08-08 12:04:28  [main] INFO  org.mongodb.driver.cluster - Adding discovered server 127.0.0.1:27017 to client view of cluster info
2018-08-08 12:04:28  [cluster-ClusterId{value='5b6a8ef4a7fa3aa830b188e1', description='null'}-127.0.0.1:27017] INFO  org.mongodb.driver.connection - Opened connection [connectionId{localValue:1, serverValue:61}] to 127.0.0.1:27017 info
2018-08-08 12:04:28  [cluster-ClusterId{value='5b6a8ef4a7fa3aa830b188e1', description='null'}-127.0.0.1:27017] INFO  org.mongodb.driver.cluster - Monitor thread successfully connected to server with description ServerDescription{address=127.0.0.1:27017, type=STANDALONE, state=CONNECTED, ok=true, version=ServerVersion{versionList=[3, 6, 0]}, minWireVersion=0, maxWireVersion=6, maxDocumentSize=16777216, logicalSessionTimeoutMinutes=30, roundTripTimeNanos=2596300} info
2018-08-08 12:04:28  [cluster-ClusterId{value='5b6a8ef4a7fa3aa830b188e1', description='null'}-127.0.0.1:27017] INFO  org.mongodb.driver.cluster - Discovered cluster type of STANDALONE info
2018-08-08 12:04:29  [main] INFO  o.s.w.s.h.SimpleUrlHandlerMapping - Mapped URL path [/**/favicon.ico] onto handler of type [class org.springframework.web.servlet.resource.ResourceHttpRequestHandler] registerHandler
2018-08-08 12:04:29  [main] INFO  o.s.w.s.m.m.a.RequestMappingHandlerAdapter - Looking for @ControllerAdvice: org.springframework.boot.web.servlet.context.AnnotationConfigServletWebServerApplicationContext@30ee2816: startup date [Wed Aug 08 12:04:26 IST 2018]; root of context hierarchy initControllerAdviceCache
2018-08-08 12:04:29  [main] INFO  o.s.w.s.m.m.a.RequestMappingHandlerMapping - Mapped "{[/fulfillment/api/proposalservices/saveproposaldata],methods=[POST]}" onto public com.mli.matrix.proposal.models.OutputResponse com.mli.matrix.proposal.controller.ProposalController.saveProposalForm(com.mli.matrix.proposal.models.InputRequest) throws com.mli.matrix.proposal.exception.UserHandledException register
2018-08-08 12:04:29  [main] INFO  o.s.w.s.m.m.a.RequestMappingHandlerMapping - Mapped "{[/error]}" onto public org.springframework.http.ResponseEntity<java.util.Map<java.lang.String, java.lang.Object>> org.springframework.boot.autoconfigure.web.servlet.error.BasicErrorController.error(javax.servlet.http.HttpServletRequest) register
2018-08-08 12:04:29  [main] INFO  o.s.w.s.m.m.a.RequestMappingHandlerMapping - Mapped "{[/error],produces=[text/html]}" onto public org.springframework.web.servlet.ModelAndView org.springframework.boot.autoconfigure.web.servlet.error.BasicErrorController.errorHtml(javax.servlet.http.HttpServletRequest,javax.servlet.http.HttpServletResponse) register
2018-08-08 12:04:29  [main] INFO  o.s.w.s.h.SimpleUrlHandlerMapping - Mapped URL path [/webjars/**] onto handler of type [class org.springframework.web.servlet.resource.ResourceHttpRequestHandler] registerHandler
2018-08-08 12:04:29  [main] INFO  o.s.w.s.h.SimpleUrlHandlerMapping - Mapped URL path [/**] onto handler of type [class org.springframework.web.servlet.resource.ResourceHttpRequestHandler] registerHandler
2018-08-08 12:04:29  [main] INFO  o.s.w.s.m.m.a.ExceptionHandlerExceptionResolver - Detected @ExceptionHandler methods in centralizedExceptionHandler initExceptionHandlerAdviceCache
2018-08-08 12:04:29  [main] INFO  o.s.j.e.a.AnnotationMBeanExporter - Registering beans for JMX exposure on startup afterSingletonsInstantiated
2018-08-08 12:04:29  [main] INFO  o.a.coyote.http11.Http11NioProtocol - Starting ProtocolHandler ["http-nio-8081"] log
2018-08-08 12:04:29  [main] INFO  o.a.tomcat.util.net.NioSelectorPool - Using a shared selector for servlet write/read log
2018-08-08 12:04:29  [main] INFO  o.s.b.w.e.tomcat.TomcatWebServer - Tomcat started on port(s): 8081 (http) with context path '' start
2018-08-08 12:04:29  [main] INFO  c.m.m.proposal.ProposalApplication - Started ProposalApplication in 3.634 seconds (JVM running for 4.313) logStarted
2018-08-08 12:04:42  [http-nio-8081-exec-1] INFO  o.a.c.c.C.[Tomcat].[localhost].[/] - Initializing Spring FrameworkServlet 'dispatcherServlet' log
2018-08-08 12:04:42  [http-nio-8081-exec-1] INFO  o.s.web.servlet.DispatcherServlet - FrameworkServlet 'dispatcherServlet': initialization started initServletBean
2018-08-08 12:04:42  [http-nio-8081-exec-1] INFO  o.s.web.servlet.DispatcherServlet - FrameworkServlet 'dispatcherServlet': initialization completed in 20 ms initServletBean
2018-08-08 12:04:42 ed214209-1557-41d2-b659-41ed933b0623 [http-nio-8081-exec-1] INFO  c.m.m.p.c.ProposalController - Request with requestId ed214209-1557-41d2-b659-41ed933b0623 is being processed saveProposalForm
2018-08-08 12:04:42 ed214209-1557-41d2-b659-41ed933b0623 [http-nio-8081-exec-1] INFO  c.m.m.p.c.ProposalController - Saving the proposal data of request ed214209-1557-41d2-b659-41ed933b0623 with proposalNumber null saveProposalDetail
2018-08-08 12:04:42 ed214209-1557-41d2-b659-41ed933b0623 [http-nio-8081-exec-1] INFO  org.mongodb.driver.connection - Opened connection [connectionId{localValue:2, serverValue:62}] to 127.0.0.1:27017 info
2018-08-08 12:04:42 ed214209-1557-41d2-b659-41ed933b0623 [http-nio-8081-exec-1] INFO  c.m.m.p.c.ProposalController - Time 0 took to process the request ed214209-1557-41d2-b659-41ed933b0623 saveProposalForm
2018-08-08 12:04:42 ed214209-1557-41d2-b659-41ed933b0623 [http-nio-8081-exec-1] INFO  c.m.matrix.proposal.filter.MDCFilter - Response status 200 doFilter
2018-08-08 12:05:38 9647100f-f952-4c8a-bfd8-b36cee12424f [http-nio-8081-exec-3] INFO  c.m.m.p.c.ProposalController - Request with requestId 9647100f-f952-4c8a-bfd8-b36cee12424f is being processed saveProposalForm
2018-08-08 12:05:38 9647100f-f952-4c8a-bfd8-b36cee12424f [http-nio-8081-exec-3] INFO  c.m.m.p.c.ProposalController - Saving the proposal data of request 9647100f-f952-4c8a-bfd8-b36cee12424f with proposalNumber 5b6a8f02a7fa3aa830b188e2 saveProposalDetail
2018-08-08 12:05:38 9647100f-f952-4c8a-bfd8-b36cee12424f [http-nio-8081-exec-3] INFO  c.m.m.p.c.ProposalController - Time 0 took to process the request 9647100f-f952-4c8a-bfd8-b36cee12424f saveProposalForm
2018-08-08 12:05:38 9647100f-f952-4c8a-bfd8-b36cee12424f [http-nio-8081-exec-3] INFO  c.m.matrix.proposal.filter.MDCFilter - Response status 200 doFilter
2018-08-08 12:31:16  [RMI TCP Connection(2)-127.0.0.1] INFO  o.s.b.a.SpringApplicationAdminMXBeanRegistrar$SpringApplicationAdmin - Application shutdown requested. shutdown
2018-08-08 12:31:16  [RMI TCP Connection(2)-127.0.0.1] INFO  o.s.b.w.s.c.AnnotationConfigServletWebServerApplicationContext - Closing org.springframework.boot.web.servlet.context.AnnotationConfigServletWebServerApplicationContext@30ee2816: startup date [Wed Aug 08 12:04:26 IST 2018]; root of context hierarchy doClose
2018-08-08 12:31:16  [RMI TCP Connection(2)-127.0.0.1] INFO  o.s.j.e.a.AnnotationMBeanExporter - Unregistering JMX-exposed beans on shutdown destroy
2018-08-08 12:31:16  [RMI TCP Connection(2)-127.0.0.1] INFO  org.mongodb.driver.connection - Closed connection [connectionId{localValue:2, serverValue:62}] to 127.0.0.1:27017 because the pool has been closed. info
2018-08-08 12:31:19  [main] INFO  c.m.m.proposal.ProposalApplication - Starting ProposalApplication on MONO-HYD-LAP-5 with PID 25872 (C:\Users\ravishankar\workspace-sts\Proposal-MS\target\classes started by ravishankar in C:\Users\ravishankar\workspace-sts\Proposal-MS) logStarting
2018-08-08 12:31:19  [main] INFO  c.m.m.proposal.ProposalApplication - The following profiles are active: dev logStartupProfileInfo
2018-08-08 12:31:19  [main] INFO  o.s.b.w.s.c.AnnotationConfigServletWebServerApplicationContext - Refreshing org.springframework.boot.web.servlet.context.AnnotationConfigServletWebServerApplicationContext@9353778: startup date [Wed Aug 08 12:31:19 IST 2018]; root of context hierarchy prepareRefresh
2018-08-08 12:31:20  [main] INFO  o.s.b.w.e.tomcat.TomcatWebServer - Tomcat initialized with port(s): 8081 (http) initialize
2018-08-08 12:31:20  [main] INFO  o.a.coyote.http11.Http11NioProtocol - Initializing ProtocolHandler ["http-nio-8081"] log
2018-08-08 12:31:20  [main] INFO  o.a.catalina.core.StandardService - Starting service [Tomcat] log
2018-08-08 12:31:20  [main] INFO  o.a.catalina.core.StandardEngine - Starting Servlet Engine: Apache Tomcat/8.5.31 log
2018-08-08 12:31:20  [localhost-startStop-1] INFO  o.a.c.core.AprLifecycleListener - The APR based Apache Tomcat Native library which allows optimal performance in production environments was not found on the java.library.path: [C:\Program Files\Java\jre1.8.0_161\bin;C:\WINDOWS\Sun\Java\bin;C:\WINDOWS\system32;C:\WINDOWS;C:\Program Files\Docker\Docker\Resources\bin;C:\ProgramData\Oracle\Java\javapath;C:\Program Files (x86)\Intel\iCLS Client\;C:\Program Files\Intel\iCLS Client\;C:\WINDOWS\system32;C:\WINDOWS;C:\WINDOWS\System32\Wbem;C:\WINDOWS\System32\WindowsPowerShell\v1.0\;C:\Program Files (x86)\Intel\Intel(R) Management Engine Components\DAL;C:\Program Files\Intel\Intel(R) Management Engine Components\DAL;C:\Program Files (x86)\Intel\Intel(R) Management Engine Components\IPT;C:\Program Files\Intel\Intel(R) Management Engine Components\IPT;C:\Program Files\Git\cmd;C:\Program Files\Java\jdk1.8.0_161\bin;C:\Program Files\youtubedl;C:\Program Files\PuTTY\;C:\mongodb\bin;C:\Program Files\MySQL\MySQL Utilities 1.6\;C:\Program Files\dotnet\;C:\Program Files\Microsoft SQL Server\130\Tools\Binn\;C:\Go\bin;C:\WINDOWS\System32\OpenSSH\;C:\apache-maven-3.5.3\bin;C:\Program Files\Amazon\AWSCLI\;C:\Program Files\Amazon\AWSCLI\bin\;C:\Program Files\nodejs\;C:\gradle-4.8.1\bin;;C:\Program Files\Microsoft VS Code\bin;C:\Users\ravishankar\AppData\Local\Programs\Python\Python36\Scripts\;C:\Users\ravishankar\AppData\Local\Programs\Python\Python36\;C:\Users\ravishankar\AppData\Local\Microsoft\WindowsApps;;C:\Program Files\Microsoft VS Code\bin;C:\Users\ravishankar\AppData\Roaming\npm;.] log
2018-08-08 12:31:20  [localhost-startStop-1] INFO  o.a.c.c.C.[Tomcat].[localhost].[/] - Initializing Spring embedded WebApplicationContext log
2018-08-08 12:31:20  [localhost-startStop-1] INFO  o.s.web.context.ContextLoader - Root WebApplicationContext: initialization completed in 1094 ms prepareWebApplicationContext
2018-08-08 12:31:20  [localhost-startStop-1] INFO  o.s.b.w.s.ServletRegistrationBean - Servlet dispatcherServlet mapped to [/] addRegistration
2018-08-08 12:31:20  [localhost-startStop-1] INFO  o.s.b.w.s.FilterRegistrationBean - Mapping filter: 'characterEncodingFilter' to: [/*] configure
2018-08-08 12:31:20  [localhost-startStop-1] INFO  o.s.b.w.s.FilterRegistrationBean - Mapping filter: 'hiddenHttpMethodFilter' to: [/*] configure
2018-08-08 12:31:20  [localhost-startStop-1] INFO  o.s.b.w.s.FilterRegistrationBean - Mapping filter: 'httpPutFormContentFilter' to: [/*] configure
2018-08-08 12:31:20  [localhost-startStop-1] INFO  o.s.b.w.s.FilterRegistrationBean - Mapping filter: 'requestContextFilter' to: [/*] configure
2018-08-08 12:31:20  [localhost-startStop-1] INFO  o.s.b.w.s.FilterRegistrationBean - Mapping filter: 'MDCFilter' to: [/*] configure
2018-08-08 12:31:21  [main] INFO  org.mongodb.driver.cluster - Cluster created with settings {hosts=[127.0.0.1:27017], mode=MULTIPLE, requiredClusterType=UNKNOWN, serverSelectionTimeout='30000 ms', maxWaitQueueSize=500} info
2018-08-08 12:31:21  [main] INFO  org.mongodb.driver.cluster - Adding discovered server 127.0.0.1:27017 to client view of cluster info
2018-08-08 12:31:21  [cluster-ClusterId{value='5b6a9541a7fa3a6510d22a3a', description='null'}-127.0.0.1:27017] INFO  org.mongodb.driver.connection - Opened connection [connectionId{localValue:1, serverValue:63}] to 127.0.0.1:27017 info
2018-08-08 12:31:21  [cluster-ClusterId{value='5b6a9541a7fa3a6510d22a3a', description='null'}-127.0.0.1:27017] INFO  org.mongodb.driver.cluster - Monitor thread successfully connected to server with description ServerDescription{address=127.0.0.1:27017, type=STANDALONE, state=CONNECTED, ok=true, version=ServerVersion{versionList=[3, 6, 0]}, minWireVersion=0, maxWireVersion=6, maxDocumentSize=16777216, logicalSessionTimeoutMinutes=30, roundTripTimeNanos=2671400} info
2018-08-08 12:31:21  [cluster-ClusterId{value='5b6a9541a7fa3a6510d22a3a', description='null'}-127.0.0.1:27017] INFO  org.mongodb.driver.cluster - Discovered cluster type of STANDALONE info
2018-08-08 12:31:21  [main] INFO  o.s.w.s.h.SimpleUrlHandlerMapping - Mapped URL path [/**/favicon.ico] onto handler of type [class org.springframework.web.servlet.resource.ResourceHttpRequestHandler] registerHandler
2018-08-08 12:31:22  [main] INFO  o.s.w.s.m.m.a.RequestMappingHandlerAdapter - Looking for @ControllerAdvice: org.springframework.boot.web.servlet.context.AnnotationConfigServletWebServerApplicationContext@9353778: startup date [Wed Aug 08 12:31:19 IST 2018]; root of context hierarchy initControllerAdviceCache
2018-08-08 12:31:22  [main] INFO  o.s.w.s.m.m.a.RequestMappingHandlerMapping - Mapped "{[/fulfillment/api/proposalservices/saveproposaldata],methods=[POST]}" onto public com.mli.matrix.proposal.models.OutputResponse com.mli.matrix.proposal.controller.ProposalController.saveProposalForm(com.mli.matrix.proposal.models.InputRequest) throws com.mli.matrix.proposal.exception.UserHandledException register
2018-08-08 12:31:22  [main] INFO  o.s.w.s.m.m.a.RequestMappingHandlerMapping - Mapped "{[/error]}" onto public org.springframework.http.ResponseEntity<java.util.Map<java.lang.String, java.lang.Object>> org.springframework.boot.autoconfigure.web.servlet.error.BasicErrorController.error(javax.servlet.http.HttpServletRequest) register
2018-08-08 12:31:22  [main] INFO  o.s.w.s.m.m.a.RequestMappingHandlerMapping - Mapped "{[/error],produces=[text/html]}" onto public org.springframework.web.servlet.ModelAndView org.springframework.boot.autoconfigure.web.servlet.error.BasicErrorController.errorHtml(javax.servlet.http.HttpServletRequest,javax.servlet.http.HttpServletResponse) register
2018-08-08 12:31:22  [main] INFO  o.s.w.s.h.SimpleUrlHandlerMapping - Mapped URL path [/webjars/**] onto handler of type [class org.springframework.web.servlet.resource.ResourceHttpRequestHandler] registerHandler
2018-08-08 12:31:22  [main] INFO  o.s.w.s.h.SimpleUrlHandlerMapping - Mapped URL path [/**] onto handler of type [class org.springframework.web.servlet.resource.ResourceHttpRequestHandler] registerHandler
2018-08-08 12:31:22  [main] INFO  o.s.w.s.m.m.a.ExceptionHandlerExceptionResolver - Detected @ExceptionHandler methods in centralizedExceptionHandler initExceptionHandlerAdviceCache
2018-08-08 12:31:22  [main] INFO  o.s.j.e.a.AnnotationMBeanExporter - Registering beans for JMX exposure on startup afterSingletonsInstantiated
2018-08-08 12:31:22  [main] INFO  o.a.coyote.http11.Http11NioProtocol - Starting ProtocolHandler ["http-nio-8081"] log
2018-08-08 12:31:22  [main] INFO  o.a.tomcat.util.net.NioSelectorPool - Using a shared selector for servlet write/read log
2018-08-08 12:31:22  [main] INFO  o.s.b.w.e.tomcat.TomcatWebServer - Tomcat started on port(s): 8081 (http) with context path '' start
2018-08-08 12:31:22  [main] INFO  c.m.m.proposal.ProposalApplication - Started ProposalApplication in 3.435 seconds (JVM running for 4.157) logStarted
2018-08-08 12:31:31  [http-nio-8081-exec-1] INFO  o.a.c.c.C.[Tomcat].[localhost].[/] - Initializing Spring FrameworkServlet 'dispatcherServlet' log
2018-08-08 12:31:31  [http-nio-8081-exec-1] INFO  o.s.web.servlet.DispatcherServlet - FrameworkServlet 'dispatcherServlet': initialization started initServletBean
2018-08-08 12:31:31  [http-nio-8081-exec-1] INFO  o.s.web.servlet.DispatcherServlet - FrameworkServlet 'dispatcherServlet': initialization completed in 19 ms initServletBean
2018-08-08 12:31:31 4ea0625d-cc26-434e-837b-0bfa30654b25 [http-nio-8081-exec-1] INFO  c.m.m.p.c.ProposalController - Request with requestId 4ea0625d-cc26-434e-837b-0bfa30654b25 is being processed saveProposalForm
2018-08-08 12:31:31 4ea0625d-cc26-434e-837b-0bfa30654b25 [http-nio-8081-exec-1] INFO  c.m.m.p.c.ProposalController - Saving the proposal data of request 4ea0625d-cc26-434e-837b-0bfa30654b25 with proposalNumber 5b6a8f02a7fa3aa830b188e2 saveProposalDetail
2018-08-08 12:31:31 4ea0625d-cc26-434e-837b-0bfa30654b25 [http-nio-8081-exec-1] INFO  org.mongodb.driver.connection - Opened connection [connectionId{localValue:2, serverValue:64}] to 127.0.0.1:27017 info
2018-08-08 12:31:31 4ea0625d-cc26-434e-837b-0bfa30654b25 [http-nio-8081-exec-1] INFO  c.m.m.p.c.ProposalController - Time 0 took to process the request 4ea0625d-cc26-434e-837b-0bfa30654b25 saveProposalForm
2018-08-08 12:31:31 4ea0625d-cc26-434e-837b-0bfa30654b25 [http-nio-8081-exec-1] INFO  c.m.matrix.proposal.filter.MDCFilter - Response status 200 doFilter
2018-08-08 12:31:49 ac2ba36b-eb88-4946-81b9-eb33f77d6d07 [http-nio-8081-exec-3] INFO  c.m.m.p.c.ProposalController - Request with requestId ac2ba36b-eb88-4946-81b9-eb33f77d6d07 is being processed saveProposalForm
2018-08-08 12:31:49 ac2ba36b-eb88-4946-81b9-eb33f77d6d07 [http-nio-8081-exec-3] INFO  c.m.m.p.c.ProposalController - Saving the proposal data of request ac2ba36b-eb88-4946-81b9-eb33f77d6d07 with proposalNumber null saveProposalDetail
2018-08-08 12:31:49 ac2ba36b-eb88-4946-81b9-eb33f77d6d07 [http-nio-8081-exec-3] INFO  c.m.m.p.c.ProposalController - Time 0 took to process the request ac2ba36b-eb88-4946-81b9-eb33f77d6d07 saveProposalForm
2018-08-08 12:31:49 ac2ba36b-eb88-4946-81b9-eb33f77d6d07 [http-nio-8081-exec-3] INFO  c.m.matrix.proposal.filter.MDCFilter - Response status 200 doFilter
2018-08-08 12:32:26 177c3c58-24fe-4f04-be3a-b4329f2c498e [http-nio-8081-exec-4] INFO  c.m.m.p.c.ProposalController - Request with requestId 177c3c58-24fe-4f04-be3a-b4329f2c498e is being processed saveProposalForm
2018-08-08 12:32:26 177c3c58-24fe-4f04-be3a-b4329f2c498e [http-nio-8081-exec-4] INFO  c.m.m.p.c.ProposalController - Saving the proposal data of request 177c3c58-24fe-4f04-be3a-b4329f2c498e with proposalNumber 5b6a955da7fa3a6510d22a3b saveProposalDetail
2018-08-08 12:32:26 177c3c58-24fe-4f04-be3a-b4329f2c498e [http-nio-8081-exec-4] INFO  c.m.m.p.c.ProposalController - Time 0 took to process the request 177c3c58-24fe-4f04-be3a-b4329f2c498e saveProposalForm
2018-08-08 12:32:26 177c3c58-24fe-4f04-be3a-b4329f2c498e [http-nio-8081-exec-4] INFO  c.m.matrix.proposal.filter.MDCFilter - Response status 200 doFilter
2018-08-08 12:36:09 ed12fd83-4a0b-4f09-8f3c-9f7d8c81ed29 [http-nio-8081-exec-7] INFO  c.m.m.p.c.ProposalController - Request with requestId ed12fd83-4a0b-4f09-8f3c-9f7d8c81ed29 is being processed saveProposalForm
2018-08-08 12:36:09 ed12fd83-4a0b-4f09-8f3c-9f7d8c81ed29 [http-nio-8081-exec-7] ERROR c.m.m.p.c.ProposalController - Error occurred for request object InputRequest [request=Request [metadata=Metadata [env=dev, requestId=1234567890], requestData=RequestData [requestPayload=RequestPayload [proposalDetails=null]]]] saveProposalForm
2018-08-08 12:36:09 ed12fd83-4a0b-4f09-8f3c-9f7d8c81ed29 [http-nio-8081-exec-7] ERROR c.m.m.p.e.CentralizedExceptionHandler - error occurred in serving request ed12fd83-4a0b-4f09-8f3c-9f7d8c81ed29 handleBaseExceptions
2018-08-08 12:36:09 ed12fd83-4a0b-4f09-8f3c-9f7d8c81ed29 [http-nio-8081-exec-7] ERROR c.m.m.p.e.CentralizedExceptionHandler - Response object OutputResponse [response=Response [metadata=null, responseData=null]] for request ed12fd83-4a0b-4f09-8f3c-9f7d8c81ed29 handleBaseExceptions
2018-08-08 12:36:09 ed12fd83-4a0b-4f09-8f3c-9f7d8c81ed29 [http-nio-8081-exec-7] INFO  c.m.matrix.proposal.filter.MDCFilter - Response status 400 doFilter
2018-08-08 12:37:04 4194b806-b0c9-450d-b88b-96db65f04b48 [http-nio-8081-exec-9] INFO  c.m.m.p.c.ProposalController - Request with requestId 4194b806-b0c9-450d-b88b-96db65f04b48 is being processed saveProposalForm
2018-08-08 12:37:04 4194b806-b0c9-450d-b88b-96db65f04b48 [http-nio-8081-exec-9] INFO  c.m.m.p.c.ProposalController - Saving the proposal data of request 4194b806-b0c9-450d-b88b-96db65f04b48 with proposalNumber null saveProposalDetail
2018-08-08 12:37:04 4194b806-b0c9-450d-b88b-96db65f04b48 [http-nio-8081-exec-9] INFO  c.m.m.p.c.ProposalController - Time 0 took to process the request 4194b806-b0c9-450d-b88b-96db65f04b48 saveProposalForm
2018-08-08 12:37:04 4194b806-b0c9-450d-b88b-96db65f04b48 [http-nio-8081-exec-9] INFO  c.m.matrix.proposal.filter.MDCFilter - Response status 200 doFilter
